[A] 采用 611 条 Whisper 锚点作为字幕时间戳...

[A] 完成：611 条字幕事件
[B] 用 rapidocr 识别 611 条字幕...

[B] 50/611
[B] 100/611
[B] 150/611
[B] 200/611
[B] 250/611
[B] 300/611
[B] 350/611
[B] 400/611
[B] 450/611
[B] 500/611
[B] 550/611
[B] 600/611
[B] 611/611
[B] 完成
[C] 输出 602 条字幕：episode-10.source.zh-CN-ocr.srt
[gpt-sovits] 服务已在运行：http://127.0.0.1:9880
  [合成] 1/585 完成 (1.2s) "各位早上好"
  [合成] 2/585 完成 (2.3s) "我们今天的主题是"改变” 从今天开始 一切将发生"
  [合成] 3/585 完成 (2.1s) "我们的关系也会发生变化 所以要认真听讲"
  [合成] 4/585 完成 (1.9s) "上节课 我们谈到改变的各种形式"
  [合成] 5/585 完成 (3.5s) "第一种 渐进式 “它如滴水穿石一般 需要时间慢慢"
  [合成] 6/585 完成 (6.7s) "第三种 激进式 第二种激进式 这种方式好似用巨锤"
  [合成] 7/585 完成 (5.7s) "需要注意的是 无论是通过这两种形式实现的改变 还"
  [合成] 8/585 完成 (2.0s) "请注意没有一种改变是即刻生效的"
  [合成] 9/585 完成 (3.3s) "即便是激进的改变 即便我们想要改变立刻发生 我们"
  [合成] 10/585 完成 (2.7s) "比方说 要想实现渐进式改变 可以每天进行感恩练习"
  [合成] 11/585 完成 (1.7s) "进而慢慢转变成一名知足常乐者"
  [合成] 12/585 完成 (3.1s) "久而久之 看到事物更多的积极面 久而久之春 看到"
  [合成] 13/585 完成 (2.1s) "最终构建出一种新的神经网络"
  [合成] 14/585 完成 (4.4s) "我们提到过"神经可塑性"和"神经形成 这两个非常"
  [合成] 15/585 完成 (5.0s) "我们才更有可能改变 这正是卡罗 德维克的一项研究"
  [合成] 16/585 完成 (4.7s) "巨锤的例子与恍然大悟的体验都说明 深刻见解并非凭"
  [合成] 17/585 完成 (2.2s) "要知道灵感来自于99%的汗水"
  [合成] 18/585 完成 (4.4s) "没有所谓的捷径可走 正是当代人对速成的笃信与期待"
  [合成] 19/585 完成 (6.6s) "旦无法在短时之内获取成功 他们就会觉得是自己出了"
  [合成] 20/585 完成 (2.2s) "之后 我做成了这5件事 可我并没有感到更幸福"
  [合成] 21/585 完成 (1.6s) "于是 我开始怀疑自己"
  [合成] 22/585 完成 (3.0s) "改变需要时间没有捷径可走 不可能简简单单5步骤就"
  [合成] 23/585 完成 (2.5s) "在了解改变过程之前 我们先要了解几件事 首先要了"
  [合成] 24/585 完成 (1.4s) "你我真的希望改变吗"
  [合成] 25/585 完成 (3.0s) "我真想改善自己的性格吗 或是扬弃自己性格中为我所"
  [合成] 26/585 完成 (2.3s) "这可不是什么无关紧要的问题 也不是什么空洞虚无的"
  [合成] 27/585 完成 (3.5s) "因为通常我们会在意识层面产生改变的念头 可潜意识"
  [合成] 28/585 完成 (5.9s) "上世纪八十年代 朗格和汤普逊曾做过一项研究 艾伦"
  [合成] 29/585 完成 (9.0s) "问他们是否愿意摆脱 诸如古板轻信 苛刻等性格特征"
  [合成] 30/585 完成 (4.0s) "并问他们 是否愿意摆脱这些特质 从而改善自身的性"
  [合成] 31/585 完成 (3.1s) "如果改变对你很重要 你愿意变得不那么古板 不太会"
  [合成] 32/585 完成 (3.7s) "他们提出的第一个问题便是 你想改变自己吗你想提升"
  [合成] 33/585 完成 (4.7s) "待实验者回答完这些问题后 研究进入第二部分 让实"
  [合成] 34/585 完成 (2.8s) "你认为言行一致重要吗 你认为受人信任重要吗 你认"
  [合成] 35/585 完成 (2.4s) "真诚对待彼此有多重要 这项研究中有个有趣的发现"
  [合成] 36/585 完成 (1.9s) "那些用黄色字体表示的积极人格"
  [合成] 37/585 完成 (3.8s) "大家虽给予了高度评价 认为这些品性对自己很重要 "
  [合成] 38/585 完成 (3.2s) "大家明白这意味着什么吗 假如我想抛弃古板的性格 "
  [合成] 39/585 完成 (3.1s) "言行一致对我来说也是重要的品性 我就反而不容易去"
  [合成] 40/585 完成 (2.9s) "因为它们深深植根于我脑中 我知道我不想古板"
  [合成] 41/585 完成 (3.1s) "可同时潜意识告诉我 就不能抛弃这种古板 因为我将"
  [合成] 42/585 完成 (3.3s) "不愿抛弃其中任何一个 就像不想把宝宝和洗澡水一起"
  [合成] 43/585 完成 (1.7s) "对我而言它们彼此相互关联"
  [合成] 44/585 完成 (3.0s) "轻信受骗和值得信赖这对人格也是同样的道理 轻信的"
  [合成] 45/585 完成 (2.1s) "举个极端的例子假设我容易轻信他人"
  [合成] 46/585 完成 (5.9s) "但同时我又不想改变这种品性 因为我不愿同时摒弃值"
  [合成] 47/585 完成 (2.9s) "多少年来真有好多年了 当我思考撰写和分析 完美主"
  [合成] 48/585 完成 (2.6s) "一直困惑不已 为何自己耗费了大量的时间却收效甚微"
  [合成] 49/585 完成 (3.3s) "我知道追求完美主义会伤及自己 也审视过自己的一生"
  [合成] 50/585 完成 (4.6s) "而且从长远来看影响我的成功 但我还是无法摆脱完美"
  [合成] 51/585 完成 (1.7s) "什么品性与其相互联系"
  [合成] 52/585 完成 (1.9s) "什么品性与完美主义相辅相成呢?"
  [合成] 53/585 完成 (1.9s) "答案是强烈的求胜心"
  [合成] 54/585 完成 (2.8s) "如果我要给自己下定义 拥有强烈的求胜心是我给自己"
  [合成] 55/585 完成 (1.5s) "因为我不想失去这品质"
  [合成] 56/585 完成 (3.4s) "我的潜意思也不会允许我这么做 会阻止我放弃追求完"
  [合成] 57/585 完成 (2.3s) "我对完美主义的定义就是 摧残心智的对失败的恐惧"
  [合成] 58/585 完成 (3.2s) "失败会阻碍我们会用一周时间专门讲完美主义 到时候"
  [合成] 59/585 完成 (3.2s) "只有当我明白到 这两者是相辅相成的 我才能够理清"
  [合成] 60/585 完成 (1.9s) "举个例子 担忧与焦虑"
  [合成] 61/585 完成 (3.0s) "以前也提到过很多次 下次我将向大家讲述 我经历和"
  [合成] 62/585 完成 (3.6s) "打从我记事起我就容易焦虑 不管是壁球比赛前 还是"
  [合成] 63/585 完成 (1.4s) "分组讨论发言的时候"
  [合成] 64/585 完成 (1.5s) "我不想再这样下去了"
  [合成] 65/585 完成 (3.3s) "可是我却摆脱不了担忧和焦虑 因为我很有责任感 如"
  [合成] 66/585 完成 (2.5s) "而不是放任自流 随意糊弄 而不是放任自流险 随意"
  [合成] 67/585 完成 (2.6s) "因此我把焦虑和担忧同积极性格 责任感相联系 即"
  [合成] 68/585 完成 (3.1s) "还记得布兰登说过的话吗 “没有人会来” 责任感是"
  [合成] 69/585 完成 (1.8s) "责任感妨碍了我摆脱担忧和焦虑"
  [合成] 70/585 完成 (1.7s) "要知道 内疚也分益害"
  [合成] 71/585 完成 (1.1s) "确实如此"
  [合成] 72/585 完成 (3.1s) "然而我不想摆脱内疚感 因为我不希望自己对别人冷漠"
  [合成] 73/585 完成 (3.7s) "这两者往往是相互联系相辅相成的 另一组例子是简单"
  [合成] 74/585 完成 (3.6s) "出席太多活动实际上会内耗 会降低我的工作效率创造"
  [合成] 75/585 完成 (1.7s) "我没法活得简单点！ 为什么"
  [合成] 76/585 完成 (2.1s) "因为我想过摒弃复杂就等同于槟弃优势"
  [合成] 77/585 完成 (1.5s) "所以为此我没法放弃"
  [合成] 78/585 完成 (2.3s) "又比如自怨自艾 我们一周前曾谈到过这个话题"
  [合成] 79/585 完成 (3.4s) "为什么人们无法释怀负面情绪 为什么人们要沉溺于消"
  [合成] 80/585 完成 (2.5s) "因为这和现实是分不开的 我并不想做一个与现实脱轨"
  [合成] 81/585 完成 (2.9s) "我并不愿脱离实际变得盲目乐观 因此我无法从消极情"
  [合成] 82/585 完成 (1.3s) "所谓幸福"
  [合成] 83/585 完成 (1.6s) "阻碍人们收获幸福的一大障碍"
  [合成] 84/585 完成 (1.9s) "便是幸福与懒情之间的联系"
  [合成] 85/585 完成 (2.6s) "因为当今文化中最为人崇尚信奉的真理 便是“不劳无"
  [合成] 86/585 完成 (4.2s) "如果我现在很幸福 不愿意经历苦难 这就意味着我放"
  [合成] 87/585 完成 (1.4s) "失去了奋斗的动力"
  [合成] 88/585 完成 (4.1s) "因此潜意识里我们倾向于经历苦难 那样我们就不会失"
  [合成] 89/585 完成 (2.2s) "比如抱负 自己的优势 艰苦奋斗的品格"
  [合成] 90/585 完成 (6.4s) "当然了不 在我们审视幸福与苦难时 我们要了解这些"
  [合成] 91/585 完成 (2.9s) "春假之后我 我们将要谈到完美主义 春假之后 我们"
  [合成] 92/585 完成 (9.8s) "根据那些研究理论 大家可以把它和自身实际结合起来"
  [合成] 93/585 完成 (3.9s) "从失败中吸取教训 从长期来看 把失败看作未来成功"
  [合成] 94/585 完成 (4.1s) "这不需要我们放弃雄心壮志 相反 要克服担忧焦虑 "
  [合成] 95/585 完成 (2.7s) "虽不一定 但通常与理解或是更好地理解 这些品性的"
  [合成] 96/585 完成 (4.3s) "比如说 我想摆脱对失败的恐惧感 不是一般意义的恐"
  [合成] 97/585 完成 (4.5s) "但是摆脱这种消磨意志的恐惧 同时保持自己的雄心壮"
  [合成] 98/585 完成 (1.9s) "或者我可以我一直都不习惯拒绝别人"
  [合成] 99/585 完成 (2.3s) "仅仅是这样简单的一个"不"字 有时却如此难以启齿"
  [合成] 100/585 完成 (8.8s) "因为我希望眼中的自己和别人眼中的我 都是一个正派"
  [合成] 101/585 完成 (2.9s) "但我要将这二者区分开来 没有必要将它们联系起来 "
  [合成] 102/585 完成 (5.1s) "因为通常情况下 当我对别人说好时 内心的想法却恰"
  [合成] 103/585 完成 (2.8s) "现在我更加了解这其中的细微差别 什么时候该说不 "
  [合成] 104/585 完成 (5.7s) "同时在不背负过去因拒绝别人之后 会产生内疚感的情"
  [合成] 105/585 完成 (4.2s) "其余的品性也是如出一辙 大家想想 假设你长期以来"
  [合成] 106/585 完成 (2.3s) "还是由于自己的冷酷无情 你希望变得更加活泼好动"
  [合成] 107/585 完成 (3.1s) "可能你不想槟弃不苟言笑的品格 因为你怕会从此失去"
  [合成] 108/585 完成 (1.5s) "事实是你不需这么做"
  [合成] 109/585 完成 (4.6s) "我们可以取其精华 去其糟粕 前提是要清楚两者间细"
  [合成] 110/585 完成 (5.0s) "下周的分组讨论 大家将与几位助教一同参与 一项名"
  [合成] 111/585 完成 (4.0s) "该实验由纳撒尼尔·布兰登设计 它能帮助你认清 哪"
  [合成] 112/585 完成 (2.9s) "通常情况下 只需转换一下思维 不管是潜意识还是意"
  [合成] 113/585 完成 (3.9s) "皆能让你思如泉涌开启崭新的通道 在脑内形成新的精"
  [合成] 114/585 完成 (2.7s) "我们接下来会讨论三种截然不同的方式 这三者之间有"
  [合成] 115/585 完成 (1.9s) "即 我们上次课讲的心理学ABC理论"
  [合成] 116/585 完成 (1.5s) "A指情绪即情绪"
  [合成] 117/585 完成 (1.6s) "B指行为艮 即行动"
  [合成] 118/585 完成 (2.4s) "C指认知 即思绪 我们将就这三个方面 逐一进行讨"
  [合成] 119/585 完成 (3.0s) "我们都会分别谈论这三方面 如何渐进式地改变 或是"
  [合成] 120/585 完成 (1.9s) "从某种意义上说 我们开创了乘2"的方式"
  [合成] 121/585 完成 (1.4s) "情绪行为 认知"
  [合成] 122/585 完成 (1.8s) "对应渐进和激进两种方式"
  [合成] 123/585 完成 (3.5s) "我们会介绍六种不同的改变方法 它们彼此之间相互关"
  [合成] 124/585 完成 (1.6s) "理想状态下 最好三者皆享"
  [合成] 125/585 完成 (3.1s) "有句话我已经引用过多次 这次又要引用了 英国诗人"
  [合成] 126/585 完成 (1.8s) "我们先养成习惯 习惯再造就我们""
  [合成] 127/585 完成 (3.0s) "为了改变习惯为了改变能够持久 我们既需要有效的方"
  [合成] 128/585 完成 (4.9s) "不仅仅是把精力集中在情绪上 也不仅仅是把精力花在"
  [合成] 129/585 完成 (2.5s) "我们要同时关注这三者 即情绪 行为以及思绪"
  [合成] 130/585 完成 (1.6s) "习惯好比洪水"
  [合成] 131/585 完成 (3.1s) "它通过特定的神经脉络 在我们脑海中肆意泛滥"
  [合成] 132/585 完成 (2.4s) "我们要做的就是击溃这股洪流 为此我们要拼尽全力"
  [合成] 133/585 完成 (1.5s) "也要采取尽可能多的方法"
  [合成] 134/585 完成 (1.8s) "在讲情绪前还有一点要说"
  [合成] 135/585 完成 (2.9s) "我们想要改变什么 我们能改变什么不能改变什么"
  [合成] 136/585 完成 (2.5s) "根据由艾德 狄纳和桑佳 吕波密斯基 两人领导的研"
  [合成] 137/585 完成 (5.6s) "要解析个体的幸福感 主要看三个因素 第一个因素是"
  [合成] 138/585 完成 (2.2s) "我们天生就有 愿意追求幸福与健康的本性"
  [合成] 139/585 完成 (2.4s) "有些人生性乐观 嘴里含着笑汤匙 而其他人则不然"
  [合成] 140/585 完成 (1.8s) "大家基本都经历着这样的正态曲线"
  [合成] 141/585 完成 (5.9s) "有些人比别人幸运 以前我也多次提到自己不是这种人"
  [合成] 142/585 完成 (2.0s) "但正是这样的生活轨迹促成我教这门课"
  [合成] 143/585 完成 (4.4s) "因为我亲身实践这些理论 改变了自己的生活 通过亲"
  [合成] 144/585 完成 (1.9s) "并能将这些经历作为我们的课堂案例"
  [合成] 145/585 完成 (5.9s) "有些人或许会说 “真不幸我们的基因有天生的优劣之"
  [合成] 146/585 完成 (3.3s) "而是我们必须顺应的自然法则 对于与生俱来的东西 "
  [合成] 147/585 完成 (3.8s) "我们的幸福水平 以及诠释幸福的差异 50%取决于"
  [合成] 148/585 完成 (5.0s) "这样一来手 我们便可以解释双胞胎实验 这样一来我"
  [合成] 149/585 完成 (1.4s) "还会有那么多相似之处"
  [合成] 150/585 完成 (3.6s) "就是因为基因的作用 无关好坏只是事实而已 不过幸"
  [合成] 151/585 完成 (2.7s) "值得关注的是 要控制这些先天因素有很多办法 我们"
  [合成] 152/585 完成 (5.3s) "我给出的只是大概的数据 篮球运动员的成功50%由"
  [合成] 153/585 完成 (1.5s) "他们能跳多高 协调性怎么样"
  [合成] 154/585 完成 (2.1s) "身高多少 所有这些都是成功的影响因素"
  [合成] 155/585 完成 (1.6s) "而这些因素皆由基因决定"
  [合成] 156/585 完成 (2.5s) "然而 如果乔丹没有在篮球上花功夫"
  [合成] 157/585 完成 (3.2s) "我或许能成为比他优秀的运动员 前提是他完全没在篮"
  [合成] 158/585 完成 (8.8s) "回过来讲基因也是一样 不努力经营幸福的人 即使他"
  [合成] 159/585 完成 (1.5s) "所以后天努力很重要"
  [合成] 160/585 完成 (2.5s) "第二个影响因素 第二个影响因因素 就是外部环境"
  [合成] 161/585 完成 (1.8s) "外部环境确实有决定性的影响"
  [合成] 162/585 完成 (2.5s) "生活在民主国家还是非民主国家 幸福感受截然不同"
  [合成] 163/585 完成 (4.4s) "然而 外部环境比起那些极端情况 比起流落街头的影"
  [合成] 164/585 完成 (2.2s) "大约占产生差异的原因的10%"
  [合成] 165/585 完成 (3.9s) "所以遗传基凶的影响占50% 而外部环境 例如居住"
  [合成] 166/585 完成 (4.2s) "这里我们不考虑它对 诸如季节性情感障碍患者的影响"
  [合成] 167/585 完成 (2.0s) "我们谈论的是大多数人 罹患忧郁的人除外"
  [合成] 168/585 完成 (2.0s) "所以排除这些极端情况 比重不大"
  [合成] 169/585 完成 (4.3s) "第三点 也就是剩余40%的影响因素 受意识行为支"
  [合成] 170/585 完成 (5.6s) "也就是我们的行为处事方式 我们的思想我们的世界观"
  [合成] 171/585 完成 (6.7s) "我们从第一节课就在讨论 并还将往 下半学期作递 "
  [合成] 172/585 完成 (2.2s) "这才是改变的真正含义 也是我们今后的教学重点"
  [合成] 173/585 完成 (9.1s) "如果我们能改变自己的基因该有多好 如果我们能改变"
  [合成] 174/585 完成 (6.6s) "无论是在座诸位 还是在家听课的同学 也具有这样的"
  [合成] 175/585 完成 (2.2s) "我们的世界观我们的行动 我们现来探讨下这个话题"
  [合成] 176/585 完成 (1.8s) "A即情感代表感情和内心"
  [合成] 177/585 完成 (4.5s) "感情 动因 行动这三者间 感情 动因行 行动这三"
  [合成] 178/585 完成 (3.1s) "更多的是存在着逻辑和语言上的联系 更多存存在看逻"
  [合成] 179/585 完成 (6.6s) "这个单词由E和motion组成 没有感情谈何行动"
  [合成] 180/585 完成 (1.6s) "他丧失了自己的情感能力"
  [合成] 181/585 完成 (1.5s) "并随之丧失了行动的动力"
  [合成] 182/585 完成 (2.3s) "尽管他的认知力依然存在 我们需要情感作推动力"
  [合成] 183/585 完成 (2.7s) "我们还是从两方面来展开情感 第一种:渐变第二种:"
  [合成] 184/585 完成 (1.7s) "所谓渐变是指专注冥想"
  [合成] 185/585 完成 (2.9s) "专注冥想可以说是最有效的干预方式 它能给你带来平"
  [合成] 186/585 完成 (3.3s) "我们会花一整周时间介绍相关的研究 今天我只想简略"
  [合成] 187/585 完成 (3.9s) "乔恩 ·卡巴泽他可以说是 将一系列研究带入这个领"
  [合成] 188/585 完成 (2.9s) "他和塔拉·拜尼特格门 以及哈佛医学院的赫伯特·本"
  [合成] 189/585 完成 (2.9s) "对这一礼 神秘领域做了一系列的研究 对这一神秘领"
  [合成] 190/585 完成 (3.4s) "锻炼冥想能力 可以引引领我们达到身心舒展 内心的"
  [合成] 191/585 完成 (2.3s) "而进入这个领域的途径就是 你的身体 思想和呼吸"
  [合成] 192/585 完成 (3.3s) "堪称专注研究中的经典 等我们提到相关研究时再详述"
  [合成] 193/585 完成 (2.7s) "改变了我们的大脑 通过将注意力集中在呼吸上 让秘"
  [合成] 194/585 完成 (1.6s) "所有人都有能力集中注意力"
  [合成] 195/585 完成 (1.7s) "让我们用一两分钟体验 上一"
  [合成] 196/585 完成 (3.1s) "想让保尝试 如果你愿意的话 还是那匀老语 如果你"
  [合成] 197/585 完成 (1.9s) "在椅子上坐好让背部靠在椅背上"
  [合成] 198/585 完成 (1.5s) "让自己尽可能觉得舒适"
  [合成] 199/585 完成 (7.2s) "如'果你！得够舒服了京 就把眼 闭上 如果你得够"
  [合成] 200/585 完成 (2.4s) "深吸一口气 吸至丹田 再缓慢轻柔地吐气"
  [合成] 201/585 完成 (3.4s) "深沉缓慢地将气吸至丹田 聚沉缓慢地将气吸至丹田"
  [合成] 202/585 完成 (2.6s) "缓慢 轻柔长长地吐气 如果走神了 把注意力集中回"
  [合成] 203/585 完成 (1.3s) "现在 在你脑海中"
  [合成] 204/585 完成 (2.2s) "审视你的身体 你的前额 你的眼睛 鼻子 嘴巴"
  [合成] 205/585 完成 (1.6s) "你的脖子 胸部上背"
  [合成] 206/585 完成 (1.5s) "下背 腿 直到你的双脚"
  [合成] 207/585 完成 (2.2s) "随着深缓轻柔的呼吸继续审视你的身体"
  [合成] 208/585 完成 (2.5s) "审视过程中 我到身上的某一部位 它比其它部位更紧"
  [合成] 209/585 完成 (1.6s) "可能是你的下巴你 你的脖子"
  [合成] 210/585 完成 (1.5s) "可能是你的下巴 你的脖子"
  [合成] 211/585 完成 (2.3s) "你的肩膀或者胃 或者是你觉得具有病患的地方"
  [合成] 212/585 完成 (1.6s) "可能是你的双腿 膝盖 两脚"
  [合成] 213/585 完成 (1.7s) "找到那块你觉得有些紧绷的部位"
  [合成] 214/585 完成 (1.7s) "将注意力集中在那里 继续呼吸"
  [合成] 215/585 完成 (1.9s) "深吸一口气将气引至那个部位"
  [合成] 216/585 完成 (2.1s) "当你吐气放松时 紧张感也随之吐出"
  [合成] 217/585 完成 (2.5s) "让它放松再深呼吸几次到那个位置 然后放松吐气"
  [合成] 218/585 完成 (1.5s) "把注意力转回到呼吸上"
  [合成] 219/585 完成 (4.3s) "轻柔缓慢地深吸 及一口气 轻柔缓慢地深吸 口气 "
  [合成] 220/585 完成 (1.9s) "深吸气再轻柔缓慢地吐出"
  [合成] 221/585 完成 (2.9s) "在下一次吐气结束时 轻柔缓慢地睁开眼睛 如果你旁"
  [合成] 222/585 完成 (1.6s) "把他们唤醒记得要温柔些"
  [合成] 223/585 完成 (3.3s) "塔拉·拜尼特格门 塔拉·手 拜尼特格门 如果还有"
  [合成] 224/585 完成 (1.9s) "她在 《烦恼有八万四千种解药》！ 中写道"
  [合成] 225/585 完成 (2.5s) "专注力就是指看到事物本来的面目 而不试图去改变它"
  [合成] 226/585 完成 (3.0s) "关键在于这可以消除我们对烦闷情绪的反应 但是注意"
  [合成] 227/585 完成 (3.6s) "这就是"允许自己全然为人"的要义 这就是允许自己"
  [合成] 228/585 完成 (4.9s) "随着情绪感受情绪 在这过程中呼吸释放 通常当我们"
  [合成] 229/585 完成 (2.5s) "随着情绪的缓解 人痛苦的情绪也得到了心理解离"
  [合成] 230/585 完成 (2.2s) "春假之后我们还会仔细探讨 这项重要的干预方式"
  [合成] 231/585 完成 (4.0s) "这便是“渐变 等我们谈到相关研究时 我们还会看到"
  [合成] 232/585 完成 (1.7s) "我们的大脑便会开始发生改变"
  [合成] 233/585 完成 (3.2s) "至少8周的常规冥想后 我们的免疫系统也将得以增强"
  [合成] 234/585 完成 (2.3s) "一天用30或20分钟冥想就能达到效果"
  [合成] 235/585 完成 (3.1s) "这样的变化很缓慢 有时候甚至可能要花一辈子的时间"
  [合成] 236/585 完成 (1.7s) "再来讲一个有关感情"剧变"的例子"
  [合成] 237/585 完成 (2.4s) "当我想充实这个3*2的模式时 怎么找到一个情感剧"
  [合成] 238/585 完成 (3.0s) "我马上想到了临床心理学的研究 更准确地说是对创伤"
  [合成] 239/585 完成 (4.0s) "所谓创伤后应激障碍[PTSD] 在这方面就连我们"
  [合成] 240/585 完成 (3.7s) "“这是个阐述剧变的绝好例了” “这是个阐述剧变的"
  [合成] 241/585 完成 (10.1s) "之所以称为剧变是因为当经厉创伤后 双称为剧变是因"
  [合成] 242/585 完成 (6.5s) "它将改变穿过大脑的化学物质 改变大脑的结构仓 创"
  [合成] 243/585 完成 (2.1s) "单纯的一次经历 是一把毁灭万物的大锤"
  [合成] 244/585 完成 (1.7s) "不幸的是这种现象很常见"
  [合成] 245/585 完成 (8.3s) "上节课我提到过 整整30%越战士兵患有创伤后应激"
  [合成] 246/585 完成 (2.8s) "我说过 目前还没有第二次海湾战争的数据 但数字很"
  [合成] 247/585 完成 (4.6s) "911事件发生的前一段 段时门 911事件发生的"
  [合成] 248/585 完成 (2.4s) "911发生后约有6万人 患有创伤后应激障碍"
  [合成] 249/585 完成 (7.2s) "惨痛的经历造成严重的后果 它影响我们大脑运转的方"
  [合成] 250/585 完成 (2.7s) "一次精神创伤 无论是911事件还是亲睹战争的残酷"
  [合成] 251/585 完成 (6.6s) "这都会影响到我们整个人生 这算是休克疗法而且是消"
  [合成] 252/585 完成 (4.7s) "当我想到创伤后应激障碍 我要问 它和积极心理学又"
  [合成] 253/585 完成 (3.9s) "首梵 +年前 也就是在1998年 +年前七 也就"
  [合成] 254/585 完成 (2.1s) "那时积极心理学刚刚登上历史舞台"
  [合成] 255/585 完成 (1.7s) "浮现了好类于创后成长的研究"
  [合成] 256/585 完成 (3.6s) "有趣的是 事实上 更多的人在经历创伤后得到了成长"
  [合成] 257/585 完成 (2.8s) "然而没人提起创伤后成长 大家都知道创伤后应激障碍"
  [合成] 258/585 完成 (9.9s) "但这又提供了人们愿意去关注负面的事物 而不是正面"
  [合成] 259/585 完成 (2.1s) "如果他们了解自己在受创后有可能成长"
  [合成] 260/585 完成 (9.7s) "知道这种现象很并不罕见 自己知道不会因创后成长深"
  [合成] 261/585 完成 (2.3s) "以此让更多的人 在经历了受创之后得到成长"
  [合成] 262/585 完成 (2.5s) "我如何从越战中的所见和所经历的事情中 得到成长呢"
  [合成] 263/585 完成 (2.6s) "再说一遍 世事并非尽善尽美 但总有人能从世事中受"
  [合成] 264/585 完成 (7.1s) "如果你将注意力集中在益处上 就能在创后获得成长 "
  [合成] 265/585 完成 (2.1s) "要关爱家人感恩命 要关爱家 感恩命"
  [合成] 266/585 完成 (1.5s) "感激自然珍视友谊"
  [合成] 267/585 完成 (3.8s) "虽然不尽如我意但我已倾力而为 或者许多人在写日记"
  [合成] 268/585 完成 (3.3s) "也有人选择分享这次创伤的经历 还记得大屠杀幸存者"
  [合成] 269/585 完成 (6.3s) "大屠杀幸存者会分享 诉说 写下自己的经历 越战老"
  [合成] 270/585 完成 (4.6s) "你若只是一遍遍重温创伤 而不去分享或者倾诉 随之"
  [合成] 271/585 完成 (2.2s) "当然偶尔会有例外 理解创后成长的机制很重要"
  [合成] 272/585 完成 (8.2s) "那么我心里有个问题 这门课是积极心理学是指能产生"
  [合成] 273/585 完成 (4.4s) "有和创伤相对的积极面吗 某个作用强大但同时是正面"
  [合成] 274/585 完成 (2.2s) "央 一次积极的经历 能否创造一条通往正向的途径?"
  [合成] 275/585 完成 (4.0s) "引导我们不断获得更多的幸福感 华和塑及 留给我美"
  [合成] 276/585 完成 (1.9s) "也就是创伤后应激障碍的对立面"
  [合成] 277/585 完成 (2.6s) "记住 勤问必有所得求索始于追问 当我询问这个问题"
  [合成] 278/585 完成 (6.5s) "在我眼前开启了一条我前所未见的道路 就在我眼前闪"
  [合成] 279/585 完成 (4.0s) "是由我的启迪括亚伯拉罕 马斯洛 提是出1高峰体验"
  [合成] 280/585 完成 (3.0s) "我现在要讲的内容 只能归作假设还没有充分的理论依"
  [合成] 281/585 完成 (3.9s) "我望当中有人能将这个假设 当作你们的课题论文研究"
  [合成] 282/585 完成 (2.3s) "我在这门课所讲的内容 都基于严肃的科学研究"
  [合成] 283/585 完成 (2.1s) "而现在要说的却只是个假设"
  [合成] 284/585 完成 (4.3s) "待我解释完之后 因为然特我解 泽完增有过研究 因"
  [合成] 285/585 完成 (1.8s) "但若单纯地借助思考是讲不通的"
  [合成] 286/585 完成 (1.9s) "我们下面就来介绍高峰体验理论"
  [合成] 287/585 完成 (1.8s) "马斯洛对高峰体验理论的定义如下："
  [合成] 288/585 完成 (5.0s) "“巅峰体验理论是指人生最美好的时刻 是瞬间强烈的"
  [合成] 289/585 完成 (4.8s) "我发现这样的经历来自于高深的美学体验 如创作的喜"
  [合成] 290/585 完成 (5.1s) "可以说每个人都有过"高峰体验 无论是与男女朋友相"
  [合成] 291/585 完成 (4.5s) "这样的体验就像.. 许多神学家认为它们是宗教体验"
  [合成] 292/585 完成 (2.0s) "看到约翰 哈佛的雕像就会有这种感觉"
  [合成] 293/585 完成 (2.1s) "当然也可能没有 总之是一种集大成的体验"
  [合成] 294/585 完成 (2.3s) "这就是“禅宗"里所提到的境界 与现实相连"
  [合成] 295/585 完成 (5.6s) "感觉如此美好 如此完整 就好像你无需依靠任何外物"
  [合成] 296/585 完成 (3.4s) "我们围坐在一起 我觉得这样足矣 们图坐在一起我觉"
  [合成] 297/585 完成 (4.6s) "这就是一次高峰体验 巅峰体验持续的时间很短 来去"
  [合成] 298/585 完成 (3.6s) "然而真 巅峰体验通常会有一定的反作用 然而黄 巅"
  [合成] 299/585 完成 (5.3s) "现在你们可能已经了解我要讲什么了 当我思考巅峰体"
  [合成] 300/585 完成 (3.7s) "也可能是喜悦的一种休克疗法 但它的影响远远超过了"
  [合成] 301/585 完成 (1.9s) "如今还有人活在911的阴霾中"
  [合成] 302/585 完成 (3.6s) "它仍旧影响着他们尤其是他们的大脑 形成新的通路 "
  [合成] 303/585 完成 (2.0s) "那么巅峰体验是喜悦的休克疗法吗"
  [合成] 304/585 完成 (2.3s) "如果高峰体验是等同于创伤的积极对立面"
  [合成] 305/585 完成 (3.0s) "那么与创伤所应激障碍等同的就是 我所谓的高峰体验"
  [合成] 306/585 完成 (2.1s) "我知道很俗但我认为其中大有文章"
  [合成] 307/585 完成 (5.4s) "有些关于这方面的研究虽然极少 但我认为很有道理 "
  [合成] 308/585 完成 (1.7s) "她研究经历完分娩的女性"
  [合成] 309/585 完成 (1.5s) "她发现 有时候不是常常"
  [合成] 310/585 完成 (2.0s) "确切地说是经常但非绝大多数情况"
  [合成] 311/585 完成 (3.2s) "分娩后女性会经历高峰体验 生活随之弯变： 生活随"
  [合成] 312/585 完成 (8.5s) "分娩完之后姓 她们变得更自信 更慷慨 更宽容也更"
  [合成] 313/585 完成 (1.5s) "对她们来说意义深远"
  [合成] 314/585 完成 (3.5s) "这可能是上世纪50年代早期研究 想起来了 确定是"
  [合成] 315/585 完成 (4.5s) "现在这种现象在男生身上也更为普遍 因为孩子出生时"
  [合成] 316/585 完成 (1.9s) "当它来临时感觉极为强烈"
  [合成] 317/585 完成 (1.8s) "对我来说这无疑是一次高峰体验"
  [合成] 318/585 完成 (3.9s) "马斯洛是这么描述高峰体验的 没有明确阐明巅峰体验"
  [合成] 319/585 完成 (1.6s) "但也算有含沙射影"
  [合成] 320/585 完成 (4.6s) "高峰体验通常会留有某些后遗作用 其效果等同于心理"
  [合成] 321/585 完成 (6.4s) "清楚自己要朝什么方向行进 毫无疑问 笔无狗过认舒"
  [合成] 322/585 完成 (6.1s) "另一方面 我们可以讨论如何培养自主性 培养勇气奥"
  [合成] 323/585 完成 (1.6s) "如果我们做一些后续工作"
  [合成] 324/585 完成 (3.6s) "那这些体验带来的影响将超越高峰体验 威廉 ·詹姆"
  [合成] 325/585 完成 (2.3s) "谈到了改变人生的那些时刻 以及如何改变人生"
  [合成] 326/585 完成 (2.1s) "高峰体验能在潜移默化中使人形成新思维"
  [合成] 327/585 完成 (4.5s) "这个观点仍处于研究阶段 但越来越多的迹象暗合这点"
  [合成] 328/585 完成 (4.6s) "我们就可以确定 我们就以天确定 存在创伤的积极等"
  [合成] 329/585 完成 (2.2s) "首要问题是 经历高峰体 我 我 频繁经历巅峰体"
  [合成] 330/585 完成 (2.8s) "其次 我们如何在高峰体验过后 保证享受到高峰体验"
  [合成] 331/585 完成 (6.6s) "都会患上创伤后应激障碍一样 实际上多数人都不会 "
  [合成] 332/585 完成 (7.1s) "如何提高这种可能性 首先提尚携智这能性 其次再是"
  [合成] 333/585 完成 (5.4s) "简而言之 提高经历高峰体验的概率 这才是课程的关"
  [合成] 334/585 完成 (2.7s) "步 因为如果我们不接受痛苦 如果我们不允许自己全"
  [合成] 335/585 完成 (1.6s) "我们就关闭了自己的情感通道"
  [合成] 336/585 完成 (3.5s) "而积极情感和痛苦情感 通常流经司的通遣 通常流经"
  [合成] 337/585 完成 (8.3s) "当我们限制了其中一方 另一方也会受限 如果我们打"
  [合成] 338/585 完成 (2.5s) "这我们才可能心胸开阔 也更有可能体验积极情感"
  [合成] 339/585 完成 (9.8s) "这就是允许 贝的 然 之处 这就是允许 防人的团"
  [合成] 340/585 完成 (3.3s) "集中心智 把握当下 很多时候 当我们听音乐时 例"
  [合成] 341/585 完成 (3.1s) "例如 月心去欣赏音乐时 不是发短信做功课"
  [合成] 342/585 完成 (6.5s) "当作背景音乐听那种 而是仔细聆听自己喜欢的音乐 "
  [合成] 343/585 完成 (2.7s) "根据马斯洛的研究我们最可能 在两种情况下经历巅峰"
  [合成] 344/585 完成 (1.7s) "顺便说一下 我认为这是与生俱来的"
  [合成] 345/585 完成 (3.9s) "即使是我一岁大的女儿谢瑞尔 我都能从她身上看出 "
  [合成] 346/585 完成 (2.5s) "我们对音乐和舞蹈的喜爱是与生俱来的 需要我们花时"
  [合成] 347/585 完成 (5.4s) "树立有意义的目标 当我们拥有目标时 当我们做自己"
  [合成] 348/585 完成 (3.0s) "但我们文化中存在的最大的障碍就是时间 当我们匆匆"
  [合成] 349/585 完成 (2.0s) "焦虑不安时便很难经历巅峰体验"
  [合成] 350/585 完成 (1.6s) "这些都是巅峰体验的杀手"
  [合成] 351/585 完成 (5.5s) "无论是亲热听 听音乐时 还是与朋友欢聚时 一还是"
  [合成] 352/585 完成 (6.2s) "日我们历高峰体验后 如何增加高峰体验后效应发连的"
  [合成] 353/585 完成 (1.4s) "大脑只会重复再现"
  [合成] 354/585 完成 (3.1s) "可断地情景项现日 社经通路得到了巩固 宋经通路得"
  [合成] 355/585 完成 (2.6s) "大锤砸开了神经通道 我们通过回忆再现巩固这些通道"
  [合成] 356/585 完成 (2.5s) "这就是你们下周的反馈论文题目 高峰体验写篇论文"
  [合成] 357/585 完成 (6.8s) "当我们以日记形式记录它时 是在描述而非分析 谨记"
  [合成] 358/585 完成 (1.6s) "重现高峰体验"
  [合成] 359/585 完成 (2.1s) "再次强调 需要慢慢来慢慢来"
  [合成] 360/585 完成 (1.3s) "最后 采取行动"
  [合成] 361/585 完成 (1.9s) "这样我们才能巩固 初尝高峰体验时的感觉"
  [合成] 362/585 完成 (2.1s) "高峰体验的结果就是 我神清气爽 豁然开朗"
  [合成] 363/585 完成 (1.7s) "现在我要做些事情来反馈"
  [合成] 364/585 完成 (4.5s) "这就带领我们进入了第二阶段 被欣对日 B理论即行"
  [合成] 365/585 完成 (2.3s) "我还二十岁不到 就开始教授励志心理学 积极心理学"
  [合成] 366/585 完成 (3.1s) "以及临床心理学 参与相关的研究组和研讨会 至今已"
  [合成] 367/585 完成 (3.4s) "在他人或我自己的讲习班 研讨会和课堂内 如果讲习"
  [合成] 368/585 完成 (1.8s) "在课外或周末或学期结束时"
  [合成] 369/585 完成 (2.3s) "如果之前是这样的 那么之后就会经历 一个高峰"
  [合成] 370/585 完成 (1.6s) "但存在两个群体都会经历高峰"
  [合成] 371/585 完成 (1.9s) "第一个群体很不幸它代表了多数人"
  [合成] 372/585 完成 (2.0s) "经历高峰后会回到原先的幸福基线"
  [合成] 373/585 完成 (1.8s) "第三个群体虽不普遍但也非少数"
  [合成] 374/585 完成 (2.7s) "任经历短暂的高峰： 在经历短暂的高峰："
  [合成] 375/585 完成 (3.0s) "尽管也会回落但回落后 幸福基线就比之前会高 当然"
  [合成] 376/585 完成 (2.4s) "当然荟有波动 但是是沿着较高的幸福基线进行波动"
  [合成] 377/585 完成 (1.6s) "母须多言 我希望你们明白"
  [合成] 378/585 完成 (3.9s) "为什么有些人的经历是这样的 而其他人的经历是那样"
  [合成] 379/585 完成 (2.4s) "而不是经历短暂的美好 尽管这也很棒 但还不够"
  [合成] 380/585 完成 (1.8s) "陈流 我的努力也付诸东流"
  [合成] 381/585 完成 (2.0s) "我希望你们明白这两个群体之间的区别"
  [合成] 382/585 完成 (4.8s) "有一点区别非常重要 这一[ 区别直接把两个群体区"
  [合成] 383/585 完成 (2.7s) "第二个群体的特别之处在于 他们并不是在期末或结课"
  [合成] 384/585 完成 (4.2s) "而是在讲习班课 课程或研讨会之后 保课程或讨会会"
  [合成] 385/585 完成 (3.8s) "是在讲习班识 课程或讨 会会之后 就立刻发生行教"
  [合成] 386/585 完成 (3.9s) "好吧 课程结束后 我会重新评价我的生活想想该如何"
  [合成] 387/585 完成 (1.4s) "做课上讲到的练习"
  [合成] 388/585 完成 (1.5s) "做镖监讲至的练习"
  [合成] 389/585 完成 (3.5s) "承担从未承担过的风险 总而言之 就是立刻采取行动"
  [合成] 390/585 完成 (3.1s) "那些立刻采取行动的人 不会持续处于幸福的巅峰 但"
  [合成] 391/585 完成 (2.0s) "而不是下降 回到没有行为改变前的水平"
  [合成] 392/585 完成 (2.1s) "如果现在参与为期几天的研讨会或讲习班"
  [合成] 393/585 完成 (2.9s) "通过对心理学的诸多研究我们发现 态度和行为之间存"
  [合成] 394/585 完成 (3.5s) "我们讨论过之前我们就提过 对任何事物我们都有特定"
  [合成] 395/585 完成 (2.0s) "对其他人 还是针对自身都有特定的态度"
  [合成] 396/585 完成 (6.4s) "这些态度影响了我们的行为 假如 如果对心理学 或"
  [合成] 397/585 完成 (2.0s) "对心理学或积极心理学持否定态度时要大"
  [合成] 398/585 完成 (5.9s) "又例如 我对某人的某种信仰 持有积极的态度 那我"
  [合成] 399/585 完成 (2.3s) "显而易见很好理解 但像爱丽丝 丝·伊格莉"
  [合成] 400/585 完成 (2.0s) "但像爱丽丝 伊格莉 但像爱丽丝 丝·伊格莉"
  [合成] 401/585 完成 (3.7s) "和达利尔·贝尔这样的心理学家发现 利尔·贝尔这样"
  [合成] 402/585 完成 (6.9s) "就是说如果我作出某种行为 我的态度就可能会根据行"
  [合成] 403/585 完成 (5.2s) "而我们的行为就是外在的表达 大脑不愿 内在和外在"
  [合成] 404/585 完成 (1.8s) "态度就会调整以反映该行为"
  [合成] 405/585 完成 (4.5s) "如果我们的行为是这样 d喜欢一致性 大脑喜欢一致"
  [合成] 406/585 完成 (2.8s) "大脑要么通过改变行为 更为关键的是 大脑更常改变"
  [合成] 407/585 完成 (3.4s) "我们在场的所有人 无论是18岁还是80岁 都有各"
  [合成] 408/585 完成 (3.3s) "我们先养成习惯然 然后习惯造就我们 习惯属于行为"
  [合成] 409/585 完成 (2.7s) "行为更有影响力行动胜于言语 如果课前我们有种特定"
  [合成] 410/585 完成 (5.7s) "而该课程目的是改变你对特定事物的态度 但课程结束"
  [合成] 411/585 完成 (1.7s) "态度就会回归到课前的位置"
  [合成] 412/585 完成 (2.5s) "除非改变行为以适应随之产生的改变 所有的课程"
  [合成] 413/585 完成 (2.9s) "抑或新有的讲习班 研讨会 它们所能做的就是引导你"
  [合成] 414/585 完成 (4.7s) "本课程的目标便是引领态度的改变 例如 自尊自尊是"
  [合成] 415/585 完成 (5.4s) "知足常乐者和自怨自艾者的差别 就在于世界观的不同"
  [合成] 416/585 完成 (1.5s) "完美主义 是对失败的一种态度"
  [合成] 417/585 完成 (5.9s) "但这门课 我和所有助教能为你们做的 就是引导和鼓"
  [合成] 418/585 完成 (1.8s) "不过如果你不从行为上作出对应改变"
  [合成] 419/585 完成 (1.9s) "譬如说感恩练习是指写感恩信"
  [合成] 420/585 完成 (2.8s) "这就是你们这周的作业 但其实需要持之以恒 除非行"
  [合成] 421/585 完成 (3.4s) "否则态度会回到原来的位置 以此反应你的态度和行为"
  [合成] 422/585 完成 (1.6s) "必须从行为上作出改变"
  [合成] 423/585 完成 (1.9s) "我来介绍几个表明行为改变影响力的研究"
  [合成] 424/585 完成 (1.9s) "这是从朝鲜战争中 美国战俘身上发现的"
  [合成] 425/585 完成 (5.9s) "街对面麻省理工的埃德加 沙因 他发现 那些看押战"
  [合成] 426/585 完成 (5.1s) "写下共产主义的好处京 就使他们改变了 写下共产主"
  [合成] 427/585 完成 (1.5s) "但是写出共产主义的积极面"
  [合成] 428/585 完成 (2.0s) "写给狱友 写给家人 告知家人你的状况"
  [合成] 429/585 完成 (7.9s) "当然 他们报喜不报忧 虽然看押者没有要求战俘说谎"
  [合成] 430/585 完成 (5.1s) "他们对看押人员少了份戒备 多了份宽容 因为他们通"
  [合成] 431/585 完成 (2.6s) "久而久之他们的态度确实发生了改变 变得更为积极"
  [合成] 432/585 完成 (2.0s) "上过初级心理学或其它课程的人肯定知道"
  [合成] 433/585 完成 (6.9s) "当两种想法不一致 两种信仰相冲突时 认知距离就出"
  [合成] 434/585 完成 (4.8s) "理论认为必须分歧必须统一 认知距离理论认为必须分"
  [合成] 435/585 完成 (3.1s) "想法 信仰以适应行为 想法信仰以适应行为比言语更"
  [合成] 436/585 完成 (4.0s) "自我认知理论我们已经深入讨论过了 因此我将不再做"
  [合成] 437/585 完成 (1.5s) "面部表情反馈假说"
  [合成] 438/585 完成 (1.9s) "如果你现在皱下眉 或礼貌地微笑一下"
  [合成] 439/585 完成 (2.6s) "你体内的化学物质就会发生改变 从而反映出你脸上的"
  [合成] 440/585 完成 (1.4s) "这一理论引自"
  [合成] 441/585 完成 (5.4s) "引自释一行禅师的话 名字有点难念 是位佛教僧侣 "
  [合成] 442/585 完成 (3.1s) "事实上我们影响着自己的身体 我们实际是通过面部表"
  [合成] 443/585 完成 (2.7s) "这就是为什么演员仅靠表演 不论扮演何种角色 常常"
  [合成] 444/585 完成 (3.8s) "因为面部表情反馈会影响你身体其它部分 实际上身体"
  [合成] 445/585 完成 (5.3s) "吹着口哨壮胆不仅是说说而己 反而没精打采地坐一整"
  [合成] 446/585 完成 (1.5s) "你的悲哀感也会挥散不去"
  [合成] 447/585 完成 (2.4s) "舒展眉头 睁开双眼 抬头挺胸而不是弯腰驼背"
  [合成] 448/585 完成 (1.4s) "用自信的口吻说话"
  [合成] 449/585 完成 (2.8s) "给予他人优雅的赞美 如果这样都不能融化内心的坚冰"
  [合成] 450/585 完成 (7.2s) "威廉 集·詹姆斯本质上想表达的是 比面部表情反馈"
  [合成] 451/585 完成 (7.4s) "和自信地挺直腰板坐着相比 你整天像这样坐着 都会"
  [合成] 452/585 完成 (3.2s) "首先根据自我认知理论 这会影响你传递给自己的信息"
  [合成] 453/585 完成 (3.4s) "无论是有气无力还是神采奕奕地同人握手 这都在暗示"
  [合成] 454/585 完成 (4.7s) "这一信息也会很快反馈回来 通过他人对你的看法进行"
  [合成] 455/585 完成 (3.0s) "曾有个学生参加过1504这一课程 她曾是冰球队的"
  [合成] 456/585 完成 (3.9s) "今年夏天我碰见她她走过来 和我握手我却差点哭了 "
  [合成] 457/585 完成 (2.7s) "所以别太夸张只要适度有力就行 我是说真的"
  [合成] 458/585 完成 (2.0s) "我觉得她把我的手骨都捏碎了"
  [合成] 459/585 完成 (2.1s) "但这确实起作用了握手传递了信息"
  [合成] 460/585 完成 (1.3s) "我绝对不会找她麻烦"
  [合成] 461/585 完成 (1.5s) "其实现在我挺怕她的"
  [合成] 462/585 完成 (4.1s) "它传递了力量和自信的信息 如果我们走路昂首挺胸 "
  [合成] 463/585 完成 (3.3s) "也是在向周边环境传递信息 这一信息不仅会投射出我"
  [合成] 464/585 完成 (2.2s) "同时也会向我们传递信息 并最终影响我们"
  [合成] 465/585 完成 (1.8s) "最后 我必须与你们分享一项研究"
  [合成] 466/585 完成 (1.3s) "这是由哈默利做的"
  [合成] 467/585 完成 (3.7s) "我还是把这个研究留到下次课讲 因为我今天还要讲些"
  [合成] 468/585 完成 (5.3s) "因为这项研究报告很长 而且非常重要 所以下次我一"
  [合成] 469/585 完成 (2.9s) "在我们这节课结束前我 我要讲点别的 讲点让我们之"
  [合成] 470/585 完成 (8.9s) "大卫·这 迈尔斯在幸福心理学领域 大卫·迈尔斯在"
  [合成] 471/585 完成 (4.3s) "假装自尊心很强 即使我像威廉 詹姆斯说的那样假装"
  [合成] 472/585 完成 (1.8s) "这跟"允许自己全然为人"冲突吗"
  [合成] 473/585 完成 (4.2s) "我们不想以弄假来完成目标 我们想哭出来我们想要难"
  [合成] 474/585 完成 (2.1s) "准时出门去参加聚会 即使这是我最不想做的事"
  [合成] 475/585 完成 (1.7s) "这里的关键就是积极接受"
  [合成] 476/585 完成 (3.4s) "我仍然能接受自己的情绪 我仍然能接受自己的痛苦 "
  [合成] 477/585 完成 (3.3s) "尽量恰当得体或对自己最有利 所以我能接受被女友甩"
  [合成] 478/585 完成 (1.8s) "我能接受感觉很糟糕这 这一事实"
  [合成] 479/585 完成 (2.5s) "但接着 三天以后 我就去了诺克斯聚会尽情狂欢"
  [合成] 480/585 完成 (8.0s) "所以再次强调之所以假装 是因为有面部表情反馈假说"
  [合成] 481/585 完成 (2.8s) "我确实会感觉好多了 也更健康 不一定更健康但确实"
  [合成] 482/585 完成 (2.8s) "接下来我们看个玛瓦·柯林斯的短片 她在短片里谈到"
  [合成] 483/585 完成 (1.3s) "造就了如今的我"
  [合成] 484/585 完成 (2.3s) "我的意思是说我想 像我父母和外祖父母一样成功"
  [合成] 485/585 完成 (7.6s) "在那个年代黑人成功是很罕见的 在那个年代黑 黑人"
  [合成] 486/585 完成 (4.2s) "我刚才说到 我比妹妹大14岁 但如果我们走进教堂"
  [合成] 487/585 完成 (2.1s) "“始起你的头 “起你的头 “始起你的头"
  [合成] 488/585 完成 (2.5s) "我常常听到人们对我妈妈说 我总是能在操场上认出你"
  [合成] 489/585 完成 (1.8s) "我们是在这样自尊自爱的环境里长大"
  [合成] 490/585 完成 (3.0s) "你观察 冬一下玛瓦· 柯林斯 你观察一下玛瓦·柯"
  [合成] 491/585 完成 (2.6s) "以此向她的学生和其他人传递了信息 也以此反馈给自"
  [合成] 492/585 完成 (1.5s) "我得跳过一些内容了"
  [合成] 493/585 完成 (1.7s) "通常行为上的改变是渐进式的"
  [合成] 494/585 完成 (2.5s) "那什么是激进式改变一般指硬碰硬 就是让自己直面考"
  [合成] 495/585 完成 (3.3s) "当我们硬碰硬时 最重要的是承担风险 就是做些自己"
  [合成] 496/585 完成 (2.6s) "换句话说 就是跳出我们的舒适区 进入学习区"
  [合成] 497/585 完成 (3.1s) "现在我想做的是 和你们分享我经历过的两个故事 开"
  [合成] 498/585 完成 (1.9s) "但过会儿你就会发现它们联系紧密"
  [合成] 499/585 完成 (4.1s) "也挺沉重的 我最早的记忆 多数人有自已的第一段记"
  [合成] 500/585 完成 (2.7s) "就是你第一次记事 我最早的记忆始于在1973年的"
  [合成] 501/585 完成 (3.1s) "那时我快三岁了 那天正好是犹太人的赎罪日 一年里"
  [合成] 502/585 完成 (2.8s) "我记得全家人待在家里突然电话响了 那个电话我父母"
  [合成] 503/585 完成 (2.8s) "电话从来不在安息日和周六响起 更别说赎罪日了 但"
  [合成] 504/585 完成 (2.8s) "更别说赎罪日了但 但那天电话响了 我记得他们立刻"
  [合成] 505/585 完成 (2.5s) "我爸爸接起电话 我站在他们中间 他看着我妈妈 和"
  [合成] 506/585 完成 (1.7s) "我听不到他说什么但我妈妈脸色变了"
  [合成] 507/585 完成 (2.2s) "她眼睛里充满恐惧 我立刻大哭 我爸爸抱起我"
  [合成] 508/585 完成 (3.6s) "“我要出门几天 说道 但我一定会回来” 现在我知"
  [合成] 509/585 完成 (1.6s) "那时他是军队预备役的一员"
  [合成] 510/585 完成 (7.6s) "他在情报科工作男 那时战争刚爆发 他在情报科工作"
  [合成] 511/585 完成 (2.6s) "以色列军队中的多数人都不在边防线上 边境无人防备"
  [合成] 512/585 完成 (2.6s) "出人意料的是 5个阿拉伯国家趁机同时向以色列宣战"
  [合成] 513/585 完成 (2.9s) "走进自己的房间 到现在还记忆犹新 他拿出自己的军"
  [合成] 514/585 完成 (2.9s) "拿出自己的M-16半自动步枪背上 穿上鞋 系好鞋"
  [合成] 515/585 完成 (1.9s) "我妈妈一起在他身边 帮他收拾行装"
  [合成] 516/585 完成 (6.4s) "他们在谈论 偶尔向我微笑下 他们在谈论低 偶尔向"
  [合成] 517/585 完成 (4.2s) "接着我们就下了楼送我爸爸到车前 那是辆松绿色的老"
  [合成] 518/585 完成 (2.5s) "为什么 我又是后来才知道的 因为你晚上行驶时要打"
  [合成] 519/585 完成 (2.0s) "车灯最好不要太亮 以防成为空袭目标"
  [合成] 520/585 完成 (3.0s) "所以他在车灯上涂鞋油 而我看着他涂 接着他抱起我"
  [合成] 521/585 完成 (3.2s) "三 再次说 “我几天后就会回来 他一上车我就不由"
  [合成] 522/585 完成 (2.1s) "我们的一个邻居 名叫查隆 他已经过了参军的年纪了"
  [合成] 523/585 完成 (5.7s) "所以他站在那儿 我们都看着我爸爸从车里出来：抱起"
  [合成] 524/585 完成 (2.0s) "你长大以后 泰勒 是不是想像爸爸一样成为军人"
  [合成] 525/585 完成 (1.7s) "我说 “是的 我想"
  [合成] 526/585 完成 (1.7s) "军人是不哭的” 那好"
  [合成] 527/585 完成 (1.8s) "自此以后我将近二十年没哭过"
  [合成] 528/585 完成 (1.8s) "接着我就进了哈佛 开始学习心理学"
  [合成] 529/585 完成 (2.9s) "我开始学习心理学在 在这个过程中 我开始学习心理"
  [合成] 530/585 完成 (2.5s) "我找到了我想研究的一个方向 这是我最想研究的一个"
  [合成] 531/585 完成 (1.6s) "即深入了解自己阴柔的一面"
  [合成] 532/585 完成 (7.8s) "套用荣格的话就是队 阴和阳共存 男性化和女性化的"
  [合成] 533/585 完成 (5.3s) "我过去压抑自己的痛苦 也压抑自己的快乐 总是表现"
  [合成] 534/585 完成 (1.5s) "我们什么都能搞定"
  [合成] 535/585 完成 (2.9s) "再次强调这是我的第一段记忆 相同内容我听了一遍又"
  [合成] 536/585 完成 (1.8s) "即流露自己的情感不是男人所为"
  [合成] 537/585 完成 (4.5s) "这让我想起我输了一场重要的壁球比赛后 对我而言 "
  [合成] 538/585 完成 (1.7s) "我本不该输的我本该是赢家"
  [合成] 539/585 完成 (1.5s) "接着我女友送我回住处"
  [合成] 540/585 完成 (1.8s) "我们只是在闲逛她突然哭了起来"
  [合成] 541/585 完成 (1.2s) "我问她 "你哭什么"
  [合成] 542/585 完成 (1.7s) "她回答 我哭是因为你不哭 福"
  [合成] 543/585 完成 (1.9s) "因为她知道那场比赛对我而言多重要"
  [合成] 544/585 完成 (5.2s) "大体上我的童年和青春期就是这么度过的 要坚强 像"
  [合成] 545/585 完成 (1.5s) "这就是第一个故事"
  [合成] 546/585 完成 (1.2s) "接下来讲第二个"
  [合成] 547/585 完成 (2.9s) "有位上过我课的学生 你们中的有些人可能知道她 0"
  [合成] 548/585 完成 (3.1s) "我也有一对一地辅导她 我们常常一起共事 琳赛 ·"
  [合成] 549/585 完成 (2.6s) "琳赛 赛·海德是"巾帼社团"的创办人"
  [合成] 550/585 完成 (5.1s) "是PBHA的一部分 一个很棒的组织 她成立的这个"
  [合成] 551/585 完成 (2.8s) "琳赛曾邀我去"巾帼社团"会员 给他们的导师还有学"
  [合成] 552/585 完成 (1.6s) "成员包括哈佛的女学生"
  [合成] 553/585 完成 (2.0s) "也有从波士顿周边其它院校 前来的女生"
  [合成] 554/585 完成 (2.7s) "然后我就做了演讲这就是琳赛 她身边的是一位在读大"
  [合成] 555/585 完成 (4.9s) "琳赛那时在给她作指导 在场还有其它哈佛的学生在作"
  [合成] 556/585 完成 (4.9s) "我做了场演讲主题为 要教授榜样效应的重要性其关键"
  [合成] 557/585 完成 (5.1s) "整个演讲很成功在演讲结束时 我向所有的参与者致谢"
  [合成] 558/585 完成 (1.5s) "以此聊表谢意"
  [合成] 559/585 完成 (1.9s) "这不是件普通的T恤它是粉色的"
  [合成] 560/585 完成 (2.4s) "我通常不穿这样颜色的衣服 在以色列我从来没穿过"
  [合成] 561/585 完成 (3.9s) "它是 因为这是"巾帼社团"的会员服 所以它尺码很"
  [合成] 562/585 完成 (2.2s) ""请您收下这件T恤 这是我们的一份心意"
  [合成] 563/585 完成 (1.5s) "虽然我只是开个玩笑而已"
  [合成] 564/585 完成 (3.5s) "但接着我犯了一个错误 那时我说自己在教1504 "
  [合成] 565/585 完成 (1.6s) "这就是我得到的那件T恤"
  [合成] 566/585 完成 (4.8s) "托莉 莉·马丁当时也在场 她也是我的学生 托莉 "
  [合成] 567/585 完成 (2.0s) "托莉 马丁说 我会确保他兑现诺言的"
  [合成] 568/585 完成 (1.7s) "我笑了 接着就笑到想哭"
  [合成] 569/585 完成 (5.9s) "因为 '确保我兑现诺言是什么意思 我刚刚是在开玩"
  [合成] 570/585 完成 (2.4s) "收回我说过的话吗 诚实可是我的核心价值观之一"
  [合成] 571/585 完成 (2.2s) "接着我整个童年一幕幕闪现在我眼前"
  [合成] 572/585 完成 (2.2s) "我想起了丘吉尔说的话 “在困境中寻找转机?"
  [合成] 573/585 完成 (4.5s) "而转机就在我手上的这件粉色T恤上 让我深入地了解"
  [合成] 574/585 完成 (1.5s) "子产 很抱歉"
  [合成] 575/585 完成 (2.5s) "现在你肯定觉得这难以置信 我知道 现在你肯定觉得"
  [合成] 576/585 完成 (2.4s) "但当我说这对我而言 就是跳出自己的舒适区 请相信"
  [合成] 577/585 完成 (5.0s) "事实上 可能这都有点超出我的学习区 算是进了我的"
  [合成] 578/585 完成 (2.8s) "每次我重温 当看到笔记上的这段时 我觉得肾上腺素"
  [合成] 579/585 完成 (3.9s) "现在我就在舒适区外 这就是我为什么把这个安排到下"
  [合成] 580/585 完成 (2.0s) "关键是保持适度的不适感 我这样可能过火了点"
  [合成] 581/585 完成 (3.5s) "但其中的关键就是适度的不适感 为什么 因为别无他"
  [合成] 582/585 完成 (3.1s) "我想深入了解自己阴柔的 一 面 我想深入了解自己"
  [合成] 583/585 完成 (4.5s) "抑或“我想释放自己 我可以花一天在这上面想破头 "
  [合成] 584/585 完成 (1.4s) "否则不会有任何改观"
  [合成] 585/585 完成 (3.3s) "只要我们行动了 就是海阔凭鱼跃天高任鸟飞 谢谢大"
