[A] 采用 560 条 Whisper 锚点作为字幕时间戳...

[A] 完成：560 条字幕事件
[B] 用 rapidocr 识别 560 条字幕...

[B] 50/560
[B] 100/560
[B] 150/560
[B] 200/560
[B] 250/560
[B] 300/560
[B] 350/560
[B] 400/560
[B] 450/560
[B] 500/560
[B] 550/560
[B] 560/560
[B] 完成
[C] 输出 558 条字幕：episode-04.source.zh-CN-ocr.srt
[gpt-sovits] 服务已在运行：http://127.0.0.1:9880
  [合成] 1/545 完成 (4.6s) "早上好 当我让他们唱一支歌时 我心里想的是另一首"
  [合成] 2/545 完成 (3.8s) "今天我们将要谈论的内容 延续了上次的课程 是这门"
  [合成] 3/545 完成 (6.1s) "我们来自哪里 即 我们将何去何从 总之就是说 在"
  [合成] 4/545 完成 (2.9s) "上次我们谈论到了改变有多困难"
  [合成] 5/545 完成 (6.5s) "我们讲到了双胞胎研究 正如莱肯和特立根所说 证明"
  [合成] 6/545 完成 (3.1s) "试图改变幸福的程度 也许同 试图改变我们的身高一"
  [合成] 7/545 完成 (5.7s) "然后我们讨论了平均值的错误 以及这些研究中所犯的"
  [合成] 8/545 完成 (4.4s) "对改变本身的误解 因为如果某个人改变了 那问题将"
  [合成] 9/545 完成 (4.2s) "然后我们谈论了萨默维尔剑桥研究 真正意义上的劳斯"
  [合成] 10/545 完成 (11.8s) "五年来那些来自剑桥 哈佛 和麻省理工的顶尖科学家"
  [合成] 11/545 完成 (3.4s) "致力于带来变化 结果失败了 不只是没有变好"
  [合成] 12/545 完成 (2.5s) "实际上反而变得更坏 比如干预组的酗酒率"
  [合成] 13/545 完成 (2.7s) "比起观察组 还升高了 事实上 没有受到干预的观察"
  [合成] 14/545 完成 (5.6s) "在未来二十或三十年后的工作环境中 会更容易占优势"
  [合成] 15/545 完成 (6.4s) "但我们也提到了 马文·科林斯实现了改变 马文·利"
  [合成] 16/545 完成 (5.1s) "席利格曼和卡伦 莱维厅的项目 马丁·席利格曼和卡"
  [合成] 17/545 完成 (2.8s) "那么对于我们来说 要做实践的理想主义者我们的挑战"
  [合成] 18/545 完成 (5.1s) "试图理解带来变化的究竞是什么 试图理解带来变化的"
  [合成] 19/545 完成 (1.4s) "传播福音"
  [合成] 20/545 完成 (1.6s) "传播这些研究的福音"
  [合成] 21/545 完成 (2.4s) "即使它们并不总是带来好消息"
  [合成] 22/545 完成 (4.1s) "关键在于传播真正有用的东西 传播真实的东西 而不"
  [合成] 23/545 完成 (2.6s) "好的意图和理想主义是不够的 我们需要扎根于研究"
  [合成] 24/545 完成 (6.8s) "而这也是马斯洛所想的 当他谈到类似曼哈顿计划的项"
  [合成] 25/545 完成 (1.5s) "能聚到一起 取其精华"
  [合成] 26/545 完成 (3.3s) "挑出好的点子 有效的计划然 然后如法炮制 有效的"
  [合成] 27/545 完成 (1.4s) "学习最优秀的想法"
  [合成] 28/545 完成 (3.5s) "我有一个学生叫玛丽安 下课后来找我 她说汲取精华"
  [合成] 29/545 完成 (1.9s) "我喜欢这个词 “精英民主化"
  [合成] 30/545 完成 (1.9s) "学习最优秀的并使其他人也变得优秀"
  [合成] 31/545 完成 (7.5s) "所以这个由马斯洛提出的 宏伟目标 一个类似曼哈顿"
  [合成] 32/545 完成 (2.6s) "只管自顾自地做事我能改变什么吗 答案绝对是肯定的"
  [合成] 33/545 完成 (2.4s) "阻止人们行动的 一个最大的障碍 阻止人们实现改变"
  [合成] 34/545 完成 (2.7s) "就是他们低估了自己带来变化的能力 心理学界有很多"
  [合成] 35/545 完成 (2.9s) "爱默生和莫斯科维奇是这方面的先驱 不过也有其他人"
  [合成] 36/545 完成 (2.4s) "一个人就可以做出很大 通常是"
  [合成] 37/545 完成 (3.7s) "很显著的改变 拉尔夫·瓦尔多 爱默生说 整个人类"
  [合成] 38/545 完成 (4.7s) "特别是 一个人的力量 特别是一 里 很多社会科学"
  [合成] 39/545 完成 (5.3s) "永远不要怀疑一小群 成熟并坚定的人可以改变世界 "
  [合成] 40/545 完成 (3.6s) "问题是它如何扩散的 为什么我们如此难以理解 接受"
  [合成] 41/545 完成 (3.6s) "“我们可以带来变化”这个事实 一个人能明白“改变"
  [合成] 42/545 完成 (7.6s) "才是我们需要理解的事情 改变会呈几何级数发展 我"
  [合成] 43/545 完成 (5.0s) "如此发展下去就产生了一个指数公式 如此发展下去就"
  [合成] 44/545 完成 (3.4s) "这可以解释一-比如说 你们可能熟悉蝴蝶效应 一只"
  [合成] 45/545 完成 (4.5s) "理论上可以引起佛罗里达州的龙卷风 二 一个粒子撞"
  [合成] 46/545 完成 (1.8s) "这同样解释了六度分离现象"
  [合成] 47/545 完成 (2.3s) "在 一个潜在的圈子里 我们所有人是如何相互连接的"
  [合成] 48/545 完成 (2.4s) "为了解释人际网络的指数本质 让我们来看看微笑的影"
  [合成] 49/545 完成 (1.6s) "研究证明微笑可以传播"
  [合成] 50/545 完成 (2.8s) "某个人微笑引起了你微笑引起了别人微笑 如此发展下"
  [合成] 51/545 完成 (3.9s) "甚至某人在路上与你擦身而过 你没有笑 表面上没有"
  [合成] 52/545 完成 (2.4s) "但你脸上的某些细小的肌肉 并让你感觉更好了 移动"
  [合成] 53/545 完成 (1.6s) "因此微笑是可传染的"
  [合成] 54/545 完成 (3.4s) "如果你对着 或是使三个人微笑 而这个三个人 每个"
  [合成] 55/545 完成 (2.1s) "然后这九个人 又分别使三个人微笑"
  [合成] 56/545 完成 (3.3s) "仅仅需要二十次传递 从你的微笑到三个人的微笑 整"
  [合成] 57/545 完成 (1.8s) "这就是社会网络的指数本质"
  [合成] 58/545 完成 (2.0s) "取悦别人也是一样 恭维其他人"
  [合成] 59/545 完成 (6.1s) "如果你取悦三个人 或取悦更多人比 比如四个 或取"
  [合成] 60/545 完成 (3.2s) "只需要很短的时间 整个世界将会感觉更好 这就是指"
  [合成] 61/545 完成 (4.2s) "因此笑容是可以传播的 为了证明这一点我想给你们看"
  [合成] 62/545 完成 (1.3s) "我一定要再看一遍"
  [合成] 63/545 完成 (2.2s) "所以今天的主题就是宝宝 我们很快将看到另 个"
  [合成] 64/545 完成 (2.6s) "所以让我们理解指数公式的本质 这样我们就能理解 "
  [合成] 65/545 完成 (1.4s) "我想找人与我做个交易"
  [合成] 66/545 完成 (1.5s) "具体交易是这样的"
  [合成] 67/545 完成 (2.6s) "我要做的是要求你一- 这完全是自愿的 你可以不这"
  [合成] 68/545 完成 (4.6s) "这个交易是 我会要你每天给我 或者我将给你 任何"
  [合成] 69/545 完成 (1.9s) "而你需要给我的是第 第一天 一分钱"
  [合成] 70/545 完成 (1.8s) "第二天两分钱第三天 四分钱"
  [合成] 71/545 完成 (1.8s) "每天是前一天的两倍 从一分钱开始"
  [合成] 72/545 完成 (4.3s) "谁愿意与我做这个交易 未来三十天每天我将给你一千"
  [合成] 73/545 完成 (3.4s) "下一天两分四分八分 如此下去 有人与我交易吗"
  [合成] 74/545 完成 (1.1s) "还有没有了"
  [合成] 75/545 完成 (1.7s) "那就是说我将付出三万元"
  [合成] 76/545 完成 (1.2s) "还有吗好的"
  [合成] 77/545 完成 (1.9s) "交易是这样的 这是将要发生的事"
  [合成] 78/545 完成 (2.7s) "第三十天我会给你最后 一千元 你将从我这总共获得"
  [合成] 79/545 完成 (2.6s) "而在第三十天我将从你那获得 包括前二十九天一共一"
  [合成] 80/545 完成 (3.6s) "不仅仅第三十天好了 我将从你那获得 五百三十六万"
  [合成] 81/545 完成 (2.0s) "把它乘以二 这将是我在一个月内获得的钱"
  [合成] 82/545 完成 (4.2s) "第一天一分钱 第二天两分钱如此下去 多数人认为这"
  [合成] 83/545 完成 (4.4s) "因此也不了解一 解一个人力量的本质 因此也不了解"
  [合成] 84/545 完成 (5.4s) "另 一个例子 吸引了我的注意 当我还是孩子时 我"
  [合成] 85/545 完成 (6.8s) "国际象棋的发明者 一个印度人他去见国王 是 个印"
  [合成] 86/545 完成 (1.4s) "不什么都不需要”"
  [合成] 87/545 完成 (2.4s) "国王说 “不！ 我一定要赏赐你 要拿什么奖励你呢"
  [合成] 88/545 完成 (3.4s) "于是国际象棋的发明者说 那好吧 我希望得到这样的"
  [合成] 89/545 完成 (1.4s) "我希望有一粒大米"
  [合成] 90/545 完成 (1.7s) "在第二格上我希望有两粒大米"
  [合成] 91/545 完成 (2.1s) "在第三格上四粒大米以此类推"
  [合成] 92/545 完成 (3.5s) "我的要求就是这样” 国王说 你确定只要这些吗 我"
  [合成] 93/545 完成 (1.3s) "发明家说他确定"
  [合成] 94/545 完成 (2.4s) "于是国王叫下人取给他 所希望的奖赏"
  [合成] 95/545 完成 (7.7s) "而当下人们开始计算 填完棋盘所有格子需要多少大米"
  [合成] 96/545 完成 (3.0s) "这个故事再次说明 对于指数变化实质的误解 会使我"
  [合成] 97/545 完成 (4.4s) "再举最后= 一个例子 你们现在手里都有纸-- 你"
  [合成] 98/545 完成 (2.6s) "月球距离我们24万英里远 一张纸要折多少次"
  [合成] 99/545 完成 (2.6s) "才能到达月球呢 四十一次 就是说如果你现在拿一张"
  [合成] 100/545 完成 (7.8s) "把它折四十一次不到下课 你就已经到月球了 所以我"
  [合成] 101/545 完成 (4.5s) "这些例子说明这么一个道理 我们总是低估自己改变世"
  [合成] 102/545 完成 (6.3s) "这个道理每时每刻影响着人们的生活 于是我们自问谅"
  [合成] 103/545 完成 (3.6s) "做审慎的有实践精神的理想主义者呢 还是满足于怀有"
  [合成] 104/545 完成 (2.0s) "而要实现指数公式努力是必须的"
  [合成] 105/545 完成 (2.5s) "这门课的最终计划 如你们所知 是要求你们做 放一"
  [合成] 106/545 完成 (2.2s) "不论你是文理学院还是进修学校的学生"
  [合成] 107/545 完成 (1.5s) "都要为大家做一场演讲"
  [合成] 108/545 完成 (2.1s) "当我们构思这门课的时候 这正是我们所计划的"
  [合成] 109/545 完成 (7.7s) "如何扩大变化的影响力 而被你影响到的人兴许会再影"
  [合成] 110/545 完成 (4.9s) "现在我想给大家播放一个片断 就是电影 《让爱传出"
  [合成] 111/545 完成 (4.2s) "他们就很好地传达了人际网络的指数影响 如果明知人"
  [合成] 112/545 完成 (2.2s) "你必须将这个世界的黑暗面改变 将它反转过来"
  [合成] 113/545 完成 (3.0s) "而你从今天就可以开始这样做了 这是我 这是三个人"
  [合成] 114/545 完成 (5.5s) "这三个人再每人帮助其他三个人 然后这三个人再去每"
  [合成] 115/545 完成 (3.7s) "如果没人帮就无法独自完成的事情 你的车毁了吧 多"
  [合成] 116/545 完成 (3.3s) "你为什么送我一辆新捷豹还不要回报 就当作是陌生人"
  [合成] 117/545 完成 (7.3s) "你怎么教我儿子往家里带了个流浪汉 我有条重要的新"
  [合成] 118/545 完成 (6.6s) "-给另外三个人帮三个大忙 一你好 你不能强迫两个"
  [合成] 119/545 完成 (6.5s) "你想进来坐坐吗再呆一会吗 一这样会搞复杂的 一进"
  [合成] 120/545 完成 (1.8s) "别跟我装你有多抱歉"
  [合成] 121/545 完成 (2.8s) "或许你太害怕被拒绝 但我不会拒绝你 因为我没有你"
  [合成] 122/545 完成 (1.6s) "你还会继续把爱传出去吗"
  [合成] 123/545 完成 (1.9s) "再给她一次机会吧 看在我的份上"
  [合成] 124/545 完成 (3.2s) "你难道要穿这个 不我想穿那条绿裙子 一你确定吗 "
  [合成] 125/545 完成 (3.7s) "将爱传出去运动已经到达了洛山矶 少跟我来这套这也"
  [合成] 126/545 完成 (3.1s) "如果我们不能改变世界你就挂我们科 没准你会得个C"
  [合成] 127/545 完成 (1.2s) "影响三个人"
  [合成] 128/545 完成 (3.2s) "他们每个人又会影响三个人 如此循环20次 你的行"
  [合成] 129/545 完成 (2.2s) "第三个前提 内因与外因 很多研究表明"
  [合成] 130/545 完成 (2.4s) "光凭外因很难改变人的幸福感"
  [合成] 131/545 完成 (3.9s) "而主观精神健康研究一一 这是心理学家对幸福感的称"
  [合成] 132/545 完成 (5.1s) "直到最近这类研究大多都是通过 问卷调查的形式来进"
  [合成] 133/545 完成 (3.3s) "因为这个课题很主观 换句话说 衡量的内容到底客观"
  [合成] 134/545 完成 (4.0s) "其实近几年来越来越多的心理学家 倾向利用脑部断层"
  [合成] 135/545 完成 (1.7s) "脑电图扫描等其它医学手段"
  [合成] 136/545 完成 (3.7s) "他们的研究结果很有趣 在这些所谓“客观的衡量结果"
  [合成] 137/545 完成 (4.0s) "比如在脑扫描脑电图 核磁共振 生理学测量等方法 "
  [合成] 138/545 完成 (2.7s) "即关于他们幸福感的主观评价之间"
  [合成] 139/545 完成 (7.2s) "对应度非常高 于是多年来的研究结果得到多方的证实"
  [合成] 140/545 完成 (5.1s) "我现在讲的一个研究内容 有一部分是通过脑扫描实现"
  [合成] 141/545 完成 (3.0s) "关于研究实现方法的问题 我们在学习冥想现象的时候"
  [合成] 142/545 完成 (3.4s) "里奇 戴维森等人对实验对象脑部的扫描 说明八周的"
  [合成] 143/545 完成 (7.8s) "还有我们的约书亚 亚·格林 在研究与道德相关的课"
  [合成] 144/545 完成 (4.2s) "而很有意思的就是 这些研究证实了很多以前的研究 "
  [合成] 145/545 完成 (3.0s) "教心理学第一册的丹尼尔 尔·吉尔贝教授 做了预测"
  [合成] 146/545 完成 (3.6s) "下面就是 是一个他做的研究 他访问了一些教授 在"
  [合成] 147/545 完成 (4.8s) "他们有的将获得终身资格有的获不了 “如果你获得了"
  [合成] 148/545 完成 (4.7s) "教授们回答“我们会喜出望外 这是我多年努力工作的"
  [合成] 149/545 完成 (1.8s) "那你这种高兴的心态会持续多久呢"
  [合成] 150/545 完成 (1.5s) "回答是 当然是一辈子"
  [合成] 151/545 完成 (4.2s) "因为这是我们毕生努力奋斗的目标 如果成功了很多事"
  [合成] 152/545 完成 (3.7s) "可以不必单为了生存而发表学术文章 我就能更好地享"
  [合成] 153/545 完成 (2.5s) "他又问 “如果你拿不到资格会怎么样 如果你的申请"
  [合成] 154/545 完成 (3.8s) "教授们回答 那我们会感到一败涂地 这是多年心血的"
  [合成] 155/545 完成 (2.1s) "或许要持续到在别的大学获得终身资格"
  [合成] 156/545 完成 (5.4s) "但就算是这样也不一定够 因为一旦被一所大学拒绝 "
  [合成] 157/545 完成 (3.7s) "一般来说总会被某所大学终身聘用 但这所大学的声望"
  [合成] 158/545 完成 (1.8s) "所以一败涂地的心情会持续很久"
  [合成] 159/545 完成 (2.6s) "吉尔贝再去拜访他们的时候 终身资格决定已经揭晓"
  [合成] 160/545 完成 (1.8s) "有些教授被录用 有些则没有"
  [合成] 161/545 完成 (1.3s) "“你们的心情如何"
  [合成] 162/545 完成 (1.7s) "喜出望外从来没有这么高兴过"
  [合成] 163/545 完成 (5.1s) "你们将高兴多久呢 一辈子都会为这件事高兴 当然 "
  [合成] 164/545 完成 (2.5s) "他们心情非常不好受 而且他们确信这种糟糕心情"
  [合成] 165/545 完成 (1.6s) "会持续很长时间"
  [合成] 166/545 完成 (2.3s) "然后他三个月之后又去拜访他们"
  [合成] 167/545 完成 (1.5s) "六个月之后再次拜访"
  [合成] 168/545 完成 (2.0s) "吉尔贝和他的同事们发现 几乎没有例外"
  [合成] 169/545 完成 (2.4s) "无论是得到终身资格还是没有得到的教授"
  [合成] 170/545 完成 (6.0s) "最后都回到了和之前一样的精神状态 如果他们之前是"
  [合成] 171/545 完成 (4.6s) "他们仍然觉得不幸福 当时看起来这样然后回归原先的"
  [合成] 172/545 完成 (3.1s) "他们对彩票得主也进行了同样的调查 赢得一千万美元"
  [合成] 173/545 完成 (2.4s) "这真的会让你感到更幸福吗 当然会 不过持续的时间"
  [合成] 174/545 完成 (2.7s) "西北大学的菲利普· 布里克曼做过该研究 仅仅过了"
  [合成] 175/545 完成 (1.9s) "中奖者的幸福感就回到了原先的状态"
  [合成] 176/545 完成 (2.2s) "那些遭遇过严重事故 而导致身体瘫痪的人"
  [合成] 177/545 完成 (8.3s) "基本上通常 我重申这些结果都是就平均值而言 这些"
  [合成] 178/545 完成 (3.6s) "如果他们之前就活得不幸福 一年之后之后还是会觉得"
  [合成] 179/545 完成 (2.2s) "剧烈的环境变化对于幸福程度的影响极小"
  [合成] 180/545 完成 (3.8s) "伊利诺伊大学教授艾德 狄纳 从上世纪七十年代至今"
  [合成] 181/545 完成 (8.0s) "他和几位专家包括诺贝尔奖得主 丹尼尔 3·卡纳曼"
  [合成] 182/545 完成 (2.3s) "就像彩票 对于我们的幸福水平影响甚微一样"
  [合成] 183/545 完成 (5.1s) "当然这里的财富状况并不是指那种 无家可归的人 一"
  [合成] 184/545 完成 (4.4s) "当然会使他或她觉得更幸福 在满足了基本需求后 一"
  [合成] 185/545 完成 (3.0s) "旦满足了这些需求 一 收入就不再对幸福水平产生什"
  [合成] 186/545 完成 (8.9s) "几代人都不会改变 我们这 这一代比我们父辈要富裕"
  [合成] 187/545 完成 (1.7s) "但我们并未变得更幸福"
  [合成] 188/545 完成 (3.9s) "这一现象是全球性的 无论是在中国 澳大利亚 英国"
  [合成] 189/545 完成 (4.2s) "幸福水平基本维持不变 与此同时焦虑和抑郁的水平 "
  [合成] 190/545 完成 (2.6s) "因此收入水平对幸福程度影响甚微"
  [合成] 191/545 完成 (3.1s) "概括说来外部环境引起的影响都很小 比如 想想你们"
  [合成] 192/545 完成 (3.7s) "你们即将要进入哈佛的时候 心里是什么样的感觉 你"
  [合成] 193/545 完成 (4.9s) "你们在四月一日 日或是十二月底 在信箱里受到写有"
  [合成] 194/545 完成 (1.7s) "很可能是你们一生中的亮点"
  [合成] 195/545 完成 (2.5s) "在那个时候如果你们的反应跟我一样 你会觉得 “我"
  [合成] 196/545 完成 (6.9s) "我之后的日子都将幸福无比 因为我在高中的时候拼命"
  [合成] 197/545 完成 (1.4s) "我考上哈佛了"
  [合成] 198/545 完成 (3.4s) "在第二天里你也会沉浸在这种幸福感中 因为学校里都"
  [合成] 199/545 完成 (1.5s) "感觉好极了 不是吗"
  [合成] 200/545 完成 (7.5s) "你在剩下的高三日子里都会觉得很开心 我是说虽然生"
  [合成] 201/545 完成 (4.6s) "你觉得这种感觉会伴随你一生 而当你刚到哈佛经过新"
  [合成] 202/545 完成 (2.9s) "因为你周围都是些很棒的人 日子也过得很开心 学校"
  [合成] 203/545 完成 (3.4s) "他们对哈佛的看法都是错误的 你说 他们对哈佛的看"
  [合成] 204/545 完成 (2.0s) "这实际上是个派对大学嘛"
  [合成] 205/545 完成 (5.0s) "你们对此都很有共鸣 是吧 而且这还不仅仅是 一个"
  [合成] 206/545 完成 (2.0s) "因为你们的人生被这封录取通知彻底改变"
  [合成] 207/545 完成 (5.3s) "从第一天上课起 事情就开始不对了 不过还没有彻底"
  [合成] 208/545 完成 (1.5s) "这甚至比去商场购物还要爽"
  [合成] 209/545 完成 (1.6s) "三千门课程任你挑选"
  [合成] 210/545 完成 (5.5s) "在哈佛的第二周也是十分美妙的 而这种感觉也会持续"
  [合成] 211/545 完成 (1.5s) "接下来风云突变"
  [合成] 212/545 完成 (1.5s) "一开始是缓慢的变化"
  [合成] 213/545 完成 (2.7s) "然后第一份论文的交稿日和期中考试"
  [合成] 214/545 完成 (1.7s) "纷至沓来情况急转直下"
  [合成] 215/545 完成 (3.4s) "你们的幸福感又回到了原来的水平 如果你们上中学时"
  [合成] 216/545 完成 (5.3s) "基本上 最好的预言家都会说 你进哈佛 佛一个月就"
  [合成] 217/545 完成 (1.9s) "外部环境对幸福感的影响非常小"
  [合成] 218/545 完成 (1.9s) "实际上居住地点的影响也非常小"
  [合成] 219/545 完成 (2.7s) "如果我搬到加州享受日光的沐浴 嗯 我就会过得更幸"
  [合成] 220/545 完成 (2.1s) "加州居民并不比麻省居民活得更幸福"
  [合成] 221/545 完成 (2.7s) "刚刚搬到一个温暖的地方时 我们感到放松幸福感会达"
  [合成] 222/545 完成 (2.6s) "不过它很快就又回到原先的水平了 过得和之前的我们"
  [合成] 223/545 完成 (5.4s) "说明得再深入一点 虽然目前没有相关研究来证实我的"
  [合成] 224/545 完成 (3.2s) "我们的幸福感并不会随着居住地点而变化 不管我们是"
  [合成] 225/545 完成 (2.2s) "这个结论离理论有点远 但它是正确的"
  [合成] 226/545 完成 (3.7s) "我喜欢这句自嘲的话 那就是 “其不自量力还不如待"
  [合成] 227/545 完成 (2.1s) "这么冷的天你们还来上课 了不起我 我很佩服你"
  [合成] 228/545 完成 (1.6s) "我们太娇生惯养了"
  [合成] 229/545 完成 (1.2s) "这没什么影响"
  [合成] 230/545 完成 (1.2s) "几乎没有影响"
  [合成] 231/545 完成 (4.1s) "我们身在何处 住在哪里 收入水平是否中过彩票 工"
  [合成] 232/545 完成 (2.9s) "高年级同学有没有找到心仪的工作 可能刚刚找到心仪"
  [合成] 233/545 完成 (4.4s) "这些时候你们的幸福指数会达到一个峰值 我确信在你"
  [合成] 234/545 完成 (1.8s) "不过很快又会回归原先的水平"
  [合成] 235/545 完成 (4.8s) "唯一能够影响我们幸福指数的外部因素是 我们是生活"
  [合成] 236/545 完成 (3.0s) "生活在民主社会的人们明显要比 生活在独裁统治下的"
  [合成] 237/545 完成 (4.0s) "以女性为例 生活在受压迫地区的女性 普遍没有生活"
  [合成] 238/545 完成 (3.0s) "生活在达尔富尔地区的人们肯定 没有生活在丹麦和美"
  [合成] 239/545 完成 (3.9s) "重申一下这些是能够影响幸福感的 一下这些是能够影"
  [合成] 240/545 完成 (3.0s) "如我之前所说对于一个无家可归之人 收入水平肯定会"
  [合成] 241/545 完成 (8.9s) "移民到民主自由的国家 也肯定会改变那些人的幸福指"
  [合成] 242/545 完成 (1.8s) "这既是个好消息也是个坏消息"
  [合成] 243/545 完成 (5.1s) "坏消息是似乎无论我们怎样做 都无关紧要 那我为什"
  [合成] 244/545 完成 (2.4s) "我干嘛还要为了进这里而头悬梁锥刺股呢"
  [合成] 245/545 完成 (2.3s) "如果一切都是浮云 总要经历起起落落"
  [合成] 246/545 完成 (3.1s) "对于这个问题我的回答是 对这些确实不会影响我们的"
  [合成] 247/545 完成 (2.6s) "然而 这并不意味着 我们就不能提升我们的幸福指数"
  [合成] 248/545 完成 (9.1s) "有很多人说 我们幸福不幸福这一问题的关键 我们幸"
  [合成] 249/545 完成 (3.0s) "如果我们降低我们的期望 就能降低压力级别从而生活"
  [合成] 250/545 完成 (7.2s) "好的 我不在乎我这门课得一个B 如果我不在乎课程"
  [合成] 251/545 完成 (1.6s) "我只想过得幸福一点"
  [合成] 252/545 完成 (4.5s) "你可能确实会觉得更幸福 降低期望的话可能确实会觉"
  [合成] 253/545 完成 (1.7s) "我们下周再探讨这个问题"
  [合成] 254/545 完成 (4.2s) "这不是长久之计"
  [合成] 255/545 完成 (2.2s) "问题并不在于我们的期望有多高 那并不重要"
  [合成] 256/545 完成 (1.9s) "问题在于我们的期望是否正确"
  [合成] 257/545 完成 (4.2s) "不是期望的高低 那并不会影响我们的幸福指数 能够"
  [合成] 258/545 完成 (4.5s) "错误的期望觉得 去某个特定的地方 获得升职 找到"
  [合成] 259/545 完成 (1.6s) "搬到加州或是海默堡"
  [合成] 260/545 完成 (2.3s) "这一过程本身并不会使我们过得更幸福"
  [合成] 261/545 完成 (2.5s) "这是错误的期望 正确的期望在于相信内心的变化"
  [合成] 262/545 完成 (1.9s) "因此这些事情并不会使我们更幸福"
  [合成] 263/545 完成 (4.5s) "实际上 我们感受幸福的意愿和可能性 主要取决于我"
  [合成] 264/545 完成 (2.0s) "关键在于改变我们的观念 精神状态"
  [合成] 265/545 完成 (3.3s) "在于改变我们看待这个世界的方式 看待身边事的方式"
  [合成] 266/545 完成 (2.4s) "在于我们选择去理解什么 我们选择去关注什么"
  [合成] 267/545 完成 (2.8s) "关键在于内心的转变 而不是关心外界的信息或是成败"
  [合成] 268/545 完成 (3.6s) "1504这整个课程 就是讲述怎样进行这样的转变 "
  [合成] 269/545 完成 (7.0s) "下面我想开始说明第四个前提 这是我们这门课中最重"
  [合成] 270/545 完成 (3.1s) "我们是否应该接受人类的天性 或者说我们能不能完善"
  [合成] 271/545 完成 (2.8s) "这项研究或者称之为设想 是基于托马斯 索维尔的研"
  [合成] 272/545 完成 (6.8s) "托马斯 折·索维尔是哈佛58届毕业生 托马斯 斤"
  [合成] 273/545 完成 (11.7s) "他所从事的研究基本上解释了 人们为何要选择一个特"
  [合成] 274/545 完成 (3.8s) "这本书使我对自身以及他人 有了更好的了解 包括政"
  [合成] 275/545 完成 (3.5s) "对政治感兴趣的同学 如果你们已经读过了马文·科林"
  [合成] 276/545 完成 (3.1s) "托马斯 斤·索维尔的观点是什么呢 概括地讲 他将"
  [合成] 277/545 完成 (3.2s) "一个阵营的人持”约束观 即"限制观 另一个阵营持"
  [合成] 278/545 完成 (2.3s) "即人性不受限制的观点 持"人性约束观"的人们"
  [合成] 279/545 完成 (2.5s) "认为人性无法改变 它是恒定的 我们有特定的本能"
  [合成] 280/545 完成 (2.4s) "我们有特定的偏好 它们是固定不变的 所见即所得"
  [合成] 281/545 完成 (4.6s) "作为一个物种 我们的天性 是与生俱来的 我们身上"
  [合成] 282/545 完成 (1.5s) "我们需要接受这个现实"
  [合成] 283/545 完成 (3.3s) "这是我们对待缺陷的唯一办法 持”人性约束观“的人"
  [合成] 284/545 完成 (1.9s) "我们的基本属性是恒定的公认的"
  [合成] 285/545 完成 (7.5s) "除了放弃以外化 他们可对其进行引导 除了放弃以外"
  [合成] 286/545 完成 (1.3s) "引向正途"
  [合成] 287/545 完成 (3.4s) "持"人性约束观"的哲学家和心理学家 创造了这样的"
  [合成] 288/545 完成 (1.8s) "开导我们的缺陷和人性的缺陷"
  [合成] 289/545 完成 (7.6s) "在思想史上有很多人持人性约束观 比如亚历山大·汉"
  [合成] 290/545 完成 (2.6s) "正在修或修过EC10的同学会有一定了解"
  [合成] 291/545 完成 (3.4s) "还有艾茵 兰德弗里德里希 希·哈耶克 ·兰德弗里"
  [合成] 292/545 完成 (3.7s) "这些人认为 我们的人性是受约束的 受限制的 埃德"
  [合成] 293/545 完成 (6.1s) "十五世纪的哲学家 弗朗西斯·培根 弗朗西斯 斤·"
  [合成] 294/545 完成 (2.8s) "要想征服自然 必须服从自然 无论是物性还是人性"
  [合成] 295/545 完成 (2.0s) "我们都必须服从 尊重客观事实"
  [合成] 296/545 完成 (1.6s) "我们再来看“非人性约束观"
  [合成] 297/545 完成 (2.7s) "也许你会更乐观一些 更理想化一些认为人性可以不断"
  [合成] 298/545 完成 (3.1s) "它可以被改变 事在人为人性可以得到完善"
  [合成] 299/545 完成 (2.3s) "我们认为人性的缺陷是可以避免的 我们可以完善人性"
  [合成] 300/545 完成 (2.5s) "我们能够搞定这些缺陷 和不完美的地方 而我们的作"
  [合成] 301/545 完成 (3.2s) "和不完美的地方而 而我们的作用 建立体制的目的 "
  [合成] 302/545 完成 (4.2s) "教育体制 还是凌驾于它们之上的 体系和组织 每个"
  [合成] 303/545 完成 (3.0s) "其作用就是改变我们的天性 完善它 改良它 完善它"
  [合成] 304/545 完成 (2.2s) "持这种立场的哲学家 如托马斯 杰斐逊"
  [合成] 305/545 完成 (9.5s) "让·牙 ·卢梭 雅克·卢梭 让·牙 乔治 萧伯纳"
  [合成] 306/545 完成 (6.8s) "托马斯 索维尔所做的 是描绘了一个完整的世界思想"
  [合成] 307/545 完成 (3.4s) "“非人性约束观"中最具代表性的观点 出自法国哲学"
  [合成] 308/545 完成 (2.1s) "认为自我完善是我们的使命召唤"
  [合成] 309/545 完成 (6.2s) "通常持"人性约束观"的人 不是全部但通常会 在政"
  [合成] 310/545 完成 (2.3s) "比如亚当·斯密 提出“看不见的手”的观点"
  [合成] 311/545 完成 (2.3s) "让我们将缺陷和不完美的人性引向正途"
  [合成] 312/545 完成 (3.8s) "持"啡人性约束观"的人 持"非人性约束观"的人 "
  [合成] 313/545 完成 (6.3s) "不会一直这样而是有时 因为如果我们主张改变人性 "
  [合成] 314/545 完成 (4.2s) "有人说 也许我们不希望如此但这是事实 我们无法改"
  [合成] 315/545 完成 (2.9s) "两种截然不同的观点 基于不同视角的两种截然相反的"
  [合成] 316/545 完成 (2.4s) "我为什么要讲这些呢 毕竟这不是 一门政治科学课"
  [合成] 317/545 完成 (2.9s) "那是因为这些道理同心理学"
  [合成] 318/545 完成 (1.5s) "是息息相关的"
  [合成] 319/545 完成 (4.3s) "我们对事物的认知 “人性约束域者啡人性约束? 都"
  [合成] 320/545 完成 (1.2s) "我来解释一下"
  [合成] 321/545 完成 (6.2s) "有些人在政治上持"人性约束观 而在心理上持"非人"
  [合成] 322/545 完成 (4.6s) "从心理观念来说 我们这门课宣扬的 是”人性约束观"
  [合成] 323/545 完成 (3.3s) "下个学期也是如此 来证明人性是不变的 我们是有取"
  [合成] 324/545 完成 (4.3s) "它或是上帝赋予的或是经过 几百万年的进化而形成的"
  [合成] 325/545 完成 (1.3s) "它是固定不变的"
  [合成] 326/545 完成 (3.7s) "无论好坏 我们都无法摆脱它们 在我们接受这个现实"
  [合成] 327/545 完成 (2.7s) "在理解它们之后 充分利用它 通过研究探寻和反思 "
  [合成] 328/545 完成 (2.5s) "然后充分利用之 我该怎样引导自己的人性呢"
  [合成] 329/545 完成 (2.1s) "我现在要讲一个案例 来诠释"人性约束观"
  [合成] 330/545 完成 (1.9s) "以及为什么"人性约束观 在心理学中"
  [合成] 331/545 完成 (2.6s) "对快乐幸福 和长期的成功如此重要"
  [合成] 332/545 完成 (1.7s) "我要讲的话题是“做一个凡人的权利”"
  [合成] 333/545 完成 (4.1s) "我选择这个话题有三个原因 首先 它描绘了托马斯 "
  [合成] 334/545 完成 (2.3s) "第二 我认为 它是幸福和快乐的重要支柱之"
  [合成] 335/545 完成 (2.4s) "第三个原因是 人们对积极心理学的认识 存在一定的"
  [合成] 336/545 完成 (6.1s) "当我刚开始教这门课的时候 有六个学生修这门课 记"
  [合成] 337/545 完成 (2.8s) "我能过来坐吗” 我说“行” 他对我说 泰勒 听说"
  [合成] 338/545 完成 (1.4s) "我说 “是的没错”"
  [合成] 339/545 完成 (1.7s) "他说 “我的室友们选了你的课"
  [合成] 340/545 完成 (2.3s) "我说“男 ‘那太好了 他们是六个人中的两个"
  [合成] 341/545 完成 (2.1s) "然后他说 泰勒你现在得小心"
  [合成] 342/545 完成 (1.5s) "我说 “为什么"
  [合成] 343/545 完成 (1.9s) "他说 “你一定得小心了” 我问 为什么啦"
  [合成] 344/545 完成 (2.1s) "他说 因为如果我看到你不高兴的话 就会告诉他们的"
  [合成] 345/545 完成 (5.2s) "第二天上课时 我通过这件事告诉学生们 我最不希望"
  [合成] 346/545 完成 (3.1s) "或者认为你们在一年后 这门课当时要修一年 会每时"
  [合成] 347/545 完成 (4.5s) "只有两种人 而从来不会有不良的感受比如愤怒 嫉妒"
  [合成] 348/545 完成 (2.7s) "或者抑郁焦虑等"
  [合成] 349/545 完成 (2.2s) "只有两种人不会有不良的感受 一种是心理变态的人"
  [合成] 350/545 完成 (4.1s) "他们不会有不良感受 理论上讲 他们不会有不良感受"
  [合成] 351/545 完成 (1.4s) "没错 以此可见"
  [合成] 352/545 完成 (1.7s) "如果你们有这些感受 那是好兆头"
  [合成] 353/545 完成 (1.7s) "你不是心理变态 而且活着"
  [合成] 354/545 完成 (4.8s) "但是在我们当今的文化中 但是 我们不给自己做 放"
  [合成] 355/545 完成 (4.3s) "我们为此付出了巨大的代价 拒绝承认这样一个现实即"
  [合成] 356/545 完成 (1.3s) "是无法改变的"
  [合成] 357/545 完成 (3.3s) "追溯到孩提时代 在我们个孩子婴 婴儿的时候 我们"
  [合成] 358/545 完成 (4.2s) "我们知道这是天生的 事实上孩子的情绪变化是很直观"
  [合成] 359/545 完成 (2.9s) "当我们开始在乎别人的看法时 而后 便不再把自己当"
  [合成] 360/545 完成 (2.4s) "我们开始意识到有人在关注我们 一直在给我们评价"
  [合成] 361/545 完成 (1.6s) "我们过于在乎他人的看法"
  [合成] 362/545 完成 (3.9s) "于是我们不再给予自身作为凡人的权利 我们将为此付"
  [合成] 363/545 完成 (1.5s) "快乐幸福感创造力"
  [合成] 364/545 完成 (1.7s) "最终会牵扯到我们的成就"
  [合成] 365/545 完成 (2.5s) "我给大家举一个人的例子 他允许自己做个凡人"
  [合成] 366/545 完成 (1.7s) "我不是说我们都应该变成这样"
  [合成] 367/545 完成 (9.5s) "我的意思是我们都需要给自己的生活 一份空间 一个"
  [合成] 368/545 完成 (2.2s) "还是面对最重要的自己 在写日记的时候"
  [合成] 369/545 完成 (1.7s) "我们的确允许自己 有哭有笑"
  [合成] 370/545 完成 (3.7s) "因为如果我们不这样做 我们将要付出代价 我们需要"
  [合成] 371/545 完成 (11.5s) "我得到过的最好的建议 或者说我们我妻子和我 得到"
  [合成] 372/545 完成 (5.4s) "大卫是在凌晨一点出生的 大概在早晨八点的时候 他"
  [合成] 373/545 完成 (3.2s) "一切都很好 当他离开房间的时候 他转过身 然后说"
  [合成] 374/545 完成 (2.7s) "接下来的几个月 你将体会到各种极端的情绪 而且毫"
  [合成] 375/545 完成 (2.0s) "不过没关系那很正常 我们都经历过”"
  [合成] 376/545 完成 (3.7s) "然后他走出去了 这是我和我妻子 在养育孩子这方面"
  [合成] 377/545 完成 (2.3s) "大约一个月之后 我开始时不时地嫉妒起大卫"
  [合成] 378/545 完成 (4.3s) "因为他出生之后 第一次我妻子比起关心我 还要关心"
  [合成] 379/545 完成 (3.1s) "我嫉妒他然后五分钟后 我又突然觉得对他充满强烈的"
  [合成] 380/545 完成 (1.7s) "这是我以前从来没有感受过的情绪"
  [合成] 381/545 完成 (1.9s) "平常我会觉得 “我真是个伪君子！"
  [合成] 382/545 完成 (1.3s) "好像哪里不对"
  [合成] 383/545 完成 (3.8s) "前一分钟你很嫉妒后一分钟你又很爱他 事实上没什么"
  [合成] 384/545 完成 (8.4s) "因为我脑中回想起夏皮洛医生说过的话 “允许自己做"
  [合成] 385/545 完成 (1.5s) "允许自己做凡人"
  [合成] 386/545 完成 (2.9s) "事实上这是一个论 我们的教授丹尼尔 瓦格纳 做了"
  [合成] 387/545 完成 (3.2s) "当我们压抑内心真实的情感时 这个情感只会变得更强"
  [合成] 388/545 完成 (2.5s) "接下来的十秒钟 不要想粉色的大象"
  [合成] 389/545 完成 (3.0s) "接下来十秒钟不要想粉色的大象 我说的就是那种 大"
  [合成] 390/545 完成 (2.6s) "接下来三秒内不要想粉色的大象 没有人想到粉色大象"
  [合成] 391/545 完成 (2.0s) "事实呢？ 多数人都想到了粉色大象"
  [合成] 392/545 完成 (3.1s) "因为当我们试图不让自己去想这些的时候 比方说一个"
  [合成] 393/545 完成 (4.5s) "它反而会加强 对于痛苦的情绪来说是一样的 当我们"
  [合成] 394/545 完成 (3.7s) "在听闻马文·科林斯的故事之后 我决定要做一名教师"
  [合成] 395/545 完成 (4.8s) "我知道我得解决这些问题 这个问题就是我很内向 我"
  [合成] 396/545 完成 (4.6s) "但我得解决这个问题 我知道我得解决它 所以在一群"
  [合成] 397/545 完成 (2.3s) "别紧张别紧张别紧张 然后呢 到处都是粉色大象"
  [合成] 398/545 完成 (3.4s) "在读过维克多·夷 弗兰克的 动机论之后 动机悖论"
  [合成] 399/545 完成 (1.9s) "我开始允许自已做个凡人"
  [合成] 400/545 完成 (2.6s) "现在我去讲课的时候紧张感一- 现在我去讲课的时候"
  [合成] 401/545 完成 (3.0s) "一一 因为我允许自己做个凡人-- 像课上漫长的三"
  [合成] 402/545 完成 (4.8s) "不过现在我可以控制它了 我每次上课前依然紧张 其"
  [合成] 403/545 完成 (1.4s) "我可以应付它了"
  [合成] 404/545 完成 (2.7s) "允许自己做个凡人 拒绝天性会导致表现不太理想"
  [合成] 405/545 完成 (8.8s) "不仅是内在情绪也包括外在的表现 不仅是内在情绪七"
  [合成] 406/545 完成 (2.9s) "我不接受万有引力定律” 万有引力很讨厌 我得从楼"
  [合成] 407/545 完成 (2.9s) "但早晨我只想漂到桑德斯楼去 然后漂去餐厅"
  [合成] 408/545 完成 (3.6s) "多么简单减了多少麻烦 想象一下过这种生活 你会真"
  [合成] 409/545 完成 (4.3s) "你的生活会变成什么样 首先你可能存活不了多久 如"
  [合成] 410/545 完成 (2.0s) "但即使你存活下来 比方说你住在一楼"
  [合成] 411/545 完成 (2.0s) "即是你能存活下来 你的生活会充满沮丧"
  [合成] 412/545 完成 (2.3s) "因为你拒绝接受不能改变的事物 不管你喜不喜欢"
  [合成] 413/545 完成 (3.9s) "相反地 我们接受万有引力定律 我们甚至通过万有引"
  [合成] 414/545 完成 (2.4s) "你们喜欢体育活动的 你们中绝大部分人 参与体育活"
  [合成] 415/545 完成 (2.0s) "出去跑跑步者 都是依靠万有引力定律"
  [合成] 416/545 完成 (1.6s) "你能不能想像哈佛和耶鲁"
  [合成] 417/545 完成 (2.2s) "在无重力状态下进行橄榄球对抗赛"
  [合成] 418/545 完成 (2.4s) "你能不能想象没有重力作用的篮球赛"
  [合成] 419/545 完成 (4.1s) "我不是指迈克尔· 只说一般人 乔丹 我不是指迈克"
  [合成] 420/545 完成 (3.3s) "我们接受重力而 而且基于它创造活动 我们接受重力"
  [合成] 421/545 完成 (2.3s) "但我们对待自己情感的时候却不是这样 重点出现了"
  [合成] 422/545 完成 (5.4s) "痛苦的情绪是人性的 勺一部分 痛苦的情绪是人性的"
  [合成] 423/545 完成 (1.8s) "我们必须服从天性的召唤"
  [合成] 424/545 完成 (3.5s) "航空工程师如果想要造 一架飞机 也得遵守考虑 学"
  [合成] 425/545 完成 (3.0s) "对于心理学家也一样 人性约束观"认为 我们必须服"
  [合成] 426/545 完成 (5.9s) "但是我们并不这么做 我们的文化并不是这样做的 我"
  [合成] 427/545 完成 (1.5s) "事实上我们并不太好"
  [合成] 428/545 完成 (3.7s) "我们应该说“我正在经历坎坷 我们应该说 兑“我正"
  [合成] 429/545 完成 (3.8s) "但我们不原承认 我们不允许自己做凡人 因为如果我"
  [合成] 430/545 完成 (2.0s) "然后别人都说 “很好很不错非常棒"
  [合成] 431/545 完成 (4.5s) "轮到别人问我们"你怎么样”的时候 我才不要做这里"
  [合成] 432/545 完成 (2.7s) "所以我也说“很好很不错” 然后我们就造就了这个美"
  [合成] 433/545 完成 (2.0s) "正是这个假象导致严重的抑郁"
  [合成] 434/545 完成 (2.5s) "是幸福感最终的流向 为什么这么多人感到抑郁"
  [合成] 435/545 完成 (1.9s) "全国大学校园百分之四十五的人"
  [合成] 436/545 完成 (2.9s) "不能够允许自己做凡人 我不是说要你们过于开诚布公"
  [合成] 437/545 完成 (3.0s) "当某人向我们走来 在杰姆斯楼的电梯里 问我们说“"
  [合成] 438/545 完成 (2.1s) "“谢谢关心 一切需从我三岁说起"
  [合成] 439/545 完成 (1.3s) "这不是我的意思"
  [合成] 440/545 完成 (5.6s) "在杰姆斯楼可能会遇到这种情况 因为那里的电梯 需"
  [合成] 441/545 完成 (2.4s) "我的意思是指一个空间 一个可以和最好的朋友"
  [合成] 442/545 完成 (3.3s) "家人还有自己相处的生活空间 在那个空间我们允许自"
  [合成] 443/545 完成 (1.4s) "我也不是指顺从"
  [合成] 444/545 完成 (4.2s) "完全不是顺从的意思 我感到抑郁但却什么也改变不了"
  [合成] 445/545 完成 (1.9s) "就这样了 我不是指这种顺从"
  [合成] 446/545 完成 (1.8s) "我是说主动接受"
  [合成] 447/545 完成 (4.5s) "什么意思呢 意思就是要理解 有一些事我无法改变 "
  [合成] 448/545 完成 (3.6s) "我们接下来要讲的要点就是有区别的接受 在分析”改"
  [合成] 449/545 完成 (1.6s) "情感行为和认知的差别"
  [合成] 450/545 完成 (5.7s) "心理学中的A B 心理学中的ABC 情感即情绪行"
  [合成] 451/545 完成 (2.7s) "对人性无条件的接受与认同 和我们的感情与情绪密切"
  [合成] 452/545 完成 (1.9s) "它们存在着就像万有引力定律"
  [合成] 453/545 完成 (3.3s) "这不意味着 我们要接受自己所有的行为和认知 举个"
  [合成] 454/545 完成 (2.1s) "但这种情感没有让我变成一个坏人"
  [合成] 455/545 完成 (1.2s) "那是人的本性"
  [合成] 456/545 完成 (2.0s) "嫉妒是人性的一部分 嫉妒无所谓好坏之分"
  [合成] 457/545 完成 (1.5s) "愤怒无所谓好坏之分"
  [合成] 458/545 完成 (1.9s) "沮丧和焦虑也无所谓好坏之分"
  [合成] 459/545 完成 (1.7s) "这些都是人性的一部分"
  [合成] 460/545 完成 (2.4s) "然而问题在于 我用什么态度对待和表达这些情感"
  [合成] 461/545 完成 (4.0s) "就与道德领域相关了 我可以选择道德或者不道德的方"
  [合成] 462/545 完成 (3.3s) "我可以继续嫉妒自己最好的朋友 但同时选择用宽厚仁"
  [合成] 463/545 完成 (3.4s) "认知也是同样的道理 当我们谈到行为认知疗法时再细"
  [合成] 464/545 完成 (2.6s) "我会有某种负面情感 我必须向由这种情感产生的想法"
  [合成] 465/545 完成 (3.2s) "沉思是我今后会重点谈到的话题之 事实上沉思对情感"
  [合成] 466/545 完成 (8.7s) "你不如把这些伤痛写下来 或者开心扉和他人谈谈 这"
  [合成] 467/545 完成 (1.7s) "所以苦思冥想没多少作用"
  [合成] 468/545 完成 (5.2s) "我也没有必要接受自己所有不理智的想法 我们下周还"
  [合成] 469/545 完成 (2.7s) "但是情绪情感既情绪 我们所要做的是真诚地面对现实"
  [合成] 470/545 完成 (1.6s) "这也是这门课程的主题之"
  [合成] 471/545 完成 (2.5s) "其实从许多方面看 这门课不应该被叫做积极心理学"
  [合成] 472/545 完成 (2.6s) "我在你们已经选完这门课后才讲这个话 想退出也晚了"
  [合成] 473/545 完成 (1.8s) "这门课实际不属于“积极心理学”的范畴"
  [合成] 474/545 完成 (1.6s) "而是“现实心理学"
  [合成] 475/545 完成 (4.1s) "因为积极心理学也许意味着 我们只能聚焦于积极心理"
  [合成] 476/545 完成 (3.1s) "而在这门课我们所要做的是平衡这两者 我们追求的是"
  [合成] 477/545 完成 (3.3s) "而不是21比1的悬殊差距 我们要走得更远 在专注"
  [合成] 478/545 完成 (4.2s) "要认识到痛苦的情绪和欢乐的情绪 在人性中所占的比"
  [合成] 479/545 完成 (5.1s) "但这不意味着在1504这门课结束时 或者你修完别"
  [合成] 480/545 完成 (3.2s) "你就不再拥有痛苦的情绪 而是说你的心理免疫系统增"
  [合成] 481/545 完成 (1.6s) "希望在这学期结束之前"
  [合成] 482/545 完成 (4.5s) "你们的心理免疫系统已经变强 不是说那样我们就不会"
  [合成] 483/545 完成 (3.5s) "极乐的人与极悲的人的区别 不在于一个会悲伤沮丧或"
  [合成] 484/545 完成 (1.4s) "两种人都会"
  [合成] 485/545 完成 (5.2s) "不同之处在于我们能多快地 从痛苦的情绪中解脱出来"
  [合成] 486/545 完成 (3.3s) "当我们允许自己做凡人时 当我们允许自已做凡人时 "
  [合成] 487/545 完成 (3.4s) "许多同学可能读过或者见过这段话 但我还是觉得用它"
  [合成] 488/545 完成 (2.1s) "这段话也成为了AA运动的官方口号："
  [合成] 489/545 完成 (5.9s) "主请赐予我平静 以接受不能改变之事 赐予我勇气以"
  [合成] 490/545 完成 (5.4s) "这学期你们能从学习 幸运的是 这学期你们能从学习"
  [合成] 491/545 完成 (1.5s) "现在我想给大家做个练习"
  [合成] 492/545 完成 (2.9s) "我想让大家做一次集体静坐冥想 不只是停留在对学术"
  [合成] 493/545 完成 (2.8s) "同时也深入体验内在情感的层次 允许自已做个凡人的"
  [合成] 494/545 完成 (4.0s) "要是有同学感觉不自在 不强迫你们参与 觉得没什么"
  [合成] 495/545 完成 (2.5s) "如果你从未冥想过这个问题 这可是你进行第一次尝试"
  [合成] 496/545 完成 (2.5s) "有个要求得强调 周一下 如果你不愿意参与其中 请"
  [合成] 497/545 完成 (1.6s) "不过我还是强烈建议你加入我们"
  [合成] 498/545 完成 (2.1s) "现在我要邀请大家进入无条件接受的境界"
  [合成] 499/545 完成 (1.7s) "在座位上尽可能坐直"
  [合成] 500/545 完成 (1.7s) "然后把背靠在椅背上放松"
  [合成] 501/545 完成 (1.4s) "两脚舒展放在地上"
  [合成] 502/545 完成 (1.6s) "调整好姿势 闭上双眼"
  [合成] 503/545 完成 (1.3s) "转移注意力的重心"
  [合成] 504/545 完成 (1.7s) "将注意力从思想转移到呼吸上"
  [合成] 505/545 完成 (1.5s) "把气深吸入丹田 然后呼出"
  [合成] 506/545 完成 (2.2s) "再深吸一口气 然后缓慢轻柔地呼出"
  [合成] 507/545 完成 (1.4s) "安静地重复呼吸"
  [合成] 508/545 完成 (2.2s) "三三 如果你走神了 只需将注意力带回到呼吸上"
  [合成] 509/545 完成 (1.4s) "深入缓慢地吸气"
  [合成] 510/545 完成 (3.7s) "深缓 安静地呼气 平稳 深缓 平稳 安静地呼气 "
  [合成] 511/545 完成 (1.5s) "大部分人呼吸得还不够深"
  [合成] 512/545 完成 (8.0s) "我们总是无暇赞美自己的呼吸 自己的精神 自己的存"
  [合成] 513/545 完成 (2.4s) "在深呼吸的同时 将注意力的重心转移到你的情绪上"
  [合成] 514/545 完成 (1.7s) "进展怎样？ 感觉如何？"
  [合成] 515/545 完成 (1.8s) "把注意力集中在情绪上"
  [合成] 516/545 完成 (3.9s) "无论是什么情绪 无论你感觉到什么 无论是什么情绪"
  [合成] 517/545 完成 (3.6s) "感受自己的情绪不 不管是好是坏 感受自己的情绪不"
  [合成] 518/545 完成 (2.7s) "下一刻又有了别的情绪 这没关系 不管什么情绪 都"
  [合成] 519/545 完成 (3.3s) "允许自己做凡人 一切都没关系 呼吸就好 继续注意"
  [合成] 520/545 完成 (1.8s) "无论是平静或幸福"
  [合成] 521/545 完成 (6.7s) "无论是焦虑 厌倦或喜悦 疑惑 无论是焦虑 疑惑 "
  [合成] 522/545 完成 (2.8s) "然后缓慢平稳地呼出 让你的情绪随呼吸一起流动"
  [合成] 523/545 完成 (2.1s) "在你深呼吸的同时 想象着 你走出了教室"
  [合成] 524/545 完成 (1.8s) "伴随着你感受到的情绪走进庭院"
  [合成] 525/545 完成 (3.3s) "你所有的情绪都是真实的， 正常的 是人性的一部分"
  [合成] 526/545 完成 (2.7s) "当你行走于教学楼和树丛之间 一 当你看见自己的朋"
  [合成] 527/545 完成 (2.8s) "继续让你的情绪自由而轻盈地流动着 通过感受这些情"
  [合成] 528/545 完成 (2.1s) "无论起伏与否 你所做的是让自己成为一个人类"
  [合成] 529/545 完成 (3.3s) "让自己的呼吸和情绪继续流动 自然流露 如果你曾允"
  [合成] 530/545 完成 (2.1s) "正在允许自己做凡人的话又感觉如何"
  [合成] 531/545 完成 (1.1s) "继续想象"
  [合成] 532/545 完成 (1.7s) "生活变得如此轻松 如此简单"
  [合成] 533/545 完成 (2.9s) "我们不试图与自己的人性抗争 我们接受它 我们接受"
  [合成] 534/545 完成 (1.4s) "深入缓慢地吸气"
  [合成] 535/545 完成 (1.4s) "轻柔缓慢地呼气"
  [合成] 536/545 完成 (1.4s) "安静地深呼吸几次"
  [合成] 537/545 完成 (2.4s) "拥抱这份平稳和沉静 拥抱自己和自己的情绪"
  [合成] 538/545 完成 (2.2s) "博咖 三 小 一次呼气的时候 在下一"
  [合成] 539/545 完成 (3.3s) "轻柔缓慢地呼气 然后睁开眼睛 如果坐在你旁边的人"
  [合成] 540/545 完成 (2.2s) "想象一下 想象 象一下 你将会体验怎样的生活"
  [合成] 541/545 完成 (3.9s) "如果你真正地真 真诚地 如果你真正地真诚地 允许"
  [合成] 542/545 完成 (1.6s) "这是健康生活的支柱之"
  [合成] 543/545 完成 (1.7s) "无论是心理上还是生理上"
  [合成] 544/545 完成 (1.1s) "试一试"
  [合成] 545/545 完成 (3.9s) "每天都提醒自己一两次 要允许自己做凡人 也同样允"
