[2026-07-29 10:41:51] ============================================================
[2026-07-29 10:41:51] 批量生成开始：第3-23集（共21集）
[2026-07-29 10:41:51] 方案：RapidOCR + GPT-SoVITS(speed=0.92) + 跳过复核
[2026-07-29 10:41:51] 预计单集约2小时，总计约42小时
[2026-07-29 10:41:51] ============================================================
[2026-07-29 10:41:51] 
[1/21] 第3集
[2026-07-29 10:41:51]   启动: D:\work\wzx\work\headless-dub\.venv-ocr\Scripts\python.exe -u dub_pipeline.py --input D:\work\wzx\outputs\harvard-positive-psychology\原版视频\03 - 【哈佛大学】积极心理学 Talben Shahar（全23讲） p03 第3讲 幸福是一种随机现象吗.mp4 --full...
[2026-07-29 11:32:08]   ✗ 失败 (exit=4294967295, 50分钟)
[2026-07-29 11:32:08]     stderr尾部: [A] 采用 682 条 Whisper 锚点作为字幕时间戳...

[A] 完成：682 条字幕事件
[B] 用 rapidocr 识别 682 条字幕...

[B] 50/682
[B] 100/682
[B] 150/682
[B] 200/682
[B] 250/682
[B] 300/682
[B] 350/682
[B] 400/682
[2026-07-29 11:32:08] 
[2/21] 第4集
[2026-07-29 11:32:08]   启动: D:\work\wzx\work\headless-dub\.venv-ocr\Scripts\python.exe -u dub_pipeline.py --input D:\work\wzx\outputs\harvard-positive-psychology\原版视频\04 - 【哈佛大学】积极心理学 Talben Shahar（全23讲） p04 第4集 积极的环境能改变人.mp4 --full...
[2026-07-29 18:34:07] ============================================================
[2026-07-29 18:34:07] 批量生成开始：第3-23集（共21集）
[2026-07-29 18:34:07] 方案：RapidOCR + GPT-SoVITS(speed=0.92) + 跳过复核
[2026-07-29 18:34:07] 预计单集约2小时，总计约42小时
[2026-07-29 18:34:07] ============================================================
[2026-07-29 18:34:07] 
[1/21] 第3集
[2026-07-29 18:34:07]   启动: D:\work\wzx\work\headless-dub\.venv-ocr\Scripts\python.exe -u dub_pipeline.py --input D:\work\wzx\outputs\harvard-positive-psychology\原版视频\03 - 【哈佛大学】积极心理学 Talben Shahar（全23讲） p03 第3讲 幸福是一种随机现象吗.mp4 --full...
[2026-07-29 19:41:14]   ✓ 完成 (67分钟) → episode-03-delivery
[2026-07-29 19:41:14] 
[2/21] 第4集
[2026-07-29 19:41:14]   启动: D:\work\wzx\work\headless-dub\.venv-ocr\Scripts\python.exe -u dub_pipeline.py --input D:\work\wzx\outputs\harvard-positive-psychology\原版视频\04 - 【哈佛大学】积极心理学 Talben Shahar（全23讲） p04 第4集 积极的环境能改变人.mp4 --full...
[2026-07-29 21:22:58]   ✓ 完成 (102分钟) → episode-04-delivery
[2026-07-29 21:22:58] 
[3/21] 第5集
[2026-07-29 21:22:58]   启动: D:\work\wzx\work\headless-dub\.venv-ocr\Scripts\python.exe -u dub_pipeline.py --input D:\work\wzx\outputs\harvard-positive-psychology\原版视频\05 - 【哈佛大学】积极心理学 Talben Shahar（全23讲） p05 第5集 环境的力量.mp4 --full...
[2026-07-29 23:14:12]   ✓ 完成 (111分钟) → episode-05-delivery
[2026-07-29 23:14:12] 
[4/21] 第6集
[2026-07-29 23:14:12]   启动: D:\work\wzx\work\headless-dub\.venv-ocr\Scripts\python.exe -u dub_pipeline.py --input D:\work\wzx\outputs\harvard-positive-psychology\原版视频\06 - 【哈佛大学】积极心理学 Talben Shahar（全23讲） p06 第6讲 乐观主义.mp4 --full...
[2026-07-30 00:59:37]   ✓ 完成 (105分钟) → episode-06-delivery
[2026-07-30 00:59:37] 
[5/21] 第7集
[2026-07-30 00:59:37]   启动: D:\work\wzx\work\headless-dub\.venv-ocr\Scripts\python.exe -u dub_pipeline.py --input D:\work\wzx\outputs\harvard-positive-psychology\原版视频\07 - 【哈佛大学】积极心理学 Talben Shahar（全23讲） p07 第7讲 逆境还是机遇.mp4 --full...
[2026-07-30 02:42:11]   ✓ 完成 (103分钟) → episode-07-delivery
[2026-07-30 02:42:11] 
[6/21] 第8集
[2026-07-30 02:42:11]   启动: D:\work\wzx\work\headless-dub\.venv-ocr\Scripts\python.exe -u dub_pipeline.py --input D:\work\wzx\outputs\harvard-positive-psychology\原版视频\08 - 【哈佛大学】积极心理学 Talben Shahar（全23讲） p08 第8讲 感激.mp4 --full...
[2026-07-30 04:31:55]   ✓ 完成 (110分钟) → episode-08-delivery
[2026-07-30 04:31:55] 
[7/21] 第9集
[2026-07-30 04:31:55]   启动: D:\work\wzx\work\headless-dub\.venv-ocr\Scripts\python.exe -u dub_pipeline.py --input D:\work\wzx\outputs\harvard-positive-psychology\原版视频\09 - 【哈佛大学】积极心理学 Talben Shahar（全23讲） p09 第9讲 积极情绪.mp4 --full...
[2026-07-30 06:16:44]   ✓ 完成 (105分钟) → episode-09-delivery
[2026-07-30 06:16:44] 
[8/21] 第10集
[2026-07-30 06:16:44]   启动: D:\work\wzx\work\headless-dub\.venv-ocr\Scripts\python.exe -u dub_pipeline.py --input D:\work\wzx\outputs\harvard-positive-psychology\原版视频\10 - 【哈佛大学】积极心理学 Talben Shahar（全23讲） p10 第10讲 如何去改变.mp4 --full...
[2026-07-30 08:01:41]   ✓ 完成 (105分钟) → episode-10-delivery
[2026-07-30 08:01:41] 
[9/21] 第11集
[2026-07-30 08:01:41]   启动: D:\work\wzx\work\headless-dub\.venv-ocr\Scripts\python.exe -u dub_pipeline.py --input D:\work\wzx\outputs\harvard-positive-psychology\原版视频\11 - 【哈佛大学】积极心理学 Talben Shahar（全23讲） p11 第11集 养成良好习惯.mp4 --full...
[2026-07-30 09:55:16]   ✓ 完成 (114分钟) → episode-11-delivery
[2026-07-30 09:55:16] 
[10/21] 第12集
[2026-07-30 09:55:16]   启动: D:\work\wzx\work\headless-dub\.venv-ocr\Scripts\python.exe -u dub_pipeline.py --input D:\work\wzx\outputs\harvard-positive-psychology\原版视频\12 - 【哈佛大学】积极心理学 Talben Shahar（全23讲） p12 第13讲 面对压力.mp4 --full...
