[2026-07-29 10:41:51] ============================================================
[2026-07-29 10:41:51] 批量生成开始：第3-23集（共21集）
[2026-07-29 10:41:51] 方案：RapidOCR + GPT-SoVITS(speed=0.92) + 跳过复核
[2026-07-29 10:41:51] 预计单集约2小时，总计约42小时
[2026-07-29 10:41:51] ============================================================
[2026-07-29 10:41:51] 
[1/21] 第3集
[2026-07-29 10:41:51]   启动: D:\work\wzx\work\headless-dub\.venv-ocr\Scripts\python.exe -u dub_pipeline.py --input D:\work\wzx\outputs\harvard-positive-psychology\原版视频\03 - 【哈佛大学】积极心理学 Talben Shahar（全23讲） p03 第3讲 幸福是一种随机现象吗.mp4 --full...
[2026-07-29 11:32:08]   ✗ 失败 (exit=4294967295, 50分钟)
[2026-07-29 11:32:08]     stderr尾部: [A] 采用 682 条 Whisper 锚点作为字幕时间戳...

[A] 完成：682 条字幕事件
[B] 用 rapidocr 识别 682 条字幕...

[B] 50/682
[B] 100/682
[B] 150/682
[B] 200/682
[B] 250/682
[B] 300/682
[B] 350/682
[B] 400/682
[2026-07-29 11:32:08] 
[2/21] 第4集
[2026-07-29 11:32:08]   启动: D:\work\wzx\work\headless-dub\.venv-ocr\Scripts\python.exe -u dub_pipeline.py --input D:\work\wzx\outputs\harvard-positive-psychology\原版视频\04 - 【哈佛大学】积极心理学 Talben Shahar（全23讲） p04 第4集 积极的环境能改变人.mp4 --full...
