[A] 采用 621 条 Whisper 锚点作为字幕时间戳...

[A] 完成：621 条字幕事件
[B] 用 rapidocr 识别 621 条字幕...

[B] 50/621
[B] 100/621
[B] 150/621
[B] 200/621
[B] 250/621
[B] 300/621
[B] 350/621
[B] 400/621
[B] 450/621
[B] 500/621
[B] 550/621
[B] 600/621
[B] 621/621
[B] 完成
[C] 输出 621 条字幕：episode-06.source.zh-CN-ocr.srt
[gpt-sovits] 服务已在运行：http://127.0.0.1:9880
  [合成] 1/610 完成 (1.8s) "我想大家上周末都过得不错吧"
  [合成] 2/610 完成 (4.1s) "我们直接开门见山直入正题吧 我们直接开门见山直 "
  [合成] 3/610 完成 (3.9s) "我们讨论到 信仰是如何转变成自证语言的 以及我们"
  [合成] 4/610 完成 (2.2s) "这些信任又是如何变成现实的"
  [合成] 5/610 完成 (10.7s) "我们也谈到社会心理学实际上是经由 某些重要实验建"
  [合成] 6/610 完成 (3.2s) "结果他们入戏太深 结果导致这项计划进行两周的实验"
  [合成] 7/610 完成 (4.2s) "于是我们要问 好吧 我们知道了情境的力量很强大?"
  [合成] 8/610 完成 (2.3s) "我们能不能也创造一种积极情境 来培养最优秀的人呢"
  [合成] 9/610 完成 (2.5s) "答案是肯定的 当我们谈到兰格教授 她进行了一项研"
  [合成] 10/610 完成 (2.9s) "把一群老年人放到某种情境中 在这个情境里 他们以"
  [合成] 11/610 完成 (2.5s) "结果他们智力 视力和听力水平 都恢复到了二十年前"
  [合成] 12/610 完成 (2.3s) "他们手指的骨间距变长了 这正是年轻的表现之一"
  [合成] 13/610 完成 (5.3s) "不管是他们自己还是外人 都觉得他们变得更年青力壮"
  [合成] 14/610 完成 (1.6s) "这就是积极情境的力量"
  [合成] 15/610 完成 (3.1s) "然后她做了另一项研究那些参加视力测试的人 把他们"
  [合成] 16/610 完成 (2.2s) "仅仅是因为情境改变了 他们的视力测试成绩也提高了"
  [合成] 17/610 完成 (2.4s) "然后我们接着往下讲 在上节课结束时讲到了"暗示"
  [合成] 18/610 完成 (1.9s) "“暗示"可以是有意的 也可以是无意的"
  [合成] 19/610 完成 (3.6s) "这就像在我们脑海里有意无意地 种下一粒种子 一种"
  [合成] 20/610 完成 (1.9s) "以及这种意念将会如何影响我们的行为"
  [合成] 21/610 完成 (2.9s) "巴奇在纽约大学的时候做过一项研究 如果大家还记得"
  [合成] 22/610 完成 (2.2s) "譬如“皱纹 臂如“皱纹 譬如“佛罗里达"等词汇"
  [合成] 23/610 完成 (2.3s) "这种暗示作用导致 那些参与研究的人 走路更缓慢"
  [合成] 24/610 完成 (7.0s) "弯腰驼背也更严重 这是由于那些接受测试的人 并不"
  [合成] 25/610 完成 (3.8s) "还是受到与"老"有关的词语暗示 所以仅仅通过暗示"
  [合成] 26/610 完成 (1.8s) "这就是情境的力量也是环境的力量"
  [合成] 27/610 完成 (5.0s) "然后巴奇作了更进一步的研究说道 “很好那我们再试"
  [合成] 28/610 完成 (1.6s) "我得找一些类似"成就"的近义词"
  [合成] 29/610 完成 (5.2s) "而这些受到这些词语暗示的人 在接受智商和记忆力测"
  [合成] 30/610 完成 (2.5s) "两位荷兰研究者 狄克斯特霍伊斯以及尼科伯格"
  [合成] 31/610 完成 (4.1s) "研究发现 他们找人来到实验室 要求他们不是为了本"
  [合成] 32/610 完成 (2.0s) "一个足球流氓 一位秘书和一名教授"
  [合成] 33/610 完成 (4.1s) "描述这三种典型 他们告诉这些人 这是在为下次实验"
  [合成] 34/610 完成 (2.5s) "他们并不知道自己在描述这三类人的同时 已经受到了"
  [合成] 35/610 完成 (3.8s) "他们受到"足球流氓 秘书 或是"教授“等词语的暗"
  [合成] 36/610 完成 (3.6s) "以及记忆力测试 那些描述了足球流氓日常生活的人 "
  [合成] 37/610 完成 (2.5s) "其次是描述秘书的人 表现最好的是那些描述教授生活"
  [合成] 38/610 完成 (1.7s) "他们以前都未寒窗苦读过"
  [合成] 39/610 完成 (2.9s) "除了暗示 除了环境在他们内心 注入的某种默示之外"
  [合成] 40/610 完成 (3.6s) "于是问题来了手 我们该如何为自己 于是问题来了 "
  [合成] 41/610 完成 (3.0s) "以此让我们受到积极性的暗示 以此使我们变得更幸福"
  [合成] 42/610 完成 (4.6s) "方法有很多种 我来给你们说几个吧 其实这是你们这"
  [合成] 43/610 完成 (3.2s) "你可以欣赏你爱的人或者场所的照片 做这种事的关键"
  [合成] 44/610 完成 (1.8s) "所以你潜意识里是能看见他们的"
  [合成] 45/610 完成 (4.0s) "人们在潜意识层面受到暗示时 即便你看不见例如"成"
  [合成] 46/610 完成 (1.8s) "虽然看不清但它你的大脑接收到了"
  [合成] 47/610 完成 (3.1s) "所以即使有一幅画 而你"没办法真正感知这幅画 它"
  [合成] 48/610 完成 (3.7s) "所以欣赏你爱的人的照片吧 欣赏美好的事物 无论是"
  [合成] 49/610 完成 (4.4s) "在我家和办公室的墙上 摆放着我我最喜欢的艺术家 "
  [合成] 50/610 完成 (1.5s) "我给它们投保了所 所以不要紧"
  [合成] 51/610 完成 (4.3s) "我给它们投保了月 所以不要紧 这是某位正处于事业"
  [合成] 52/610 完成 (2.3s) "你们可以看到强有力的笔画 热情奔放 构思严密"
  [合成] 53/610 完成 (2.1s) "我这里还有这位艺术家 在事业第二阶段创作的作品"
  [合成] 54/610 完成 (4.3s) "从这幅画里你们可以看出 印象派对他画风的影响 但"
  [合成] 55/610 完成 (1.5s) "我还挂了另一些画在墙上"
  [合成] 56/610 完成 (1.8s) "这是位新兴艺术家 我要把她介绍给你们"
  [合成] 57/610 完成 (3.2s) "她还没有达到第二阶段 因为她只有一岁 这是她和妈"
  [合成] 58/610 完成 (5.8s) "但是 我把它们挂在我的墙上 它们每天都在提醒我 "
  [合成] 59/610 完成 (2.5s) "我这里还有些不知名的艺术家创作的作品 我把它们也"
  [合成] 60/610 完成 (1.5s) "这是一你们可能没听说过"
  [合成] 61/610 完成 (1.9s) "这是罗丹的作品 思想者"
  [合成] 62/610 完成 (3.9s) "我墙上也挂了这件作品 这是我最喜欢的雕塑 我还有"
  [合成] 63/610 完成 (1.7s) "还有别的东西 让我的生命充满意义"
  [合成] 64/610 完成 (2.3s) "有些同学知道 这是罗丹的 《吻 这是罗丹的 有些"
  [合成] 65/610 完成 (2.7s) "在墙上放置这些东西 能创造一种让你觉得温暖 让你"
  [合成] 66/610 完成 (2.0s) "还有名人名言 你们知道我很喜欢名言"
  [合成] 67/610 完成 (2.7s) "我知道你们也有人很喜欢 有的同学会给我发些你们最"
  [合成] 68/610 完成 (2.2s) "我墙上有一列名言 即使我没在看它们我也会想起它们"
  [合成] 69/610 完成 (3.1s) "举个例子 我看看我有没有带来 举个例子我 我看看"
  [合成] 70/610 完成 (6.1s) "这一句是约翰 昆西· 亚当斯说的 这一句是约翰 "
  [合成] 71/610 完成 (3.8s) "顺便提 片』 巴奇就是这么做的 顺便提一下 巴奇"
  [合成] 72/610 完成 (5.8s) "乔治.艾略特或者说玛丽.安.伊万斯 是我最喜欢的"
  [合成] 73/610 完成 (3.6s) "我会讲到完美主义 这个主题非常重要 因为对我来说"
  [合成] 74/610 完成 (1.4s) "她可以说是我的楷模"
  [合成] 75/610 完成 (3.6s) "加缪说过 在隆冬季节我终于意识到 我心中的夏季不"
  [合成] 76/610 完成 (4.1s) "亨利 戴维 梭罗说过 一个人若能胸有成竹地朝梦想"
  [合成] 77/610 完成 (4.1s) "他就会在将来获得意想不到的成功 我也同样把这些挂"
  [合成] 78/610 完成 (2.2s) "它们暗示我 提醒我 为我创造着积极的环境"
  [合成] 79/610 完成 (5.0s) "我们下一环节将要讨论艺术及其重要性 读你们手边最"
  [合成] 80/610 完成 (3.1s) "不要光听背景音乐听 听些励志音乐 不管是摇滚乐还"
  [合成] 81/610 完成 (1.5s) "看一场励志类的电影"
  [合成] 82/610 完成 (4.2s) "这些事情都能帮助你创造 造一个积极的环境 这些事"
  [合成] 83/610 完成 (2.6s) "很多事都是在潜意识层面完成的 这都归结于暗示的力"
  [合成] 84/610 完成 (5.7s) "而最终这就是积极研究的意义所在 如果我们一直关注"
  [合成] 85/610 完成 (4.5s) "我们就受到这些研究的暗示 受到这类暗示于是它将成"
  [合成] 86/610 完成 (3.4s) "就是说当你测量某一现象 你也同样在改变它 当你测"
  [合成] 87/610 完成 (3.1s) "所以通过研究积极的事物 我们其实也在用积极的事物"
  [合成] 88/610 完成 (3.0s) "我这堂以及下堂课要讲的很多内容 其实都源于自救行"
  [合成] 89/610 完成 (1.8s) "至少在20世纪 自救行动在很多方面"
  [合成] 90/610 完成 (2.7s) "是建立在"思考创造世界 “思想创造世界“这一理论"
  [合成] 91/610 完成 (4.3s) "这类书籍陆续面世 《思考致富》这本书于1930年"
  [合成] 92/610 完成 (2.9s) "至今仍不断再版 在美国一直畅销 在中国 印度 非"
  [合成] 93/610 完成 (5.4s) "这本书一直影响着人们 拿破仑· 希尔在书中写道 "
  [合成] 94/610 完成 (4.1s) "都会实现? 任何你心里想的： 相信的 都会实现?"
  [合成] 95/610 完成 (1.8s) "要知道这本书是畅销读物之一"
  [合成] 96/610 完成 (3.2s) "销量多达六千多万册 亨利·福特也持有类似的观点 "
  [合成] 97/610 完成 (4.1s) "人们对这句话如痴如醉为什么会这样 因为这句话振奋"
  [合成] 98/610 完成 (3.7s) "还有本书叫《积极思考的力量》 这本书也颇具影响力"
  [合成] 99/610 完成 (4.1s) "胸怀伟大志向敢去追寻理想 心念伟大梦想敢于付诸行"
  [合成] 100/610 完成 (2.0s) "抱有极大期许愿意为之倾注所有"
  [合成] 101/610 完成 (2.0s) "这些话听起来多振奋人心啊"
  [合成] 102/610 完成 (1.8s) "你要做的就是去思考 去相信"
  [合成] 103/610 完成 (2.8s) "这样充盈也会随之而来 不管是内心的充盈 还是道德"
  [合成] 104/610 完成 (2.9s) "这些都包涵在这句话里 而且这句话会让大众如痴如醉"
  [合成] 105/610 完成 (2.8s) "如今的畅销书 即全球销量第一的书"
  [合成] 106/610 完成 (1.4s) "就是《秘密》这本书"
  [合成] 107/610 完成 (3.8s) "成功的秘密 换言之 可以说是吸引力法则是指 你可"
  [合成] 108/610 完成 (2.7s) "你所相信的事物吸引到你身边 并从中能汲取强大的信"
  [合成] 109/610 完成 (1.7s) "真本书已销到上百万册"
  [合成] 110/610 完成 (2.0s) "在我们上课的时候销售数字还在上升"
  [合成] 111/610 完成 (2.5s) "而书中要传达的信息却很简单 "先相信 后成功 即"
  [合成] 112/610 完成 (2.0s) "先去设想 世界和现实才会如你所愿作改变"
  [合成] 113/610 完成 (1.6s) "随之呈现在你面前"
  [合成] 114/610 完成 (3.3s) "这一理念十分振奋人心也令人折服 但这种理念正确吗"
  [合成] 115/610 完成 (2.0s) "讲到这里 我们要回到罗杰·班尼斯特的案例"
  [合成] 116/610 完成 (2.3s) "在罗杰·班尼斯特4分钟内 即用了3分59秒"
  [合成] 117/610 完成 (6.0s) "跑完一英里后不久 约翰 兰迪跑了3分57秒9 约"
  [合成] 118/610 完成 (2.6s) "一旦他们相信凡事皆有可能 就认为真的有可能"
  [合成] 119/610 完成 (2.3s) "问题就来了 根据如今自救活动领域的发展趋势"
  [合成] 120/610 完成 (2.4s) "它都会强调某个事实 随后把这个事实说得天花乱坠"
  [合成] 121/610 完成 (2.2s) "没错 事实上我们的思想确实可以创作现实"
  [合成] 122/610 完成 (1.6s) "但这也只能说是一部分"
  [合成] 123/610 完成 (2.3s) "我们创造了现实 或者说是我们共同创造了现实"
  [合成] 124/610 完成 (4.4s) "这其中还会受到内在和外在的影响 以《秘密》 真本"
  [合成] 125/610 完成 (4.6s) "但成功离不开 自身的艰苦努力以及坚持不懈的精神 "
  [合成] 126/610 完成 (4.0s) "所以思考只是成功定律的一半 这类自助书籍传达的讯"
  [合成] 127/610 完成 (5.3s) "打个比方 如果所有的事物都遵循吸引力法则 我创造"
  [合成] 128/610 完成 (2.5s) "甚至说得极端些 如果一名3岁女童遭虐待 那是她的"
  [合成] 129/610 完成 (3.4s) "如果一名30岁男子因别人醉酒驾车被撞瘫痪 难道要"
  [合成] 130/610 完成 (3.1s) "这里都是事出有因的 而当我们认为一切都是因我而起"
  [合成] 131/610 完成 (1.7s) "或许这能在短期内给予精神上"
  [合成] 132/610 完成 (3.4s) "信仰以及幸福层面的慰藉 但从长远来看 这会产生挫"
  [合成] 133/610 完成 (4.4s) "而且很难成功 因为如果我真相信 思考是一切意义的"
  [合成] 134/610 完成 (3.4s) "爱神总有一天会眷顾我 而且一切都无需付诸努力 无"
  [合成] 135/610 完成 (2.5s) "而这些都是常人成功幸福 充实的一生 必不可少的组"
  [合成] 136/610 完成 (3.8s) "我们来看一个短片 我在网上看到这段广告 实际上我"
  [合成] 137/610 完成 (3.2s) "因为这段广告表达出了 如今人们对精神力量的误解 "
  [合成] 138/610 完成 (1.6s) "我叫道格拉斯 也是参加会议的"
  [合成] 139/610 完成 (2.0s) "詹姆士·安 安德森 詹姆士· 安德森"
  [合成] 140/610 完成 (1.7s) "草木生长很茂盛啊"
  [合成] 141/610 完成 (1.2s) "那是只什么鸟"
  [合成] 142/610 完成 (1.3s) "有什么东西停在上面"
  [合成] 143/610 完成 (1.1s) "我有办法"
  [合成] 144/610 完成 (1.1s) "我有办法"
  [合成] 145/610 完成 (1.8s) "积极思考会产生积极的影响"
  [合成] 146/610 完成 (1.9s) "这部短片只是表达了部分事实 但不是全部"
  [合成] 147/610 完成 (5.8s) "让我们看一下严谨的研究是如何解释 意识的力量的 "
  [合成] 148/610 完成 (5.0s) "艾伯特·班 班杜拉这周你们要读到他的书 艾伯特·"
  [合成] 149/610 完成 (3.2s) "自我效能可以说是自信的关键术语 你们读到的内容都"
  [合成] 150/610 完成 (4.1s) "顺带一提 去年他荣获了积极心理学研究者奖 他在这"
  [合成] 151/610 完成 (3.1s) "确信自我效能会对人生选择 动机水平行为质量"
  [合成] 152/610 完成 (2.6s) "逆境适应能力 以及紧张易感性和脆弱性抑郁症产生影"
  [合成] 153/610 完成 (2.9s) "那些充满自信的人 在其人生的各个领域都能崭露头角"
  [合成] 154/610 完成 (3.6s) "那些认为自己有效能高的人 在行为 思想 感知方面"
  [合成] 155/610 完成 (2.3s) "他们创造属于自己的未来 而不仅是单单白日做梦"
  [合成] 156/610 完成 (3.7s) "换句话说班杜拉认为 这些人都是自己命运的主宰者 "
  [合成] 157/610 完成 (3.9s) "他们适应力更强 能较好地应对各种艰难阻险 换句话"
  [合成] 158/610 完成 (2.9s) "这项他进行多年的研究成果 其中很重要的一点是 这"
  [合成] 159/610 完成 (1.5s) "它需要时间慢慢培养出来"
  [合成] 160/610 完成 (3.7s) "就实验本身而言 要是他说 这种能力是与生俱来的不"
  [合成] 161/610 完成 (2.2s) "有些人不是生来如此的 那么这个实验结果就毫无用处"
  [合成] 162/610 完成 (7.2s) "至少对我们大部分来说是这样的 但实际结果并不是这"
  [合成] 163/610 完成 (2.4s) "但是有一点很重要 这种能力可以塑造 我们能为此作"
  [合成] 164/610 完成 (2.3s) "科里对大学运动员也做了研究 班上也有很多运动员吧"
  [合成] 165/610 完成 (3.5s) "研究表明 一旦你成为一名运动员 成功与否有56%"
  [合成] 166/610 完成 (2.1s) "取决于你有多大信心会成功"
  [合成] 167/610 完成 (3.4s) "记得在开头两节课上 讲到了约翰·科特研究 哈佛商"
  [合成] 168/610 完成 (3.8s) "从长期来看 这些哈佛商学院毕业生 如此成功的秘诀"
  [合成] 169/610 完成 (1.4s) "二是他们对自己有信心"
  [合成] 170/610 完成 (1.4s) "他们相信自己可以做好"
  [合成] 171/610 完成 (3.0s) "但需要意识到的是 不是所有这些差异 都不能一概用"
  [合成] 172/610 完成 (1.8s) "用希望 信念或乐观来解释"
  [合成] 173/610 完成 (1.7s) "但是这无疑只是成功所需的一部分"
  [合成] 174/610 完成 (14.0s) "纳撒尼尔 尔·布兰登有50年的临床医学经验 纳撒"
  [合成] 175/610 完成 (2.2s) "在讲到自尊这一章节的时候 我们还会更深入了解他"
  [合成] 176/610 完成 (6.5s) "但现在先引用一段他说的话 我们的自尊程度换言之 "
  [合成] 177/610 完成 (5.0s) "例如我们在工作时的表现如何 人生会达到怎样的巅峰"
  [合成] 178/610 完成 (3.1s) "我们如何同自己的配偶孩子以及朋友相处 我们自身会"
  [合成] 179/610 完成 (1.9s) "幸福与丰富的物质生活没有多大关系"
  [合成] 180/610 完成 (1.8s) "我们住哪儿跟幸福也没有多大关系"
  [合成] 181/610 完成 (3.5s) "幸福跟自尊却有很大的关系 经过大量研究我们发现 "
  [合成] 182/610 完成 (2.4s) "我的论文里叶也提到了这点 所以自尊与内在很重要"
  [合成] 183/610 完成 (3.6s) "在提升自我 提升自信程度的同时 我们要做的 提升"
  [合成] 184/610 完成 (3.9s) "我们要改变自身的容器 这样才能从不同角度去观察去"
  [合成] 185/610 完成 (4.5s) "我们经历事请的方式也会不同 不论成功与否 我们都"
  [合成] 186/610 完成 (2.0s) "但这很大程度行取决于我们的内在思想"
  [合成] 187/610 完成 (1.8s) "布兰登认为 自我概念决定命运"
  [合成] 188/610 完成 (7.7s) "这一观念与拿破仑·希 希尔的观念 即 这一观念与"
  [合成] 189/610 完成 (3.1s) "他为了证明自己的观点做了大量研究 也经过深思熟虑"
  [合成] 190/610 完成 (4.4s) "这方面还有另一个作证 大多数人都把它称作"安慰剂"
  [合成] 191/610 完成 (2.2s) "可以治好头痛 吃了这些药你的头痛就会好了"
  [合成] 192/610 完成 (4.7s) "其实病人不知道 医生给他的只是糖片 这是因为你相"
  [合成] 193/610 完成 (3.3s) "赫伯特 寺·本森 在河对岸医学院任教 针对这一现"
  [合成] 194/610 完成 (1.6s) "我想跟大家分享其中两项"
  [合成] 195/610 完成 (3.4s) "本森的做法是找来一些还有身孕 并肠胃不适的妇女 "
  [合成] 196/610 完成 (4.7s) "这些症状十分常见 尤其是在怀孕的头三个月 他对这"
  [合成] 197/610 完成 (2.1s) "也不会再想吐了 这药不错而且疗效显著"
  [合成] 198/610 完成 (3.3s) "他给那些妇女吃了药以后 她们的胃病就好了！ 身体"
  [合成] 199/610 完成 (2.2s) "当然 她们不知道其实自己吃的是安慰剂 只不过是糖"
  [合成] 200/610 完成 (4.2s) "然后他进一步实验 找来另一组妇女 她们的症状与前"
  [合成] 201/610 完成 (2.4s) "只不过这一次他给她们吃的不是糖片 而是一小剂吐根"
  [合成] 202/610 完成 (3.3s) "而且无毒无害 了解吐根的同学可能知道 所谓吐根就"
  [合成] 203/610 完成 (1.4s) "就吃这种药催吐"
  [合成] 204/610 完成 (2.7s) "他给了她们吃了催吐剂 而且实验通过了各种道德审查"
  [合成] 205/610 完成 (1.2s) "实验照常进行"
  [合成] 206/610 完成 (1.5s) "他告诉她们病情会好转的"
  [合成] 207/610 完成 (1.4s) "事实上也确实好多了"
  [合成] 208/610 完成 (2.4s) "她们不仅没有因为吃了催吐剂 大吐特吐 反而停止了"
  [合成] 209/610 完成 (2.2s) "我想摘读他书中的一段话 这本书我强烈推荐"
  [合成] 210/610 完成 (1.4s) "叫《永恒的良药》"
  [合成] 211/610 完成 (1.1s) "书上写道"
  [合成] 212/610 完成 (4.0s) "都备有催吐剂以防食物中毒 这些已确诊患有胃肠不适"
  [合成] 213/610 完成 (1.5s) "仅仅靠着信念她们自愈了"
  [合成] 214/610 完成 (2.6s) "这并不是说吃药没用 我也不建议你们现在回寝室"
  [合成] 215/610 完成 (4.2s) "给室友吃催吐剂 或者甚至把氰化物说成是维生素C给"
  [合成] 216/610 完成 (5.6s) "但是这 这一实验结论同其它实验一样 但是这一实验"
  [合成] 217/610 完成 (2.6s) "本森在这本书里还写到了另一项实验 这项实验是在日"
  [合成] 218/610 完成 (2.2s) "研究人员把对特定植物过敏的人 带到一间实验室"
  [合成] 219/610 完成 (10.1s) "蒙住他们的双眼 随后用会致敏的植物碰了- 一下他"
  [合成] 220/610 完成 (2.8s) "当然 被过敏植物碰过的地方肿起来了 毕竞是被过敏"
  [合成] 221/610 完成 (2.9s) "之后 做了另一项实验 研究人员告诉他们 碰到左胳"
  [合成] 222/610 完成 (3.1s) "而另一棵植物 不致敏的那棵石 碰的是右胳膊 不致"
  [合成] 223/610 完成 (1.6s) "可是本森颠倒了黑白"
  [合成] 224/610 完成 (4.6s) "所以 实际是右手碰到了致敏植物 所以实 实际是右"
  [合成] 225/610 完成 (3.1s) "他们肿的应该是右手 而不是左手 但是 因为他们相"
  [合成] 226/610 完成 (1.8s) "结果就左手肿起来了 右手没有"
  [合成] 227/610 完成 (3.5s) "这就是精神的作用 再强调一次这不是说外因不起作用"
  [合成] 228/610 完成 (4.7s) "而是说 思想在我们的身心以及认知上 起到了至关重"
  [合成] 229/610 完成 (2.5s) "可这具体是如何起作用的呢 怎么起作用的呢 我们来"
  [合成] 230/610 完成 (2.8s) "这模型是我根据这一领域的大量研究得出的 这个模型"
  [合成] 231/610 完成 (3.2s) "我们的信仰和期望 是如何影响我们的行为和表现的 "
  [合成] 232/610 完成 (2.8s) "还是对我们在学校里 运动场上 以及我们生活中的各"
  [合成] 233/610 完成 (3.2s) "换句话说这个循环其中有何玄机呢 我是指这个椭圆形"
  [合成] 234/610 完成 (1.5s) "期许与现实情况"
  [合成] 235/610 完成 (2.3s) "我想讲讲两种机制 第一种非常直接也相对更好懂"
  [合成] 236/610 完成 (2.2s) "如果我相信我能做好 回想下你们自己的经验"
  [合成] 237/610 完成 (7.1s) "如果你相信自己某方面能做好 那你很有可能会变得更"
  [合成] 238/610 完成 (4.5s) "不管是什么事也不管是在训练还是实践 你很有可能在"
  [合成] 239/610 完成 (4.2s) "想想玛瓦·柯林斯是怎么做的 她当时鼓励了学生 让"
  [合成] 240/610 完成 (3.3s) "自己肩负着更多的使命 这正改变孩子一生的原因所在"
  [合成] 241/610 完成 (3.2s) "所以说动力是根源 不过 除此之外 还有一个因素 "
  [合成] 242/610 完成 (4.2s) "怎么理解这个概念呢 要知道人们也会对世界产生心理"
  [合成] 243/610 完成 (3.8s) "其中包括我 我们认为这个世界 其中包括我们认为这"
  [合成] 244/610 完成 (4.6s) "比方说 我的心理图式是这样的 把东西留在半空它就"
  [合成] 245/610 完成 (5.9s) "根据心理图式我觉得以我的能力 根据心理图式我 我"
  [合成] 246/610 完成 (2.3s) "我对别人也会有主观印象 我喜欢这个人那人是个好人"
  [合成] 247/610 完成 (1.7s) "或者这人不是好人很残忍"
  [合成] 248/610 完成 (2.4s) "所以 我们对别人对自己 对自然现象都会有主观印象"
  [合成] 249/610 完成 (3.5s) "这就是潜在的图式 于是相对的还有客观世界 在外部"
  [合成] 250/610 完成 (1.9s) "比如说它被拿到半空中就掉下去了"
  [合成] 251/610 完成 (1.3s) "这与心理图式无关"
  [合成] 252/610 完成 (2.3s) "这是客观事实 无关乎心理图式它还是会掉下来"
  [合成] 253/610 完成 (2.2s) "不管我的主观意识如何认为 我在数学方面就是个苗子"
  [合成] 254/610 完成 (2.9s) "有人乐善好施有人则伤及无辜 而这一切都与我的主观"
  [合成] 255/610 完成 (1.8s) "因此理想和现实世界并存"
  [合成] 256/610 完成 (3.3s) "重点在于 我们的大脑不愿意接受一个事实 那就是理"
  [合成] 257/610 完成 (1.8s) "我们喜欢理想和现实之间步调一致"
  [合成] 258/610 完成 (2.1s) "如果这之间无法统一 我们就会感到些许不和谐"
  [合成] 259/610 完成 (1.2s) "惶惶不可终日"
  [合成] 260/610 完成 (3.3s) "感觉很不好 而且通常我们会尽可能地 使两者保持平"
  [合成] 261/610 完成 (2.3s) "要么就改变主观理想 这样才能让梦想照进现实"
  [合成] 262/610 完成 (1.6s) "我们不愿看到两者间出现裂痕"
  [合成] 263/610 完成 (2.6s) "要让理想照进现实方法有很多种 让我来介绍几种 我"
  [合成] 264/610 完成 (4.1s) "它们都有内在的联系环 环环相扣 它们都有内在的联"
  [合成] 265/610 完成 (2.5s) "帮助你们理解 理想和现实之间的碰撞 与外部之间的"
  [合成] 266/610 完成 (3.0s) "三 所以当两者出现差异的时候 第一种方法就是更新"
  [合成] 267/610 完成 (3.9s) "这是我们能做的第一件事 我以前不知道东西留在空中"
  [合成] 268/610 完成 (2.4s) "或者说 我本来觉得那人真可恶 可是我刚看到他乐善"
  [合成] 269/610 完成 (3.0s) "那我对他的看法就改变了 他是个好人 那我对他的看"
  [合成] 270/610 完成 (2.4s) "第二种办法 比第一种方法更常用 就是屏蔽客观信息"
  [合成] 271/610 完成 (2.7s) "这就是第三种方法 跟我们原先的主观印象不符"
  [合成] 272/610 完成 (1.6s) "我们不愿看见差异"
  [合成] 273/610 完成 (2.4s) "于是我们就视若不见 比如忽视和放任现实"
  [合成] 274/610 完成 (1.9s) "第三种方法 我们主动去证实信息"
  [合成] 275/610 完成 (1.6s) "我们主动去寻找确凿的数据"
  [合成] 276/610 完成 (3.1s) "思考下第二和第三种方法 想一下在现实世界中我们是"
  [合成] 277/610 完成 (2.4s) "想想哪些人你不愿投票给他 或者哪些人你从没选过"
  [合成] 278/610 完成 (3.4s) "通常我们会这样做 比方说 我看到布什总统做了件好"
  [合成] 279/610 完成 (1.6s) "但是我没投布什的票打个比方"
  [合成] 280/610 完成 (1.5s) "通常 我就会忽略这类信息"
  [合成] 281/610 完成 (2.9s) "然后去找一些确凿的证据 来证明 我为什么打一开始"
  [合成] 282/610 完成 (2.1s) "再比方说大选临近了 希拉里或奥巴马一组"
  [合成] 283/610 完成 (2.7s) "如果我讨厌他们 我就会寻找证据来证明我为什么不喜"
  [合成] 284/610 完成 (2.8s) "即使他们的所做所为符合我的信仰和价值观 通常我会"
  [合成] 285/610 完成 (2.8s) "这种做法就是自己去创造现实 因为你是在问 布什干"
  [合成] 286/610 完成 (4.9s) "或者“希拉里或奥巴写干了哪些傻事” 或者“希拉里"
  [合成] 287/610 完成 (4.6s) "还记得我问过你们的几何图形吗 即使他们就在你的眼"
  [合成] 288/610 完成 (2.0s) "为了保持这种一致性 我们经常做这两件事"
  [合成] 289/610 完成 (7.0s) "或者忽略并抛弃事实 或者寻找与理想一致的证据 无"
  [合成] 290/610 完成 (3.4s) "希拉里奥巴马很好 或者布什很好 等等这类我们思考"
  [合成] 291/610 完成 (4.7s) "第四种方法比钱三种要直接地多 即仓 创造一个新的"
  [合成] 292/610 完成 (2.1s) "在1954年5月6日之前的 现实是怎样的"
  [合成] 293/610 完成 (2.3s) "现实是 英里短跑的最段时间不少于4分钟 一5"
  [合成] 294/610 完成 (2.5s) "而爱迪生是怎么做的呢 说错了 班尼斯特是怎么做的"
  [合成] 295/610 完成 (6.4s) "他说打破极限是有可能的 并改变了客观现实 不只是"
  [合成] 296/610 完成 (3.4s) "最初人们主观地认为 四分钟是不可能的 人们对这点"
  [合成] 297/610 完成 (2.0s) "是罗杰·班尼斯特却说四分钟是可能的"
  [合成] 298/610 完成 (2.5s) "他改变了现实 不只是为他自己 也为所有其他的跑步"
  [合成] 299/610 完成 (3.0s) "问题的关键在于 无论动力十足与否 也无论思想是否"
  [合成] 300/610 完成 (2.8s) "当我们完成一件事以后 我们唯一可以做的就是 对我"
  [合成] 301/610 完成 (2.5s) "是成功还是失败 是好还是坏 诠释有两种形式"
  [合成] 302/610 完成 (3.0s) "种是客观的诠释 一天 “我考试有没有得A" 或者"
  [合成] 303/610 完成 (2.2s) "“我是不是拿了第三名” 或者 “我是不是比赛的最"
  [合成] 304/610 完成 (3.1s) "我周五有没有击败普林斯顿的 山 校曲棍球队' 或"
  [合成] 305/610 完成 (1.5s) "这说明了些什么"
  [合成] 306/610 完成 (1.6s) "这就是现实是客观的"
  [合成] 307/610 完成 (3.4s) "是客观的 但 与此同时还有一种主观的诠释 基于我"
  [合成] 308/610 完成 (3.3s) "这是 一个关于托马斯 爱迪生的故事 ·强 这是 "
  [合成] 309/610 完成 (3.8s) "19世纪70年代托马斯·爱迪生 与其他科学团体一"
  [合成] 310/610 完成 (3.7s) "所有的科学团体 或绝大多数研究这个课题的团体 都"
  [合成] 311/610 完成 (1.8s) "托马斯 斤·爱迪生也不例外"
  [合成] 312/610 完成 (5.2s) "一位当地报社记者 来采访托马斯·爱 爱迪生 来采"
  [合成] 313/610 完成 (2.8s) "记者对爱迪生说 爱迪生先生 你为发明灯泡已经钻研"
  [合成] 314/610 完成 (2.0s) "别的科学团体也一直在攻克这一发明 都失败了"
  [合成] 315/610 完成 (6.8s) "在那个时候 托马斯 斤?爱迪生已经做了5000次"
  [合成] 316/610 完成 (1.8s) "这500次实验都失败了 放弃算了"
  [合成] 317/610 完成 (3.7s) "你们可能有人知道 爱迪生有点耳背 托马斯·爱 爱"
  [合成] 318/610 完成 (2.6s) "因此他对记者说 不好意！ 你刚说什么了 田"
  [合成] 319/610 完成 (2.1s) "记者说 我说你已经失败了5000次放弃吧 山"
  [合成] 320/610 完成 (1.8s) "我说你已经失败了5000次放弃吧"
  [合成] 321/610 完成 (1.9s) "爱迪生回答道 “我不是失败了5000次"
  [合成] 322/610 完成 (2.4s) "我是成功了5000次 我成功地证明了哪些是不行的"
  [合成] 323/610 完成 (1.4s) "同样的客观现实"
  [合成] 324/610 完成 (2.5s) "5000次失败的实验 得出的却是完全不同的诠释"
  [合成] 325/610 完成 (3.0s) "记者和许多其他科学团体 认为发明灯泡是不可能的"
  [合成] 326/610 完成 (1.7s) "而爱迪生的主观诠释却认为"
  [合成] 327/610 完成 (2.3s) "那只是通向成功的阶梯 因为发明灯泡是可能的"
  [合成] 328/610 完成 (3.7s) "事实上爱迪生曾在 发明出灯泡之前宣布 他将在18"
  [合成] 329/610 完成 (3.8s) "那时他离发明出灯泡还早得很 在1879年12月3"
  [合成] 330/610 完成 (9.2s) "正如1962年约翰·F·肯 肯尼迪曾说 正如19"
  [合成] 331/610 完成 (2.5s) "而那时我们还没有登月的条件 也没有所需的科学技术"
  [合成] 332/610 完成 (2.2s) "他向世界许下了承诺 说道 登月是可能的"
  [合成] 333/610 完成 (2.4s) "而这句话之后成为了现实 人们也为也此付出了许多努"
  [合成] 334/610 完成 (5.9s) "爱迪生事实上失败了远不止5000次 才真正发明出"
  [合成] 335/610 完成 (3.7s) "要先相信我才会更加努力 而是说 要先相信手 我才"
  [合成] 336/610 完成 (1.8s) "他有一句名言 “失败是成功之母"
  [合成] 337/610 完成 (3.2s) "爱迪生的成功并不是巧合 他是迄今为止最有创造力 "
  [合成] 338/610 完成 (1.9s) "他一生创造了1097项专利"
  [合成] 339/610 完成 (3.3s) "我们的生活能有现在的景象他功不可没 我们的生活能"
  [合成] 340/610 完成 (2.5s) "这并不是巧合 但是历史上最成功 最有创造力的科学"
  [合成] 341/610 完成 (1.5s) "也是失败最多次的科学家"
  [合成] 342/610 完成 (9.4s) "迪安 西蒙顿做过一项研究 ·西 将来我们讨论完美"
  [合成] 343/610 完成 (1.7s) "也同样是那些失败最多次的"
  [合成] 344/610 完成 (6.8s) "著名棒球手巴比 鲁斯 著名棒球手巴比·鲁 鲁斯 "
  [合成] 345/610 完成 (3.2s) "历史上最成功的人 也通常是那些失败最多次的人 我"
  [合成] 346/610 完成 (3.4s) "“如果不从失败中吸取经验 那你永远都不会有长进 "
  [合成] 347/610 完成 (3.8s) "要学会行走 不磕磕碰碰是无法成功的 要成为一名科"
  [合成] 348/610 完成 (2.5s) "都需要不断从失败中吸取经验 正如迪安 西蒙顿所言"
  [合成] 349/610 完成 (2.3s) "历史上那些经受挫折最多 失败次数最多的艺术家"
  [合成] 350/610 完成 (3.3s) "从长远看来也同样是最成功的艺术家 没有捷径 坐下"
  [合成] 351/610 完成 (2.0s) "我们还需要去做 马丁· 席利格曼被誉为"
  [合成] 352/610 完成 (2.7s) "积极心理学之父 他在乐观主义和悲观主义领域成果颇"
  [合成] 353/610 完成 (4.0s) "这其中他发现 在谈到目标设定时 无论是设定短期目"
  [合成] 354/610 完成 (2.7s) "做人现实一点是件好事 短期目标和长期目标都很现实"
  [合成] 355/610 完成 (8.1s) "而乐观主义者 是现实的 不好意思 说错了 乐观主"
  [合成] 356/610 完成 (1.2s) "为什么会这样呢"
  [合成] 357/610 完成 (1.5s) "让我们再来看看这个模型"
  [合成] 358/610 完成 (1.6s) "我们先来分析悲观主义者"
  [合成] 359/610 完成 (4.7s) "他们有某个目标 他们期望值不高 信念也不强 他们"
  [合成] 360/610 完成 (2.9s) "都与他们的信念和期望值一致 他们会解释道： 我早"
  [合成] 361/610 完成 (4.8s) "我早就告诉过你我不可能做得很好 而所有人都异口同"
  [合成] 362/610 完成 (4.1s) "但有时悲观主义者的表现 会超出他们的期望 息 那"
  [合成] 363/610 完成 (1.8s) "这次是走运 瞎猫碰见死耗子"
  [合成] 364/610 完成 (2.2s) "这种事情几百年也碰不到一次"
  [合成] 365/610 完成 (2.4s) "下次可没那么走运了 或者 “今天是我走狗屎运了“"
  [合成] 366/610 完成 (3.6s) "或者 “她今天发挥有些失常 这时悲观者的思维开始"
  [合成] 367/610 完成 (1.9s) "超常发挥后 又会再度变得现实"
  [合成] 368/610 完成 (2.0s) "即便有时突破现实 之后还是会现实"
  [合成] 369/610 完成 (2.3s) "无论从长期还是短期来看 他们都是现实的"
  [合成] 370/610 完成 (1.7s) "让我们再来分析乐观主义者"
  [合成] 371/610 完成 (2.0s) "一开始就有很强的信念 很高的期望值"
  [合成] 372/610 完成 (1.8s) "动力也十足 思维在寻找一致性"
  [合成] 373/610 完成 (2.1s) "表现却差强人意 不如原先期望中的那样好"
  [合成] 374/610 完成 (1.6s) "换句话说就是不现实"
  [合成] 375/610 完成 (7.8s) "然而因为他们拥有很强的信念 他们会主观地认为 我"
  [合成] 376/610 完成 (2.8s) "我要是吸取教训会怎样” 他们始终保持很强的信念 "
  [合成] 377/610 完成 (1.6s) "动力十足 思维保持着一致性"
  [合成] 378/610 完成 (3.0s) "尽管他们的表现仍然不够理想 仍然不如期望中的那么"
  [合成] 379/610 完成 (3.8s) "但他们会解释道： 我要是能吸取教训会怎样 我这次"
  [合成] 380/610 完成 (5.3s) "然后他们继续而 而这时局外人会说 然后他们继续 "
  [合成] 381/610 完成 (4.1s) "因为他们相信他们能做到 并且始终如 不辞辛劳 一"
  [合成] 382/610 完成 (3.5s) "直到他们将所谓的不现实的事情变成现实 久而久之让"
  [合成] 383/610 完成 (3.4s) "即使在短期内 也许未来的十年时间里跑一英里 需要"
  [合成] 384/610 完成 (4.8s) "但在经历许多失败艰苦学习 不懈努力之后 人最终会"
  [合成] 385/610 完成 (3.5s) "席利格曼所指的 乐观主义和悲观主义 并不只是盲目"
  [合成] 386/610 完成 (4.1s) "而不会想要去解释某一件事 比如 我要怎么解释我失"
  [合成] 387/610 完成 (3.4s) "我们将在下节课细讲他的研究 区别对待了人们把某件"
  [合成] 388/610 完成 (1.5s) "我没有将电能转化为光能"
  [合成] 389/610 完成 (3.7s) "那可能意味着 这是不可能的我不会再尝试了 这只是"
  [合成] 390/610 完成 (1.9s) "我刚没有得到一份我梦寐以求的职业"
  [合成] 391/610 完成 (8.4s) "这可能意味着 我将再也找不到工作了 这可能意味着"
  [合成] 392/610 完成 (3.1s) "这同样与普遍化和特殊化有关 悲观主义者把负面情况"
  [合成] 393/610 完成 (1.7s) "“我成不了一名出色的科学家"
  [合成] 394/610 完成 (2.0s) "相对于 我只是这一次没能完成这个实验而已"
  [合成] 395/610 完成 (3.8s) "或者 “如果我考砸了一次 或者“女 “如果我考砸"
  [合成] 396/610 完成 (3.0s) "与此相对地 我只是这一次没考好 从中我能学到什么"
  [合成] 397/610 完成 (2.1s) "这就是乐观主义和悲观主义 这是可以学习的"
  [合成] 398/610 完成 (3.8s) "在这一领域中有许多研究表明 学会像乐观主义者一样"
  [合成] 399/610 完成 (2.7s) "你们有些人可能知道 马特·比 比昂迪 1988年"
  [合成] 400/610 完成 (3.0s) "许多人认为他能打平 马克·施皮茨七枚金牌的纪录"
  [合成] 401/610 完成 (1.5s) "第一场比赛获得了银牌"
  [合成] 402/610 完成 (1.2s) "非常失落"
  [合成] 403/610 完成 (1.7s) "第二场比赛获得铜牌 非常失望"
  [合成] 404/610 完成 (2.9s) "我记得很清楚 人们都在谈论他 认为他会顶不住压力"
  [合成] 405/610 完成 (4.7s) "马丁·家 塞利格曼那时却说 不他会成功的 为什么"
  [合成] 406/610 完成 (6.0s) "马特 比昂迪是一个完美的乐观主义者 马特 比昂迪"
  [合成] 407/610 完成 (6.2s) "但是这些失败 同他预期能获七枚金牌的失落相比 他"
  [合成] 408/610 完成 (6.7s) "也不会认为这是普遍现象-- “我不能游泳也赢不了"
  [合成] 409/610 完成 (4.0s) "许多人为此感到惊讶 塞利格曼和他的研究小组却没有"
  [合成] 410/610 完成 (1.9s) "接下来我会把它和心理身体健康联系起来"
  [合成] 411/610 完成 (3.3s) "举例而言 我们的免疫系统 实际上乐观主义者的心理"
  [合成] 412/610 完成 (1.2s) "复原力水平"
  [合成] 413/610 完成 (4.0s) "卡伦·莱维厅做的很多研究表明 如果教授人们以积极"
  [合成] 414/610 完成 (2.1s) "你们如果对此感兴趣 可以看 《复原力的影响因素》"
  [合成] 415/610 完成 (6.0s) "作者是卡伦·莱维厅 在这部精彩的著作中 她谈到了"
  [合成] 416/610 完成 (3.6s) "那些学习乐观的人 她在短短两周时间内教授这些人 "
  [合成] 417/610 完成 (2.6s) "在这短短的两周时间里 那些被教导如何乐观的人变得"
  [合成] 418/610 完成 (2.0s) "学会乐观的人体验到抑郁的几率降低八倍"
  [合成] 419/610 完成 (2.6s) "抑郁的可能性低了八倍 仅仅是因为你学会了一种不同"
  [合成] 420/610 完成 (2.3s) "我没有失败五千次 我只是成功地展示了怎么做行不通"
  [合成] 421/610 完成 (2.3s) "所以如果我现在没做好我下次会做好 或者是再下一次"
  [合成] 422/610 完成 (4.2s) "懂得以更积极的方式解释事物的人 实际上活得更久 "
  [合成] 423/610 完成 (6.9s) "那些以更积极或者更乐观的方式 解释事物的人实际上"
  [合成] 424/610 完成 (2.2s) "这只是方程中的变量之- 还有许多别的影响因素"
  [合成] 425/610 完成 (4.8s) "你知道你不想 同样也存在着不现实的乐观主义 我们"
  [合成] 426/610 完成 (1.6s) "基本上不会活到一百二十岁"
  [合成] 427/610 完成 (2.0s) "所以这不仅取决于信念 还有许多其它因素"
  [合成] 428/610 完成 (3.3s) "最后就像我不断重复的那样 我们还会讲到为什么这是"
  [合成] 429/610 完成 (3.7s) "接下来在你们的课程论文 不是这星期而是下个星期 "
  [合成] 430/610 完成 (3.0s) "从技术上讲这是可以学会的 并且会带给你所有这些积"
  [合成] 431/610 完成 (1.5s) "好 然而也存在一个问题"
  [合成] 432/610 完成 (2.5s) "我如何能够区分 和不现实的乐观主义 虚高的乐观主"
  [合成] 433/610 完成 (4.2s) "举例而言 自助运动就很推崇这一点 我认为我能达到"
  [合成] 434/610 完成 (1.9s) "我的自我概念就是我唯一的命运所在吗"
  [合成] 435/610 完成 (1.9s) "还是说的确存在着一种不现实的信念？"
  [合成] 436/610 完成 (1.2s) "的确是存在的"
  [合成] 437/610 完成 (1.2s) "我举个例子"
  [合成] 438/610 完成 (1.3s) "她叫丽娜"
  [合成] 439/610 完成 (1.3s) "她是个绝世美女"
  [合成] 440/610 完成 (1.9s) "至少对我而言是这样"
  [合成] 441/610 完成 (2.0s) "丽娜和我有很多相似之处 我们都是十来岁"
  [合成] 442/610 完成 (1.8s) "我十二岁 她十四岁"
  [合成] 443/610 完成 (2.9s) "我们都五英尺左右高她五英尺六英寸 我五英尺一英寸"
  [合成] 444/610 完成 (1.7s) "我深爱着丽娜则也深爱着她自己"
  [合成] 445/610 完成 (2.4s) "这只是在交代背景 我有一位非常出色的母亲她很信任"
  [合成] 446/610 完成 (4.7s) "事实上我们三个！ 我们家三个兄弟姐妹 我们从学校"
  [合成] 447/610 完成 (2.5s) "所以当我意识到 我是真地疯狂地爱上了丽 丽娜 她"
  [合成] 448/610 完成 (1.5s) "我回到家告诉了我妈妈"
  [合成] 449/610 完成 (1.4s) "我告诉妈妈我很爱她"
  [合成] 450/610 完成 (3.3s) "然后她说有什么问题呢 我跟她解释道 她比我大 所"
  [合成] 451/610 完成 (1.4s) "而且她比我高得多"
  [合成] 452/610 完成 (2.2s) "我妈妈很信任我 然后开始了一场自证预言运动"
  [合成] 453/610 完成 (3.7s) "尽管她没读过拿破仑 希尔的书 她对我说："泰勒无"
  [合成] 454/610 完成 (1.7s) "尽管她从来没读过布兰登的书"
  [合成] 455/610 完成 (3.1s) "她还对我说："泰勒 你的自我概念就是你的命运 丽"
  [合成] 456/610 完成 (2.8s) "然后她跟我说如果我真地相信我行相信丽娜会喜欢我"
  [合成] 457/610 完成 (1.3s) "她真的会喜欢我"
  [合成] 458/610 完成 (1.8s) "然后我妈妈鼓励我 让我相信自己"
  [合成] 459/610 完成 (1.7s) "所以我就开始尝试 去接近丽娜"
  [合成] 460/610 完成 (1.2s) "我还做了准备"
  [合成] 461/610 完成 (1.5s) "我真地为此做了准备"
  [合成] 462/610 完成 (3.6s) "尽管那时还没长胡子 我还抹了须后水 然后我继续说"
  [合成] 463/610 完成 (3.5s) "我能做到 我知道我能行 然后我接近丽娜 但是后来"
  [合成] 464/610 完成 (3.1s) "尽管我在脑中刻画了成功的场面 我闭上眼睛 看见自"
  [合成] 465/610 完成 (1.2s) "她不喜欢我"
  [合成] 466/610 完成 (1.8s) "然而 我们后来成了非常好的朋友"
  [合成] 467/610 完成 (2.8s) "事实上好到她会告诉我关于她那些 口 肤浅的高个子"
  [合成] 468/610 完成 (3.2s) "你知道 当我妈妈告诉我她真地相信并且认为我是 她"
  [合成] 469/610 完成 (2.3s) ".T[此句为意第绪语] 意思是“你真是块新大陆啊"
  [合成] 470/610 完成 (3.9s) "我..[语无伦次] 我就是我犹太妈妈心目中的皮格"
  [合成] 471/610 完成 (1.4s) "是啊太糟糕了"
  [合成] 472/610 完成 (2.1s) "你知道我花了好长时间才想通 所以真的是谢天谢地"
  [合成] 473/610 完成 (1.1s) "谢谢 谢谢"
  [合成] 474/610 完成 (1.2s) "但这不管用"
  [合成] 475/610 完成 (3.5s) "我重申一下别误会 我非常感激我妈妈 她就好像是我"
  [合成] 476/610 完成 (2.5s) "我欠我妈妈太多了 但在这件事情上 这个信念基本算"
  [合成] 477/610 完成 (2.2s) "所以什么才是现实的 我们如何分辨现实还是不现实"
  [合成] 478/610 完成 (1.6s) "有一些理念可以帮我们分辨"
  [合成] 479/610 完成 (1.8s) "斯托克代尔论"
  [合成] 480/610 完成 (3.3s) "说的是发现紧张状态和调节紧张 这并不容易 重申一"
  [合成] 481/610 完成 (2.7s) "“好你自己计算一下如果大于七 就去追丽娜小于七就"
  [合成] 482/610 完成 (3.0s) "没有这种公式这是一种启发法 当你考虑信念的问题时"
  [合成] 483/610 完成 (6.4s) "詹姆斯·斯托克代尔是一位海军上将 詹姆斯·其 斯"
  [合成] 484/610 完成 (3.5s) "他开始注意到一种现象他被关了几年 最后活着出来 "
  [合成] 485/610 完成 (3.9s) "有很多人幸存下来 也有很多人没有 在监狱那种艰难"
  [合成] 486/610 完成 (4.4s) "首先他们都相信自己会出去 他们有一种信念有一天会"
  [合成] 487/610 完成 (3.0s) "同时 还有第二个因素 他们的信念以及他们对 当时"
  [合成] 488/610 完成 (3.8s) "如果少了这两个因素中的任何一个 他们都不太可能幸"
  [合成] 489/610 完成 (3.9s) "他们很有可能会在那种艰苦的条件下死去 另一方面 "
  [合成] 490/610 完成 (4.0s) "并且是真的相信会在圣诞节前出去 他们同样也不太可"
  [合成] 491/610 完成 (7.7s) "然后他们就泄气听天由命天 无助 然后他们就泄气听"
  [合成] 492/610 完成 (2.9s) "而且知道这很难 詹姆斯·斯托克代尔说过 不要把最"
  [合成] 493/610 完成 (1.8s) "和现实的磨练这两个因素 混淆起来"
  [合成] 494/610 完成 (2.5s) "其中前者必不可少 后者无论如何都要接受 现实的乐"
  [合成] 495/610 完成 (2.4s) "问题是有时你可能会犯错误 有时你真的相信某些事"
  [合成] 496/610 完成 (3.7s) "并且相信这是一个现实的期望 而最后却没有成功 但"
  [合成] 497/610 完成 (3.8s) "这问题不大 因为即使我们没有成功 我们只是回到原"
  [合成] 498/610 完成 (1.8s) "达到一个平衡 马斯洛称之为"
  [合成] 499/610 完成 (1.8s) "崇高理想和现实之间的"完美融合?"
  [合成] 500/610 完成 (1.9s) "请注意我不提供解法我是要启发你们"
  [合成] 501/610 完成 (1.9s) "积极的心态并不是秘诀"
  [合成] 502/610 完成 (1.5s) "当然它确实是秘诀的一部分"
  [合成] 503/610 完成 (2.0s) "它是成功定律和幸福定律的一部分"
  [合成] 504/610 完成 (1.2s) "但不是全部"
  [合成] 505/610 完成 (2.3s) "错误的乐观主义迟早意味着幻灭 愤怒和绝望"
  [合成] 506/610 完成 (2.3s) "以下是成功的秘诀 这是几千年的研究所证明"
  [合成] 507/610 完成 (2.8s) "这是来自不同文化不同地域 不同年龄的成功人士所证"
  [合成] 508/610 完成 (1.6s) "那就是乐观激情和勤奋"
  [合成] 509/610 完成 (2.6s) "在整个历史中 你都很难找到不具备 所有这三个特质"
  [合成] 510/610 完成 (7.4s) "乐观 即相信他们能做好能成功 乐观民 即相信他们"
  [合成] 511/610 完成 (1.4s) "勤奋没有替代品”"
  [合成] 512/610 完成 (4.7s) "这三个要素简单明了 你们全都知道我在第二节课的时"
  [合成] 513/610 完成 (1.5s) "乐观激情和勤奋"
  [合成] 514/610 完成 (1.5s) "运气有关系吗 当然有"
  [合成] 515/610 完成 (3.1s) "杰斐逊说过“我非常相信运气 而且我发现我越努力工"
  [合成] 516/610 完成 (2.6s) "事实上运气也是有理论依据的 “运气因素”中有这部"
  [合成] 517/610 完成 (5.7s) "拥有这三种要素的人相信他们能做好 热爱他们所做的"
  [合成] 518/610 完成 (2.1s) "用梭罗的话说即"在某个寻常时刻""
  [合成] 519/610 完成 (3.7s) "如果高期许真的这么好 如果它和成功 为什么并非所"
  [合成] 520/610 完成 (3.1s) "为什么父母并不一味地跟我们说 你能成功 只要你想"
  [合成] 521/610 完成 (2.5s) "为什么我们的父母以及关心我们的人 常常让我们降低"
  [合成] 522/610 完成 (1.9s) "那是因为他们很在乎我们的幸福感"
  [合成] 523/610 完成 (1.5s) "他们在乎我们的自尊"
  [合成] 524/610 完成 (2.8s) "很多人都相信 很高的期待自然而然就会以失望告终"
  [合成] 525/610 完成 (2.3s) "高期待导致了失望 这听上去是对的"
  [合成] 526/610 完成 (2.1s) "威廉 ·詹姆斯于19世纪 阐述了一个公式"
  [合成] 527/610 完成 (1.9s) "他说"自尊 等于成功除以我们的自负程度"
  [合成] 528/610 完成 (3.0s) "换句话说即 我们的成功与成就 除以我们的假设或我"
  [合成] 529/610 完成 (3.0s) "再换句话说 如果我们有高期待 非常自负 我们的自"
  [合成] 530/610 完成 (2.9s) "比方说 假设我的抱负 我的预期手 我的期望 是每"
  [合成] 531/610 完成 (3.9s) "当然我只是举一个有数字的例子 因为更容易理解 假"
  [合成] 532/610 完成 (1.5s) "我只挣到 每个月两千美金"
  [合成] 533/610 完成 (7.5s) "根据威廉 詹姆斯的公式 我的自尊 根据威廉 集·"
  [合成] 534/610 完成 (1.9s) "根据这个公式我的自尊心和幸福感 是0.5"
  [合成] 535/610 完成 (3.2s) "是0.5 另一方面 如果我的预期是 每个月挣一千"
  [合成] 536/610 完成 (2.0s) "而事实上我挣到 一千五百美元一个月"
  [合成] 537/610 完成 (1.9s) "根据这条公式我的自尊和幸福感是一"
  [合成] 538/610 完成 (4.4s) "所以尽管我挣得少了 再说一次我只是在举一个数字的"
  [合成] 539/610 完成 (2.4s) "尽管我挣得少了 我的自尊和幸福感事实上提高了"
  [合成] 540/610 完成 (1.6s) "所以你应该减少你的期望"
  [合成] 541/610 完成 (1.1s) "并非如此"
  [合成] 542/610 完成 (2.1s) "过去35年的研究显示 这个公式事实上是错的"
  [合成] 543/610 完成 (1.3s) "情况并非如此"
  [合成] 544/610 完成 (1.8s) "下面我要讲一下事实是怎样的"
  [合成] 545/610 完成 (1.4s) "假如我们用图片来表示"
  [合成] 546/610 完成 (1.8s) "这是时间 这是我的自尊水平"
  [合成] 547/610 完成 (1.4s) "和幸福感水平"
  [合成] 548/610 完成 (1.5s) "假设我们从基础水平开始"
  [合成] 549/610 完成 (1.9s) "然后 我参加了积极心理学的期中考试"
  [合成] 550/610 完成 (2.9s) "但是我考得没有我期望得那么好 我的自尊会怎样呢："
  [合成] 551/610 完成 (1.3s) "它当然会下降"
  [合成] 552/610 完成 (9.5s) "这很自然 我们都想或者大多数人都想成功 所以如果"
  [合成] 553/610 完成 (2.1s) "很快我们就会恢复到我们的基础幸福感"
  [合成] 554/610 完成 (3.5s) "一周之后我又参加 加了一个期中考试 一周之后我又"
  [合成] 555/610 完成 (1.9s) "我很擅长也得到了比预期高的分数"
  [合成] 556/610 完成 (1.8s) "那么我的自尊和幸福感会怎样呢"
  [合成] 557/610 完成 (1.3s) "但是很快又会回落"
  [合成] 558/610 完成 (2.0s) "然后比方说 我十二岁 我在街上看到丽娜"
  [合成] 559/610 完成 (2.3s) "我十三岁 我在街上看到丽娜 我十二岁 我在街上看"
  [合成] 560/610 完成 (1.2s) "然后约她出去"
  [合成] 561/610 完成 (1.1s) "她拒绝了"
  [合成] 562/610 完成 (2.0s) "我的自尊和幸福感会怎样呢 稍稍下降了"
  [合成] 563/610 完成 (1.5s) "然后很快 我又恢复了"
  [合成] 564/610 完成 (6.7s) "然后 我很幸运 我走在街止 我以为看到了丽娜 我"
  [合成] 565/610 完成 (1.5s) "我约她出来她说"
  [合成] 566/610 完成 (2.4s) "会发生什么呢 再一次稍稍降下 但是之后手 我又恢"
  [合成] 567/610 完成 (1.4s) "然后你不会相信"
  [合成] 568/610 完成 (1.5s) "她们家居然是三胞胎"
  [合成] 569/610 完成 (1.4s) "口 我遇见了第三个"
  [合成] 570/610 完成 (3.5s) "她答应了我而且说"我也爱你" 我的自尊和幸福感会"
  [合成] 571/610 完成 (2.0s) "但很快又回到基础的水平 一次又一次"
  [合成] 572/610 完成 (3.3s) "生活的起伏我拿到了终身教职或没有 我赢了彩票还是"
  [合成] 573/610 完成 (1.7s) "都是围绕了一个基础的幸福水平"
  [合成] 574/610 完成 (1.6s) "这既是个好消息也是个坏消息"
  [合成] 575/610 完成 (3.2s) "好消息是手 我可以冒险 好消息是 我可以冒险 她"
  [合成] 576/610 完成 (2.3s) "我失败了或者没找到理想的工作 也不是世界末日"
  [合成] 577/610 完成 (3.4s) "没什么大不了 我会恢复我们都会 没什么大不了手 "
  [合成] 578/610 完成 (3.5s) "我生来就是这个基准水平 它是我的基因决定的我不能"
  [合成] 579/610 完成 (1.1s) "这是可能的"
  [合成] 580/610 完成 (2.2s) "这门课我们会谈到-- 就是要教你们提高基础幸福水"
  [合成] 581/610 完成 (3.2s) "这里有一项有关自尊心的研究发现 你们可以在下课就"
  [合成] 582/610 完成 (1.8s) "那就是解决问题而不是逃避问题"
  [合成] 583/610 完成 (1.6s) "解决问题是指允许自己冒险"
  [合成] 584/610 完成 (2.5s) "不是在恐惧区 而是在你的学习区里 承担失败的风险"
  [合成] 585/610 完成 (1.9s) "处理 解决和直面 处理角 解决和直面"
  [合成] 586/610 完成 (3.9s) "那些对你来说很重要的事情 假如你没试过演舞台剧没"
  [合成] 587/610 完成 (2.6s) "但是又有点不敢去的地方 因为那些处理问题的人久而"
  [合成] 588/610 完成 (2.7s) "会有一样或者更多的起伏波折 但是起伏是像这样子的"
  [合成] 589/610 完成 (2.5s) "依然是上上下下允许自己全然为人 但是基础水平提高"
  [合成] 590/610 完成 (4.0s) "为什么基础水平在处理问题而非逃避问题 的时候提高"
  [合成] 591/610 完成 (4.1s) "达丽尔 ·贝姆 达丽尔 尔·贝姆 忘了达特茅斯还"
  [合成] 592/610 完成 (1.6s) "来判断他人和判断自己"
  [合成] 593/610 完成 (3.9s) "比方说如果我发现一个人 主动和别人交流或是在讨论"
  [合成] 594/610 完成 (1.5s) "我会觉得这个人很勇敢"
  [合成] 595/610 完成 (1.8s) "这个人自我评价一定很高"
  [合成] 596/610 完成 (1.8s) "我判断自己时 也是用一样的办法"
  [合成] 597/610 完成 (4.3s) "我通过观察自己的行为 来判断自己的自尊宽容程度 "
  [合成] 598/610 完成 (2.3s) "自我认知理论 如果我去处理问题尝试去解决问题"
  [合成] 599/610 完成 (2.6s) "然后我会发现 “我是一个有勇气的人 是 一个敢于"
  [合成] 600/610 完成 (3.8s) "那么我对自己的评价会是 我的自我评价一定很高 这"
  [合成] 601/610 完成 (3.5s) "自我认知理论即是我们用同样的方式 判断自己和判断"
  [合成] 602/610 完成 (4.2s) "当我们处理问题以失败告终 我们会发现失败带来的实"
  [合成] 603/610 完成 (3.9s) "“我早从痛苦中走出来了 或是 “她虽然拒绝了我但"
  [合成] 604/610 完成 (3.2s) "就像拿到或没拿到终身教职的教授 觉得他们会一直有"
  [合成] 605/610 完成 (3.7s) "当我发现因失败造成的痛苦 比我想象中失败所带来的"
  [合成] 606/610 完成 (1.7s) "我实际上比我想象的更有复原能力"
  [合成] 607/610 完成 (2.2s) "我的自尊就提升了 我的幸福感也就提升了"
  [合成] 608/610 完成 (2.7s) "结果我就会更成功 因为没有其它成功的方法 比方我"
  [合成] 609/610 完成 (4.0s) "或在艺术科学 商场 政 政坛上 或在艺术科学 商"
  [合成] 610/610 完成 (3.3s) "如果不从失败中吸取经验 那你永远都不会有长进 我"
