[A] 采用 559 条 Whisper 锚点作为字幕时间戳...

[A] 完成：559 条字幕事件
[B] 用 rapidocr 识别 559 条字幕...

[B] 50/559
[B] 100/559
[B] 150/559
[B] 200/559
[B] 250/559
[B] 300/559
[B] 350/559
[B] 400/559
[B] 450/559
[B] 500/559
[B] 550/559
[B] 559/559
[B] 完成
[C] 输出 545 条字幕：episode-09.source.zh-CN-ocr.srt
[gpt-sovits] 服务已在运行：http://127.0.0.1:9880
  [合成] 1/530 完成 (5.1s) "首先我想向进修学院的同学问好 每天有350名学生"
  [合成] 2/530 完成 (6.9s) "我其实特别想邀请进修学院的同学 以及在座各位来观"
  [合成] 3/530 完成 (2.5s) "但是本周六晚上 泰勒将担任我校女篮队的荣誉教练"
  [合成] 4/530 完成 (9.4s) "周六晚7点 我校女篮将于与康奈尔大学对决 这可是"
  [合成] 5/530 完成 (3.1s) "以及所有进修学院的同学们都能到场 我为进修学院的"
  [合成] 6/530 完成 (2.8s) "大概100来张 为了庆祝这一盛事 我们特意邀请了"
  [合成] 7/530 完成 (6.9s) "及其荣誉队伍 我们大名鼎鼎的美国 最佳教练得主 "
  [合成] 8/530 完成 (4.6s) "来 门 来吧 她们有点害羞 好的 所以希望大家都"
  [合成] 9/530 完成 (4.8s) "这可是本季最炙手可热的比赛 她们去年戴上了常春藤"
  [合成] 10/530 完成 (1.2s) "好 谢谢"
  [合成] 11/530 完成 (2.8s) "-泰勒 动 -谢谢 周六见 -泰勒 一谢谢周六见"
  [合成] 12/530 完成 (1.0s) "好"
  [合成] 13/530 完成 (2.6s) "这个原本不在我计划之内但是 好了自 我身上还有东"
  [合成] 14/530 完成 (1.8s) "谢谢在座的每一位 我们继续谈感恩"
  [合成] 15/530 完成 (4.1s) "在上次课程的尾声谈到了我的榜样 听了她的经历 我"
  [合成] 16/530 完成 (2.7s) "当我讲到我外婆时我说道 她并没有无视生活中力力所"
  [合成] 17/530 完成 (4.7s) "她并她也 去回避生命中的阴暗 回避人宝的逆境消极"
  [合成] 18/530 完成 (2.1s) "但她同时也不会忽略生命中积极的那一面"
  [合成] 19/530 完成 (7.2s) "也就是说?她始丝坚特活在现实里 女 也就是说?她"
  [合成] 20/530 完成 (6.2s) "遭遇困顿和磨难时 她直面人生的惨淡 同时依然关注"
  [合成] 21/530 完成 (4.8s) "上次课我们提出了一个问题 今天我们将结束感恩这一"
  [合成] 22/530 完成 (1.5s) "为什么很多人都不乐观呢"
  [合成] 23/530 完成 (3.6s) "想必你们也有所耳闻 研究表明 当代人们享有更长的"
  [合成] 24/530 完成 (1.9s) "这种情况下 为何还会有人不知足呢"
  [合成] 25/530 完成 (4.7s) "为什么有人还是不够达观呢 如果在终极的货币体系 "
  [合成] 26/530 完成 (8.8s) "有人成不了知是常坛者呢 为计公有 为么有人成不了"
  [合成] 27/530 完成 (3.3s) "我们的媒体不断 夸大和集中报道消极的事物 将其无"
  [合成] 28/530 完成 (4.4s) "让这些阴暗面充斥荧屏 占尽报纸版面 于是积极的一"
  [合成] 29/530 完成 (2.1s) "媒体使出浑身解数想让我们变得自怨自艾"
  [合成] 30/530 完成 (3.6s) "我们必须对此予以抵制 宏观上来讲有哪些抵制方式呢"
  [合成] 31/530 完成 (7.6s) "提倡鼓舞人心的艺术 比如提倡鼓舞人心的艺术 纵观"
  [合成] 32/530 完成 (4.0s) "还是18至19世纪 还是118至9纪 还是118"
  [合成] 33/530 完成 (2.8s) "朝自由之路奋进的过程中 抑或是20世纪30到40"
  [合成] 34/530 完成 (5.0s) "向荣的好莱赔产业 感欣向果的好莱婚产业 欣欣向荣"
  [合成] 35/530 完成 (2.4s) "艺术皆起着举足轻重的作用 且其影响力还将延续下去"
  [合成] 36/530 完成 (8.1s) "以上是我们从宏观层面分析的应对策略 而站在微观的"
  [合成] 37/530 完成 (2.6s) "因为唯有心怀感激 我们才不会把一切视为理所当然"
  [合成] 38/530 完成 (2.0s) "之后我们分享了阅读材料里 关于感恩的研究"
  [合成] 39/530 完成 (6.7s) "尝试的关键就在于 如我之前所说 我每天都会去做 "
  [合成] 40/530 完成 (3.0s) "从未间断过 其关键 就是保持新鲜感 这样就不会对"
  [合成] 41/530 完成 (5.4s) "如果你每周做一次 每周全神贯注地尝试一次 肯定比"
  [合成] 42/530 完成 (4.3s) "但最为理想的情况还是每天坚持 因为如果每天进行 "
  [合成] 43/530 完成 (2.3s) "并且如果你每天坚持 每天都从不同的角度切入"
  [合成] 44/530 完成 (5.1s) "如果你每天给家人写信 你可以涉及家庭的方方面面 "
  [合成] 45/530 完成 (1.9s) "集中精力 着眼于以往未曾关注过的事物"
  [合成] 46/530 完成 (4.9s) "借用艾伦· 兰格的话 “发觉生活中的不寻常 并将"
  [合成] 47/530 完成 (2.8s) "当你回忆刚刚在食堂 吃过的那美牢 吃过的那制集销"
  [合成] 48/530 完成 (8.7s) "并产脑海菌将具象化 请仔细回忆 尽可 能地佳其显"
  [合成] 49/530 完成 (2.4s) "就是个奇迹 全命主仕 可. 里就是个奇迹"
  [合成] 50/530 完成 (1.4s) "爱默生曾说过"
  [合成] 51/530 完成 (8.4s) "倘若群星千年只闪耀 一次 我们更都会圣头赞扬界的"
  [合成] 52/530 完成 (3.1s) "们便都会举头赞扬世界的光 隋达我头就场比物然！"
  [合成] 53/530 完成 (2.8s) "而孩子头却场这么看 部分原因则是 他们不会想当然"
  [合成] 54/530 完成 (1.5s) "他们更倾向于运用感性"
  [合成] 55/530 完成 (1.3s) "或是感官去感受"
  [合成] 56/530 完成 (1.9s) "从而使自己与切实的事物联系起来"
  [合成] 57/530 完成 (3.9s) "通过具象化 我们也可以做到这一点 我们曾经在詹姆"
  [合成] 58/530 完成 (2.4s) "我们将用两节多课时 今天这节外加下周的课时"
  [合成] 59/530 完成 (4.2s) "来谈论任何改变的关键之处是去行动 去实践 关键之"
  [合成] 60/530 完成 (7.7s) "因为你上过一堂关于感恩的课 不会说 因为你上过一"
  [合成] 61/530 完成 (3.5s) "你得行动你得去亲身体验 你得行动 唯有经历这样的"
  [合成] 62/530 完成 (3.7s) "你才会开始关注世界的积极元素 从而扭转如今大多数"
  [合成] 63/530 完成 (2.8s) "·詹姆斯在1890年提出 威廉 改变习惯大约需要"
  [合成] 64/530 完成 (8.0s) "贺观点滤语达于乐观 所需时间可能更长 但值得一试"
  [合成] 65/530 完成 (6.4s) "对有些人而言其作用简直立竿见影 对有些人而言其 "
  [合成] 66/530 完成 (7.4s) "但是试一试试着坚持21天 或是一个月 将作为你 "
  [合成] 67/530 完成 (1.6s) "但请从今天开始不要拖"
  [合成] 68/530 完成 (3.1s) "没有其它的备选项 因为你要做的 便是慢慢打磨掉余"
  [合成] 69/530 完成 (6.5s) "我们菌T主观意调的影响 而背负上了余的石块和禁 "
  [合成] 70/530 完成 (2.5s) "尤其是指心灵上的不断接触 其次是界的接触"
  [合成] 71/530 完成 (7.7s) "而你在做这个尝试时 这个练习之所以见效的原因就在"
  [合成] 72/530 完成 (2.7s) "音 也重成功 其原因就在于你所做的 就是坚持凿破"
  [合成] 73/530 完成 (2.6s) "在我的书中 我提到欧哈特 卡姆尼 我的老师 我在"
  [合成] 74/530 完成 (2.7s) "他曾给我讲过一个故事 那时他跟在座同学年纪差不多"
  [合成] 75/530 完成 (4.8s) "那时他二十多岁 离开了以色列在欧洲待了几年 离开"
  [合成] 76/530 完成 (3.1s) "最后来到荷兰 不久之后便无家可归 小 实际情兄是"
  [合成] 77/530 完成 (8.2s) "实际兄是酒息有 棵树下 那时是冬天很冷 那时是终"
  [合成] 78/530 完成 (3.5s) "冥冥之中他对自己说 喉吧 冥冥之中他对自己说 喉"
  [合成] 79/530 完成 (3.8s) "然而他对自己说 我得想想办法 他掏出一张纸 在上"
  [合成] 80/530 完成 (2.8s) "他告诉我他那天罗列的项目 贝多芬的《命运交响曲》"
  [合成] 81/530 完成 (2.5s) "他在以色列的双亲 直至今日仍是他最爱的香草冰淇淋"
  [合成] 82/530 完成 (4.0s) "他还写下了家乡的朋友 他还写下家约朋友 所有这些"
  [合成] 83/530 完成 (1.7s) "他把这次经历视为他人生的转折点"
  [合成] 84/530 完成 (2.1s) "为什么 因为那次以后他开始 拓宽自己的着眼点"
  [合成] 85/530 完成 (2.8s) "除却关注那些不可能 可怕的事物之外 还关注可能发"
  [合成] 86/530 完成 (4.8s) "顺便提一句 他现在55岁了 一句 顺便提 他现在"
  [合成] 87/530 完成 (1.5s) "但仍旧放在他的钱包里"
  [合成] 88/530 完成 (4.5s) "是蓄信他上有这之么多 是蓄借他有送么多 精聚藏福"
  [合成] 89/530 完成 (4.4s) "若是20年前 谁能听得起自已挚爱音乐家的演奏会 "
  [合成] 90/530 完成 (7.6s) "谁负担得起 唯有皇室 而且即便是他们 唯存也受条"
  [合成] 91/530 完成 (6.1s) "而今天我们只需动动手指 无论是mp3或是DVD "
  [合成] 92/530 完成 (4.1s) "然而 我们却习以为常 我们适应了这种生活 有时候"
  [合成] 93/530 完成 (2.4s) "可问题是 我们如何能够学会咽下苦果继续前行"
  [合成] 94/530 完成 (2.8s) "适应痛苦 即 而非麻木处之甚至从此一直麻木冷漠"
  [合成] 95/530 完成 (2.0s) "而非对我们现在所享的优越无动于衷呢"
  [合成] 96/530 完成 (8.6s) "我们如何保持感恩之心呢 答案在于 集中精力 量那"
  [合成] 97/530 完成 (2.0s) "或是下课后家人 为我们准备的一顿午餐"
  [合成] 98/530 完成 (14.2s) "说到练习感恩 其影响之所以如此显著 原因之一就在"
  [合成] 99/530 完成 (2.2s) "我们的弱点是什么 提出这些问题固然重要 但还不够"
  [合成] 100/530 完成 (2.7s) "如果眼下我们只能提出问题 必定收效甚微"
  [合成] 101/530 完成 (7.3s) "什么事情令我们心存感激时 哪怕只一天一次 这本身"
  [合成] 102/530 完成 (11.1s) "我们开始察觉以前从未留意过的事 所以当我做这件事"
  [合成] 103/530 完成 (1.1s) "太棒了”"
  [合成] 104/530 完成 (2.1s) "三 望见汉普郡冰山上的太阳 心想:"
  [合成] 105/530 完成 (1.2s) "“等下把这个记下来"
  [合成] 106/530 完成 (7.2s) "我以前根本不会在意它 对之前的我辰前 下 对之前"
  [合成] 107/530 完成 (4.7s) "表达感激之情至要 不单单是知多 会自己 更是知会"
  [合成] 108/530 完成 (8.1s) "关于这一点也有很多研究 这项研究是由 你们正在读"
  [合成] 109/530 完成 (1.5s) "无论是通过写信拜访"
  [合成] 110/530 完成 (3.4s) "还是打电话的方式 关键是感激的表达 关键是是感激"
  [合成] 111/530 完成 (2.0s) "亲爱的妈妈 感谢你的伟大 爱你的我”"
  [合成] 112/530 完成 (6.7s) "一张简单的感谢卡起不了作用 而是要坐下思考 我要"
  [合成] 113/530 完成 (5.9s) "认真地思考 或是仔细斟酌 三年级的这位老师为我做"
  [合成] 114/530 完成 (5.0s) "而是坐下来思考 我究竟感激些什么 他或她为我做过"
  [合成] 115/530 完成 (1.8s) "抑或是我的室友 总对我倾力相助"
  [合成] 116/530 完成 (5.0s) "我真的很感激 去思考 而不仅仅是 在夏季学期期末"
  [合成] 117/530 完成 (7.1s) "认真思 索这些人 认真思索 索这些人 这些你生命"
  [合成] 118/530 完成 (1.9s) "不要把一切视为理所当然"
  [合成] 119/530 完成 (2.1s) "刃勿想当然地以背 他们知道你有多感激他们"
  [合成] 120/530 完成 (2.0s) "爸爸当然了解我多么感激他 他们真的很棒"
  [合成] 121/530 完成 (1.2s) "他们真的很楼"
  [合成] 122/530 完成 (4.3s) "你需要表达出来 再强调一次无论是写信还是打电话 "
  [合成] 123/530 完成 (1.8s) "效果最为显著的便是 写一封感谢信"
  [合成] 124/530 完成 (5.1s) "效果最为显著的便是感信信 武加亲自拜访收信人 进"
  [合成] 125/530 完成 (1.2s) "肉麻 我同意"
  [合成] 126/530 完成 (2.9s) "有时还有点尴尬 因为你无法料想人们在经历了 这样"
  [合成] 127/530 完成 (1.6s) "会收获怎样的成效"
  [合成] 128/530 完成 (4.1s) "但即使你不前往拜访 你自已潜意识不想这么做 我还"
  [合成] 129/530 完成 (3.7s) "那就在这两步之前先花几分钟想想 我要说什么 我究"
  [合成] 130/530 完成 (1.8s) "还是那句话 不管对方是自己的父母"
  [合成] 131/530 完成 (2.5s) "还是 是一年级的老师 还是一年级的老师 还是 年"
  [合成] 132/530 完成 (3.5s) "放手去做 又或者是你的教练 当我们向他人表达感激"
  [合成] 133/530 完成 (7.0s) "当种向他人表达愿激时 当利向他人表达感激时！ 当"
  [合成] 134/530 完成 (8.5s) "因为你显然会从中获益 我们可以从实验结果中得到验"
  [合成] 135/530 完成 (8.6s) "好比一个上升螺旋 为双此此后也很有可能 为双山此"
  [合成] 136/530 完成 (8.4s) "所以你想让人们变得更感恩吗 请先表达出你自己的感"
  [合成] 137/530 完成 (2.0s) "还间接启动了此人和他人之间的螺旋"
  [合成] 138/530 完成 (3.5s) "如此往复 无穷尽也 这种干预方式的缺点在于 旦企"
  [合成] 139/530 完成 (7.1s) "这个顶峰通常只能维持一 个月左右的时间 具体时间"
  [合成] 140/530 完成 (2.6s) "延长巅峰状态的要诀 延母状态的要诀 便是定期实行"
  [合成] 141/530 完成 (4.4s) "要么一周一次 要么两周一次 又或者一个月一次 行"
  [合成] 142/530 完成 (8.0s) "下周写感谢信 再下周做一次感恩拜访 或者类似的事"
  [合成] 143/530 完成 (5.6s) "还会谈到惯般重要难 还会谈到惯般重要鞋 因为从很"
  [合成] 144/530 完成 (5.4s) "桑佳·吕波米尔斯基有一项 出人意料的研究成果 她"
  [合成] 145/530 完成 (5.2s) "但显然如果我们寄了信并得到反馈 1但然如果我们门"
  [合成] 146/530 完成 (10.7s) "这种行为本身就会让你感觉到幸福 下周你们的课后论"
  [合成] 147/530 完成 (3.7s) "或者至少把它寄出去 但纵使你只写了信然后 实在不"
  [合成] 148/530 完成 (1.9s) "我想更深入地谈谈 我们如何表达感激"
  [合成] 149/530 完成 (4.6s) "以及通常我们如何处理苦和积极绪 这次还是桑佳 冒"
  [合成] 150/530 完成 (2.5s) "研究中她请求参与者讲述或分享 他们一生中最坏的经"
  [合成] 151/530 完成 (2.5s) "和他们一生中最好的经历 事实上她将他们分成四组"
  [合成] 152/530 完成 (4.3s) "其中一组把这些事写下来 按照AFC模气来写 A代"
  [合成] 153/530 完成 (4.4s) "B代表行为银 即你当时的作为 C代表认知 也就是"
  [合成] 154/530 完成 (2.2s) "第一组 只需写下来即可 第二组 讲给 台录音机听"
  [合成] 155/530 完成 (2.7s) "同样是有关最好经历 以及最坏经历 以吸豪坏经历 "
  [合成] 156/530 完成 (3.0s) "第三组只需回想 反复在脑海中重现 同样也是连续3"
  [合成] 157/530 完成 (7.7s) "实验者的生理和心理健康状况 她观察了他们的健康状"
  [合成] 158/530 完成 (9.2s) "随后她又观察他们的情绪 他们的幸福感如何 在实验"
  [合成] 159/530 完成 (3.2s) "还有一 一个第四组作为对照组 还有一个第四组作为"
  [合成] 160/530 完成 (1.3s) "她的研究结果如下"
  [合成] 161/530 完成 (1.8s) "幻灯片上基本上有三四组对照"
  [合成] 162/530 完成 (4.0s) "“说"和“想”三栏 写 “说“和“想 写 三栏 "
  [合成] 163/530 完成 (11.1s) "我先来解释一下 那些写在纸上的人 那些写下最坏经"
  [合成] 164/530 完成 (2.3s) "并且在4周后与对照组相比 身体也更加健康了"
  [合成] 165/530 完成 (1.8s) "那些对录音机说的人还记得吗"
  [合成] 166/530 完成 (5.6s) "谈论自己的感受 描述自己的经历过程 回忆自己当时"
  [合成] 167/530 完成 (2.2s) "3天各15分钟 在讲完之后感觉也更好了"
  [合成] 168/530 完成 (9.5s) "那些只是回忆不 不断重温旧事的人 那些只是回忆 "
  [合成] 169/530 完成 (2.8s) "第二项研究 让他们书写自己最幸福的经历 我们却得"
  [合成] 170/530 完成 (7.3s) "换句话说 那些在纸止做记录的人 换句话说那些在纸"
  [合成] 171/530 完成 (1.9s) "一个月后生理和心理上都感觉更糟"
  [合成] 172/530 完成 (4.9s) "那些谈论它 同样按照ABC模式 那些该距按 照情"
  [合成] 173/530 完成 (2.7s) "二 反复思考他们的积极经历 想象它 连续3天每天"
  [合成] 174/530 完成 (2.5s) "在一个月 也就是四周后 感觉更好而且更加健康了"
  [合成] 175/530 完成 (6.5s) "于是她进一次实验 试图解开其中奥妙 结果筒直山乎"
  [合成] 176/530 完成 (10.0s) "所以她开展了第三次实验 想要弄清其中的机制 为什"
  [合成] 177/530 完成 (2.7s) "光们感到更好并且更健康 光们的免疫系统亦因此得到"
  [合成] 178/530 完成 (3.4s) "反复重现它时 而当我们仅仅回想它 反复重现它时 "
  [合成] 179/530 完成 (4.1s) "而对于积极情绪情况却是完全相反的 分析与重现之间"
  [合成] 180/530 完成 (2.5s) "当我们分析经历时 当我们试图理解它时这确实有所帮"
  [合成] 181/530 完成 (3.5s) "它其实是有助于改善痛苦以及消极经历 这也是为何心"
  [合成] 182/530 完成 (3.9s) "而在治疗中最重要的 不是技巧 不是治疗师多年的研"
  [合成] 183/530 完成 (4.1s) "这些都有影响但并没有那么关键 最关键的影响是他们"
  [合成] 184/530 完成 (3.4s) "所以当我们感到自己能够诉说 以及分析痛苦情绪时 "
  [合成] 185/530 完成 (3.6s) "当我们仅仅坐下并反复思考痛苦情绪 而不试着理解它"
  [合成] 186/530 完成 (4.6s) "我们变得狭隘压抑 感到更加悲哀 进而使我们愈发狭"
  [合成] 187/530 完成 (5.4s) "相对地我们并不清楚为什么 当我们分析一段积极经历"
  [合成] 188/530 完成 (1.6s) "却从中得不到任何益处"
  [合成] 189/530 完成 (2.8s) "我们并不清楚其中的原由 这一行为消除了经历中的天"
  [合成] 190/530 完成 (4.2s) "当我们仅仅不断回想积极的经历 然而 仅仅想到它时"
  [合成] 191/530 完成 (5.4s) "遵循的便是以上这一原理 换句话说 正是思考我们一"
  [合成] 192/530 完成 (1.7s) "那么允许自己全然为人指的是什么"
  [合成] 193/530 完成 (4.5s) "这两者又有什么区别呢 因为从长远来看 “允许自己"
  [合成] 194/530 完成 (3.3s) "当允许自己全然为人时 我们允许自已去感受情绪 我"
  [合成] 195/530 完成 (4.2s) "无论其中需要耗费多久的时间 如果我们刚刚失去某人"
  [合成] 196/530 完成 (1.5s) "它允许我们去体验经历"
  [合成] 197/530 完成 (3.7s) "随后我们问自己 现在能采取的最有效的手段是什么 "
  [合成] 198/530 完成 (2.7s) "另一有效措施就是把它写进自己的日记里"
  [合成] 199/530 完成 (1.4s) "这就是积极的接受"
  [合成] 200/530 完成 (2.1s) "而不是反复重温并停驻在痛苦中无法自拔"
  [合成] 201/530 完成 (3.1s) "从我外婆的经历中 我想到的另 一问题是 为什么会"
  [合成] 202/530 完成 (3.7s) "为什么从越南归来的众多美国人中 有30%的越南老"
  [合成] 203/530 完成 (2.1s) "这种疾病困扰他们一生"
  [合成] 204/530 完成 (1.5s) "而经历过一场大屠杀的人"
  [合成] 205/530 完成 (1.4s) "同样也是可怕的经历"
  [合成] 206/530 完成 (2.3s) "而且往往比经历战争还要糟 经历过一场大屠杀的人"
  [合成] 207/530 完成 (5.6s) "患上PTSD 即创伤后应激障碍的比例比前者小得多"
  [合成] 208/530 完成 (3.5s) "在我出生时 他们中有一半的人 都是大屠杀幸存者 "
  [合成] 209/530 完成 (1.8s) "有高达30%的人患有PTSD"
  [合成] 210/530 完成 (4.1s) "相关评委会仍在着手调查 第二次伊拉克战争归国的人"
  [合成] 211/530 完成 (2.1s) "为什么 区别在哪 我认为可以这样解释两者的区别"
  [合成] 212/530 完成 (1.7s) "越战并不是一场全民战争"
  [合成] 213/530 完成 (4.2s) "许多老兵回国后重归故里 从不公开讨论这场战争 他"
  [合成] 214/530 完成 (2.8s) "他们在回想他们最坏的经历 这些经历在自已脑海里一"
  [合成] 215/530 完成 (2.2s) "情况也随之越来越糟 越来越糟"
  [合成] 216/530 完成 (2.8s) "经历过可怕程度有过之而无不及的 大屠杀的人们"
  [合成] 217/530 完成 (1.9s) "他们回到祖国 回到自己的村落"
  [合成] 218/530 完成 (6.5s) "他们回到以色列时他们又是怎么做的 他们会去谈论 "
  [合成] 219/530 完成 (1.8s) "如幻灯片所示"
  [合成] 220/530 完成 (2.5s) "久而久之他们的人生得以继续下去 久而久之"
  [合成] 221/530 完成 (9.6s) "所以这个研究给予我们的良方 你们其实都了解我再最"
  [合成] 222/530 完成 (3.7s) "与朋友与亲人与治疗师分享 或通过书写日记分享的益"
  [合成] 223/530 完成 (7.8s) "这是公认的最有效的干预手段 无论对积极经历还是对"
  [合成] 224/530 完成 (3.7s) "不要总等到感恩节才心怀感激 我们不应等到每年11"
  [合成] 225/530 完成 (2.1s) "等到全家围坐在桌边 道出我们感谢的事物"
  [合成] 226/530 完成 (7.3s) "应该把它培养成一种习惯 一是因为它有效它对我们有"
  [合成] 227/530 完成 (2.5s) "可行的其实也是符合道德的 两者相辅相成"
  [合成] 228/530 完成 (4.0s) "上次我提到过的那本书 ·史坦德?拉斯特写的 大卫"
  [合成] 229/530 完成 (2.3s) "它是我们内心对这种给予的人生 纯粹而真诚的回应""
  [合成] 230/530 完成 (2.9s) "诗人高尔韦· 金内尔曾写道 若无其他美德 请在感"
  [合成] 231/530 完成 (2.3s) "感激不仅是最重要的美德 还是其它所有美德的根源"
  [合成] 232/530 完成 (4.2s) "为什么是其它美德的根源 我很喜欢这话 但我曾多次"
  [合成] 233/530 完成 (1.5s) "因为如果你仔细想想"
  [合成] 234/530 完成 (8.1s) "如果我们不感恩 那么我们会认为事物本应如此 如果"
  [合成] 235/530 完成 (1.7s) "然后 它们便在我们眼里消失了"
  [合成] 236/530 完成 (1.7s) "是什么让美德成为美德"
  [合成] 237/530 完成 (3.4s) "是美好事物 而如果这世上没有美好 那么美德就不再"
  [合成] 238/530 完成 (3.0s) "就我的理解 正是循着这样的思路 西塞罗才会说 它"
  [合成] 239/530 完成 (1.6s) "另一位完美的知足常乐者"
  [合成] 240/530 完成 (1.6s) "是拉德克利夫的一个学生"
  [合成] 241/530 完成 (1.8s) "或者说曾是拉德克利夫的学生"
  [合成] 242/530 完成 (3.7s) "海伦·凯勒 海伦 凯勒确实能够开阔我们的眼界 海"
  [合成] 243/530 完成 (5.4s) "她在她精彩的自传里给我们讲过一个故事 讲的是当初"
  [合成] 244/530 完成 (4.2s) "于是那位朋友前去林中漫步 当朋友回来时海伦·凯勒"
  [合成] 245/530 完成 (1.6s) "她的朋友答道 没什么特别的"
  [合成] 246/530 完成 (3.0s) "海伦· 凯勒在她的自传中 对那句“没什么特别的“"
  [合成] 247/530 完成 (2.8s) "“我很惊讶怎么可能在林中漫步一个小时 却没有看到"
  [合成] 248/530 完成 (4.1s) "我这样一个看不见的人 都能发现成百上千的事物 树"
  [合成] 249/530 完成 (2.0s) "失明的我可以给看得见的人们提个醒"
  [合成] 250/530 完成 (2.5s) "善用你的双眼吧 犹如明天你将遭到失明的灾难"
  [合成] 251/530 完成 (4.2s) "聆听乐曲的妙音鸟儿的歌唱 管弦乐队的雄浑而铿锵有"
  [合成] 252/530 完成 (2.5s) "抚摸每一件物品吧 犹如明天你将遭到触觉衰退的厄运"
  [合成] 253/530 完成 (7.6s) "嗅闻所有鲜花的芳香 品尝每一口佳肴吧 犹如明天你"
  [合成] 254/530 完成 (1.9s) "充分利用每 一个感官吧"
  [合成] 255/530 完成 (2.2s) "为世界向你展现的所有愉快 而美好的细节而欣喜吧?"
  [合成] 256/530 完成 (2.0s) "每天花一点时间去关注你周围发生的一切"
  [合成] 257/530 完成 (5.6s) "在你止课的路上抽出 点时间 在你上课的路上抽出 "
  [合成] 258/530 完成 (3.8s) "在夜晚花上一点时间 去回想 去思考当天的经历 并"
  [合成] 259/530 完成 (7.7s) "试着吃得比平时慢一点 点 去品尝 感受那种味道 "
  [合成] 260/530 完成 (7.3s) "拥有我们现有的朋友现有的家人 也是一种荣幸 而我"
  [合成] 261/530 完成 (3.3s) "而我们不必等到威胁或者悲剧降临时 才去感激我们周"
  [合成] 262/530 完成 (1.3s) "是一张家人的照片"
  [合成] 263/530 完成 (2.9s) "尤其是站在照片中间的外婆 照片时常提醒着我要心存"
  [合成] 264/530 完成 (6.7s) "这位是我的外公 他看到外婆 拖着何偻的病体进来就"
  [合成] 265/530 完成 (4.4s) "我的办公室有这张照片 我的办室这张照片 以便能随"
  [合成] 266/530 完成 (7.0s) "但最后还是选择在课程尾声时讲了 因为我知道当我讲"
  [合成] 267/530 完成 (4.8s) "但这些是使我心存感激的事物 但这些是使心存激的事"
  [合成] 268/530 完成 (4.7s) "激励着我并提醒我去做 一个知足常乐者 接下来我想"
  [合成] 269/530 完成 (2.4s) "本学期的第一次“练习时间” 但不是最后一次你可以"
  [合成] 270/530 完成 (5.4s) "审视自己的内心 反省自己 课后分组练习时你们也有"
  [合成] 271/530 完成 (3.3s) "不过我远是想现在就在这个教望进行 我希望你们花几"
  [合成] 272/530 完成 (2.8s) "你们所感谢的事物 你们生命中的美好事物 只能给你"
  [合成] 273/530 完成 (3.9s) "口 金 一 福 好了 我希望你们 如果你们能稍与"
  [合成] 274/530 完成 (1.8s) "可能会有点尴尬我事先道个歉"
  [合成] 275/530 完成 (4.8s) "能够写你考边的人分享 能够与你考达的人分享 你们"
  [合成] 276/530 完成 (1.8s) "口 中 但还是花几分钟与另 个人"
  [合成] 277/530 完成 (6.0s) "但还是花几分钟与另 一个人 与你旁边的人分享 或"
  [合成] 278/530 完成 (4.6s) "你可以详述一件事 也可以宣读你的列表 门 十 厂"
  [合成] 279/530 完成 (4.6s) "一 厦 下 医 分 入 好了 你们可以晚点再继续"
  [合成] 280/530 完成 (4.6s) "只要我们着眼于积极的方面 就能共同建造一个更加积"
  [合成] 281/530 完成 (2.0s) "我想先讲讲期末项目的要求 记住期末项目"
  [合成] 282/530 完成 (2.5s) "主要是一份陈述报告 主要是： 一份陈述报告的时间"
  [合成] 283/530 完成 (2.9s) "在20至30分钟之间 拓展学院的学生 以及本院的"
  [合成] 284/530 完成 (3.9s) "这20至30分钟报告的内容 可以是与积极心里学馄"
  [合成] 285/530 完成 (11.6s) "顺便说一句 妄题可以是 针对抑郁疫或是焦 焦虑症"
  [合成] 286/530 完成 (2.3s) "也可以是精神和宗教主题 可以讨论自尊主题 口"
  [合成] 287/530 完成 (2.8s) "但我要强调的是内容必须是 就你们个人最具意义"
  [合成] 288/530 完成 (8.4s) "且你们最想研究的课题 最个人的池就是最 记售 普"
  [合成] 289/530 完成 (2.8s) "很感兴趣 那就研究它 如果你非常想了解积极心理学"
  [合成] 290/530 完成 (7.8s) "而且能把积极心理干预 且能把积极etctoyar"
  [合成] 291/530 完成 (2.4s) "你在那论文中投入的个人元素越多 “的收获也将越大"
  [合成] 292/530 完成 (1.5s) "要求必须上交手写文本"
  [合成] 293/530 完成 (7.5s) "告篇幅大约是0到15页 二二一分钟报设 二二二一"
  [合成] 294/530 完成 (2.0s) "除了稿件你们还需要提交幻灯片 中 门 不"
  [合成] 295/530 完成 (5.1s) "我们不会依据你做的幻灯片有多华丽 有多精美而评分"
  [合成] 296/530 完成 (3.2s) "而最终唯一能成为我们评分依据的 就是你们最后上交"
  [合成] 297/530 完成 (6.0s) "还有一个被分级为" “已过/未过"的部分 意思是"
  [合成] 298/530 完成 (8.0s) "那些在拓展学院的学生可以 向你们社区的人报告 我"
  [合成] 299/530 完成 (4.3s) "中 到一个自己感兴越的 我 题 到一个自己感兴趣"
  [合成] 300/530 完成 (4.3s) "当然只对那些亲近的人 然后随着时间不断衍化成为讲"
  [合成] 301/530 完成 (6.7s) "某些还未曾有过演讲经历的同学 首先你们综合一下 "
  [合成] 302/530 完成 (2.9s) "还有必须引用一些研究报告 这并非仅仅是一个私人的"
  [合成] 303/530 完成 (2.9s) "它必须引经据典 当然 如果故事可以帮你 抓住要点"
  [合成] 304/530 完成 (4.4s) "也讲交弥也具成效的方式 便是通过品尊传巡信旨 便"
  [合成] 305/530 完成 (2.4s) "也许你们十年后 已经记不得关于自我效能的调查研究"
  [合成] 306/530 完成 (2.7s) "仍旧记得罗杰 ·本尼斯特药故事 仍旧记得罗杰 本"
  [合成] 307/530 完成 (2.0s) "人们铭记各种故事有感于各种故事"
  [合成] 308/530 完成 (3.9s) "但是与此同时这是一篇学术论文 我们的宗旨便在于连"
  [合成] 309/530 完成 (2.8s) "你以准备短片 而它长达10分钟的话 那它就不能算"
  [合成] 310/530 完成 (1.7s) "北其是那些时长份钟的短片"
  [合成] 311/530 完成 (2.4s) "除非你想给我们来上一次讲座 这也是可以的"
  [合成] 312/530 完成 (2.2s) "还有请加入实践练习 假设这是 一个工场"
  [合成] 313/530 完成 (5.0s) "你会安排什么实践呢 你会让你的观众们对彼此表达感"
  [合成] 314/530 完成 (2.4s) "你会计他你写 一篇日记吗 你会计他你写 篇日记吗"
  [合成] 315/530 完成 (3.3s) "你会计他们综会具出去锻炼锻炼身体吗 你会订他们续"
  [合成] 316/530 完成 (1.7s) "所以一请把实践练习包括在肉"
  [合成] 317/530 完成 (1.5s) "下面是时间安排表"
  [合成] 318/530 完成 (5.9s) "所以！ 以下就是你们这学期 一 期末专题的各项截"
  [合成] 319/530 完成 (4.9s) "3月20日 正好在春假前夕 3月20日 正好在春"
  [合成] 320/530 完成 (5.3s) "用一个词或一句话 是关于精神的察讨 还是关于大脑"
  [合成] 321/530 完成 (7.0s) "更具体一 占 关于体育运动 当然 你们也可以在随"
  [合成] 322/530 完成 (6.5s) "4月17号春假后 给你们缓冲期 虽然我希望大家至"
  [合成] 323/530 完成 (5.3s) "到了4月17号 要有一纸提纲 你课题的草案 再次"
  [合成] 324/530 完成 (3.9s) "之后你们可以跟你们的身教们谈谈 之后你们可以跟你"
  [合成] 325/530 完成 (3.4s) "向至少3到4位同学做陈述报告 如果你是展学晾的学"
  [合成] 326/530 完成 (6.3s) "之后你们将收到反馈 最好是手写形式的反馈 我们到"
  [合成] 327/530 完成 (3.6s) "也为了这次专题的参与者准备 因为你要表达出来与人"
  [合成] 328/530 完成 (2.1s) "比如 “我觉得你的这部分” 比如 可以再添加 一"
  [合成] 329/530 完成 (3.8s) "二 或是 再表现出： 占 点激情 或是 再表现出"
  [合成] 330/530 完成 (4.9s) "或是 点激情 占 或是 点 点激情 一周之后 上"
  [合成] 331/530 完成 (2.6s) "还有什么问题吗 别人也可能有相同的问题 对期末项"
  [合成] 332/530 完成 (1.4s) "好好想想 有问题 了"
  [合成] 333/530 完成 (5.5s) "不 不是以小组演讲 你们其实 “你们在哪做这个专"
  [合成] 334/530 完成 (4.1s) "然后彼批互相作报告 如果你们想全过程采用幻灯片做"
  [合成] 335/530 完成 (3.0s) "选择权在你 次这个项目是为你们准备的 次这个项目"
  [合成] 336/530 完成 (2.2s) "也为了那些可能得益于 你们演讲的听众们所准备的"
  [合成] 337/530 完成 (6.2s) "这个项目已经实行两届了 我教这门课头一年的时候 "
  [合成] 338/530 完成 (1.8s) "分享心得 并民结市时候 超与个"
  [合成] 339/530 完成 (3.4s) "问得好 你们是不是要紧贴一个课题 因为毕竟演讲必"
  [合成] 340/530 完成 (5.2s) "随你们你们可以首先概述一下 然后在演讲完后再说 "
  [合成] 341/530 完成 (2.0s) "做礼拜的意义 比如 或是有氧运动的好处"
  [合成] 342/530 完成 (4.8s) "主题可以很详细也可以很宽泛 所以主题可以很详实也"
  [合成] 343/530 完成 (3.1s) "旦大家开始啃文献 一 扑进心理学文献里 阅读大量"
  [合成] 344/530 完成 (4.3s) "既然有这么多的素材 很好 我就具体专注于 一个方"
  [合成] 345/530 完成 (3.3s) "而到随后要做报告的时候又变成 “我想就这个课题过"
  [合成] 346/530 完成 (2.5s) "事实上 确实有很多学生 根据他们的专题报告建立了"
  [合成] 347/530 完成 (2.0s) "又有手举起来了 还是你是在跟我打招呼 你好"
  [合成] 348/530 完成 (5.4s) "你说什么 大家听不清 对对寸展院或者世界其其地方"
  [合成] 349/530 完成 (4.2s) "家人朋发随便是谁 但必须是那些对你心存善意批评的"
  [合成] 350/530 完成 (2.4s) "问你们的助教或是我都可以 问你做脚教或是我都可以"
  [合成] 351/530 完成 (1.1s) "变化"
  [合成] 352/530 完成 (2.1s) "我们整门课在许多方面都一直在谈论变化"
  [合成] 353/530 完成 (8.4s) "这门课就是有关变化的 正如我第一堂 堂课时说的如"
  [合成] 354/530 完成 (2.2s) "我想以后每周锻炼三次 为什么 因为正如你们所见"
  [合成] 355/530 完成 (4.4s) "几个星期之后 每周锻炼三次的效果就如同 服用效力"
  [合成] 356/530 完成 (2.4s) "你想更加丰富你的精神生活 变化还可以指 我想更开"
  [合成] 357/530 完成 (3.2s) "我不想经历焦虑 厦 不管你想在：你至活中改变 么"
  [合成] 358/530 完成 (4.1s) "不管你想在你生活中改变什么 某些特定的模式和方法"
  [合成] 359/530 完成 (5.0s) "区分有效和无效的办法 就是回 分有效和打无效的办"
  [合成] 360/530 完成 (4.8s) "首先 我们已经谈了很多改变的话题 现在我们来回顾"
  [合成] 361/530 完成 (7.2s) "在第三次课上 我们已经提到 变化很难 而县还有很"
  [合成] 362/530 完成 (2.6s) "尝试改变你的幸福 就像是改变你的高度一样困难与徒"
  [合成] 363/530 完成 (7.1s) "现在 即使他们又反驳自己 不是那公举步维艰 说 "
  [合成] 364/530 完成 (3.6s) "双胞台研究说月幸福是 一个随机现象 双胞台研究说"
  [合成] 365/530 完成 (4.3s) "之后 我们讲过丹尼尔·吉尔伯特的 有效预测研究也"
  [合成] 366/530 完成 (8.7s) "在我们狭得终身聘用或者被哈佛录取之后 我们经历了"
  [合成] 367/530 完成 (4.5s) "又上升回归到我们幸福的基面 而我们生活也大致如此"
  [合成] 368/530 完成 (5.3s) "但是是凭借解决问题等手段还是可认实现的 旦是是凭"
  [合成] 369/530 完成 (5.8s) "桥，一严默维尔的那研究 尽管历时5年的干预 最终"
  [合成] 370/530 完成 (2.6s) "他们曾受过最先进的干预方案 也受过来自最优秀的心"
  [合成] 371/530 完成 (4.1s) "精神病学家和社会人士的干预也没用 所以我们知道 "
  [合成] 372/530 完成 (2.7s) "然而同时我们 可能的 也知逆改变您育 文三正 天"
  [合成] 373/530 完成 (3.6s) "我们知道有很多人说改变是不可能 我们知道 他们均"
  [合成] 374/530 完成 (3.7s) "而不看那些例外的情况 不考虑那些已经成功改变的人"
  [合成] 375/530 完成 (5.3s) "正是这些例外证实了这些规则 所以如果改变是可能的"
  [合成] 376/530 完成 (2.1s) "还是通过交谈 有时候只是简单的一句话"
  [合成] 377/530 完成 (1.9s) "改变了你的整个生活 这些都是例外"
  [合成] 378/530 完成 (1.9s) "但是问题不再是改变是否可能"
  [合成] 379/530 完成 (1.7s) "问题变成了怎样实现改变"
  [合成] 380/530 完成 (2.6s) "我们将在这几次课上站在更高层面 更深入地去讨论这"
  [合成] 381/530 完成 (1.2s) "改变是什么样的"
  [合成] 382/530 完成 (2.7s) "我们从微观的角度上从大脑层次来看 改变到底是什么"
  [合成] 383/530 完成 (2.0s) "当改变发生时我们的大脑会发生什么"
  [合成] 384/530 完成 (2.8s) "1998年之前 神经学家一致认为大脑是官能既定的"
  [合成] 385/530 完成 (3.1s) "我们生来拥有既定的神经元间有既定的通道 我们的大"
  [合成] 386/530 完成 (2.6s) "在某一年龄 比如 3岁 可能刚开始我们的大脑还可"
  [合成] 387/530 完成 (3.3s) "但是3岁以后 便不再改变 这个理论一直持续到了1"
  [合成] 388/530 完成 (5.1s) "这个理论令人信服 并且实际上也证明了幸福是一种随"
  [合成] 389/530 完成 (1.9s) "与生俱来的爱好 以及固定的神经通道"
  [合成] 390/530 完成 (3.6s) "你会经历一些对你产生重大影响的事情 正如弗洛伊德"
  [合成] 391/530 完成 (2.2s) "你将只会在同一水平面上波动 不会改变"
  [合成] 392/530 完成 (2.6s) "直到1998年 科学家开始注意到大脑确实会改变"
  [合成] 393/530 完成 (4.0s) "他们提出了神经可塑性的概念 神经细胞愤扭有可塑性"
  [合成] 394/530 完成 (3.9s) "它们会改变 不仅如此 不仅大脑中的神经通道会改变"
  [合成] 395/530 完成 (2.2s) "口 理论至列寸 停止 所以 事实上"
  [合成] 396/530 完成 (3.0s) "我们并不是生而拥有既定数量的神经元 并非传统观念"
  [合成] 397/530 完成 (2.2s) "也并非现在很多人也信奉的那样 它们永远不会改变"
  [合成] 398/530 完成 (1.8s) "经 大错 门整 断及展"
  [合成] 399/530 完成 (7.8s) "展 不断 断更新 不断长不断更新 大脑银多方面就"
  [合成] 400/530 完成 (3.4s) "如果善用大脑就不会钝化 善用大脑它就会运作 这与"
  [合成] 401/530 完成 (2.7s) "问题是我们该如何使用 才能让大脑帮助我们 帮助所"
  [合成] 402/530 完成 (2.2s) "的构造就像幸 在大脑不同的神经元间"
  [合成] 403/530 完成 (4.8s) "有数百万计的通道以及 神经通道的链接 看起来就像"
  [合成] 404/530 完成 (2.0s) "有些更厚夏 更成熟 有些更厚 更成熟"
  [合成] 405/530 完成 (1.7s) "其原理与大自然规律类似"
  [合成] 406/530 完成 (3.2s) "你有广阔的河流绵长的隧道 也有涓涓的细流狭促的沟"
  [合成] 407/530 完成 (3.0s) "都会在神经之间建立起 一条通路 都会在神经之间建"
  [合成] 408/530 完成 (5.8s) "也就是说人的思维模式是有迹可寻的 思维的路径像河"
  [合成] 409/530 完成 (1.7s) "就会渐渐拓宽 水流枯竭懿财候"
  [合成] 410/530 完成 (4.6s) "水流枯竭懿时候 也就是神经通路停止活动的时候 打"
  [合成] 411/530 完成 (3.2s) "神经通路使用的时候会增长 不用的时候便会萎缩"
  [合成] 412/530 完成 (3.4s) "在一个刚刚建立的神经通路中 由于神经具有可塑性 "
  [合成] 413/530 完成 (2.4s) "而在神经发生的作用下 新的神经也在不断地产生"
  [合成] 414/530 完成 (1.5s) "起初 神经通路很窄"
  [合成] 415/530 完成 (2.5s) "举个例子我要学法语 学会了一个新单词 二"
  [合成] 416/530 完成 (3.1s) "就在大脑里建立了一 一个新的连接 如果我听到这个"
  [合成] 417/530 完成 (3.0s) "之后再也没听过 神经通路就会退化 消失 如果我不"
  [合成] 418/530 完成 (2.5s) "那么神经通路就会变得越来越粗 真实的过程也是这样"
  [合成] 419/530 完成 (3.4s) "它会变粗 然后 我就会记住 一辈子都不忘记 这个"
  [合成] 420/530 完成 (2.4s) "最初只是涓涓细流 然后逐渐发展成大江大河"
  [合成] 421/530 完成 (3.9s) "这就是 了解如何量 可最终改变我们思想和幸福的 "
  [合成] 422/530 完成 (1.1s) "试想一下"
  [合成] 423/530 完成 (3.8s) "当大雨倾盆而落 水漫金山时 雨水就会朝建好漫金 "
  [合成] 424/530 完成 (2.5s) "而要想在平地上冲出一条新的河流 可能性则微乎其微"
  [合成] 425/530 完成 (7.0s) "所以经验很可能深化 已经建立起来的神经通路 并将"
  [合成] 426/530 完成 (10.2s) "建立新通路是招记住的东西 连接到其它的东西 连接"
  [合成] 427/530 完成 (3.9s) "因为据斯坦佛大学的卡罗 如果理解这 一 点 理解"
  [合成] 428/530 完成 (4.2s) "那我们就更有可能成功 一种成功的方法便是增强幸福"
  [合成] 429/530 完成 (4.8s) "一条建成的神经通路会吸引更多的行动 一条建成神经"
  [合成] 430/530 完成 (1.3s) "则很容易消失"
  [合成] 431/530 完成 (2.5s) "通路越粗就越容易保留 下来 并且日益壮大"
  [合成] 432/530 完成 (1.5s) "这就是自我增强"
  [合成] 433/530 完成 (2.3s) "当某件事被反复加强 当媒件事被反复加强"
  [合成] 434/530 完成 (3.2s) "例如 你打网球时 使用小臂 不断地重复这一动作 "
  [合成] 435/530 完成 (3.7s) "你可能得拒手腕倾斜 可能得弄清将球拍挥到哪里 但"
  [合成] 436/530 完成 (4.2s) "你就不必再去想怎么挥拍了 它已经铭刻于心了 他们"
  [合成] 437/530 完成 (2.3s) "当有球向你飞来时 你会不假思索地 自动作出反应"
  [合成] 438/530 完成 (3.1s) "你的思路会沿着特定的轨迹走下去 田 形成条件成"
  [合成] 439/530 完成 (1.4s) "音乐也是一样"
  [合成] 440/530 完成 (4.3s) "学者们已经证明 经常练习音乐的人 或者练习运动的"
  [合成] 441/530 完成 (6.6s) "在相关区域会会建多的神经通路 在相关区域会 建多"
  [合成] 442/530 完成 (4.0s) "大脑神经区域的联系也会更强 因为之前已经有了经验"
  [合成] 443/530 完成 (3.1s) "直到印象深刻再也不用特意去想 怎么弹C小调 因为"
  [合成] 444/530 完成 (3.4s) "其中的第一项在第一项研究中 他们发现了大脑是如何"
  [合成] 445/530 完成 (3.6s) "或者正要考驾照的司机 这些司机将要考取驾驶执照 "
  [合成] 446/530 完成 (1.9s) "学习伦敦地图可比纽约地图困难多了"
  [合成] 447/530 完成 (1.7s) "那些司机几乎都没去过伦敦"
  [合成] 448/530 完成 (3.2s) "他们花了大量的时间学习 研究者发现 这些人大脑中"
  [合成] 449/530 完成 (3.1s) "与学习伦敦地图之前相比大不相同 因为他们一直在用"
  [合成] 450/530 完成 (1.2s) "他们有了经验"
  [合成] 451/530 完成 (3.6s) "而经验使他们的大脑中产生了沟痕 所以当有人说去牛"
  [合成] 452/530 完成 (5.8s) "神经可塑性发生了变化 这是个好现象 千真万确 因"
  [合成] 453/530 完成 (9.7s) "比如说 些是消极的通道 其中之一是郁闷型 它会一"
  [合成] 454/530 完成 (1.9s) "会对今天造成什么影响 一直忧心"
  [合成] 455/530 完成 (3.1s) "一直忧心快中 即使是好事 它们也总能马上解读为令"
  [合成] 456/530 完成 (4.9s) "解读为令人担 能马 当我开多自己的生活中 当我开"
  [合成] 457/530 完成 (2.7s) "这些通路就会增强 我有切身经历 这个职位 我马上"
  [合成] 458/530 完成 (3.7s) "为什么哦没有得到另一 一个职称 为什么哦没得到号"
  [合成] 459/530 完成 (3.0s) "马上这些经历就流入了 最宽的那条通道 而当时对我"
  [合成] 460/530 完成 (1.5s) "就是找茬型的通道"
  [合成] 461/530 完成 (1.3s) "此外也有积极的通道"
  [合成] 462/530 完成 (1.8s) "什么是职极的通道 公是职极白"
  [合成] 463/530 完成 (9.0s) "不管条件多差 他都能发现其中的好处 塞翁失马 焉"
  [合成] 464/530 完成 (1.5s) "经验从这些通路中流过"
  [合成] 465/530 完成 (5.0s) "更好地了解知足者的大脑是如何工作的 以及这些通路"
  [合成] 466/530 完成 (2.1s) "大脑左前额叶活动较多的人 仁测息叫"
  [合成] 467/530 完成 (2.2s) "比大脑右前额叶活动较多的人 通常会更快乐"
  [合成] 468/530 完成 (4.3s) "更容易受到积极情绪的影响 从痛苦的情绪中更容易恢"
  [合成] 469/530 完成 (1.4s) "大脑前额叶的右侧"
  [合成] 470/530 完成 (3.8s) "比左侧更为活跃的人们 往往更容易情绪消沉 机能性"
  [合成] 471/530 完成 (3.4s) "但几百年前 人们就已了解到这一规律 当时人们就知"
  [合成] 472/530 完成 (5.0s) "口 当时人们就知道左侧与积极情绪有关 而右侧的活"
  [合成] 473/530 完成 (1.7s) "而这场事故又恰巧"
  [合成] 474/530 完成 (7.6s) "而这场事故叉恰巧 对他们的左脑前额叶造成了损伤 "
  [合成] 475/530 完成 (2.0s) "口 在事故中伤到右侧的人"
  [合成] 476/530 完成 (1.4s) "却大都比以前更快乐了"
  [合成] 477/530 完成 (2.0s) "却大都比以前更快了 不要在家星尝实"
  [合成] 478/530 完成 (9.3s) "不要在家星尝快 有没有家长在场都不行 不过 要是"
  [合成] 479/530 完成 (3.0s) "有一件事需要注意一下 通常同样的诱因会导致截然不"
  [合成] 480/530 完成 (2.9s) "最上有内心的世界 正如爱默生所说！ 同样的世界"
  [合成] 481/530 完成 (3.6s) "在不同的人眼里有人认为是天堂 有人就认为是地狱 "
  [合成] 482/530 完成 (2.1s) "这取决于他们的经历流向哪 那一根神经"
  [合成] 483/530 完成 (6.9s) "这些年来通过我们谈论的练习 通过写日记 通过写日"
  [合成] 484/530 完成 (1.6s) "为此代出了巨买努边"
  [合成] 485/530 完成 (1.3s) "为此们出了巨求务力"
  [合成] 486/530 完成 (4.0s) "我人生的一大财富就是 娶了一个乐观主义的妻子 我"
  [合成] 487/530 完成 (2.2s) "比如说我们从聚会回来 聚会上有个人一直在讲话"
  [合成] 488/530 完成 (5.1s) "我刚想跟汤妮泡怨那人嘴 没一刻闲着 我刚想跟汤妮"
  [合成] 489/530 完成 (2.1s) "那个人多棒啊 他对自≥做的事是多么有激情"
  [合成] 490/530 完成 (1.7s) "他对自三做的事是多么有激情"
  [合成] 491/530 完成 (2.0s) "在她看来却是激情洋溢 这是发自内心的"
  [合成] 492/530 完成 (1.4s) "这其中有基因因素"
  [合成] 493/530 完成 (2.8s) "我们将在后面的课程中讨论 这种基因点能使某些人比"
  [合成] 494/530 完成 (2.5s) "不过这也是可以改变的 我们可以逐条神经通路进行改"
  [合成] 495/530 完成 (1.5s) "字面上讲就是改造大脑"
  [合成] 496/530 完成 (3.9s) "我们在讲心智和冥想时还会提到它 冥想 例如瑜伽 "
  [合成] 497/530 完成 (9.2s) "使人的左脑比右脑更为活跃 从而使使要易受到积极青"
  [合成] 498/530 完成 (2.7s) "们们可以改变神经可塑生和神经发生"
  [合成] 499/530 完成 (4.5s) "我们下周将讨论两种改变方式 第 种是逐渐改变 这"
  [合成] 500/530 完成 (3.2s) "就像自然界中 积年累月的河流 三 可以打磨磐石 "
  [合成] 501/530 完成 (2.4s) "这种改变我们在自然界中很常见 这种方式是健康的"
  [合成] 502/530 完成 (3.6s) "没有捷径可走这需要时间 然而 改变的过程 可以同"
  [合成] 503/530 完成 (1.9s) "试想一下学习演示乐器的过程"
  [合成] 504/530 完成 (7.3s) "但这两个过程有异曲同工之妙 因为学习演奏乐器的时"
  [合成] 505/530 完成 (4.8s) "但我们可做不求结果 而去享受过程 改造神经的过程"
  [合成] 506/530 完成 (1.5s) "也有快速改变的方法"
  [合成] 507/530 完成 (2.9s) "逐渐改变好比 水流冲刷石块 而快速改变好比 用大"
  [合成] 508/530 完成 (1.6s) "快速改变不必花很多时间"
  [合成] 509/530 完成 (3.5s) "它马上就能奏效 但有一点很重要 快速改变不等于捷"
  [合成] 510/530 完成 (4.5s) "快速改变需要大量的准备工作 比如说 你得有足够大"
  [合成] 511/530 完成 (1.5s) "一定要记住这点为什么呢"
  [合成] 512/530 完成 (4.4s) "认为不需要通过锻炼自己的长处和美德 即可抄捷径通"
  [合成] 513/530 完成 (2.0s) "却感到郁郁寡欢 最终因精神饥渴而死?"
  [合成] 514/530 完成 (4.2s) "这也是当今世人感到不悦的主要原因之一 但是在下课"
  [合成] 515/530 完成 (5.3s) "《成功人士的7个习惯》 的个习惯 不少人都读过这"
  [合成] 516/530 完成 (5.4s) "讲述了他攻读博士学位期间的研究 他研究了 最近2"
  [合成] 517/530 完成 (2.2s) "他发现 1930年是 一个分水岭 1930年以前"
  [合成] 518/530 完成 (3.7s) "19世纪到20世纪初期 自助”是指改变性格 是改"
  [合成] 519/530 完成 (1.9s) "然后再度崛起 渡过难关"
  [合成] 520/530 完成 (4.1s) "随后 步走出困境 步 随后 一步一步走出困境 随"
  [合成] 521/530 完成 (1.7s) "从性格的塑造 改为速成的法门"
  [合成] 522/530 完成 (4.9s) "从性格的塑造改 改为速成的法门 《思考致富》 比"
  [合成] 523/530 完成 (1.2s) "《秘快》"
  [合成] 524/530 完成 (1.1s) "福 二"
  [合成] 525/530 完成 (1.9s) "从1930年开始"
  [合成] 526/530 完成 (4.4s) "人们的幸福指数开始下滑 比以前更加消沉更加焦虑 "
  [合成] 527/530 完成 (2.2s) "实际上没有捷径 改变需要时间"
  [合成] 528/530 完成 (1.6s) "改变宜程中 然而"
  [合成] 529/530 完成 (4.7s) "“改变卫程中 然而 给人带来乐趣 给人带来栓乐趣"
  [合成] 530/530 完成 (1.3s) "周末愉快"
