[A] 复用已有边界检测结果：640 条事件
[B] 用 rapidocr 识别 3 条字幕...
[B] 3/3
[B] 完成
[C] 输出 637 条字幕：episode-02.source.zh-CN-ocr.srt
[gpt-sovits] 服务已在运行：http://127.0.0.1:9880
  [合成] 1/622 完成 (2.6s) "早上好 我很高兴你们都来了 我还担心这种天气没人"
  [合成] 2/622 完成 (2.1s) "很高兴你们都没问题"
  [合成] 3/622 完成 (2.7s) "中 首先我要做几个声明 针对我的邮件收到的几个问"
  [合成] 4/622 完成 (2.5s) "开始阅读材料之前我要说几件事情"
  [合成] 5/622 完成 (2.8s) "首先有人问我这门课是为谁设置的"
  [合成] 6/622 完成 (7.5s) "既然这是积极心理学 它是为非常幸福的人设置的吗 "
  [合成] 7/622 完成 (7.4s) "有兴趣的人或是想变得更开心的人 如果你非常开心 "
  [合成] 8/622 完成 (4.7s) "对它感兴趣的人 而且我认为还有那些肯做出努力的 "
  [合成] 9/622 完成 (2.1s) "为了弄清某个概念而弹精竭虑的努力"
  [合成] 10/622 完成 (2.8s) "而只要努力把这些观念融入你的生活 也许你上这门课"
  [合成] 11/622 完成 (6.2s) "是因为你对积极心理学的理论感兴趣 这也没问题 你"
  [合成] 12/622 完成 (9.0s) "我们将接二连三地谈到那些研究 所以你也可以得到理"
  [合成] 13/622 完成 (7.7s) "所以这门课程任何人都可以修 包括那些非常开心而且"
  [合成] 14/622 完成 (5.8s) "这门课程的宗旨是对你们有益 所以我建议如果你想及"
  [合成] 15/622 完成 (2.7s) "就是你必须把所有的读后感都交上来 读后感不会评分"
  [合成] 16/622 完成 (2.5s) "它们基本上就是心得体会 也就是你能不能把观念"
  [合成] 17/622 完成 (2.9s) "把事情融入到你的生活中 这个是必须交的 你交上来"
  [合成] 18/622 完成 (2.7s) "不交就不及格 除此之外 如果你想参加考试那也没问"
  [合成] 19/622 完成 (2.8s) "第三件事 在这问课程你将会接触很多理论和观点"
  [合成] 20/622 完成 (5.8s) "在这们课程你将会接触很多理论和观点 不是每一种都"
  [合成] 21/622 完成 (6.9s) "就在两周前书名叫《幸福又如何》 作者是索尼娅 亚"
  [合成] 22/622 完成 (5.3s) "她是加州大学河滨分校的教授 毕业于哈佛大学 之后"
  [合成] 23/622 完成 (3.1s) "她谈到了找到“适合“的重要性 也就是某种方法"
  [合成] 24/622 完成 (4.0s) "某种工具某种观点是否适合你 并不是你听到的每种观"
  [合成] 25/622 完成 (3.7s) "以及你运用的每种介入方法 你在生活中将会运用介入"
  [合成] 26/622 完成 (5.4s) "不管是作善举 还是表达感激 还是体育锻炼还是写日"
  [合成] 27/622 完成 (2.1s) "然而并不是一切都适合你"
  [合成] 28/622 完成 (4.1s) "你将会接触它 “对我想把它融入到生活中 [或者]"
  [合成] 29/622 完成 (9.2s) "所以记住这一点很重要 我所说的一切都有研究结果的"
  [合成] 30/622 完成 (3.5s) "所以你要积极参与到课程中 而不要被动接受某种学说"
  [合成] 31/622 完成 (5.2s) "鉴别哪些东西适合你 不是一切东西 我敢说并非一切"
  [合成] 32/622 完成 (3.4s) "关于我之前提到的反馈报告 它们在下午五点钟就要交"
  [合成] 33/622 完成 (4.0s) "说错了从下周二开始 你将在每周二下午五点收到 然"
  [合成] 34/622 完成 (6.2s) "反馈报告对大多数人来说 都是有趣好玩值得参与的活"
  [合成] 35/622 完成 (9.0s) "要写论文的人 你们中有多少人要写论文 请举手让我"
  [合成] 36/622 完成 (3.4s) "所以你们不用参加期中考试 你的期末考占更多分数"
  [合成] 37/622 完成 (4.9s) "除非你想参加期中考试 当然我们非常欢迎你参加 写"
  [合成] 38/622 完成 (4.7s) "我们会在网上发很多公告 请经常查看网站 而不是向"
  [合成] 39/622 完成 (1.9s) "需要经常查看一下大概每天六七次"
  [合成] 40/622 完成 (1.6s) "一两天一次就已经足够了"
  [合成] 41/622 完成 (2.6s) "在开始课程之前 今天的课程非常 令人兴奋"
  [合成] 42/622 完成 (5.9s) "我们会邀请进修学院 任务组组长德布 利维 哈佛进"
  [合成] 43/622 完成 (1.8s) "有请德布·禾 利维"
  [合成] 44/622 完成 (3.9s) "好的 我大概有二三十分钟的发言时间 所以我会从我"
  [合成] 45/622 完成 (3.2s) "这只是开玩笑 我是进修学院的任务组组长 我们很激"
  [合成] 46/622 完成 (3.4s) "进修学院有296名学生在线修这门课程 也就是说他"
  [合成] 47/622 完成 (4.2s) "进修学院的学生们 你们会参加电话会议 人们会打电"
  [合成] 48/622 完成 (1.6s) "我们跟新西兰的人打声招呼"
  [合成] 49/622 完成 (2.9s) "还有法国的肯塔基州的 莱克星顿的人"
  [合成] 50/622 完成 (1.6s) "真是难以置信"
  [合成] 51/622 完成 (4.3s) "另一件事就是我 我想拍一张照片 另一件事就是手 "
  [合成] 52/622 完成 (1.8s) "教室里不准拍照"
  [合成] 53/622 完成 (4.7s) "我不会授课 但是既然泰勒和我的系统条理差不多 如"
  [合成] 54/622 完成 (4.1s) "另一件事就是 进修学院的学生们 希望你们耐心点 "
  [合成] 55/622 完成 (2.9s) "大概下周你们就会分组 能来这里这是太激动了"
  [合成] 56/622 完成 (1.4s) "好的 谢谢你 德布"
  [合成] 57/622 完成 (2.7s) "我想以一个故事开始今天的课程 那是两年前发生在我"
  [合成] 58/622 完成 (3.1s) "恰好两年 那是我上次教积极心理学的最后 一节课"
  [合成] 59/622 完成 (2.9s) "那学期开始的时候 那段时间我压力很大 我的导师 "
  [合成] 60/622 完成 (3.5s) "以及将来的积极心理学课程献给 在课程开始前一天去"
  [合成] 61/622 完成 (3.2s) "那时候我压力非常大 我生病了疯 病得非常严重"
  [合成] 62/622 完成 (4.8s) "我生病了症 病得非常严重 我生病了 病得非常严重"
  [合成] 63/622 完成 (5.6s) "课程在周二上 不好意思 后来改为周四手 我服了很"
  [合成] 64/622 完成 (2.2s) "我回家后无法入睡 当时特别痛苦就去看医生了"
  [合成] 65/622 完成 (6.9s) "那是周五下午 我说 那是周五下午手 我说 我必须"
  [合成] 66/622 完成 (2.3s) "我终于睡着了 那是周五晚上 午夜的时候电话响了"
  [合成] 67/622 完成 (2.4s) "我没有去接我很快睡着了 我的妻子汤米拿起了话筒"
  [合成] 68/622 完成 (4.0s) "那是医生打来的 医生对汤米说 体检结果出来了 泰"
  [合成] 69/622 完成 (2.4s) "她对医生说 他刚睡着 他几天没睡了"
  [合成] 70/622 完成 (2.7s) "明天再去不行吗 医生说不行 他得去贝斯犹太人医院"
  [合成] 71/622 完成 (5.8s) "那里实验室最好 他现在就需要这个 那里实验室最好"
  [合成] 72/622 完成 (5.8s) "她没有再详细地说 汤米把我叫醒 告诉我刚才的事 "
  [合成] 73/622 完成 (3.9s) "我们不想把他弄醒 于是我们叫了出租送我去贝斯犹太"
  [合成] 74/622 完成 (1.5s) "在路上这是我不做"
  [合成] 75/622 完成 (2.8s) "我们驶经查尔斯河 然后我们经过哈佛"
  [合成] 76/622 完成 (4.5s) "我当时看着哈佛 看着美丽的河 四周静悄悄 周五午"
  [合成] 77/622 完成 (1.3s) "我情不自禁地想"
  [合成] 78/622 完成 (3.7s) "万一情况真的很严重怎么办 他们为什么半夜叫我去医"
  [合成] 79/622 完成 (2.0s) "一定是出了很严重的问题 我开始思考"
  [合成] 80/622 完成 (2.0s) "如果我只剩下一年时间呢"
  [合成] 81/622 完成 (4.5s) "我在这一年里会做什么 我变得非常伤心 因为我看不"
  [合成] 82/622 完成 (5.5s) "我变得十分忧郁悲伤 然后我问自己好的在职业上 我"
  [合成] 83/622 完成 (2.3s) "我会用所有时间和家人一起度过"
  [合成] 84/622 完成 (2.0s) "但是在职业上在这一年我想完成什么"
  [合成] 85/622 完成 (6.1s) "我的第一反应就是 我要留 留下一个系列的课程 我"
  [合成] 86/622 完成 (4.3s) "我到达医院之后再进行了一些检查 结果其实没什么要"
  [合成] 87/622 完成 (1.5s) "几天之内我就开始恢复了"
  [合成] 88/622 完成 (2.2s) "但是今天我要告诉你们为什么"
  [合成] 89/622 完成 (5.9s) "为什么不管是那时还是现在 对我最重要的事情 都是"
  [合成] 90/622 完成 (3.3s) "为什么是积极心理学 是这个领域 为什么不只是研究"
  [合成] 91/622 完成 (3.2s) "为什么世界上这么多学者 都在研究积极心理学这个概"
  [合成] 92/622 完成 (8.7s) "2000年 戴维·辽 迈尔斯做了一项研究 200"
  [合成] 93/622 完成 (1.7s) "他做了心理学概念方面的研究"
  [合成] 94/622 完成 (2.7s) "他研究的是 “消极研究"和"积极研究"之间的比率"
  [合成] 95/622 完成 (2.7s) "从1967年到2000年 这是积极心理学的形成时"
  [合成] 96/622 完成 (2.2s) "他发现这33年里有五千篇文章研究愤怒"
  [合成] 97/622 完成 (7.1s) "超过四万一千篇文章研究焦虑 超过四万 万一千篇文"
  [合成] 98/622 完成 (2.8s) "然后他开始寻找关于积极的研究文章"
  [合成] 99/622 完成 (4.1s) "寻找关于快乐的研究 令他难以相信的是 只有四百十"
  [合成] 100/622 完成 (5.9s) "之后情况有所转好 他寻找关于幸福的研究 发现33"
  [合成] 101/622 完成 (2.5s) "生活满意度研究最多超过两千五百篇"
  [合成] 102/622 完成 (3.1s) "但是如果你看看 消极研究和积极研究的对比 你得到"
  [合成] 103/622 完成 (10.3s) "每份研究某个积极方面 积极因素的文章 不管是健康"
  [合成] 104/622 完成 (1.4s) "21比1的比率"
  [合成] 105/622 完成 (3.0s) "我得承认这是非常令人郁闷的比率"
  [合成] 106/622 完成 (1.9s) "实际上它让我也又生气又忧虑"
  [合成] 107/622 完成 (3.3s) "那些研究主要集中于不管用的东西上 大部分都是这样"
  [合成] 108/622 完成 (3.9s) "大部分都是这样 而且这也不是新现象 这是亚伯拉罕"
  [合成] 109/622 完成 (4.3s) "他在1954年谈到过这种现象 心理学这一学科对于"
  [合成] 110/622 完成 (2.3s) "它向我们展示了人类的短处 他的缺点他的过失"
  [合成] 111/622 完成 (2.7s) "但很少谈到他的潜能他的长处 他的实际愿望或精神高"
  [合成] 112/622 完成 (3.0s) "好像心理学自愿固步自封 让自己仅限于研究黑暗低劣"
  [合成] 113/622 完成 (3.5s) "心理学研究什么 学心理学的人 可能会猜 我们大量"
  [合成] 114/622 完成 (1.6s) "大量研究抑郁和焦虑"
  [合成] 115/622 完成 (2.5s) "大量研究相似性 大量研究判断错误和过失"
  [合成] 116/622 完成 (4.3s) "这个方面的研究那么多 却很少 21比1的比率表明"
  [合成] 117/622 完成 (2.9s) "我看到这个比率时 我想 1954年的情况到现在也"
  [合成] 118/622 完成 (2.2s) "当我思考它调查它的时候 我觉得心理学需要帮助"
  [合成] 119/622 完成 (3.0s) "我真的这样觉得 你可以从个人的角度想想它"
  [合成] 120/622 完成 (4.7s) "如果 果一个人一天里有21小时感到消沉 而只有1"
  [合成] 121/622 完成 (3.4s) "或1天感觉良好 却有21天觉得焦虑 你会说这个人"
  [合成] 122/622 完成 (4.4s) "我觉得这个领域需要帮助 但问题是 可以这样类比吗"
  [合成] 123/622 完成 (1.8s) "因为说21比1的比率不健康"
  [合成] 124/622 完成 (6.1s) "从个人的角度来看肯定是对的 但是它从多个角度反映"
  [合成] 125/622 完成 (2.4s) "世界上出现了越来越多的抑郁症"
  [合成] 126/622 完成 (1.9s) "还有越来越多的焦虑 东西南北"
  [合成] 127/622 完成 (1.4s) "世界各地都是这样"
  [合成] 128/622 完成 (3.2s) "有些人会争辩道 那些主张继续研究这片领域 而少点"
  [合成] 129/622 完成 (3.7s) "我们应该让这个比率大于21比1 因为我们想缓解人"
  [合成] 130/622 完成 (2.1s) "今天的抑郁症病例比1960年高十倍"
  [合成] 131/622 完成 (5.1s) "部分的原因是人们的意识程度高了 我们对抑郁症的诊"
  [合成] 132/622 完成 (2.9s) "还因为客观上抑郁症患者确实在增加"
  [合成] 133/622 完成 (2.2s) "种最客观的“衡量"方式 一天 就是不幸的自杀"
  [合成] 134/622 完成 (2.0s) "自杀人数在世界范围内明显上升"
  [合成] 135/622 完成 (2.4s) "不仅是在美国 中国澳大利亚以及这里都是如此"
  [合成] 136/622 完成 (3.9s) "现在抑郁症人群的平均年龄小于15岁 孩子们在很小"
  [合成] 137/622 完成 (2.9s) "信息高速公路 通常来说他们都没有准备好 他们无法"
  [合成] 138/622 完成 (6.0s) "所以当我们看到这个数据时 我们认为我们需要做更多"
  [合成] 139/622 完成 (3.8s) "这非常重要 极度重要 我所主张的 是钟摆的偏移 "
  [合成] 140/622 完成 (4.9s) "而要有更多关于积极心理学的研究 不是只要研究它 "
  [合成] 141/622 完成 (5.4s) "而是让钟摆的重心偏移 这里的情况如何 我们本地的"
  [合成] 142/622 完成 (4.6s) "有一篇文章 我无法找到更新的研究 它于2004年"
  [合成] 143/622 完成 (3.2s) "这篇文章说经过他们6个月的研究 哈佛大学八成的学"
  [合成] 144/622 完成 (4.6s) "都经历过抑郁期 我们说的不是大多数人一天里 经常"
  [合成] 145/622 完成 (3.5s) "根据这份研究 47%的哈佛学生 这不是一篇学术性"
  [合成] 146/622 完成 (2.7s) "但是我们稍后将一起探讨一个 发表在权威学术期刊上"
  [合成] 147/622 完成 (7.4s) "但是校报上的这项研究表明 47%的哈佛学生在过去"
  [合成] 148/622 完成 (2.1s) "他们不愿意出门 他们挣扎着度过每一天"
  [合成] 149/622 完成 (1.3s) "47%的人"
  [合成] 150/622 完成 (5.3s) "人们看到这个数据的时候 他们说 当然了 我们要努"
  [合成] 151/622 完成 (1.6s) "应该控制在30:1以下"
  [合成] 152/622 完成 (2.8s) "这样的情况各个校园都有 而不仅仅是哈佛"
  [合成] 153/622 完成 (1.5s) "绝对不是哈佛才有的现象"
  [合成] 154/622 完成 (2.6s) "理查德 ·卡迪森 他是我校心理健康服务中心的领导"
  [合成] 155/622 完成 (5.5s) "他最近在医学领域中最权威的期刊 新英格兰医学杂志"
  [合成] 156/622 完成 (2.8s) "调查对象是全国13500名大学生"
  [合成] 157/622 完成 (1.7s) "来自不同类型的高等院校"
  [合成] 158/622 完成 (1.8s) "包括公立学校和私立学校"
  [合成] 159/622 完成 (1.8s) "他们在这项重要的研究了发现"
  [合成] 160/622 完成 (2.0s) "全国45%的大学生在过去一年"
  [合成] 161/622 完成 (2.0s) "感觉抑郁 导致无法正常生活学习"
  [合成] 162/622 完成 (7.1s) "哈佛学报上的数据是47% 在全国范围的数据是45"
  [合成] 163/622 完成 (2.2s) "这份研究表明 全国94%的大学生"
  [合成] 164/622 完成 (1.9s) "被日常学习生活压得不堪重负"
  [合成] 165/622 完成 (2.0s) "这本应该是我们一生中最美好的四年"
  [合成] 166/622 完成 (2.4s) "这里边一定有问题 这种现象不仅仅出现在美国"
  [合成] 167/622 完成 (3.5s) "我前段时间去了很多国家 我去了欧洲 包括英国 法"
  [合成] 168/622 完成 (1.8s) "所有这些地方 政府都非常关注"
  [合成] 169/622 完成 (3.2s) "大学校长们也都非常关注 抑郁焦虑情绪失常 等问题"
  [合成] 170/622 完成 (1.9s) "自杀率上升所有这些国家都是如此"
  [合成] 171/622 完成 (4.8s) "这是一种蔓延全球的瘟疫 回过头来看 47%的比率"
  [合成] 172/622 完成 (2.2s) "我们哪里还有闲心去研究幸福 健康爱和快乐"
  [合成] 173/622 完成 (4.2s) "我们难道不应该先解决 真正迫切的问题吗 比如抑郁"
  [合成] 174/622 完成 (5.1s) "这样说确实有些道理 但在这门课里手 我要探讨的是"
  [合成] 175/622 完成 (2.4s) "但不是“唯一‘ 特殊 甚至主要 而是“有必要“研"
  [合成] 176/622 完成 (3.9s) "我要说三个为什么应该这样做的理由 首先 研究有效"
  [合成] 177/622 完成 (5.7s) "因为有效的方法对现实具有能动作用 如果我们研究有"
  [合成] 178/622 完成 (2.0s) "在自身修养和人际关系上更加有效"
  [合成] 179/622 完成 (4.1s) "其次为什么说积极心理学 作为一门独立学科 具有重"
  [合成] 180/622 完成 (5.4s) "消除抑郁或者焦虑的感觉 并不意味着 我与此同时会"
  [合成] 181/622 完成 (2.6s) "最后 现在的人们都很重视预防"
  [合成] 182/622 完成 (4.4s) "研究如何培养积极心态 是预防抑郁焦虑 等疑难问题"
  [合成] 183/622 完成 (1.8s) "现在我们来一起探讨这方面的研究"
  [合成] 184/622 完成 (5.0s) "这三个原因表明我们需要积极心理学 我先讲一下有效"
  [合成] 185/622 完成 (2.8s) "在 《积极心理学手册》的序言里 《禾 在 积极心"
  [合成] 186/622 完成 (2.5s) "被誉为积极心理学之父 影响了很多学者 他说"
  [合成] 187/622 完成 (5.6s) "积极心理学的作用是催生一种心理变化 使人们从无休"
  [合成] 188/622 完成 (2.4s) "请留意他说的是“并且” 他没有说“特别” 甚至没"
  [合成] 189/622 完成 (4.2s) "研究有效的方法至关重要 不管是对我们的关系对我们"
  [合成] 190/622 完成 (1.7s) "都是为了获得更多的有效方法"
  [合成] 191/622 完成 (3.9s) "问题是如何把注意力放到有效方法上 这个问题的答案"
  [合成] 192/622 完成 (1.7s) "我通过 一个案例研究来阐明这点"
  [合成] 193/622 完成 (3.5s) "心理学家在20世纪40年代末开始 研究问题人群"
  [合成] 194/622 完成 (5.1s) "越来越多的钱包括政府资金 大学资金 慈善基金都投"
  [合成] 195/622 完成 (1.9s) "存在问题孩子的地区"
  [合成] 196/622 完成 (2.3s) "他们更容易退学 长大后更容易犯罪早孕等等"
  [合成] 197/622 完成 (3.5s) "他们的研究投入了大量金钱 大量的精力 心理学家们"
  [合成] 198/622 完成 (3.0s) "为什么问题人群中 有如此高比例的学生退学 怀孕和"
  [合成] 199/622 完成 (1.7s) "我们下周再谈统计数据"
  [合成] 200/622 完成 (6.6s) "为什么他们当中有这么多人会失败 一个重要问题是 "
  [合成] 201/622 完成 (1.9s) "然而 却看不到明显变化"
  [合成] 202/622 完成 (2.7s) "这些研究的收效微乎其微 很多地区的情况持续恶化"
  [合成] 203/622 完成 (3.2s) "情况没有任何好转虽然动机良好 虽然资源充足 虽然"
  [合成] 204/622 完成 (4.0s) "它们都被投入去研究这个问题 得到的答案却非常有意"
  [合成] 205/622 完成 (3.8s) "而实际上收效很不明显 然后在20世纪80年代 安"
  [合成] 206/622 完成 (1.4s) "今天我要再次提到他"
  [合成] 207/622 完成 (7.0s) "通过安东诺维斯基 及艾伦·朗格和艾丽斯 斤·伊森"
  [合成] 208/622 完成 (1.7s) "心理学家们提出了不同的问题"
  [合成] 209/622 完成 (6.2s) "他们不去问为什么这些人会失败 积极心理学家开始问"
  [合成] 210/622 完成 (7.7s) "也许是有很多人失败了 但并非所以人 也许是有很多"
  [合成] 211/622 完成 (6.4s) "心理学家们此时便开始问 为什么 心理学家们此时便"
  [合成] 212/622 完成 (7.0s) "用弗罗斯特的话来说 这才是至关重要的 心理学家们"
  [合成] 213/622 完成 (3.6s) "开始研究这些成功的人 并甄别出各种因素 然后他们"
  [合成] 214/622 完成 (4.0s) "突然间结果出来了 真正的结果 切实的结果实现了零"
  [合成] 215/622 完成 (5.8s) "这仅仅是基于一个简单的问题 那时候出现的主要概念"
  [合成] 216/622 完成 (3.7s) "开始专注于研究成功的孩子们 那时出现的概念是适应"
  [合成] 217/622 完成 (2.6s) "现在大家都在谈适应力 我们在学校谈适应力 在工作"
  [合成] 218/622 完成 (1.6s) "在卧室里谈"
  [合成] 219/622 完成 (4.3s) "然而在20世纪80年代 然而不 在20世纪80年"
  [合成] 220/622 完成 (2.4s) "研究适应力的时候 它被定义如下 它的定义关系重大"
  [合成] 221/622 完成 (4.2s) "适应力 特征是在面临巨大逆境或危险关头 也仍保持"
  [合成] 222/622 完成 (4.5s) "这些获得成功的孩子最终都有所成就 这是通过纵向研"
  [合成] 223/622 完成 (3.8s) "这些成功的孩子都具有适应力 一开始 当他们研究这"
  [合成] 224/622 完成 (3.2s) "百里挑一甚至千里挑一 因此是不可以模仿的"
  [合成] 225/622 完成 (7.1s) "然而 当他们继续研究 这些成功的人时 继续研究虽"
  [合成] 226/622 完成 (2.7s) "实际上这些是普通的孩子 他们性格普通 但是成就非"
  [合成] 227/622 完成 (2.1s) "例如 我告诉你们几件事"
  [合成] 228/622 完成 (1.4s) "这些孩子都很乐观"
  [合成] 229/622 完成 (2.0s) "不是那种不切实际的盲目乐观"
  [合成] 230/622 完成 (3.4s) "而是乐观地相信 事情会被圆满地解决 我们经常把乐"
  [合成] 231/622 完成 (3.3s) "也就是马丁 塞利格曼 和卡伦·瑞维奇的乐观主义"
  [合成] 232/622 完成 (3.9s) "他们的乐观主义认为 也许这次不会成功 好吧 以后"
  [合成] 233/622 完成 (2.9s) "他们对生活有信心认为它有意义 有时它是宗教信仰 "
  [合成] 234/622 完成 (2.8s) "这种信仰是做他们相信的事 他们中很多人都是理想主"
  [合成] 235/622 完成 (2.7s) "我们在这门课程里谈及的话题之一 就是理想主义就是"
  [合成] 236/622 完成 (2.5s) "因为我们的内心需要理想主义 所以这些孩子有“意义"
  [合成] 237/622 完成 (4.3s) "不管是个人成功方面的意义 以及他们的行事方式的意"
  [合成] 238/622 完成 (1.7s) "还有事情的目标意义"
  [合成] 239/622 完成 (5.1s) "顺便说一下手 我说的这一切 它们对所以人都一样重"
  [合成] 240/622 完成 (2.7s) "对哈佛大学里的人也一样重要 也不仅是在考试期间重"
  [合成] 241/622 完成 (4.0s) "把适应力与幸福联系起来非常重要 思考这些特点价 "
  [合成] 242/622 完成 (3.2s) "我在这里提到的这些特点 都是可授的 你们都可以学"
  [合成] 243/622 完成 (7.5s) "从多个方面来说 这门课程说的就是这个 当心理学家"
  [合成] 244/622 完成 (1.7s) "除了信心以及意义感"
  [合成] 245/622 完成 (1.6s) "利社会行为帮助他人"
  [合成] 246/622 完成 (2.1s) "从无助转变到有益 它们都非常重要"
  [合成] 247/622 完成 (3.6s) "我们要讨论的事情之一就是 帮助他人的意义 它不但"
  [合成] 248/622 完成 (7.9s) "我们便进入了自助和助他人的 上升式螺旋里 因为我"
  [合成] 249/622 完成 (1.4s) "他们都在帮助别人"
  [合成] 250/622 完成 (4.2s) "他们的眼光集中在自己的长处上 而不是缺点 他们不"
  [合成] 251/622 完成 (2.8s) "重申一次这门课程的目标之一 就是你会认清自己的长"
  [合成] 252/622 完成 (3.4s) "不管是通过线上测试 通过回应报告 通过小组学习 "
  [合成] 253/622 完成 (2.4s) "认清长处 他们擅长的是什么"
  [合成] 254/622 完成 (2.1s) "他们为自己设立目标 他们以未来为导向"
  [合成] 255/622 完成 (4.7s) "他们不但思考事情现在有多糟糕 同时也在思考 五年"
  [合成] 256/622 完成 (1.6s) "这是适应力的重要组成部分"
  [合成] 257/622 完成 (1.3s) "他们有一个榜样"
  [合成] 258/622 完成 (3.0s) "他们会说 我想像她那样我想像他那样 榜样可以是老"
  [合成] 259/622 完成 (5.5s) "有时候 它是 一个历史人物或小说的人物 它是一 "
  [合成] 260/622 完成 (1.8s) "一个他们可以效仿的人"
  [合成] 261/622 完成 (2.0s) "榜样给予他们力量 给他们方向感"
  [合成] 262/622 完成 (1.9s) "最后 最重要的就是他们不单干"
  [合成] 263/622 完成 (1.4s) "他们有社会的支持"
  [合成] 264/622 完成 (1.8s) "他们不会说"我够能干 可以自己做"
  [合成] 265/622 完成 (1.8s) "他们说我够能干 我可以请求帮助"
  [合成] 266/622 完成 (1.7s) "因为那确实需要某种能力"
  [合成] 267/622 完成 (2.2s) "还有承认弱点的勇气 承认有某种需要的勇气"
  [合成] 268/622 完成 (2.1s) "想想 你在哈佛 在生活中你有这些东西吗"
  [合成] 269/622 完成 (2.4s) "如果没有 你可以培养这一切 不管是社会支持"
  [合成] 270/622 完成 (3.1s) "不用是每天 与你交谈的一百人 它可以是一两个好朋"
  [合成] 271/622 完成 (1.6s) "它是适应力最重要的因素"
  [合成] 272/622 完成 (3.5s) "社会支出重要的一点 就是找到合适的人 那些你向他"
  [合成] 273/622 完成 (2.6s) "现在我向你们展示一个并不太好的榜样 不太好的社会"
  [合成] 274/622 完成 (3.2s) "这是格雷丝和卡伦之间的一段交流 视频片段来自剧集"
  [合成] 275/622 完成 (2.5s) "这台游戏机是份不错的生日礼物 你觉得你的继子会喜"
  [合成] 276/622 完成 (2.1s) "我不知道 亲爱的 他可以吃它或者按摩它吗"
  [合成] 277/622 完成 (2.6s) "我们换一种方式了解 他的兴趣是什么"
  [合成] 278/622 完成 (1.2s) "火腿"
  [合成] 279/622 完成 (2.6s) "还是你自己到处看看吧 好的 谢谢 你可以出来一下"
  [合成] 280/622 完成 (3.2s) "夫人 这是玩具店 好的 处理一下 别挡道矮个子 "
  [合成] 281/622 完成 (3.9s) "我今天不能和你买东西了手 我得走了 怎么回事发生"
  [合成] 282/622 完成 (4.4s) "我在皮肤科医生那里做了点手术 看起来有点恐怖 现"
  [合成] 283/622 完成 (2.1s) "也许不值一提 一个小点 让妈妈看看"
  [合成] 284/622 完成 (2.6s) "你患疱疹多久了 这不是疱疹 它跟疱疹挨不着边"
  [合成] 285/622 完成 (2.1s) "是吗 它可以参加疱疹的家庭野餐了"
  [合成] 286/622 完成 (4.2s) "这是一个奇怪的雀斑 医生想要冻结它 然后他告诉我"
  [合成] 287/622 完成 (2.8s) "他怎么会认为我可以丑陋十天 因此我要拿着你的尼龙"
  [合成] 288/622 完成 (1.6s) "你在看什么大肚婆"
  [合成] 289/622 完成 (1.8s) "以前没见过疱疹吗"
  [合成] 290/622 完成 (1.7s) "天啊胖子真是麻木不仁"
  [合成] 291/622 完成 (2.6s) "我的天啊 我的天啊"
  [合成] 292/622 完成 (1.9s) "从这块小玩具镜照出来的样子看来"
  [合成] 293/622 完成 (2.1s) "它变大了 就像芭比梦想中的青春痘"
  [合成] 294/622 完成 (2.3s) "它变大了京 就像芭比梦想中的青春痘"
  [合成] 295/622 完成 (3.3s) "幸亏我取消了和马克的约会 没错 因为它看起来 要"
  [合成] 296/622 完成 (1.5s) "来吧 我们离开这里"
  [合成] 297/622 完成 (3.0s) "卡伦也许不是社会支持的好选择 口 但是有很多人却"
  [合成] 298/622 完成 (1.6s) "福 思考一下问题的力量"
  [合成] 299/622 完成 (1.8s) "思考一下问题所能引致的结果"
  [合成] 300/622 完成 (2.5s) "数十年间 许多本应得到帮助的孩子没能得到帮助"
  [合成] 301/622 完成 (1.6s) "因为人们没有提出正确的问题"
  [合成] 302/622 完成 (4.3s) "只有在提出积极问题后 只有在专注于积极的问题后 "
  [合成] 303/622 完成 (2.8s) "这东西就在那里 显而易见 等待被发现"
  [合成] 304/622 完成 (1.5s) "但是他们完全忽略了"
  [合成] 305/622 完成 (3.0s) "他们很聪明有良好的意愿 和充足的资金 但就是没有"
  [合成] 306/622 完成 (1.5s) "问题创造现实"
  [合成] 307/622 完成 (1.4s) "问题创造可能性"
  [合成] 308/622 完成 (1.6s) "一个问题引发一场探索"
  [合成] 309/622 完成 (2.4s) "积极心理学方面的成就 主要是由安东诺维斯基实现的"
  [合成] 310/622 完成 (2.2s) "也就是从病理模型转向利于健康模型"
  [合成] 311/622 完成 (2.0s) "健康本源学就是健康的基础和源头"
  [合成] 312/622 完成 (3.1s) "安东诺维斯基称 研究疾病 无论是精神上还是身体上"
  [合成] 313/622 完成 (4.7s) "但研究健康人也同样重要 看看为什么他们会如此健康"
  [合成] 314/622 完成 (4.9s) "但是有些人却能顺利完成学业 表现优秀 茁壮成长 "
  [合成] 315/622 完成 (3.2s) "我们都经历过但是总体上 他们的经历更积极更快乐 "
  [合成] 316/622 完成 (5.2s) "安东诺维斯基认为我们要研究这点 以便了解健康的源"
  [合成] 317/622 完成 (3.3s) "安东诺维斯基说那些熟悉科学史的人 都知道新问题的"
  [合成] 318/622 完成 (2.7s) "问题是突破点 答案来之不易 但关键在于那个新问题"
  [合成] 319/622 完成 (2.7s) "我向你们传递的健康本源学的问题 就是对健康的原因"
  [合成] 320/622 完成 (4.6s) "这是一个极富创新性的问题 它推动新范式的形成 以"
  [合成] 321/622 完成 (3.5s) "它对研究人员和临床医生有重要意义 对生物学家和社"
  [合成] 322/622 完成 (2.9s) "正是这个问题创造了 积极心理学和积极社会学和其他"
  [合成] 323/622 完成 (2.0s) "他的本业是社会学家 问题产生影响"
  [合成] 324/622 完成 (1.5s) "问题创造现实"
  [合成] 325/622 完成 (1.5s) "现在我想和你们做一个练习"
  [合成] 326/622 完成 (3.0s) "我们在课堂上会做一些练习 这是第一个 目的是阐明"
  [合成] 327/622 完成 (2.2s) "我要让你数出你在屏幕上看到的 几何图形的个数"
  [合成] 328/622 完成 (2.7s) "不是这个屏幕 是下一 一个屏幕 你们是哈佛大学的"
  [合成] 329/622 完成 (1.4s) "下一个屏幕"
  [合成] 330/622 完成 (7.8s) "我要让你们数在屏幕上看到的 几何图形的个数这个问"
  [合成] 331/622 完成 (2.3s) "这个练习的挑战在于 你只有30秒时间完成"
  [合成] 332/622 完成 (2.4s) "30秒之后告诉我你在屏幕上看到了 多少个几何图形"
  [合成] 333/622 完成 (1.5s) "准备好了吗 30秒"
  [合成] 334/622 完成 (1.9s) "你看到屏幕上有多少个几何图形"
  [合成] 335/622 完成 (2.7s) "好的 用了31秒 应该没有问题了 如果你没有做过"
  [合成] 336/622 完成 (6.7s) "我知道你们有些人做过这个练习 但是如果你以前没做"
  [合成] 337/622 完成 (1.1s) "上面呢"
  [合成] 338/622 完成 (1.5s) "上面的人视角很好"
  [合成] 339/622 完成 (1.5s) "8有多于110的吗"
  [合成] 340/622 完成 (1.4s) "好的多少 300吗"
  [合成] 341/622 完成 (1.8s) "有多于200或少于6的吗"
  [合成] 342/622 完成 (2.0s) "福 有多于200或少于6的吗"
  [合成] 343/622 完成 (1.2s) "好的范围很大"
  [合成] 344/622 完成 (1.4s) "我承认这个问题很难"
  [合成] 345/622 完成 (3.4s) "顺便说下 如果你下载的PPT上有这幅图 后来我取"
  [合成] 346/622 完成 (1.7s) "个数从6到200不等"
  [合成] 347/622 完成 (3.3s) "这是 一个很难的问题 实际上 它难到我都不知道屏"
  [合成] 348/622 完成 (2.5s) "我要问你们另一个问题 如果知道这个问题的答案 请"
  [合成] 349/622 完成 (3.5s) "如果你以前没做过这个练习 就把手举起来别说出来 "
  [合成] 350/622 完成 (1.7s) "时钟上显示的是几点钟呢"
  [合成] 351/622 完成 (1.5s) "知道答案的把手举起来"
  [合成] 352/622 完成 (1.7s) "自认为知道答案的 举一半"
  [合成] 353/622 完成 (2.4s) "也许知道 举四分之一 剩下的可以离开了"
  [合成] 354/622 完成 (1.6s) "有几个举了一半整个教室里"
  [合成] 355/622 完成 (2.4s) "有几个举了一半枣 整个教室里 大概有六七百个学生"
  [合成] 356/622 完成 (3.2s) "七百个哈佛学生里 五个半人能读出时钟上的时间 我"
  [合成] 357/622 完成 (2.5s) "我来问你们另 一个较容易的问题 知道答案就把手举"
  [合成] 358/622 完成 (1.1s) "没错"
  [合成] 359/622 完成 (1.6s) "巴士上能看到多少个小孩"
  [合成] 360/622 完成 (1.8s) "如果你知道答案 把手举起来"
  [合成] 361/622 完成 (2.5s) "如果你觉得你知道 举一半 也许知道 举四分之一"
  [合成] 362/622 完成 (2.1s) "大多数人都在想"什么巴士”"
  [合成] 363/622 完成 (1.1s) ""什么小孩"
  [合成] 364/622 完成 (1.5s) "答案就在图上"
  [合成] 365/622 完成 (1.8s) "整个教室七百个哈佛学生中"
  [合成] 366/622 完成 (2.8s) "大概有11.75人会数数 这不是55号数学课程"
  [合成] 367/622 完成 (1.8s) "另一个问题 这个比较容易"
  [合成] 368/622 完成 (2.3s) "屏幕上最左边的几何图形 它的主要颜色是什么"
  [合成] 369/622 完成 (5.4s) "不是较大的那个图形 而是屏幕上最左边的几何图形 "
  [合成] 370/622 完成 (2.6s) "好的大 大概是12.25人 好的 大概是12.2"
  [合成] 371/622 完成 (2.6s) "根据研究和我的估计 这个教室里大概有五到七人 有"
  [合成] 372/622 完成 (2.5s) "真的这是有数据支持的 其余人可没有理由辨不出颜色"
  [合成] 373/622 完成 (1.5s) "我们来看看"
  [合成] 374/622 完成 (1.4s) "时钟上显示的时间"
  [合成] 375/622 完成 (1.7s) "有谁觉得很难看清时间吗"
  [合成] 376/622 完成 (1.5s) "十点十分 这是有点难"
  [合成] 377/622 完成 (1.7s) "巴士上能看见的小孩子个数"
  [合成] 378/622 完成 (2.0s) "那些仍然没看见的同学 巴士在这儿呢"
  [合成] 379/622 完成 (2.3s) "五个 还有颜色 最左边几何图形的主要颜色"
  [合成] 380/622 完成 (2.6s) "怎么回事 我说 这些问题其实不怎么难"
  [合成] 381/622 完成 (2.5s) "积极心理学的期末考试 都要比这难 真的 难很多"
  [合成] 382/622 完成 (3.3s) "为什么 原因是我问了你们一个特定的问题 那个问题"
  [合成] 383/622 完成 (4.7s) "这是件好事 因为如果我们时刻注意到所有事 那就不"
  [合成] 384/622 完成 (5.5s) "所以能集中注意力是好事 但也要记得 这种全神贯注"
  [合成] 385/622 完成 (1.9s) "因为在你们看来 巴士上没有小孩"
  [合成] 386/622 完成 (4.8s) "在你们看来 图上只有几何图形 换句话说 对大多数"
  [合成] 387/622 完成 (2.3s) "在这个特定现实中只有几何图形 巴士上没有小孩"
  [合成] 388/622 完成 (1.5s) "这有着非常重要的含义"
  [合成] 389/622 完成 (1.3s) "想想以下的问题"
  [合成] 390/622 完成 (10.9s) "蜜月期后夫妻间提最多的问题是什么 蜜月期后夫妻间"
  [合成] 391/622 完成 (1.6s) "那时他们会开始问什么问题"
  [合成] 392/622 完成 (2.3s) "怎么回事出了什么毛病 我们要怎样去改善关系"
  [合成] 393/622 完成 (3.1s) "这是 一个非常重要的问题 但如果这是我们唯一提出"
  [合成] 394/622 完成 (1.5s) "那我们就只能看到这件事"
  [合成] 395/622 完成 (3.0s) "我们只能看到不足 有问题的地方 只能看到伴侣的弱"
  [合成] 396/622 完成 (1.4s) "如果只问哪里出了问题"
  [合成] 397/622 完成 (2.3s) "怎么回事我要改善什么 刚才说过我们需要提这些问题"
  [合成] 398/622 完成 (3.6s) "但如果只提这些问题 而通常这些问题确实是 我们所"
  [合成] 399/622 完成 (3.9s) "那么在这对夫妻看来不是客观上讲 而是在这对夫妻看"
  [合成] 400/622 完成 (2.6s) "就像在你们看来 巴士上没有小孩 他们就在你们面前"
  [合成] 401/622 完成 (1.4s) "但是他们不存在"
  [合成] 402/622 完成 (2.6s) "从个人层面讲 这也非常重要 大多数人问得最多的问"
  [合成] 403/622 完成 (12.1s) "大多数美国人澳大利亚人中国人 大多数美国人澳大利"
  [合成] 404/622 完成 (2.8s) "我之所以提到那些地方 因为这是跨文化研究"
  [合成] 405/622 完成 (2.3s) "关于自身人们常问 我的弱点是什么我要改善什么"
  [合成] 406/622 完成 (2.6s) "常常根本不问 我的优势是什么我的美德是什么 我的"
  [合成] 407/622 完成 (3.0s) "如果我们问自己的 一个或一些问题就是 唯一 我的"
  [合成] 408/622 完成 (1.8s) "那么我们就只能看到 自身的缺点和不足"
  [合成] 409/622 完成 (2.6s) "那么在我们看来 好的东西 我们的优势 热情 美德"
  [合成] 410/622 完成 (2.1s) "这些美好的事物在我们身上并不存在"
  [合成] 411/622 完成 (2.4s) "就像在你们看来 巴士上的小孩并不存在 一个主要关"
  [合成] 412/622 完成 (2.1s) "而看不到 也不欣赏自身的优势 热情"
  [合成] 413/622 完成 (2.3s) "这样的人会享有高度的自尊心 自信心和快乐吗"
  [合成] 414/622 完成 (3.8s) "我们还不理解为何这么多婚姻会失败 不理解为什么抑"
  [合成] 415/622 完成 (1.8s) "以及自尊心低落的案例剧增"
  [合成] 416/622 完成 (2.8s) "意图是有的 而且都是良好意图 我们问的是我们如何"
  [合成] 417/622 完成 (1.4s) "怎样才能做得更好"
  [合成] 418/622 完成 (3.0s) "但如果我们不同时提积极的问题 那在我们看来那部分"
  [合成] 419/622 完成 (3.6s) "就如同数十年来对那些心理学家来说 他们所提问题的"
  [合成] 420/622 完成 (3.6s) "即使它就在那里 在他们的眼前在那些成功孩子身上 "
  [合成] 421/622 完成 (1.5s) "问题创造现实"
  [合成] 422/622 完成 (3.4s) "我们所问的问题通常决定了 我们追求的东西 我们选"
  [合成] 423/622 完成 (6.4s) "不管是从个人层面来说 从人际关系层面来说 还是从"
  [合成] 424/622 完成 (3.7s) "大多数顾问会提什么问题 不管是直白地还是含蓄地提"
  [合成] 425/622 完成 (1.4s) "出了什么问题"
  [合成] 426/622 完成 (3.0s) "哪些方面可以改善 有什么短板需要强化 重申一遍这"
  [合成] 427/622 完成 (2.9s) "但如果你只问这些问题 那么你就忽视了这个机构的 "
  [合成] 428/622 完成 (2.3s) "你在掠夺这个机构的活力 你在削弱他们"
  [合成] 429/622 完成 (4.1s) "长远来看欣赏积极因素 也同样重要 甚至更重要 从"
  [合成] 430/622 完成 (2.2s) "欣赏好的事物非常重要 看看“Appreciate"
  [合成] 431/622 完成 (4.8s) "它有两个意思 其一就是对某事心存感激 不认为某事"
  [合成] 432/622 完成 (1.9s) "对待别人的美德和成功同样如此"
  [合成] 433/622 完成 (3.7s) "心存感激是好的 但"Appreciate"还有一"
  [合成] 434/622 完成 (2.8s) "当我们对好的东西心存感激 好的东西便会增值它会增"
  [合成] 435/622 完成 (2.3s) "不幸的是 反之亦然 当我们不感激好的东西"
  [合成] 436/622 完成 (2.0s) "把它看作理所当然好的东西会贬值"
  [合成] 437/622 完成 (6.4s) "这就是大多数恋爱关系中 在度过蜜月期后发生的情况"
  [合成] 438/622 完成 (3.2s) "他们希望自我改善获 获得进步 如果这样做能使你快"
  [合成] 439/622 完成 (3.3s) "欣赏自己的长处优势 美德 也同样重要 这门课中我"
  [合成] 440/622 完成 (1.4s) "但是这不等同与自恋"
  [合成] 441/622 完成 (1.9s) "关于自恋 本学期倒数第二课会讲到"
  [合成] 442/622 完成 (2.4s) "自恋不是自信 不是自尊 它与这些截然相反"
  [合成] 443/622 完成 (2.6s) "我们说的是有根据的自信 有根据的宽厚的仁慈的快乐"
  [合成] 444/622 完成 (3.2s) "要过上那种生活 我们就要欣赏积极的东西 打个比方"
  [合成] 445/622 完成 (2.3s) "斯塔夫罗斯和托里斯 在关于婚姻的优秀著作中说"
  [合成] 446/622 完成 (4.4s) "我们所见的是我们所寻找的 而遗漏了我们并未寻找的"
  [合成] 447/622 完成 (1.5s) "问题常常创造现实"
  [合成] 448/622 完成 (2.4s) "关于问题的思索 首要在与理解那些问题本身"
  [合成] 449/622 完成 (3.1s) "在这点上我遵从一位重要哲学家 一位20世纪至21"
  [合成] 450/622 完成 (1.6s) "他阐明了理解问题的重要性"
  [合成] 451/622 完成 (2.8s) "霍默·辛普森 能不能把声音调低一点 这个视频音量"
  [合成] 452/622 完成 (3.4s) "现在我们要做几项测试 这是 一台简单的测谎仪 我"
  [合成] 453/622 完成 (1.8s) "你要讲真话 明白吗 二"
  [合成] 454/622 完成 (2.3s) "所以第一步是真正理解问题 但是理解问题之后"
  [合成] 455/622 完成 (2.1s) "知道我们要问什么问题也很重要 我之前提到过"
  [合成] 456/622 完成 (2.3s) "培养适应力的要点之一 就是要有一个榜样"
  [合成] 457/622 完成 (2.9s) "现在我要告诉你们我的榜样 实际上正是因为她 我才"
  [合成] 458/622 完成 (3.3s) "她就是玛瓦·柯林斯 玛瓦·柯林斯 20世纪30年"
  [合成] 459/622 完成 (2.8s) "她父亲是非洲裔美国人 母亲是美洲印第安人 她出生"
  [合成] 460/622 完成 (2.7s) "当地的种族歧视风行 幸运的是玛瓦的父亲 对她非常"
  [合成] 461/622 完成 (2.4s) "从小就对她说 你这一生将会有所作为 玛瓦"
  [合成] 462/622 完成 (1.4s) "你可以成为一名 名秘书"
  [合成] 463/622 完成 (7.4s) "他之所以说秘书是因为 鉴于族裔背景 加之性别原因"
  [合成] 464/622 完成 (2.8s) "玛瓦·柯林斯努力工作 她的聪明才智使她成功做成目"
  [合成] 465/622 完成 (1.6s) "成为了一名秘书"
  [合成] 466/622 完成 (7.1s) "做了几年秘书之后 虽然干得不错 可她觉得这不适合"
  [合成] 467/622 完成 (3.2s) "于是她上夜校 几年之后 她得到了教师证书 婚后便"
  [合成] 468/622 完成 (2.3s) "在那她加入了芝加哥中心地段的公立学校"
  [合成] 469/622 完成 (3.1s) "而在那儿她亲眼见证了现状 那里充斥着犯罪 毒品 "
  [合成] 470/622 完成 (3.3s) "老师们希望让孩子们在学校里 能待多久就待多久 为"
  [合成] 471/622 完成 (1.9s) "这样他们就不会接触毒品 不会犯罪"
  [合成] 472/622 完成 (2.5s) "老师们会问道 我们怎样让能让学生 待在学校里呢?"
  [合成] 473/622 完成 (2.6s) "玛瓦·柯林斯直面这种现实说道 事情将有所改变"
  [合成] 474/622 完成 (1.9s) "在上课第一天 她从一年级教到四年级"
  [合成] 475/622 完成 (2.5s) "在上课第一天 她对学生们说 “我们好好树立自己的"
  [合成] 476/622 完成 (4.2s) "她不厌其烦地传达着这 这一讯息 她不厌其烦地传达"
  [合成] 477/622 完成 (1.3s) "最后坚持了好几年"
  [合成] 478/622 完成 (2.9s) "我相信你 你能做好亻 你能成功 我相信你 你能做"
  [合成] 479/622 完成 (2.2s) "自己承担生活的责任 别再埋怨 别再理怨政府"
  [合成] 480/622 完成 (2.8s) "别再埋怨老师 别再理怨父母 别再埋怨老师 别再埋"
  [合成] 481/622 完成 (1.5s) "成功与否全在你自己"
  [合成] 482/622 完成 (1.7s) "她不胜其烦地传达着这 一讯息"
  [合成] 483/622 完成 (3.2s) "同时她对学生们满怀期望 把目光放在他们的长处和优"
  [合成] 484/622 完成 (1.6s) "奇迹就这么出现了"
  [合成] 485/622 完成 (1.6s) "这些老师认为"不可教"的学生"
  [合成] 486/622 完成 (5.7s) "到了四年级便可以读 欧里庇得斯爱 爱默生和莎士比"
  [合成] 487/622 完成 (2.3s) "这些"不可教"的学生在十岁时 便能做高中的数学题"
  [合成] 488/622 完成 (8.1s) "马上和玛瓦·柯林斯有关的谣言开始四散 因为毕竞别"
  [合成] 489/622 完成 (1.7s) "玛瓦·柯林斯听够了谣言"
  [合成] 490/622 完成 (6.8s) "她离开公立学校成立了自己的学校 她离开公立学校成"
  [合成] 491/622 完成 (3.1s) "慢慢地越来越多的学生 来到玛瓦·柯林斯办的学校求"
  [合成] 492/622 完成 (2.5s) "一开始在这所学校上学的学生 都是从公立学校退学的"
  [合成] 493/622 完成 (2.3s) "玛瓦·柯林斯是他们成为街头混混前 最后的希望"
  [合成] 494/622 完成 (1.4s) "奇迹仍在不断出现"
  [合成] 495/622 完成 (2.5s) "渐渐地 越来越多的学生来上这所学校 她不得不搬出"
  [合成] 496/622 完成 (1.7s) "他们在芝加哥租了一间小陋室"
  [合成] 497/622 完成 (2.1s) "冬天天寒地冻夏天酷热难当"
  [合成] 498/622 完成 (2.0s) "但学生们依旧受到他们自身的热情驱使"
  [合成] 499/622 完成 (1.4s) "继续着学业"
  [合成] 500/622 完成 (1.8s) "奇迹继续发生在他们身上"
  [合成] 501/622 完成 (4.4s) "·柯林斯的所有学生都小学毕业了 玛瓦·柯林斯的所"
  [合成] 502/622 完成 (2.0s) "小学毕业后都上了高中而且也都毕业了"
  [合成] 503/622 完成 (2.3s) "高中毕业的学生最后都上了大学 也都大学毕业了"
  [合成] 504/622 完成 (1.7s) "没错 都是那些"不可教"的学生"
  [合成] 505/622 完成 (5.6s) "·柯林斯数十年来生活都很困苦 玛瓦·柯林斯数十年"
  [合成] 506/622 完成 (1.7s) "但是月继一月她都算是熬过去了"
  [合成] 507/622 完成 (2.4s) "1979年 夜间情况发生了变化 1979年"
  [合成] 508/622 完成 (4.5s) "哥伦比亚广播公司 《60分钟》节目的制片人 得知"
  [合成] 509/622 完成 (2.2s) "1980年11月 打给玛瓦·柯林斯"
  [合成] 510/622 完成 (1.5s) "邀请她担任教育部长"
  [合成] 511/622 完成 (1.9s) "我想她父亲当初的一番话不无道理"
  [合成] 512/622 完成 (2.2s) "玛瓦·柯林斯婉拒了这份工作说道"
  [合成] 513/622 完成 (2.8s) "我太热爱教书了手 我属于教室 我太热爱教书了 我"
  [合成] 514/622 完成 (1.3s) "恰好八年过去了"
  [合成] 515/622 完成 (1.6s) "新当选总统老布什"
  [合成] 516/622 完成 (2.3s) "再次打电话给玛瓦·柯林斯 邀请她做教育部长"
  [合成] 517/622 完成 (1.6s) "又一次 以同样的理由 拒绝了"
  [合成] 518/622 完成 (4.1s) "一位富有的慈善家捐赠了 1995年 一位富有的慈"
  [合成] 519/622 完成 (3.1s) "现在全国都有玛瓦·柯林斯开办的学校 数千名学生得"
  [合成] 520/622 完成 (3.0s) "来自世界各地的数百名教师 前来观摩玛瓦·柯林斯创"
  [合成] 521/622 完成 (3.3s) "如今玛瓦·柯林斯的学生中有政治家 商业人士 律师"
  [合成] 522/622 完成 (2.5s) "但最多的还是老师 因为他们了解这一切都是老师的功"
  [合成] 523/622 完成 (2.0s) "我想播放这位杰出女性的一段小型专访"
  [合成] 524/622 完成 (2.3s) "请把声音调大一点 [求校] 这段视频音质很轻"
  [合成] 525/622 完成 (2.3s) "玛瓦·柯林斯 积极学习法 我认为我做得很好"
  [合成] 526/622 完成 (4.2s) "我觉得我很聪明 我很特别 我会让每个孩子都这样想"
  [合成] 527/622 完成 (4.2s) "来说明为什么他们会优秀到要做那样的事 而且要按字"
  [合成] 528/622 完成 (6.2s) "我先写一行句子作为范例 让孩子们能顺藤摸瓜 我很"
  [合成] 529/622 完成 (2.8s) "我和别人志趣相投 我受人称赞 我很重要 我从不怠"
  [合成] 530/622 完成 (8.4s) "从A一直写到Z如果他们再犯错误 他们必须要用另 "
  [合成] 531/622 完成 (2.5s) "因为我厌倦告诉科林斯女士我有多棒了 她非常棒"
  [合成] 532/622 完成 (1.3s) "这是她出版的书"
  [合成] 533/622 完成 (2.7s) "对于那些.我知道 你们当中有些人对有兴趣从事教师"
  [合成] 534/622 完成 (2.1s) "如果有一本书你不得不读 那就是这本"
  [合成] 535/622 完成 (2.9s) "对于那些有兴趣做领导的人 如果有一本书你不得不读"
  [合成] 536/622 完成 (3.0s) "对于那些已为人父母或是有此打算的人 如果有一本书"
  [合成] 537/622 完成 (1.1s) "那就是这本"
  [合成] 538/622 完成 (2.4s) "对于剩下的人来说 如果有一本书你不能不读.."
  [合成] 539/622 完成 (1.5s) "她传递的信息是什么呢"
  [合成] 540/622 完成 (3.1s) "首先 她本身就是榜样 她和孩子们一同学习 孩子就"
  [合成] 541/622 完成 (3.9s) "他们读小说 历史书 他们读带有英雄色彩书 谈论英"
  [合成] 542/622 完成 (3.7s) "他们从社区里挑出榜样 从家庭里挑出榜样从不间断 "
  [合成] 543/622 完成 (3.3s) "首先她自己就是榜样 首先女 她自己就是榜样 首先"
  [合成] 544/622 完成 (2.3s) "她有着很高的期望 我们要好好树立自己的自信心"
  [合成] 545/622 完成 (2.7s) "我们要表现地优秀我们要成功 她的期许很多她看得到"
  [合成] 546/622 完成 (1.4s) "她欣赏每个孩子的潜力"
  [合成] 547/622 完成 (1.2s) "别在埋怨别人"
  [合成] 548/622 完成 (1.4s) "独自承担生活的责任"
  [合成] 549/622 完成 (3.0s) "玛瓦·柯林斯不是个软弱的人 教室里的她要求很严苛"
  [合成] 550/622 完成 (2.1s) "她又尊重每个孩子 同时她又尊重每个孩子"
  [合成] 551/622 完成 (2.6s) "她并不是个自我感觉良好的人 不会不惜一切代价讨好"
  [合成] 552/622 完成 (2.5s) "她相信他们尊 尊重他们 而且她要求很严苛"
  [合成] 553/622 完成 (2.4s) "这是领导力中的重要因素 它是一本好的领导书籍"
  [合成] 554/622 完成 (2.7s) "许多优秀的前总裁 他们的主要目标即待人和善 受人"
  [合成] 555/622 完成 (2.3s) "关键是把工作做好 把事情做好 同时还要尊重他人"
  [合成] 556/622 完成 (1.5s) "其次她有乐观精神"
  [合成] 557/622 完成 (2.9s) "你能做好 你会做得很好 帮助他们为他们自己和团体"
  [合成] 558/622 完成 (2.0s) "最后 从强调缺点到注重优点"
  [合成] 559/622 完成 (6.9s) "来自教育学校的霍华德 加德纳 来自教育学校的霍华"
  [合成] 560/622 完成 (1.7s) "我们应该去寻求这个学生有什么优点"
  [合成] 561/622 完成 (2.4s) "认清这个学生的优点 长处之后 我们便赞扬这种优点"
  [合成] 562/622 完成 (2.3s) "当我们欣赏它的时候 优点和那整个人都会增值"
  [合成] 563/622 完成 (1.5s) "颗种子能长成什么呢"
  [合成] 564/622 完成 (1.4s) "种子是有潜力的"
  [合成] 565/622 完成 (2.7s) "它可能会长出花草树木 如果种子没人灌溉 缺乏阳光"
  [合成] 566/622 完成 (1.4s) "它会凋谢枯萎"
  [合成] 567/622 完成 (1.4s) "人类的潜力也是如此"
  [合成] 568/622 完成 (6.1s) "如果我们不去灌溉它 种子没有光照 它会凋谢枯萎 "
  [合成] 569/622 完成 (7.5s) "如何培养良好的长期人际关系 如果你不灌溉它 不给"
  [合成] 570/622 完成 (4.5s) "本质上 玛瓦·柯林斯所做的 就是为学生创造环境 "
  [合成] 571/622 完成 (5.1s) "范式转移实质上是从被动型被害人 也就是政府没有投"
  [合成] 572/622 完成 (3.8s) "用外在条件 例如资源 用外在条件你 例如资源 来"
  [合成] 573/622 完成 (3.2s) "她改变了这些人的看法 使这些人从怠情的被动性被害"
  [合成] 574/622 完成 (1.9s) "你可以成长你可以做好 你可以成功"
  [合成] 575/622 完成 (5.4s) "而她所做的实质上 是把他们带到连续时间的末端 因"
  [合成] 576/622 完成 (1.3s) "想想你自己的生活"
  [合成] 577/622 完成 (4.4s) "你是哪种人呢 各式各样的被动型被害人还是主动者呢"
  [合成] 578/622 完成 (2.6s) "当我还是这里的学生的时候 我满脑子想的都是女朋友"
  [合成] 579/622 完成 (3.7s) "是的 等我们熟悉对方以后 我们再来谈谈这件事 现"
  [合成] 580/622 完成 (4.0s) "但是假如我女朋友离开了我 如果我是被动性被害人 "
  [合成] 581/622 完成 (4.5s) "替自己感到难过 沉思 就是这个词汉 沉思这种境遇"
  [合成] 582/622 完成 (1.5s) "她很糟糕 都是她的错"
  [合成] 583/622 完成 (2.9s) "我怨她 我怨我的父母他们教子无方 我抱怨她的父母"
  [合成] 584/622 完成 (5.3s) "抱怨过后 我感到沮丧和恼怒 对女友对我父母 对她"
  [合成] 585/622 完成 (1.4s) "根本就没办法解决问题"
  [合成] 586/622 完成 (1.7s) "因为我沉溺于思和自怜中"
  [合成] 587/622 完成 (2.7s) "我们再反观积极主动者 首先 从定义来看 我不会光"
  [合成] 588/622 完成 (4.2s) "我会承担责任 我会到处走走散心 经历痛苦之后这 "
  [合成] 589/622 完成 (4.0s) "这些痛苦让我们拥有所谓的人情味 但在我经历痛苦之"
  [合成] 590/622 完成 (3.3s) "我估计现在的哈佛已经和我大学时 大不相同了 二 "
  [合成] 591/622 完成 (4.1s) "这样做的结果是 我们会谈谈自我认识理论 由达丽尔"
  [合成] 592/622 完成 (2.1s) "我会行动 行动会增加我们的自信水平"
  [合成] 593/622 完成 (4.4s) "结果是更多的希望和乐观 就像在自我应验预言课程中"
  [合成] 594/622 完成 (2.2s) "我更容易就能找到伴侣 我肯定会变得开心"
  [合成] 595/622 完成 (6.5s) "再次强调 作为积极主动者 并不意味着不给我们自己"
  [合成] 596/622 完成 (1.7s) "然而 我们要在适合的时间"
  [合成] 597/622 完成 (4.7s) "也许是现在也许是两三天后 去采取行动 去承担责任"
  [合成] 598/622 完成 (2.3s) "要做一个积极主动 能担当的人的话 我就想要说几件"
  [合成] 599/622 完成 (3.7s) "这种精神可以融入你的哈佛生活 这取决于你 你的责"
  [合成] 600/622 完成 (1.6s) "就是要充分学习这门课的内容"
  [合成] 601/622 完成 (1.9s) "我们作为教师 肯定会为此创造条件"
  [合成] 602/622 完成 (3.3s) "我们会以各种大家想要的方式支持你们 然而 最终 "
  [合成] 603/622 完成 (4.2s) "而且是要做到这点 你们马上要面对的第一个问题 下"
  [合成] 604/622 完成 (1.9s) "你能做些什么呢你能带来些什么呢"
  [合成] 605/622 完成 (7.4s) "你能给这段哈佛时光加入什么样的亮点呢 以此让这段"
  [合成] 606/622 完成 (3.0s) "在纳撒尼尔·布兰登的书里有个故事有关责任说 讲得"
  [合成] 607/622 完成 (2.6s) "当我们谈到自尊时 我们要读点纳撒尼尔·布兰登的东"
  [合成] 608/622 完成 (4.9s) "纳撒尼尔·布兰登谈到了六根支柱 自尊的六根重要支"
  [合成] 609/622 完成 (3.1s) "想要培养很强的自尊心 培养自信的人会承担责任 承"
  [合成] 610/622 完成 (2.1s) "在研讨会上他在书中说到 一大主题就是"
  [合成] 611/622 完成 (2.7s) "要知道承担生活的责任 就是要认识了解到没人会来"
  [合成] 612/622 完成 (1.3s) "没人会来"
  [合成] 613/622 完成 (7.3s) "没人会穿着闪亮铠甲的骑士来到你面前 不会来带你去"
  [合成] 614/622 完成 (1.7s) "自己的自尊自己的幸福负责"
  [合成] 615/622 完成 (4.5s) "没人会来 他在研讨会上谈到了这点 那场研讨会为期"
  [合成] 616/622 完成 (1.4s) "参与者都学到了很多"
  [合成] 617/622 完成 (3.1s) "他告诉他们没人会来 其中一名参与者举手说 “布兰"
  [合成] 618/622 完成 (2.5s) "纳撒尼尔 布兰登问他 何以见得 他说 布兰登博士"
  [合成] 619/622 完成 (2.7s) "对此布兰登回应道 “没错我是来了 但我来是为了告"
  [合成] 620/622 完成 (1.1s) "没人会来"
  [合成] 621/622 完成 (3.8s) "能不能充分体会到这种经历就取决于你了 1504号"
  [合成] 622/622 完成 (3.1s) "我们作为教师 我们迫不及待地想为此创造合适的条件"
D:\work\wzx\outputs\harvard-positive-psychology\episode-02-delivery\video\episode-02.dual-audio.bilingual-subtitles.mp4
