[A] 采用 648 条 Whisper 锚点作为字幕时间戳...

[A] 完成：648 条字幕事件
[B] 用 rapidocr 识别 648 条字幕...

[B] 50/648
[B] 100/648
[B] 150/648
[B] 200/648
[B] 250/648
[B] 300/648
[B] 350/648
[B] 400/648
[B] 450/648
[B] 500/648
[B] 550/648
[B] 600/648
[B] 648/648
[B] 完成
[C] 输出 648 条字幕：episode-11.source.zh-CN-ocr.srt
[gpt-sovits] 服务已在运行：http://127.0.0.1:9880
  [合成] 1/634 完成 (2.5s) "早上好 先请问 今天有大三学生的父母在场吗 欢迎"
  [合成] 2/634 完成 (2.2s) "我很高兴你们能来 我更高兴你们星期二时没有在场"
  [合成] 3/634 完成 (1.3s) "有几件事要宣布"
  [合成] 4/634 完成 (2.6s) "周二课上完后我一直问自己 他们以后会不会认真听我"
  [合成] 5/634 完成 (1.9s) "我希望会 或问自己明天他们还喜不喜欢我"
  [合成] 6/634 完成 (1.3s) "有几件事要宣布"
  [合成] 7/634 完成 (3.9s) "首先有人发邮件询问回复信的事情 询问是否要把你写"
  [合成] 8/634 完成 (1.6s) "我的回复是可交可不交"
  [合成] 9/634 完成 (1.2s) "好下一件事"
  [合成] 10/634 完成 (5.3s) "其实是要交的 但是 如果信件内容太私人 或者因任"
  [合成] 11/634 完成 (2.4s) "那就给助教发个通知说 “我已经写过感谢信了” 那"
  [合成] 12/634 完成 (1.4s) "虽然你不一定要交"
  [合成] 13/634 完成 (1.6s) "但如果你交那再好不过了"
  [合成] 14/634 完成 (2.7s) "一个半星期后就要期中考试了 那我讲一下关于期中考"
  [合成] 15/634 完成 (2.0s) "我们决定 期中测试考多项选择"
  [合成] 16/634 完成 (3.1s) "大概会有 多少来着 50道吧 是50 50道多选"
  [合成] 17/634 完成 (1.8s) "这其中也包10到15分钟的时间"
  [合成] 18/634 完成 (2.9s) "考试不会很难 不是想整蛊你们或者难住你们 考试内"
  [合成] 19/634 完成 (2.6s) "第一节课的时候 我就告诉过你们 我是怎么看待考试"
  [合成] 20/634 完成 (3.7s) "以前我也不习惯考试【 因为我记得 本科生的时候 "
  [合成] 21/634 完成 (3.5s) "但后来我发现考试对学生还是有价值的 目的不是为了"
  [合成] 22/634 完成 (4.8s) "期中考试的目的是为了能让你静下心来 来整理所有学"
  [合成] 23/634 完成 (4.2s) "而如果进行期中考试或期末考试 你们会静下心来通读"
  [合成] 24/634 完成 (4.8s) "这有益于你们整合 从而消化所有学过的内容 因为就"
  [合成] 25/634 完成 (4.0s) "这意味着我们在第一课讨论的所有东西 都和第三课有"
  [合成] 26/634 完成 (5.8s) "所有东西都是相互有关的 而且当你们静下心考试时."
  [合成] 27/634 完成 (6.1s) "但当你们静下心来迎考 你们就能梳理课程间的关系 "
  [合成] 28/634 完成 (5.9s) "从教育的角度来讲 但是 我觉得静下心来过一遍所有"
  [合成] 29/634 完成 (2.9s) "再说一次不会很难 但还请好好复习 题目会很直白 "
  [合成] 30/634 完成 (2.3s) "大家也知道期中考试不是在测验创造力"
  [合成] 31/634 完成 (5.1s) "考试目的是让你过一遍所有内容然后消化吸收 如果有"
  [合成] 32/634 完成 (1.9s) "那么手 我们上次讲到哪了"
  [合成] 33/634 完成 (2.3s) "事实上我记不太清了 我记得自己把整堂课压缩了"
  [合成] 34/634 完成 (2.6s) "但有人告诉我因为要在最后做些”出格“的事 所以我"
  [合成] 35/634 完成 (2.2s) "其中有个知识点我要提下 讲到肢体反馈假说的时候"
  [合成] 36/634 完成 (2.3s) "你们还记得这条假说吗 你待物接人举手投足间 即"
  [合成] 37/634 完成 (1.7s) "脸上眉头紧疏的神情的面部反馈"
  [合成] 38/634 完成 (2.5s) "这些行为都在向别人传达某种信息 然后他们会给我们"
  [合成] 39/634 完成 (1.7s) "同时我们也是在同自己交流"
  [合成] 40/634 完成 (1.9s) "我自信吗骄傲吗害怕吗"
  [合成] 41/634 完成 (3.1s) "当我们说道“弄假直到成真 通常我们需要 因为我们"
  [合成] 42/634 完成 (2.1s) "以及情感神经传递信息并产生影响"
  [合成] 43/634 完成 (2.2s) "汉莫里以及第二作者蒙哥马利 做了一个很棒的研究"
  [合成] 44/634 完成 (2.7s) "汉莫里和蒙哥马利做了这样一项研究 他们召集了一些"
  [合成] 45/634 完成 (6.2s) "请他们来参与研究 请记住这些直男很害羞 研究内容"
  [合成] 46/634 完成 (2.2s) "然后邀请他们去一间 类似詹姆斯楼的地方"
  [合成] 47/634 完成 (2.5s) "“很抱歉由于研究进度有些落后 所以你们要等一下"
  [合成] 48/634 完成 (4.8s) "你们要等到研究正式开始 与此同时还有间等待室 还"
  [合成] 49/634 完成 (4.0s) "到时我们会来接你可能要等上一阵 对不起我会补偿各"
  [合成] 50/634 完成 (1.6s) "最后他们只得待在等候室里"
  [合成] 51/634 完成 (3.0s) "和他们一起等的还有一个人 而他们不知道 这位女性"
  [合成] 52/634 完成 (3.3s) "实际上是这项研究的一部分 但他们以为她和他们一样"
  [合成] 53/634 完成 (4.6s) "所以他们就坐在那 当然还有名女性相伴 而这个女人"
  [合成] 54/634 完成 (2.3s) "并对他们所讲的东西 表现出极大的兴趣和兴奋之情"
  [合成] 55/634 完成 (3.2s) "因为她倾听对话提出问题 还边笑边惊叹道"真的吗 "
  [合成] 56/634 完成 (2.7s) "然后 女人就走进了他们以为是实验室的地方 然后又"
  [合成] 57/634 完成 (4.6s) "然后她又和这群害羞的异性恋男子 聊了12分钟 并"
  [合成] 58/634 完成 (2.8s) "然后她走进实验室时又来了一名女性 就这样 一共六"
  [合成] 59/634 完成 (2.9s) "六名女性和这些害羞直男们坐在一起 对他们所说的东"
  [合成] 60/634 完成 (2.7s) "和他们聊天 一共72分钟 然后他们才参与了所谓的"
  [合成] 61/634 完成 (1.3s) "其实算不上实验"
  [合成] 62/634 完成 (4.0s) "然后第二天 他们又受邀参加同样的实验 随后又发生"
  [合成] 63/634 完成 (1.9s) "她们对他们所说的东西表现出极大的兴趣"
  [合成] 64/634 完成 (2.8s) "当然 研究人员真正感兴趣的 当然 是这样的实验会"
  [合成] 65/634 完成 (2.9s) "这样的行为对害羞男士会产生了什么效果 结果表明效"
  [合成] 66/634 完成 (6.5s) "接下来的六个月里 他们对这些男子进行了跟踪研究 "
  [合成] 67/634 完成 (1.4s) "他们变得没那么害羞了"
  [合成] 68/634 完成 (3.1s) "在经历了144分钟的干预行为后 其中很多人谈了他"
  [合成] 69/634 完成 (1.3s) "并开始约会了"
  [合成] 70/634 完成 (3.6s) "相当显著的差异但问题也随之而来 很多心理学实验 "
  [合成] 71/634 完成 (3.0s) "很对 问题就在于要汇报实验情况 因此半年之后 研"
  [合成] 72/634 完成 (4.8s) "研究人员把这些男子邀请过来 然后告诉他们这只是一"
  [合成] 73/634 完成 (2.1s) "我们要求她们对你们表现出极大兴趣 很残忍对吧"
  [合成] 74/634 完成 (2.0s) "可是情况出于研究人员的意料"
  [合成] 75/634 完成 (4.1s) "这些男子并没有因此收到多大影响 因为过了这半年他"
  [合成] 76/634 完成 (1.9s) "他们开始有约会了t 也没那么害羞了"
  [合成] 77/634 完成 (3.7s) "他们开始有约会了 也没那么害羞了 这产生了积极上"
  [合成] 78/634 完成 (1.9s) "这144分钟改变了他们的生活"
  [合成] 79/634 完成 (1.7s) "别的不说至少他们都有女朋友了"
  [合成] 80/634 完成 (1.1s) "为什么呢"
  [合成] 81/634 完成 (1.6s) "想想班杜拉的自我效能研究"
  [合成] 82/634 完成 (2.9s) "一事成功万事成功 当人们成功表现良好 发现自己表"
  [合成] 83/634 完成 (5.5s) "根据自我认识理论的特定结论 了解认清自身的本质 "
  [合成] 84/634 完成 (2.7s) "谈完了“弄假直到成真 让我们再来回顾下玛瓦 ·柯"
  [合成] 85/634 完成 (4.2s) "根据先祖伦理一书 有一章犹太教教义影响很深远 那"
  [合成] 86/634 完成 (2.3s) "而那些思考力比行动力强的人 他们的智慧无法持久"
  [合成] 87/634 完成 (12.6s) "要是你们还记得之前说的内容 有时只是参加一场研讨"
  [合成] 88/634 完成 (8.4s) "为何如此 因为我们得先造就习惯 然后习惯反过来再"
  [合成] 89/634 完成 (2.8s) "习惯就会拖态度的后腿 所以习惯要随态度一同慢慢改"
  [合成] 90/634 完成 (6.1s) "我们开始践行 比如说如果我们自己敢担当 肯面对 "
  [合成] 91/634 完成 (3.9s) "这些手段毋庸置疑将成为治疗 这些手段母庸置疑将成"
  [合成] 92/634 完成 (1.5s) "除非我们立马开始付诸行动"
  [合成] 93/634 完成 (4.7s) "否则改变也只是昙花一现 我们会变回原来的样子 态"
  [合成] 94/634 完成 (1.5s) "这样才能经久不变"
  [合成] 95/634 完成 (4.7s) "几周前 我在课上提到丹·米尔曼写的 《深夜加油站"
  [合成] 96/634 完成 (2.2s) "他写道 要改变人生轨迹 从两种基本方法中选择"
  [合成] 97/634 完成 (2.9s) "其一 你可以指引你的能量及注意力 用其整理思想集"
  [合成] 98/634 完成 (2.2s) "巩固力量 释放情感以及想像乐观结果"
  [合成] 99/634 完成 (2.3s) "从而使你最终获取自信 以此鼓起勇气"
  [合成] 100/634 完成 (2.6s) "找寻决心 作出承诺 获得足够动力 去做你要做的事"
  [合成] 101/634 完成 (2.6s) "你也可以直接去做 其二 大家都知道有时说起来容易"
  [合成] 102/634 完成 (2.6s) "但通常 比如跳水 你无需顾虑 立马行动"
  [合成] 103/634 完成 (3.9s) "这样做的效果与准备过后达到的效果一样好 甚至效果"
  [合成] 104/634 完成 (2.8s) "之后我们讨论到解决问题 走出安全区 现在请家长们"
  [合成] 105/634 完成 (1.3s) "现在可以睁眼了"
  [合成] 106/634 完成 (2.5s) "上堂课最后我谈到进入“最优不适水平” 这是什么意"
  [合成] 107/634 完成 (3.3s) "我们可以观察在不同的紧张程度下 人们改变的途径对"
  [合成] 108/634 完成 (4.5s) "多数人在多数情况下都是在安全区里的 这很好也很棒"
  [合成] 109/634 完成 (2.4s) "不太可能产生变化 如果我们稍稍跨出舒适区 就到了"
  [合成] 110/634 完成 (2.5s) "这就是我们所说的最优不适区 这里便是真正产生变化"
  [合成] 111/634 完成 (2.8s) "再往后就是恐慌区了 跨入这个区域会使我们感到焦虑"
  [合成] 112/634 完成 (3.6s) "这个区域通常都是对我们不利的 不利于去变化 因为"
  [合成] 113/634 完成 (1.4s) "安全区就像冰水"
  [合成] 114/634 完成 (1.5s) "拓展区就像流水"
  [合成] 115/634 完成 (1.6s) "恐慌区就像沸水"
  [合成] 116/634 完成 (1.8s) "水流运动不受控制 还存有潜在危险"
  [合成] 117/634 完成 (3.9s) "通常来说 最好的方式就是待在拓展区里 等读到“游"
  [合成] 118/634 完成 (2.6s) "“游刃有余“指的是当你被完全带动起来 处在最佳紧"
  [合成] 119/634 完成 (2.8s) "在这种状态下 不管做什么难度都刚好 不会太难但依"
  [合成] 120/634 完成 (3.5s) "如你们所见 也正如我所说的那样 上节课最后我的举"
  [合成] 121/634 完成 (2.7s) "但这么做虽不能说绝对 但基本上并没有达到自己的恐"
  [合成] 122/634 完成 (2.4s) "为什么呢 因为我早已认识你们 我们相处已经有一个"
  [合成] 123/634 完成 (5.1s) "而且已经过了换课的最后期限了 想换的话已经来不及"
  [合成] 124/634 完成 (2.3s) "但这对我来说很重要我是说真的 对我个人来说很重要"
  [合成] 125/634 完成 (3.6s) "因为这确实让我得到了锻炼 让我能更加深入接触到自"
  [合成] 126/634 完成 (4.5s) "你认识到锻炼身体很重要 你读过也践行过那些研究 "
  [合成] 127/634 完成 (5.7s) "如果你已经有五年没活动筋骨了 一开始锻炼就要求跑"
  [合成] 128/634 完成 (5.3s) "或是打游戏机 这也不利于改变 因为你处在安全区里"
  [合成] 129/634 完成 (5.2s) "先一天走两英里然 然后慢慢加多 要让自已得到锻炼"
  [合成] 130/634 完成 (2.2s) "传授知识 话题不限 积极心理学生物学都可以"
  [合成] 131/634 完成 (7.0s) "然而你面对观众时怯场了 不要 要一开始就打算在桑"
  [合成] 132/634 完成 (4.5s) "我把处女秀献给了他们 然后再给家人演讲 渐渐走出"
  [合成] 133/634 完成 (4.6s) "这样的改变方式有所神益 虽然有时 我们不得不进入"
  [合成] 134/634 完成 (3.5s) "或者说是几乎不可能用渐变的方式改变 比如说毒瘾 "
  [合成] 135/634 完成 (4.1s) "鱼京 不可能说出“今天我少吸点毒吧 也少注射些毒"
  [合成] 136/634 完成 (4.1s) "然后就像浸在沸水里一样 这时我们就进入了恐慌区 "
  [合成] 137/634 完成 (4.6s) "在恐慌区 需要别人支持才能坚持下来 需要别人慰藉"
  [合成] 138/634 完成 (2.9s) "但总体来说 如果你想要尝试良性改变 最好的方式就"
  [合成] 139/634 完成 (3.5s) "从理论上来说改变是不可能的 这句话我说过不少次 "
  [合成] 140/634 完成 (7.8s) "有许多人确实产生了变化 很多人说道 因为上了这门"
  [合成] 141/634 完成 (3.1s) "比如上节课的粉红T恤之类的事情 但这对我的生活并"
  [合成] 142/634 完成 (4.6s) "虽不是所有但几乎所有这样的情况 都是因为行为上的"
  [合成] 143/634 完成 (2.6s) "没有行动就不行 说到行动 如果要增加自信心 我们"
  [合成] 144/634 完成 (8.2s) "如果要增加自信心我 我们就要冒风险 而不是光靠交"
  [合成] 145/634 完成 (2.9s) "这还不够 如何才能减少我们生活中的压力 我们下星"
  [合成] 146/634 完成 (6.7s) "简化生活要减负而不是增负 即 即 简化生活 要减"
  [合成] 147/634 完成 (2.5s) "还会使你更为成功 更赋创造力 同时也更赋生产力"
  [合成] 148/634 完成 (1.7s) "但我们不能从理论上减少压力"
  [合成] 149/634 完成 (3.8s) "凿开感恩的渠道 创造更多积极的神经通路 逐渐成为"
  [合成] 150/634 完成 (4.4s) "尽管如此美妙之处在于做某件事时 就算我们会害怕 "
  [合成] 151/634 完成 (6.1s) "要知道我们的心灵无法辨别 虚实之间的区别 从认知"
  [合成] 152/634 完成 (2.6s) "无论是通过想象还是通过实际行动 当我们让自己得到"
  [合成] 153/634 完成 (2.8s) "随着时间推移我 我们会变得更有自信 如同我跟你们"
  [合成] 154/634 完成 (3.9s) "我准备作准备时 内心会假象自己演讲的情形 而内心"
  [合成] 155/634 完成 (4.2s) "有想法是个良好的开端 但这还不够 因为思想必须要"
  [合成] 156/634 完成 (4.5s) "一切万事俱备 但我敢肯定有人心里还会嘀咕 上课结"
  [合成] 157/634 完成 (3.0s) "问题就在于 我自己或者说很多人都没有足够的自制力"
  [合成] 158/634 完成 (1.8s) "没办法每周跑三到五次步"
  [合成] 159/634 完成 (3.5s) "我们生性懒情至少一开始的时候 玩一个小时任天堂游"
  [合成] 160/634 完成 (2.8s) "因此我没有足够的自制力去改变 我只是随口问问希望"
  [合成] 161/634 完成 (5.5s) "如果你相信假如你能严以律己 我知道有些人可能有严"
  [合成] 162/634 完成 (3.7s) "你就很有可能能变得 更幸福或者更成功 相信的请举"
  [合成] 163/634 完成 (3.2s) "好多数人都是这么想的 接下来我要告诉你们两个消息"
  [合成] 164/634 完成 (2.0s) "我想先讲坏消息 因为我喜欢以正面收场"
  [合成] 165/634 完成 (3.5s) "坏消息就是 你们拥有多少自制力是固定的 你现在有"
  [合成] 166/634 完成 (1.7s) "很抱歉这是事实"
  [合成] 167/634 完成 (3.5s) "真不走运 绝大多数人认为 他们需要也想要拥有更多"
  [合成] 168/634 完成 (2.9s) "然而大部分或者说几乎所有人 都无法获得更多自制力"
  [合成] 169/634 完成 (2.6s) "而好消息在于 实际上无论是成功还是幸福 都与自制"
  [合成] 170/634 完成 (2.1s) "凭借现有的自制力 你也可以变得更成功和幸福"
  [合成] 171/634 完成 (2.1s) "方法就是将注意力从依赖自制力上挪开"
  [合成] 172/634 完成 (2.8s) "以此带来转变直至形成习惯 把注意力从自制力转移到"
  [合成] 173/634 完成 (6.9s) "我要讲个概念 这一概念取自 由吉姆 母·洛尔和托"
  [合成] 174/634 完成 (3.0s) "他们所说的实际上是一种本质上的转变 这种转变要求"
  [合成] 175/634 完成 (4.1s) "以此追求自制力意外的能量 因为仅有自制力 不足以"
  [合成] 176/634 完成 (2.0s) "也正是因为人们依赖 通过自制力来寻求改变"
  [合成] 177/634 完成 (2.8s) "这也是为何 许多个体与组织的改变或改革都以失败告"
  [合成] 178/634 完成 (5.3s) "我们来看一项很有意思的研究者是罗伊·鲍迈斯特 研"
  [合成] 179/634 完成 (1.2s) "他的研究很棒"
  [合成] 180/634 完成 (1.7s) "研究内容如下 他逐个邀请一组人"
  [合成] 181/634 完成 (3.2s) "独自走进实验室 随后研究人员告知他 你得在等候室"
  [合成] 182/634 完成 (2.1s) "所以研究对象就坐下来了 他旁边放着一张桌子"
  [合成] 183/634 完成 (3.8s) "而桌子上 放着一个碗 而碗里放着 新鲜出炉 撒着"
  [合成] 184/634 完成 (1.4s) "香气四溢扑面而来"
  [合成] 185/634 完成 (2.3s) "像动画片里那样那些香气会飘进鼻子里 一一"
  [合成] 186/634 完成 (2.0s) "他们就坐在那碗 撒了巧克力粉末的曲奇饼旁边"
  [合成] 187/634 完成 (2.8s) "实验员说把饼干放在那儿说道 “十分钟之后我会来接"
  [合成] 188/634 完成 (4.5s) "然后实验人员就走了 走的时候说 忘说了 这些撒了"
  [合成] 189/634 完成 (2.4s) "所以你就坐在那儿 垂涎欲滴 但又不能大快朵颐"
  [合成] 190/634 完成 (3.2s) "十分钟之后 实验员确实如期而来带你去参加实验员确"
  [合成] 191/634 完成 (1.7s) "你要参加的这项实验测试 内容非常难"
  [合成] 192/634 完成 (4.4s) "大部分人都没做好这项测试 而这项测试需要相当大的"
  [合成] 193/634 完成 (2.9s) "研究人员最关心的实验结果其实是 他们通常能坚持这"
  [合成] 194/634 完成 (1.5s) "实验结果是一个因变量"
  [合成] 195/634 完成 (3.5s) "随机挑选第二组人 来到同一间房屋 坐在同一张椅子"
  [合成] 196/634 完成 (3.8s) "但这次不是撒上巧克力碎末的曲奇饼了 这次碗里的是"
  [合成] 197/634 完成 (3.6s) "他们坐在那里 而实验员临走前告诉他们 还有件事 "
  [合成] 198/634 完成 (1.2s) "“好的没问题"
  [合成] 199/634 完成 (4.0s) "随后你等了十分钟之后研究人员如期而来 带你参加所"
  [合成] 200/634 完成 (2.0s) "也是要观察放弃之前你能坚持多久"
  [合成] 201/634 完成 (8.5s) "你们自己想一下 你们觉得谁会坚持得比较久呢 碗里"
  [合成] 202/634 完成 (1.8s) "好了不 有一组坚持的时间比另外一组"
  [合成] 203/634 完成 (1.1s) "好了"
  [合成] 204/634 完成 (1.6s) "多得多 而且多得不是一点点"
  [合成] 205/634 完成 (3.0s) "那就是碗里放甜菜根的那组 为什么呢 鲍迈斯特想要"
  [合成] 206/634 完成 (2.1s) "于是他进行了后续实验来解释这一原理"
  [合成] 207/634 完成 (2.4s) "这是因为碗里放有巧克力曲奇的那组 花了很多自制力"
  [合成] 208/634 完成 (1.5s) "他们的确很想碰但又不行"
  [合成] 209/634 完成 (2.8s) "于是就把自己仅有的克制力耗尽了 当他们参加所谓的"
  [合成] 210/634 完成 (1.6s) "他们的自制力已经所剩无几"
  [合成] 211/634 完成 (2.3s) "而这项实验的奥妙之处 测试本身需要很多自制力"
  [合成] 212/634 完成 (2.2s) "这项实验意义在于揭示我们的自制力是有限的"
  [合成] 213/634 完成 (1.8s) "那么问题就在于我们怎么去使用"
  [合成] 214/634 完成 (3.2s) "再问你们个问题 在座有多少人完成 我课上要求的新"
  [合成] 215/634 完成 (3.9s) "如果你完成了自己订下的 每一项新年计划 如果每项"
  [合成] 216/634 完成 (2.8s) "麻烦举高一点 方正我没做完 但还要再问你们一个问"
  [合成] 217/634 完成 (3.5s) "这个问题很重要 有多少人。 所以如果你的答案是肯"
  [合成] 218/634 完成 (1.7s) "有多少人今天早上刷了牙"
  [合成] 219/634 完成 (1.6s) "刷了牙的请把手举高点"
  [合成] 220/634 完成 (2.8s) "真欣慰那么多人都刷过牙了 下课之后你们都可以和我"
  [合成] 221/634 完成 (2.5s) "我来想象下今天早上的情形 早上拖着疲倦的身躯起床"
  [合成] 222/634 完成 (3.6s) "然后你定了定神 心想 择日不如撞日 我要把事儿做"
  [合成] 223/634 完成 (1.8s) "为了保持那股冲劲 你立马下了床"
  [合成] 224/634 完成 (5.9s) "丽娜我来了! 说错了 我来刷牙了！ 然后你就刷起"
  [合成] 225/634 完成 (1.3s) "当然不是 不"
  [合成] 226/634 完成 (2.0s) "你会从床上滚下来整个人昏昏沉沉"
  [合成] 227/634 完成 (2.1s) "可能你都不记得自己刷没刷过牙 因为你还没睡醒"
  [合成] 228/634 完成 (1.4s) "为什么会这样呢"
  [合成] 229/634 完成 (3.2s) "我估计尽管每个人今天早上都刷过牙了 但为什么60"
  [合成] 230/634 完成 (1.6s) "完成了新年计划中的目标呢"
  [合成] 231/634 完成 (2.1s) "为什么 因为新年计划中的目标需要自制力"
  [合成] 232/634 完成 (3.0s) "而刷牙只需养成习惯 我们每天都刷牙 已经养成习惯"
  [合成] 233/634 完成 (4.6s) "我们都知道刷牙是习惯 我们也知道刷牙很重要 没刷"
  [合成] 234/634 完成 (6.2s) "但世界上大部分人不是特指哈佛里的人 而是全球范围"
  [合成] 235/634 完成 (5.3s) "以前我是壁球运动员时 别人总会对我的无敌自制力感"
  [合成] 236/634 完成 (1.5s) "我们家可没有巧克力曲奇饼"
  [合成] 237/634 完成 (2.5s) "如果有七 也会被汤米藏起来 如果有 也会被汤米藏"
  [合成] 238/634 完成 (2.2s) "因为要是被我看见 不消两分钟立马就会被消灭掉"
  [合成] 239/634 完成 (5.6s) "我对这些东西完全没有自制力 而对于壁球 我的确有"
  [合成] 240/634 完成 (3.7s) "因为我会早起然后去跑步 然后去上学放学之后直接去"
  [合成] 241/634 完成 (5.3s) "和教练一起做常规训练 然后打比赛 随后再去健身房"
  [合成] 242/634 完成 (1.2s) "每一天都是这样"
  [合成] 243/634 完成 (2.1s) "然后回家做作业 睡觉 这都是习惯"
  [合成] 244/634 完成 (3.3s) "运动员都这样 他们保有这样的习惯 所以在外界看来"
  [合成] 245/634 完成 (1.8s) "有时就跟超人似的 无它 唯手熟尔"
  [合成] 246/634 完成 (2.5s) "托尼 尼·施瓦茨和托尼 ·施瓦茨写道："
  [合成] 247/634 完成 (2.8s) "养成习惯需要定义严谨的行为模式 还要在特定时间付"
  [合成] 248/634 完成 (1.9s) "需要以深深扎根的价值观为驱动力"
  [合成] 249/634 完成 (1.5s) "举几个我自己的例子吧"
  [合成] 250/634 完成 (1.9s) "比如体育锻炼对我来说意义十分重要"
  [合成] 251/634 完成 (2.2s) "而且一直很重要 尤其是在我读到体育锻炼的研究数据"
  [合成] 252/634 完成 (1.5s) "所以我养成了习惯"
  [合成] 253/634 完成 (2.2s) "每周三次花30到45分钟跑步"
  [合成] 254/634 完成 (1.3s) "跑完之后做拉伸运动"
  [合成] 255/634 完成 (2.7s) "我知道瑜伽和冥想对我来说很重要 因此我养成习惯去"
  [合成] 256/634 完成 (2.4s) "早晨起来第一件事 深呼吸几次 休假回来后 会讨论"
  [合成] 257/634 完成 (1.6s) "这是习惯 每次我来这里上课"
  [合成] 258/634 完成 (3.0s) "每次我站在大家面前 我都会先跑跑步 今天早上我就"
  [合成] 259/634 完成 (1.6s) "为什么 因为它有助于舒缓焦虑"
  [合成] 260/634 完成 (1.5s) "不管是从个体还是从整体上"
  [合成] 261/634 完成 (1.3s) "都能帮助我上好课"
  [合成] 262/634 完成 (1.3s) "我同妻子之间的情感"
  [合成] 263/634 完成 (1.7s) "对我来说也是十分重要的宝藏"
  [合成] 264/634 完成 (1.6s) "看到《全民情敌》这部电影吗 非常棒"
  [合成] 265/634 完成 (1.6s) "夫妻关系对我来说很重要"
  [合成] 266/634 完成 (2.3s) "因此我同妻子约定好 每周会有两次约会"
  [合成] 267/634 完成 (4.4s) "别人听我说起后他们会说 “得了吧这也太刻意了吧”"
  [合成] 268/634 完成 (4.4s) "如果我或者妻子有事在外 错过了约会 我们会在之后"
  [合成] 269/634 完成 (4.9s) "而不是一周两次 我们之间的感情对彼此而言都是十分"
  [合成] 270/634 完成 (1.9s) "那么这种惯例不仅重要 而且也很有必要"
  [合成] 271/634 完成 (2.8s) "还可以举别的例子 写感恩便条 每周或每月一次拜访"
  [合成] 272/634 完成 (2.4s) "每月或每两个月拜访一次也可以 每天都将感恩付诸行"
  [合成] 273/634 完成 (2.5s) "这些习惯我们都可以引入自己的生活 并且产生重要的"
  [合成] 274/634 完成 (5.5s) "我还可以同全家人定期一起吃晚饭 每次周五的安息日"
  [合成] 275/634 完成 (5.0s) "平日里 我们也会约家人一起进餐 因为家庭对我们来"
  [合成] 276/634 完成 (1.6s) "习惯会被打破 之后也可以再补上"
  [合成] 277/634 完成 (1.5s) "还有一些否定性的习惯"
  [合成] 278/634 完成 (4.2s) "三小时内不查看电子邮箱 我知道这有点难但这个习惯"
  [合成] 279/634 完成 (2.7s) "因为当我们一直用通信技术联系时 却往往会与生命中"
  [合成] 280/634 完成 (3.3s) "休假过后我们再来探讨这一问题 探讨习惯养成习惯 "
  [合成] 281/634 完成 (2.6s) "习惯会降低自身的生产力 就算生产力不降也会影响创"
  [合成] 282/634 完成 (3.8s) "实际上恰好相反 细数过往从历史性研究的角度来看 "
  [合成] 283/634 完成 (3.3s) "无论是作家 譬如海明威 无论是作家 臂如海明威 "
  [合成] 284/634 完成 (3.0s) "他们平日里都养成了各种习惯 比如说从早上7~10"
  [合成] 285/634 完成 (3.9s) "如果是个夜猫子可以晚6~10点画画 如果是个夜猫"
  [合成] 286/634 完成 (5.4s) "他们养成了习惯而正是因为这些习惯 他们才有能力去"
  [合成] 287/634 完成 (1.9s) "但事实上因为养成了习惯所以可以坚持"
  [合成] 288/634 完成 (2.0s) "心无杂念 一往无前 道理就跟刷牙一样"
  [合成] 289/634 完成 (2.0s) "旦养成习惯 就会有足够的空间让你去创作"
  [合成] 290/634 完成 (3.6s) "现在 重点在于 要给予自己时间养成习惯 保持习惯"
  [合成] 291/634 完成 (1.8s) "而要养成习惯却需要足够的自制力"
  [合成] 292/634 完成 (4.0s) "要知道手 我们很容易前功尽弃 要知道 我们很容易"
  [合成] 293/634 完成 (1.1s) "保持一会几"
  [合成] 294/634 完成 (1.2s) "很好现在."
  [合成] 295/634 完成 (2.0s) "继续交叉双手放在胸前 但这次换个方向"
  [合成] 296/634 完成 (1.6s) "就是两手交叉换个姿势"
  [合成] 297/634 完成 (1.9s) "我发现男生尤其笨手笨脚 但没关系"
  [合成] 298/634 完成 (1.5s) "现在感觉如何很不舒服对吧"
  [合成] 299/634 完成 (3.7s) "只不过是换姿势交叉这样一个简单的动作 口 但我们"
  [合成] 300/634 完成 (1.2s) "那样舒服多了"
  [合成] 301/634 完成 (2.2s) "因为因为我们先养成习惯 然后习惯反过来再造就我们"
  [合成] 302/634 完成 (1.4s) "因此关键在于"
  [合成] 303/634 完成 (2.1s) "我们谈到的只是双手交叉这样一个简单的改变"
  [合成] 304/634 完成 (2.7s) "要改变保持多年的习惯 是得有多难 对我们又会产生"
  [合成] 305/634 完成 (1.8s) "要改变习惯很难 改变需要时间"
  [合成] 306/634 完成 (2.8s) "我之前提到过 母?詹姆斯认为 威廉姆 改变习惯需"
  [合成] 307/634 完成 (4.4s) "中牛一 洛尔和施瓦茨在 《完美承诺的力量》 中牛"
  [合成] 308/634 完成 (4.2s) "当然具体问题具体分析 比如给自己30天养成感恩的"
  [合成] 309/634 完成 (2.4s) "重点在于 每30天不要养成1或2个以上的习惯"
  [合成] 310/634 完成 (4.4s) "为什么呢 因为正如我们之前所说的 养成习惯需要足"
  [合成] 311/634 完成 (2.8s) "这也是为什么我们给自己列出 十项平日里想要改变的"
  [合成] 312/634 完成 (3.7s) "因为我们过度看好自身的自制力 以至于最后崩溃 养"
  [合成] 313/634 完成 (1.4s) "等一个月后养成习惯"
  [合成] 314/634 完成 (2.1s) "等习惯根深蒂固 在神经通路逐渐形成之后"
  [合成] 315/634 完成 (2.9s) "等准备好 我们就可以开始养成下个习惯 最好一次一"
  [合成] 316/634 完成 (2.7s) "在下周的论文中 你们要选择一到两条习惯 最好能在"
  [合成] 317/634 完成 (1.8s) "因为只有行为上改变才会真正改变"
  [合成] 318/634 完成 (2.6s) "洛尔和施瓦茨写道： 逐步的改变好过雄心勃勃的失败"
  [合成] 319/634 完成 (6.6s) "一事成功万事成功 在个人层面如此在组织层面亦然 "
  [合成] 320/634 完成 (2.3s) "进行了大量的研究 他经常说我们需要细小的成功"
  [合成] 321/634 完成 (2.0s) "然后将其转化成巨大的成功"
  [合成] 322/634 完成 (2.4s) "在我还是本科生的时候发生了一件事 那是在我上大二"
  [合成] 323/634 完成 (3.0s) "我在校队打球 我大二非常不顺还受了伤 我无比期待"
  [合成] 324/634 完成 (2.6s) "因为通常3月1日 有时是3月2日 是赛季的最后一"
  [合成] 325/634 完成 (3.0s) "而我简直迫不及待了 因为那天之后 我就无需再打壁"
  [合成] 326/634 完成 (5.1s) "这样我可以把作业都完成 因为要打壁球我们每天都要"
  [合成] 327/634 完成 (3.1s) "每周至少两天 我们都要早起举重或去体育馆训练 日"
  [合成] 328/634 完成 (12.0s) "我渴望快点过上没有壁球比赛的自由日子 尤其那时我"
  [合成] 329/634 完成 (2.2s) "我看见你们中很多人都在点头 运动员们都明白我的意"
  [合成] 330/634 完成 (2.4s) "为什么 为 为什么我反而变得更低效了 为什么为什"
  [合成] 331/634 完成 (1.6s) "拖延症 嗖的一声 一下就来了"
  [合成] 332/634 完成 (3.2s) "怎么会这样 因为多年以来 大家都认为我是严于律已"
  [合成] 333/634 完成 (1.6s) "之后连我都开始信服这点了"
  [合成] 334/634 完成 (4.6s) "我就是个严于律已的人 我日复 日刻苦训练 瞧 我"
  [合成] 335/634 完成 (1.5s) "这需要很强的自律能力才行"
  [合成] 336/634 完成 (1.7s) "然而壁球赛季突然结束了"
  [合成] 337/634 完成 (2.9s) "我心想 “那好 就把这些自制力花在学习上吧 但是"
  [合成] 338/634 完成 (1.6s) "为什么会这样 因为我改变了习惯"
  [合成] 339/634 完成 (6.9s) "如果你代表校队打过比赛 或是投入很多精力参加过音"
  [合成] 340/634 完成 (4.1s) "这样你清楚自 自己什么时候该锻炼 训练到何时会面"
  [合成] 341/634 完成 (2.6s) "因为你知道你只有两小时来学习 因为你想睡个好觉不"
  [合成] 342/634 完成 (4.4s) "当你规律地生活时 就会变得高效且赋有创造力 但如"
  [合成] 343/634 完成 (2.2s) "你心想 那我就有更多时间学习了 然而事与愿违"
  [合成] 344/634 完成 (3.1s) "因为我们的自制力是既定有限的 当我意识到自制力与"
  [合成] 345/634 完成 (5.1s) "当我意识到这是人类本性的时候 我们要掌握好自身本"
  [合成] 346/634 完成 (4.4s) "惯例至为重要意 意义重大 惯例至为重要 意义重大"
  [合成] 347/634 完成 (6.3s) "现在我们来讲讲认知 即C 我们已经讲过了情绪 即"
  [合成] 348/634 完成 (1.5s) "现在让我们来谈谈认知"
  [合成] 349/634 完成 (2.5s) "我们会再次讲到认知重构这一概念 认知重构属于渐变"
  [合成] 350/634 完成 (2.7s) "然后我们会讲到剧变的方法 就是顿悟体验 豁然开朗"
  [合成] 351/634 完成 (1.5s) "首先要说的是认知重构"
  [合成] 352/634 完成 (2.2s) "我们刚刚提到过 任何解读都是一条神经通路"
  [合成] 353/634 完成 (4.5s) "如果我以消极的眼光看待这个世界 我脑内的消极神经"
  [合成] 354/634 完成 (2.0s) "随着时间推移而变得越发根深蒂固"
  [合成] 355/634 完成 (3.5s) "而如果我是一个乐观主义者 在面对相同经历的时候 "
  [合成] 356/634 完成 (3.4s) "因为这两者间脑内的精神通路不同 当然我们以不同的"
  [合成] 357/634 完成 (1.7s) "事情并不总是往好的方向发展"
  [合成] 358/634 完成 (2.8s) "但作为一名乐观主义者 不好意思中间说错了 而作为"
  [合成] 359/634 完成 (1.7s) "每次都会从事物中发现积极的一面"
  [合成] 360/634 完成 (2.6s) "大家回想 一下同卵双胞胎的研究 想想基因能够产生"
  [合成] 361/634 完成 (2.1s) "而它在整个变化的影响中也只占55%"
  [合成] 362/634 完成 (2.3s) "众多心理学导论教科书中 一再提到下面这个例子"
  [合成] 363/634 完成 (2.0s) "讲的是在同一屋檐下长大的一对双胞胎"
  [合成] 364/634 完成 (1.8s) "他们从小在父母的虐待环境下长大"
  [合成] 365/634 完成 (3.5s) "父亲时常喝得醉 还经常吸毒 而他们所经历的童年是"
  [合成] 366/634 完成 (1.9s) "这对双胞胎在这样的家庭环境中长大"
  [合成] 367/634 完成 (2.6s) "等他们成人后逃离了父母 逃离了家庭 随后等他们到"
  [合成] 368/634 完成 (3.9s) "在他们30岁时 一位研究双胞胎的心理学家拜访了他"
  [合成] 369/634 完成 (1.7s) "心理学家发现这个人已有家室"
  [合成] 370/634 完成 (2.2s) "他也虐待自己的家人 时常醉酒也经常吸毒"
  [合成] 371/634 完成 (1.6s) "心理学家好不容易等到他酒醒"
  [合成] 372/634 完成 (2.2s) "他问这个人“ 发生了什么事 你在做什么这里到底怎"
  [合成] 373/634 完成 (5.2s) "这个双胞胎知道心理学家在进行 关于基因以及生长环"
  [合成] 374/634 完成 (3.5s) "他回答道 有其父必有其子 直"7 你也知道我的童"
  [合成] 375/634 完成 (2.0s) "明白他的境遇 心理学家耸耸肩表示赞同"
  [合成] 376/634 完成 (3.0s) "然后他去找了双胞胎中的另外一 一个人 然后他去找"
  [合成] 377/634 完成 (6.0s) "第二位双胞胎当然和前一位同龄 他去找了这第二位双"
  [合成] 378/634 完成 (8.0s) "他和自己的妻几相处得如此融洽 他和自己的妻儿相处"
  [合成] 379/634 完成 (3.4s) "心理学家过段时间回访了这个家庭 以避免自己看到的"
  [合成] 380/634 完成 (3.2s) "家庭极为幸福 事业也极为有成 家庭极为幸福享 事"
  [合成] 381/634 完成 (1.8s) "心理学家觉得难以置信 他问那个人"
  [合成] 382/634 完成 (2.6s) "这个双胞胎也知道心理学家所做的研究 “什么叫"怎"
  [合成] 383/634 完成 (1.2s) "我父亲是那样的人"
  [合成] 384/634 完成 (1.5s) "你清楚我的抚养环境"
  [合成] 385/634 完成 (2.1s) "也清楚他的所作所为 我怎么可能成为向他那样的人呢"
  [合成] 386/634 完成 (2.6s) "我深切知道他伤我们有多深 我怎么可能像他那样对待"
  [合成] 387/634 完成 (8.4s) "有着相同基因的同卵双胞胎 在遭遇相同境遇后却有着"
  [合成] 388/634 完成 (10.6s) "其中一位把过往地狱般的生活延续到如 今 其中一 "
  [合成] 389/634 完成 (2.2s) "我别无选择 我就是这样长大的 这是消极受害者的做"
  [合成] 390/634 完成 (5.7s) "一位则认为我绝不会变成那样 另 另一位则认为 我"
  [合成] 391/634 完成 (1.8s) "这一切仅仅是对由于事物的解读不同"
  [合成] 392/634 完成 (4.5s) "我们之前已经强调过太多次 外部环境并不会对幸福水"
  [合成] 393/634 完成 (1.6s) "产生影响的是我们的思考方式"
  [合成] 394/634 完成 (4.9s) "尽管如此很不幸你们还需牢记 幸福没有捷径一说 而"
  [合成] 395/634 完成 (2.7s) "如果我下周能找到捷径 即便春假结束我也会发邮件告"
  [合成] 396/634 完成 (1.5s) "不过我还是认为没有捷径"
  [合成] 397/634 完成 (2.2s) "而且通常对捷径怀有希望 往往引发更多的不幸"
  [合成] 398/634 完成 (1.6s) "以下是一些认知重构的例证"
  [合成] 399/634 完成 (3.0s) "这项研究由托马佳完成 研究内容为 到底将行为视为"
  [合成] 400/634 完成 (3.0s) "因为对于同一件事 我们可以从认知上重构对这件事物"
  [合成] 401/634 完成 (1.9s) "当我被剑桥拒掉之后 我申请了博士课程"
  [合成] 402/634 完成 (2.0s) "其中一个就是哈佛我非常希望能被录取"
  [合成] 403/634 完成 (6.9s) "而当我入选之后我希望能够回来 因为我在这里渡过了"
  [合成] 404/634 完成 (3.1s) "当我被录取时 我突然感到有些焦虑 之前我说过的 "
  [合成] 405/634 完成 (2.3s) "本科时非常焦虑 而我不想再经历那样的日子了"
  [合成] 406/634 完成 (1.5s) "也许我该换个学校申请"
  [合成] 407/634 完成 (3.1s) "不过接下来我改变了我的看法对自己说 与其将哈佛看"
  [合成] 408/634 完成 (1.5s) "还不如将其视为一种挑战"
  [合成] 409/634 完成 (3.6s) "这样一来我的挑战就非常明确了 我把它写进日记里 "
  [合成] 410/634 完成 (5.2s) "在接下来读博的这6年 我的目标就是能够一直保持平"
  [合成] 411/634 完成 (4.4s) "我为这 一目标不断努力我真的非常努力 这件事变成"
  [合成] 412/634 完成 (2.8s) "即使有种种苦难琐事 失败和焦虑 但大体上比本科生"
  [合成] 413/634 完成 (2.7s) "我最近干成了一件事 在课程上完之后我会时不时出去"
  [合成] 414/634 完成 (5.2s) "三周前我前往佛罗里达 我在那里跟 银一家公司进行"
  [合成] 415/634 完成 (4.4s) "这是我到佛罗里达做的第一件事 我十分中意那家公司"
  [合成] 416/634 完成 (1.9s) "因此在谈话之前我感到非常焦虑"
  [合成] 417/634 完成 (4.5s) "不过接下来我对这件事进行了一次认知重构 心想 有"
  [合成] 418/634 完成 (3.4s) "我能有此等机会与这么棒的一家公司 这么棒的一群工"
  [合成] 419/634 完成 (4.3s) "这就将威胁转化为挑战和机遇 在这一过程中发生了很"
  [合成] 420/634 完成 (2.1s) "比如你不敢尝试演话剧 还是不敢找人约会"
  [合成] 421/634 完成 (1.5s) "又或是不敢在课堂上发言"
  [合成] 422/634 完成 (2.5s) "下面讲到的这个研究 在心理学1和15的课程中也会"
  [合成] 423/634 完成 (9.1s) "这项研究是沙克特和辛格的成果 在上世纪的六十年代"
  [合成] 424/634 完成 (2.2s) "他们找人参与实验 并给他们注射了肾上腺素制剂"
  [合成] 425/634 完成 (2.4s) "这种药物能使人兴奋 注射进去的实际上是肾上腺素"
  [合成] 426/634 完成 (4.6s) "但实验者均以为注射的只是维生素C 并不知道注射的"
  [合成] 427/634 完成 (5.3s) "他们坐在等候室内 在这期间研究人员要求他们填写一"
  [合成] 428/634 完成 (2.9s) "因此他们坐在那里填写调查问卷 在第一场实验中"
  [合成] 429/634 完成 (2.8s) "问卷的题目很具挑性 这样描述已经很客气了 比如说"
  [合成] 430/634 完成 (4.8s) "你父母结婚前 母亲曾与多少男人上过床 问卷里就有"
  [合成] 431/634 完成 (4.9s) "不过那是上世纪60年代 因此他们还是回答了 在他"
  [合成] 432/634 完成 (2.6s) "他们并不知道这个人也是策划的一部分 而这个人突然"
  [合成] 433/634 完成 (3.4s) "怎么敢问这种东西 假装真生气 你也受到感染变得暴"
  [合成] 434/634 完成 (3.0s) "但你变得比对照组愤怒得多 唯一的区别是他们开始时"
  [合成] 435/634 完成 (4.9s) "因此当他们感觉 自己的身体变得十分亢奋时 并将身"
  [合成] 436/634 完成 (3.2s) "甚至把对照组的试验者也带动了起来 不过并没有那些"
  [合成] 437/634 完成 (7.4s) "而在第二场实验中 同样注射了肾上腺素 不过这次问"
  [合成] 438/634 完成 (4.3s) "而那个同伙偶然看到地上有个呼啦圈 然后就开始摇呼"
  [合成] 439/634 完成 (8.1s) "而那些被注射肾上腺素的人像发狂一般 如此乐不可支"
  [合成] 440/634 完成 (3.7s) "换句话说 他以为自己肾上腺素之所以增加 是因为 "
  [合成] 441/634 完成 (1.8s) "换句话说多数情况下 正是诠释的方法"
  [合成] 442/634 完成 (3.4s) "在这个试验中可以理解为体症 决定着我们的感受 快"
  [合成] 443/634 完成 (1.6s) "两者都是由于肾上腺素激增"
  [合成] 444/634 完成 (3.3s) "我们把某种情形理解为兴奋 所以 或是愉悦抑或是愤"
  [合成] 445/634 完成 (2.0s) "该研究由李· 罗斯和其同事完成"
  [合成] 446/634 完成 (4.1s) "李·罗 罗斯在斯坦福工作他们邀请大学生 推荐他们"
  [合成] 447/634 完成 (2.4s) "把这些人记下来 随后再推荐他们最争强好胜的朋友们"
  [合成] 448/634 完成 (1.4s) "把他们的名字也记下来"
  [合成] 449/634 完成 (2.0s) "然后他们再联系这些人来参加研究"
  [合成] 450/634 完成 (3.0s) "而他们想要观察 在既可以合作又可以竞争的游戏环境"
  [合成] 451/634 完成 (1.8s) "他们事先将这些学生随机分成两个组"
  [合成] 452/634 完成 (4.7s) "在这两组中 既有别人看来争强好斗的人 也有别人眼"
  [合成] 453/634 完成 (2.6s) "一半好生斗狠的人 这都是朋友眼里的印象"
  [合成] 454/634 完成 (2.0s) "第一组的人要玩一个游戏的名字叫做“团体游戏”"
  [合成] 455/634 完成 (2.8s) "第二个组也要玩同样的游戏 在游戏中既可以选择合作"
  [合成] 456/634 完成 (2.8s) "虽然游戏本质相同但这次换了名字 这组把名字改为了"
  [合成] 457/634 完成 (2.4s) "研究人员想看看有多少人选择合作 多少人选择竞争"
  [合成] 458/634 完成 (4.2s) "还想知道这两者的比例是由什么决定的 无论这些孩子"
  [合成] 459/634 完成 (2.8s) "这些都不能说明什么 他们到底选择竞争还是合作 并"
  [合成] 460/634 完成 (3.3s) "而是取决于游戏名字 团体游戏"还是"华尔街游戏”"
  [合成] 461/634 完成 (2.6s) "但如果名字改成了"华尔街游戏 不管他们是慷慨仁慈"
  [合成] 462/634 完成 (1.5s) "他们往往更容易争强好胜"
  [合成] 463/634 完成 (2.5s) "换句话说 团体还是华尔街 什么样的名字决定游戏的"
  [合成] 464/634 完成 (1.7s) "威胁与机会也许就是如出一辙"
  [合成] 465/634 完成 (2.0s) "如果表述境遇决定这一切的差异"
  [合成] 466/634 完成 (2.1s) "下面这项研究是我以前的学生 拉鲁完成的 丽莎·"
  [合成] 467/634 完成 (2.7s) "她扪心自问 这个问题很重要 先有探索才有提问 要"
  [合成] 468/634 完成 (2.8s) "有个问题很重要 不管是在哈佛还是在别的地方 我们"
  [合成] 469/634 完成 (2.4s) "她想 一个绝妙的办法男 那就是 她想一个绝妙的办"
  [合成] 470/634 完成 (4.3s) "号召学生及社会上的大部分人士 让他们重新树立对志"
  [合成] 471/634 完成 (1.6s) "为何不将其视为一种荣幸"
  [合成] 472/634 完成 (4.8s) "我有幸能帮助他人 而这也确实是一种荣幸 还记得以"
  [合成] 473/634 完成 (2.5s) "而当人们这样看待志愿工作时 他们就会更乐于投身于"
  [合成] 474/634 完成 (3.8s) "这一观念对抚养儿童也有暗示作用 当然这对教育事业"
  [合成] 475/634 完成 (4.3s) "这一话题我愿意好好讲上一讲 在讨论人际关系时我会"
  [合成] 476/634 完成 (2.9s) "现在我只是简述一下这一认识帮助我 真的帮助我转变"
  [合成] 477/634 完成 (2.4s) "它转变了 也正在转变了 我和朋友学生以及同事们的"
  [合成] 478/634 完成 (5.3s) "同别人建立关系时 设想 大部分人觉得人际关系中最"
  [合成] 479/634 完成 (3.4s) "在任何关系中得到认同感都很重要 不管是师生关系 "
  [合成] 480/634 完成 (3.6s) "然而大卫 史纳奇认为 基本上如果想要夫妻关系长久"
  [合成] 481/634 完成 (1.4s) "首当其冲要做的事"
  [合成] 482/634 完成 (6.4s) "便是让夫妻彼此得到认同 要彼此认同 而不仅仅是确"
  [合成] 483/634 完成 (2.9s) "当然循序渐进是必要的 你不会想在初次约会时就说出"
  [合成] 484/634 完成 (2.3s) "做这件事需要循序渐进 要不断思索逐渐开心扉"
  [合成] 485/634 完成 (3.2s) "而那些长期以来逐渐开心扉的夫妻 有能力维系好夫妻"
  [合成] 486/634 完成 (4.0s) "这个话题我以后还会好好讲一讲 我会花至少两节课的"
  [合成] 487/634 完成 (3.1s) "这一点也同样适用于师生关系 在我刚开始教书的时候"
  [合成] 488/634 完成 (2.3s) "我应该怎样做学生们才会觉得我是好老师 我希望学生"
  [合成] 489/634 完成 (4.4s) "大家知道这点对所有人来说都很重要 因为我们都喜欢"
  [合成] 490/634 完成 (6.7s) "然而 我随后转移了自己的注意力 因为我虽心想“没"
  [合成] 491/634 完成 (2.5s) "这一点改变了很多事情 不再是仅仅得到认可让人觉得"
  [合成] 492/634 完成 (3.7s) "而是作为个人受到别人认同 当然这契合了“允许自己"
  [合成] 493/634 完成 (2.3s) "而且我比以前更享受教书的过程 不管处于何种关系"
  [合成] 494/634 完成 (2.7s) "旦能得到认同 能去表达而无需刻意营造 我们的压力"
  [合成] 495/634 完成 (4.8s) "我们会感觉轻松许多 而这一转变的奇妙之处还在于 "
  [合成] 496/634 完成 (1.5s) "这个主题真的是太重要了"
  [合成] 497/634 完成 (4.3s) "有一点我们在课上花了很多时间讲解 我们应该怎样看"
  [合成] 498/634 完成 (4.6s) "亦或是一次能够促进我们成长的经历 这样的转变会改"
  [合成] 499/634 完成 (4.3s) "你们读到的最后一项实验 是由阿里 里·克拉姆和艾"
  [合成] 500/634 完成 (4.5s) "我会简要提 是一点研究的背景 我会简要提一点研究"
  [合成] 501/634 完成 (1.9s) "·克拉姆从大一起就是我的学生了 阿里"
  [合成] 502/634 完成 (6.5s) "那是菲利普 斯通的课我是她的助教 音·其 那是菲"
  [合成] 503/634 完成 (1.8s) "而这个题目就是她的研究课题"
  [合成] 504/634 完成 (4.0s) "当艾伦 朗格想到这个课题的时候 当艾伦·良 朗格"
  [合成] 505/634 完成 (5.6s) "她告诉我和阿里 我觉得这会是项有趣的研究 等讨论"
  [合成] 506/634 完成 (2.3s) "跟她说 “艾伦我觉得这样不好"
  [合成] 507/634 完成 (2.6s) "我认为阿里把这个当课题不合适 因为这项课题研究难"
  [合成] 508/634 完成 (2.0s) "就算你们现在没读到待 待会儿我也会说到"
  [合成] 509/634 完成 (2.1s) "即使我们让她耗费再多时间 她也得不到什么结果"
  [合成] 510/634 完成 (5.5s) "如今即使论文没有结果 你们也可以完成自已的毕业论"
  [合成] 511/634 完成 (2.0s) "而她对我说 会有结果的 我却说 “不会有结果的"
  [合成] 512/634 完成 (1.9s) "但最后真的出结果了"
  [合成] 513/634 完成 (8.2s) "自此之后 我明白不要跟艾伦·朗 朗格争辩 自此之"
  [合成] 514/634 完成 (3.9s) "臂如1979年的“回到59年“实验 或是视力测验"
  [合成] 515/634 完成 (2.8s) "这些想法看来有点不靠谱 但她证明了它们的正确性 "
  [合成] 516/634 完成 (2.7s) "阿里到宾馆 研究内容如下 阿里到宾馆 与那些清洁"
  [合成] 517/634 完成 (2.3s) "她将她们分成两组 告诉这两组人锻炼身体的重要性"
  [合成] 518/634 完成 (3.0s) "然后她说 这是宾馆让我来告诉你们的 就是为了让你"
  [合成] 519/634 完成 (11.2s) "接下来她给这群清洁工们进行体检内容包括体脂肪检查"
  [合成] 520/634 完成 (3.2s) "而她接下来 完成体验之后就离开了其中一组 随后对"
  [合成] 521/634 完成 (5.0s) "你们从事的工作实际上就是体育锻炼 接下来她计算了"
  [合成] 522/634 完成 (6.0s) "也计算了用吸尘器工作时需要耗费多少热量 她估算了"
  [合成] 523/634 完成 (1.8s) "她说 “你们的工作实际上就是在锻炼"
  [合成] 524/634 完成 (1.4s) "这是实验的干预方式"
  [合成] 525/634 完成 (6.0s) "8周之后她回到了宾馆 8周之后她又进行了一次体检"
  [合成] 526/634 完成 (1.4s) "血压显著降低了"
  [合成] 527/634 完成 (5.9s) "血脂也显著降低 8周之后体重也降低了 干预组发生"
  [合成] 528/634 完成 (3.1s) "她们的体重显著下降 自尊水平上升了 抑郁水平降低"
  [合成] 529/634 完成 (6.9s) "而精力水平提高了 事实结果就是这样 她问这些员工"
  [合成] 530/634 完成 (1.5s) "唯一改变了的是她们的认知"
  [合成] 531/634 完成 (2.0s) "说不定她们干活儿更起劲这无法考证"
  [合成] 532/634 完成 (4.6s) "也可能思想改变了身体状况这也无从考证 而事实在于"
  [合成] 533/634 完成 (2.7s) "“我一天得打扫三十间房“这种想法 即 转变成 “"
  [合成] 534/634 完成 (2.2s) "也就是转变的关键 身心都经历了变化"
  [合成] 535/634 完成 (1.5s) "下面讲个剧变的例子"
  [合成] 536/634 完成 (6.6s) "这场变化就类似大刀阔斧 这就是顿悟经历 在顿悟体"
  [合成] 537/634 完成 (5.6s) "不少学者也都对此抱有浓厚兴趣 这种体验很重要 也"
  [合成] 538/634 完成 (4.4s) "这其中需要经历一系列过程 这一过程起始于专注和沉"
  [合成] 539/634 完成 (5.7s) "霍华德 德·加登纳进行了大量调查 研究全球的杰出"
  [合成] 540/634 完成 (4.8s) "那他们就需要下至少10年的苦功 这是前期准备阶段"
  [合成] 541/634 完成 (1.5s) "以贝多芬为例"
  [合成] 542/634 完成 (1.8s) "听过他音乐的人应该了解他的人生轨迹"
  [合成] 543/634 完成 (1.8s) "再比如莫扎特的第一第二交响曲"
  [合成] 544/634 完成 (1.7s) "一听就知道是莫扎特的作品"
  [合成] 545/634 完成 (2.0s) "而第三交响曲[英雄交响曲]就是贝多芬的了"
  [合成] 546/634 完成 (2.3s) "他将自己终日沉浸在音乐之中 研究并钻研音乐"
  [合成] 547/634 完成 (1.2s) "经过许多年之后"
  [合成] 548/634 完成 (1.9s) "他就有了自己的风格并且富有创造性"
  [合成] 549/634 完成 (1.7s) "甚至改变了整个音乐界"
  [合成] 550/634 完成 (1.5s) "成为了浪漫派第一人"
  [合成] 551/634 完成 (4.2s) "准备过后进入第二阶段 这个阶段也需要我们痛下苦工"
  [合成] 552/634 完成 (4.3s) "在逃课时间开始进入准备阶段 还是像比尔·克林顿那"
  [合成] 553/634 完成 (1.7s) "之后才能够赋有创造力"
  [合成] 554/634 完成 (2.0s) "产生顿悟体验获得真知灼见"
  [合成] 555/634 完成 (1.7s) "第二个阶段是孵化阶段"
  [合成] 556/634 完成 (2.9s) "你会发现所有创作型人才 自己沉浸于某个领域之后 "
  [合成] 557/634 完成 (1.6s) "仅仅是让自己浸泡其中"
  [合成] 558/634 完成 (3.8s) "因此不难理解 为何有些好点子诞生在浴缸里 也不难"
  [合成] 559/634 完成 (3.5s) "莫扎特曾每天抽出好几个小时时间 只是驾车绕着萨尔"
  [合成] 560/634 完成 (4.4s) "然后他突然灵光一现 思如泉涌 他说道 道“我会突"
  [合成] 561/634 完成 (5.3s) "就在那一瞬间代 他听到了一切 这是莫扎特的例子 "
  [合成] 562/634 完成 (2.4s) "突然之间 灵光乍现 说道 这篇故事就这样写了"
  [合成] 563/634 完成 (2.5s) "回去之后 他便开始创作 孵化阶段实在是太重要了"
  [合成] 564/634 完成 (2.8s) "J.P.摩根说过： 凡事尽前不尽后 做事赶早不赶"
  [合成] 565/634 完成 (3.7s) "作为美国有史以来最伟大的企业家 J.P摩根对此了"
  [合成] 566/634 完成 (2.7s) "他了解休息对于创作的重要性"
  [合成] 567/634 完成 (3.0s) "如今的商人和企业领导都并不怎么休息"
  [合成] 568/634 完成 (1.7s) "因为我们以为那是在浪费时间"
  [合成] 569/634 完成 (1.9s) "我们认为如果终日呆坐无所事事"
  [合成] 570/634 完成 (7.9s) "便会一享 事无成 休息时思想也在运作 思绪需要通"
  [合成] 571/634 完成 (1.5s) "比其他人更需要休息"
  [合成] 572/634 完成 (3.0s) "因为他们最需要保持创造力 他们需要为公司和组织考"
  [合成] 573/634 完成 (3.8s) "好好休息一下 真的非常重要 好好休息 息一下真的"
  [合成] 574/634 完成 (2.2s) "在我为某组织担任顾问时 我工作那时会这样做"
  [合成] 575/634 完成 (5.9s) "我会让管理层后撤一步7 不要安排工作 我会让管理"
  [合成] 576/634 完成 (4.0s) "在接下来的一个到一个半小时内 他们常常思如泉涌 "
  [合成] 577/634 完成 (2.1s) "我们经常一觉醒来就想到了某个难题的答案"
  [合成] 578/634 完成 (2.6s) "这绝不是偶然 因为我们的潜意识一直处于连接状态"
  [合成] 579/634 完成 (1.5s) "约瑟夫·坎贝尔说"
  [合成] 580/634 完成 (10.6s) "你必须给自己空间 时间甚至一整天 你必须给自已空"
  [合成] 581/634 完成 (3.5s) "这种情况下 你就能轻易感受到并了解 自我以及可能"
  [合成] 582/634 完成 (3.5s) "你可能觉得 得一切照常 起初 你可能觉得一切照常"
  [合成] 583/634 完成 (2.3s) "终会有事发生 通常这些就发生在段孕育时期"
  [合成] 584/634 完成 (3.6s) "在这些休息的间隙 在有机会去反思的时候 小 不管"
  [合成] 585/634 完成 (3.6s) "这些时刻容易体验豁然开朗之感 顿悟体验如同在那瞬"
  [合成] 586/634 完成 (6.6s) "从某种角度上看 你可以用比拟的手法来描述这一切 "
  [合成] 587/634 完成 (1.4s) "一场肌肤之亲"
  [合成] 588/634 完成 (1.9s) "准备和孕育阶段就相当于前戏"
  [合成] 589/634 完成 (1.7s) "而顿悟体验则相当于高潮"
  [合成] 590/634 完成 (7.0s) "这整个过程中有一点很重要 你们必须了解 你必须经"
  [合成] 591/634 完成 (2.0s) "首先要有前戏然后才能进入下个阶段"
  [合成] 592/634 完成 (1.9s) "这很重要这是创作环节的一部分"
  [合成] 593/634 完成 (1.3s) "这个概念意义重大"
  [合成] 594/634 完成 (2.0s) "不论是对创作本身还是性爱都很重要"
  [合成] 595/634 完成 (1.6s) "在你经历过顿悟体验之后"
  [合成] 596/634 完成 (2.3s) "那时就进入评估阶段了 你要问问自己 这是个好点子"
  [合成] 597/634 完成 (1.4s) "会成功吗"
  [合成] 598/634 完成 (6.3s) "或者有时只是想入非非而己 顿悟体验过后的想法多数"
  [合成] 599/634 完成 (1.8s) "莎士比亚自问 “小说故事这样写好吗"
  [合成] 600/634 完成 (6.3s) "把这想法作为哲学命题合适吗 山 笛卡尔如是问低 "
  [合成] 601/634 完成 (1.4s) "这项商业计划可行吗"
  [合成] 602/634 完成 (1.4s) "会成为下一代的脸书吗"
  [合成] 603/634 完成 (3.2s) "抑或这只是我凌晨3点 突发奇想的念头 可能有人已"
  [合成] 604/634 完成 (1.2s) "评估很重要"
  [合成] 605/634 完成 (2.2s) "世间奇思妙想千千万 并非每个点子都能成功"
  [合成] 606/634 完成 (4.6s) "回到我们刚刚的那个比喻 你已经完成了第一阶段 前"
  [合成] 607/634 完成 (8.3s) "你们知道她们是谁吗 上一辈不用回答了 有学生知道"
  [合成] 608/634 完成 (5.9s) "真的 我女儿的名字 有些人知道的就叫谢莉 有些人"
  [合成] 609/634 完成 (3.2s) "然后我妻子想到了谢莉这个名字 这个词在希伯来语中"
  [合成] 610/634 完成 (2.6s) "谢莉丝组合也是以此命名的 所以我们当时都觉得这个"
  [合成] 611/634 完成 (2.5s) "你们知道我喜欢她们什么吗 就是她们跳舞的样子有海"
  [合成] 612/634 完成 (1.6s) "我爱那段时光超爱的"
  [合成] 613/634 完成 (2.4s) "总之 去Youtube上搜谢莉丝 你能找到她们唱"
  [合成] 614/634 完成 (1.6s) "这就是评估阶段我就快讲完了"
  [合成] 615/634 完成 (4.2s) "这就是你评估的阶段 这样做是长久之计吗 这样做真"
  [合成] 616/634 完成 (1.7s) "在那之后 这里不用再拿性爱打比方了"
  [合成] 617/634 完成 (1.4s) "你需要详细叙述"
  [合成] 618/634 完成 (3.2s) "你需要周密考虑 然后写下来 一下 你需要周密考虑"
  [合成] 619/634 完成 (2.5s) "你也是在这一阶段写下故事剧本 你也是在这 这一阶"
  [合成] 620/634 完成 (1.5s) "也是你写下商业计划的时候"
  [合成] 621/634 完成 (2.3s) "在备课的时候我就是按照这个步骤进行的 我首先进入"
  [合成] 622/634 完成 (2.4s) "尽管我之前已经好好地备过课了 你们知道我上过两次"
  [合成] 623/634 完成 (5.2s) "担任过两次菲利普·斯通的助教 担任过两次菲利普·"
  [合成] 624/634 完成 (5.3s) "但我还会抽出时间 让自己沉浸在积极心理学里 我阅"
  [合成] 625/634 完成 (5.1s) "如果有人接近你们 可以用它当板砖砸过去 它大概有"
  [合成] 626/634 完成 (2.5s) "然后我抽出时间来休息 在那段时间里我会谈论积极心"
  [合成] 627/634 完成 (6.4s) "但我不会去研究积极心理学 我会跟我妻子或是菲利普"
  [合成] 628/634 完成 (2.0s) "心想 这堂课就要这样讲 要这样循序渐进"
  [合成] 629/634 完成 (2.6s) "然后我又经历了高峰体验后期效应 以此作为灵感顿然"
  [合成] 630/634 完成 (4.9s) "再那之后先对它进行评估在评估自己 通过跟别人交流"
  [合成] 631/634 完成 (3.9s) "所有的课件内容我都写下来了 当然我不太会去阅读课"
  [合成] 632/634 完成 (1.8s) "这就是阐述阶段 这就是创新的过程"
  [合成] 633/634 完成 (2.9s) "不论是备课 管理组织 还是写一本好书 亦或是建立"
  [合成] 634/634 完成 (1.7s) "我们下周再见祝你们周末愉快"
