[A] 采用 634 条 Whisper 锚点作为字幕时间戳...

[A] 完成：634 条字幕事件
[B] 用 rapidocr 识别 634 条字幕...

[B] 50/634
[B] 100/634
[B] 150/634
[B] 200/634
[B] 250/634
[B] 300/634
[B] 350/634
[B] 400/634
[B] 450/634
[B] 500/634
[B] 550/634
[B] 600/634
[B] 634/634
[B] 完成
[C] 输出 632 条字幕：episode-08.source.zh-CN-ocr.srt
[gpt-sovits] 服务已在运行：http://127.0.0.1:9880
  [合成] 1/613 完成 (1.9s) "上节课结束前我和大家分享了一些故事"
  [合成] 2/613 完成 (2.6s) "课后有人问我 “你说的是真的吗？" 不错纟 绝对"
  [合成] 3/613 完成 (1.6s) "我从两个不同的角度做了阐述"
  [合成] 4/613 完成 (2.2s) "首先是自怨自艾者 然后是知足常乐者"
  [合成] 5/613 完成 (5.6s) "关于知足常乐者 很重要的一点大家需要记住 知足常"
  [合成] 6/613 完成 (3.8s) "退一步说无法追求目标 就已足够让人感到沮丧 如果"
  [合成] 7/613 完成 (4.2s) "作为唯一一个没有通过考试的人 我感到很羞耻 然后"
  [合成] 8/613 完成 (1.6s) "这并不有趣相反很痛苦"
  [合成] 9/613 完成 (2.8s) "然而 一个知足常乐者 和自怨自艾者的区别在于 知"
  [合成] 10/613 完成 (2.7s) "事情未必尽如人意 但可以努力让事情朝好的方向发展"
  [合成] 11/613 完成 (3.1s) "可能过段时间才能看到事情转好 可能需要一段时间 "
  [合成] 12/613 完成 (1.6s) "但一切都会成为过去"
  [合成] 13/613 完成 (2.4s) "也就是说知足常乐者明白 这些感觉是一时的"
  [合成] 14/613 完成 (3.0s) "允许自己全然为人 并理解一切都会好起来的 我是过"
  [合成] 15/613 完成 (3.7s) "这些都是生活的一部分允许自己全然为人 这其中肯定"
  [合成] 16/613 完成 (4.5s) "当我们说到完美主义的时候 我们会进一步探讨失败 "
  [合成] 17/613 完成 (4.6s) "要么完美无缺要 要么一无是处 要么完美无缺 要么"
  [合成] 18/613 完成 (3.7s) "知足常乐者明白人类的本性 决定了我们要经历痛苦这"
  [合成] 19/613 完成 (1.7s) "然后一切都会过去"
  [合成] 20/613 完成 (1.9s) "尽管成为一名知足常乐者有很多好处"
  [合成] 21/613 完成 (2.9s) "第一个好处就是我们感觉更好 我们更加开心了 但还"
  [合成] 22/613 完成 (2.2s) "例如 波莫纳大学的苏珊妮·汤普森教授"
  [合成] 23/613 完成 (3.7s) "去调查那些在加利福尼亚的一场大火中 失去家园的人"
  [合成] 24/613 完成 (3.1s) "教授随后对他们进行了采访 她把知足常乐者和自怨自"
  [合成] 25/613 完成 (3.0s) "前者并没有说"火灾发生了我很开心 而是说 “这其"
  [合成] 26/613 完成 (3.8s) "现在一切可以重新开始我会更加珍惜 我很欣慰家人都"
  [合成] 27/613 完成 (4.3s) "在对他们的持续调查中 她发现知足常乐者相对于自怨"
  [合成] 28/613 完成 (1.4s) "不容易产生焦虑"
  [合成] 29/613 完成 (2.3s) "健康问题也相对较少 不管是心理还是身体层面都是如"
  [合成] 30/613 完成 (2.1s) "关于积极心态对健康的影响有许多研究"
  [合成] 31/613 完成 (2.3s) "格伦·阿弗莱克做了针对心脏病人的研究"
  [合成] 32/613 完成 (3.8s) "有人认为患了心脏病就是一场灾难 是世界末日 有的"
  [合成] 33/613 完成 (3.2s) "这其中的确有积极性 因为它提醒我需要注意身体了 "
  [合成] 34/613 完成 (2.6s) "那些能够看到其中积极性的人 更有可能在8年后存活"
  [合成] 35/613 完成 (1.6s) "也不太可能会再患上心脏病"
  [合成] 36/613 完成 (2.0s) "原因很明显 因为他们改变了生活方式"
  [合成] 37/613 完成 (1.9s) "但又并不仅仅是改变生活方式"
  [合成] 38/613 完成 (5.5s) "上次谈到过来自加州大学洛杉矶分校的 朱利恩·鲍尔"
  [合成] 39/613 完成 (3.3s) "他们不会说“得艾滋病太棒了 而是会说 因为得了艾"
  [合成] 40/613 完成 (1.8s) "更加专注于真正有意义的事情"
  [合成] 41/613 完成 (1.8s) "与某些特定的人关系更加亲近?"
  [合成] 42/613 完成 (1.6s) "在持续调查了4至9年后"
  [合成] 43/613 完成 (2.3s) "他发现知足常乐者的存活几率更高 更可能存活"
  [合成] 44/613 完成 (2.3s) "劳拉·金和迈纳的研究表明 人的积极性可以培养"
  [合成] 45/613 完成 (3.6s) "知足常乐或自怨自艾不是与生俱来的 这和基因确实上"
  [合成] 46/613 完成 (3.9s) "他们调查那些遭受过创伤的人 并且让他们写下自己所"
  [合成] 47/613 完成 (3.3s) "那些从创伤中看到积极方面的人 身体和精神层面都更"
  [合成] 48/613 完成 (1.7s) "另一个研究是关于癌症患者的"
  [合成] 49/613 完成 (1.5s) "病人进来写下自己的病情"
  [合成] 50/613 完成 (1.9s) "也写下因为癌症而经历到的好事"
  [合成] 51/613 完成 (2.0s) "能做到这点的病人是不经常去医院的病人"
  [合成] 52/613 完成 (4.1s) "并更可能从癌症中存活下来 只需要改变自己观察问题"
  [合成] 53/613 完成 (4.3s) "也许有人这么认为但是大部分不是 她们说：我希望我"
  [合成] 54/613 完成 (2.0s) "然后他们对自己说"我们和家人更亲近了"
  [合成] 55/613 完成 (1.3s) "更加感恩生活"
  [合成] 56/613 完成 (3.2s) "我享受生命享受自然 经常陪伴我的家人 我知道谁才"
  [合成] 57/613 完成 (3.9s) "他们看到了积极面 哪怕不是最好的 自己努力使事情"
  [合成] 58/613 完成 (1.9s) "有很多关于乐观积极和长寿的研究"
  [合成] 59/613 完成 (2.0s) "例如梅奥诊所的839名住院病人中"
  [合成] 60/613 完成 (6.9s) "当研究人员进行调查 把知足常乐者和自怨自艾者区分"
  [合成] 61/613 完成 (2.7s) "到目前为止 关于乐观主义 最有趣最有影响力的研究"
  [合成] 62/613 完成 (2.8s) "修女研究从多个角度表明 圣经是正确的 快乐的确可"
  [合成] 63/613 完成 (3.3s) "说起修女研究要追溯到1932年178名修女完成了"
  [合成] 64/613 完成 (3.3s) "她们大约22岁正 正要开始履行职责 她们大约22"
  [合成] 65/613 完成 (2.3s) "接受了众多的测试 其中一项任务就是 撰写各自的自"
  [合成] 66/613 完成 (1.7s) "这项数据我们已经保存数十年了"
  [合成] 67/613 完成 (3.3s) "最近心理学家开启了这些数据 想要研究出究竟什么才"
  [合成] 68/613 完成 (1.9s) "哪些修女至今还活着她们活了多久"
  [合成] 69/613 完成 (2.1s) "1932年时她们的平均年龄为22岁"
  [合成] 70/613 完成 (4.3s) "他们寻找那些长寿因素 研究她们的自传写得有多复杂"
  [合成] 71/613 完成 (2.6s) "他们调查居住地 调查当地的环境污染 会不会影响她"
  [合成] 72/613 完成 (1.9s) "毫无联系 住在加利福尼亚和波士顿都一样"
  [合成] 73/613 完成 (1.8s) "研究人员调查她们的信仰 虔诚度"
  [合成] 74/613 完成 (1.8s) "当时22岁并不能反映出寿命"
  [合成] 75/613 完成 (2.1s) "只有一个原因 唯一的因素可以影响 他们的寿命"
  [合成] 76/613 完成 (1.5s) "那就是积极的情感"
  [合成] 77/613 完成 (2.0s) "研究人员通过研究她们的自传得出此结论"
  [合成] 78/613 完成 (2.5s) "要知道 他们不认识这些修女 所以这是一个盲法研究"
  [合成] 79/613 完成 (2.7s) "他们将所有的自传分成四类 最积极的 最不积极的 "
  [合成] 80/613 完成 (3.1s) "然后他们将 这最积极和最不积极的四分之一进行比较"
  [合成] 81/613 完成 (3.7s) "我先给大家举个例子 帮助你理解什么是积极案例 什"
  [合成] 82/613 完成 (3.6s) "“上帝给我的生活开了一个好头 赐予我无尽的价值 "
  [合成] 83/613 完成 (2.5s) "现在我热切渴望接受圣母神圣的洗礼 达到无上的爱的"
  [合成] 84/613 完成 (1.8s) "幸福快乐和爱这是一个积极的人"
  [合成] 85/613 完成 (9.0s) "接下来是最不积极的例子 她不是一个特别消极的人 "
  [合成] 86/613 完成 (7.1s) "玛格丽特·唐纳利: 我1909年9月26日出生 "
  [合成] 87/613 完成 (2.9s) "蒙主恩赐为了宗教的精神 为了自我的净化我会尽力完"
  [合成] 88/613 完成 (2.2s) "同样 很实在 但并没有像知足常乐者那样乐观"
  [合成] 89/613 完成 (4.1s) "没有西莉亚·欧潘那么开朗 我们一起来看看这些数据"
  [合成] 90/613 完成 (2.8s) "重申一次我们在回顾以前的研究 有九成的最知足常乐"
  [合成] 91/613 完成 (2.7s) "最不积极的的人里仅有34%还活着 这个差距很显著"
  [合成] 92/613 完成 (9.1s) "这并不是说自怨自艾者不能活到120岁 知足常乐者"
  [合成] 93/613 完成 (6.5s) "就寿命而言景 影响其长短最重要的因素 就寿命而言"
  [合成] 94/613 完成 (3.1s) "九年后 同样的研究 54%的最知足常乐者在94岁"
  [合成] 95/613 完成 (2.0s) "最不积极者却只有11%活下来了"
  [合成] 96/613 完成 (1.7s) "这些结果不得不令人吃惊"
  [合成] 97/613 完成 (2.0s) "你分析手稿时并不知道 谁还活着谁去世了"
  [合成] 98/613 完成 (4.8s) "仅仅依靠这唯一的因素 即积极 你可以做出很有水准"
  [合成] 99/613 完成 (1.8s) "你能够预测谁会活下来或者死去"
  [合成] 100/613 完成 (5.8s) "当我看这些数据时 当然还有很多 寿命 健康和幸福"
  [合成] 101/613 完成 (2.3s) "做一名乐观的人很好? 那么我就有两个问题了"
  [合成] 102/613 完成 (1.5s) "为什么不是每个人都很乐观呢"
  [合成] 103/613 完成 (4.1s) "如果我们可以更幸福夏 更开心 如果我们可以更幸福"
  [合成] 104/613 完成 (1.8s) "第二个问题是 好吧我想更加乐观"
  [合成] 105/613 完成 (1.2s) "应该怎么做呢"
  [合成] 106/613 完成 (2.6s) "首先为什么不是每个人都乐观呢 其次怎么才能变得更"
  [合成] 107/613 完成 (2.0s) "我会向大家解释这两个问题 首先解释第一个"
  [合成] 108/613 完成 (2.4s) "之所以没有那么多人积极乐观 其中一个主要原因就是"
  [合成] 109/613 完成 (1.8s) "乐观主义者被认为是超然脱俗的"
  [合成] 110/613 完成 (2.8s) "为什么这么说呢 是什么导致了这种感觉呢 让人觉得"
  [合成] 111/613 完成 (1.4s) "主要原因就是媒体"
  [合成] 112/613 完成 (1.4s) "因为我们所闻所见"
  [合成] 113/613 完成 (1.7s) "我们看得最多的是憎恶 是杀戮"
  [合成] 114/613 完成 (1.4s) "是不幸是恐怖主义"
  [合成] 115/613 完成 (3.4s) "然后有人说： 我很幸福我觉得世界很美好 你就会想"
  [合成] 116/613 完成 (4.8s) "你太盲目乐观了 看看世界上发生的所有可怕的事情 "
  [合成] 117/613 完成 (3.3s) "你怎么能够在这样的世界中谈论 快乐 幸福以及积极"
  [合成] 118/613 完成 (3.4s) "从很多角度来看 托马斯·霍布斯的观点是正确的 人"
  [合成] 119/613 完成 (4.0s) "这种观点好像比乐观主义更加符合现实 我们一起看一"
  [合成] 120/613 完成 (12.6s) "委内瑞拉飞机失事 航班延误 选举 科索沃暴力事件"
  [合成] 121/613 完成 (13.7s) "托蕊·斯培林演得不错 好接着往下讲 刚刚那是CN"
  [合成] 122/613 完成 (2.0s) "它并没有关注 成千上万的疼爱子女的母亲"
  [合成] 123/613 完成 (1.5s) "而是想要抛弃孩子的母亲"
  [合成] 124/613 完成 (2.5s) "然后他们解释原因 为什么这个母亲要抛弃自己的孩子"
  [合成] 125/613 完成 (4.4s) "如此之类相当的消极 在这样的世界中我们怎么能表现"
  [合成] 126/613 完成 (2.9s) "下面我给大家展示一段视频 是我最喜欢的"心理学家"
  [合成] 127/613 完成 (2.0s) "一天我在看《帕罗西汀后遗症》的报道"
  [合成] 128/613 完成 (1.4s) "现在我就需要这种药"
  [合成] 129/613 完成 (1.2s) "很不错的广告"
  [合成] 130/613 完成 (2.2s) "在我小时候 新闻一天播一次 错过了就永远看不到"
  [合成] 131/613 完成 (7.8s) "现在一天24小时都有新闻 那还不够 主持人一直在"
  [合成] 132/613 完成 (2.7s) "我们只需要一行字幕不断滚动播出 告诉我们事情在不"
  [合成] 133/613 完成 (4.5s) "至于本地新闻 他们希望你收看所有节目你不觉得吗 "
  [合成] 134/613 完成 (1.5s) "它们实在是太残忍了"
  [合成] 135/613 完成 (3.6s) "这可能世界上最危险的生物 而你可能正拿它做晚餐呢"
  [合成] 136/613 完成 (1.2s) "是豌豆吗"
  [合成] 137/613 完成 (4.7s) "我同情这些新闻播报员 因为我们可以关掉电视机 但"
  [合成] 138/613 完成 (1.8s) "这篇报道的内容是"无人生还"
  [合成] 139/613 完成 (2.0s) "下篇报道就是"哪种糖果能助你减肥呢"
  [合成] 140/613 完成 (1.9s) "接下来为您报道小行星撞向地球"
  [合成] 141/613 完成 (1.8s) "但我们先来看看镇上哪里的比萨最便宜"
  [合成] 142/613 完成 (2.3s) "一项烦人的新闻调查表明 新闻调查是很烦人的"
  [合成] 143/613 完成 (2.8s) "她是一个非常非常聪明的"心理学家 这学期我们将看"
  [合成] 144/613 完成 (2.3s) "媒体的确关注了大量的消极新闻 可那并不是一件坏事"
  [合成] 145/613 完成 (4.4s) "因为媒体的其中一项社会职能 就是突出那些原本可以"
  [合成] 146/613 完成 (2.5s) "然而我们要意识到 媒体并没有实事求是地报道新闻"
  [合成] 147/613 完成 (2.3s) "它会强调事情的某一方面 这其中涉及到媒体的偏见问"
  [合成] 148/613 完成 (4.0s) "这里的偏倚不是指左倾的CNN 或路透社与右倾的福"
  [合成] 149/613 完成 (2.1s) "我所说的偏倚是指倾向报道负面新闻"
  [合成] 150/613 完成 (3.5s) "媒体强调消极方面 它好像放大镜而不是普通的镜子 "
  [合成] 151/613 完成 (3.3s) "媒体不仅仅反映现实 实际上纽约时报或华尔街日报 "
  [合成] 152/613 完成 (2.6s) "那不是现实 那只是强调某个特殊的方面并将其放大"
  [合成] 153/613 完成 (3.5s) "从本质上来说是消极的 焦点全在负面新闻上 土耳其"
  [合成] 154/613 完成 (2.5s) "土耳其战争利 科索沃流血事件 母亲抛弃子女憎恨"
  [合成] 155/613 完成 (2.1s) "媒体这么做使公众无法充分接触正面新闻"
  [合成] 156/613 完成 (2.6s) "大家想一想 这正好是我们之前提到的 精神错乱的其"
  [合成] 157/613 完成 (3.9s) "夸大消极影响 弱化积极影响 换句话说媒体的所作所"
  [合成] 158/613 完成 (3.9s) "尤其是现在新闻24小时循环播出 我们不断受到负面"
  [合成] 159/613 完成 (2.8s) "新闻结束前的最后三十秒 没错 世界上还是有积极的"
  [合成] 160/613 完成 (2.8s) "但它的目的只是博你一笑 让你心甘情愿地在明天或者"
  [合成] 161/613 完成 (1.5s) "继续收听更多消极消息"
  [合成] 162/613 完成 (5.2s) "新闻里的负面消息接而至 扭曲现实 带给人们认知上"
  [合成] 163/613 完成 (4.3s) "我们大多数人因此成为消极主义者 面对媒体如此这般"
  [合成] 164/613 完成 (4.3s) "但有几个方面我想强调一下 我们需要认识到这些问题"
  [合成] 165/613 完成 (11.1s) "那么媒体都在关注些什么呢 欺诈 诸如玛莎·斯图尔"
  [合成] 166/613 完成 (1.9s) "媒体关注消极新闻 忽视积极新闻"
  [合成] 167/613 完成 (2.7s) "忽视无数的正当交易 我们身边时时刻刻都在进行的正"
  [合成] 168/613 完成 (6.5s) "其他还有些什么呢我们又在做什么呢 媒体其实想引导"
  [合成] 169/613 完成 (1.3s) "播洒快乐的人"
  [合成] 170/613 完成 (4.7s) "不论是那些在救济处帮忙 以此致力于让世界变得更美"
  [合成] 171/613 完成 (3.0s) "已有超过1800名哈佛学生志愿成为 菲利普斯·布"
  [合成] 172/613 完成 (5.0s) "还记得我说过的错误刻板印象吗 它们存在于哈佛乃至"
  [合成] 173/613 完成 (2.9s) "于是我们脑海出现一种特定的思维模式 让我们认为这"
  [合成] 174/613 完成 (1.7s) "人们主要关注恐怖主义事件"
  [合成] 175/613 完成 (2.6s) "但是否关注过这世上还有无数人 渴望生活在和平的环"
  [合成] 176/613 完成 (8.3s) "重申一遍 我不是说要无视恐怖主义 重申一遍手 我"
  [合成] 177/613 完成 (2.0s) "但同时我们不应该忽视那些美好的事物"
  [合成] 178/613 完成 (1.8s) "媒体将关注的焦点放在伤害性事件上"
  [合成] 179/613 完成 (2.2s) "比如 强暴 却无视每天都有无数人 因爱而性"
  [合成] 180/613 完成 (2.0s) "这一切都不是虚构的"
  [合成] 181/613 完成 (2.8s) "全世界到处都有人亲热 虽然我不认识他们 但希望现"
  [合成] 182/613 完成 (1.8s) "不过谷歌图片中有相关的照片哦"
  [合成] 183/613 完成 (3.1s) "不仅在世界各地 就在这里 在哈佛校园里 我不知道"
  [合成] 184/613 完成 (2.7s) "但我在网上找到的最新数据是04年的 我不清楚之后"
  [合成] 185/613 完成 (2.7s) "对于那些不相信 在哈佛校园中存在亲热的人"
  [合成] 186/613 完成 (2.7s) "这里有证据证明有些人确实亲热过了 他好可爱 孩子"
  [合成] 187/613 完成 (4.4s) "我想说的是 我们不必回避坏消息 我们不必回避失败"
  [合成] 188/613 完成 (6.8s) "与此同时我们同样应当弄清 对乐观者和知足者说“现"
  [合成] 189/613 完成 (2.3s) "而是自怨自艾者 因为这世上的美好比丑恶多"
  [合成] 190/613 完成 (4.7s) "事实上要关注的不仅仅是丑恶的那一半 事实上要 要"
  [合成] 191/613 完成 (3.7s) "而是要关注多数的美好 因为世上的美好远远多于丑恶"
  [合成] 192/613 完成 (5.2s) "不仅是因为它会让我们更健康更快乐 它很重要 因为"
  [合成] 193/613 完成 (5.0s) "例如玛瓦·柯林斯 她认为我们应该关注每个个体的巨"
  [合成] 194/613 完成 (2.6s) "是专注于失败的原因 还是关注于在逆境中成功的原因"
  [合成] 195/613 完成 (1.6s) "关注创造现实"
  [合成] 196/613 完成 (4.2s) "试想一下 当新闻报道中充斥着 无尽的欺诈和弄虚作"
  [合成] 197/613 完成 (3.1s) "你想成为像安然这样的 世界五百强公司的首席执行官"
  [合成] 198/613 完成 (5.8s) "那你就必须进行欺诈 没有其它可行的方法能让你成功"
  [合成] 199/613 完成 (1.4s) "这就是我们所关注的"
  [合成] 200/613 完成 (4.7s) "我不是说我们不需要 告密者来泄露这些事情 而是说"
  [合成] 201/613 完成 (4.8s) "还因为如果我们不这样做 就会有人想如果我想在商界"
  [合成] 202/613 完成 (3.5s) "当面临道德抉择时 当他[她]在35岁任职经理 他"
  [合成] 203/613 完成 (1.5s) "这就会导致自证预言"
  [合成] 204/613 完成 (6.4s) "我们举手统计下你们当中有多少人 曾考虑过日后从政"
  [合成] 205/613 完成 (5.5s) "真不少 在哈佛 这样想过的人很多 刚才举手的同学"
  [合成] 206/613 完成 (1.1s) "太诚实了"
  [合成] 207/613 完成 (1.4s) "总能听到有人这样说"
  [合成] 208/613 完成 (5.0s) "于是这就成为了自证预言 因为有太多诚实的人们能够"
  [合成] 209/613 完成 (4.2s) "政客们不是骗子 他们就是 政客们是骗子" 但那是"
  [合成] 210/613 完成 (2.0s) "可你必然会犯错 政客们毕竟也是凡人"
  [合成] 211/613 完成 (1.8s) "但他们一心向善 坚持道德准则"
  [合成] 212/613 完成 (1.9s) "奇怪的是 世界上有这么多美好的事物"
  [合成] 213/613 完成 (7.5s) "我们却把目光都投向那些丑恶的事物 这对我来说真是"
  [合成] 214/613 完成 (1.2s) "听听这个"
  [合成] 215/613 完成 (4.8s) "我们内心里有种声音碟不休 “为什么我没做这个 为"
  [合成] 216/613 完成 (1.4s) "几乎全是消极的声音"
  [合成] 217/613 完成 (2.3s) "而我们多久会有这样的想法京 就像 我今天聊得很开"
  [合成] 218/613 完成 (2.3s) "或者是我今天完成了这么多功课 真有效率手 我真棒"
  [合成] 219/613 完成 (3.0s) "我居然得了A-我 我都没怎么学 当然我指的不是幸"
  [合成] 220/613 完成 (6.9s) "我们内心为何没有这种声音呢 这又是因为我们主观意"
  [合成] 221/613 完成 (5.4s) "这些想法是因为媒体创造出来的 也是因为关注失败而"
  [合成] 222/613 完成 (4.1s) "有必要关注 他们对甘地的评价是 他对祖国最伟大的"
  [合成] 223/613 完成 (1.5s) "他让印度有了民族自豪感"
  [合成] 224/613 完成 (1.4s) "而这是如此重要的一点"
  [合成] 225/613 完成 (1.3s) "那么美国呢"
  [合成] 226/613 完成 (1.5s) "你们为美国感到骄傲吗"
  [合成] 227/613 完成 (3.5s) "我们生长在这里 至少这间教室里多数是美国人 你们"
  [合成] 228/613 完成 (4.0s) "美国也会犯错它并不完美 自从1776年以来它就犯"
  [合成] 229/613 完成 (1.8s) "但我要说它仍是世界上最伟大的国家"
  [合成] 230/613 完成 (6.0s) "太多人想来这里想在这几生活 太多人想来这里想在这"
  [合成] 231/613 完成 (1.4s) "我们珍视美国吗"
  [合成] 232/613 完成 (3.1s) "我们珍视它的伟大吗 因为如果我们不珍视的话 那么"
  [合成] 233/613 完成 (2.0s) "最近对美国的谴责声正风靡国内"
  [合成] 234/613 完成 (1.4s) "就在这个国家 就在这里"
  [合成] 235/613 完成 (2.9s) "问题在于如果我们只关注于这些谴责 只关注于这些负"
  [合成] 236/613 完成 (5.0s) "那我们非但没有改善现实 反而营造出更为恶劣的现实"
  [合成] 237/613 完成 (2.8s) "或者在展板上写出意见 批判政客 批判体制以及其他"
  [合成] 238/613 完成 (3.1s) "这个国家的伟大贡献之一即是言论自由 但同时我们还"
  [合成] 239/613 完成 (2.4s) "我们应将这份自由用于 关注成功的案例以及美好的事"
  [合成] 240/613 完成 (1.5s) "因为珍视至关重要"
  [合成] 241/613 完成 (3.0s) "不论是对一个国家还是一份感情 不论是对个体 不论"
  [合成] 242/613 完成 (3.5s) "珍视至关重要 来看字典里"appreciate""
  [合成] 243/613 完成 (2.0s) "认识到身边的人们和世界的可贵之处"
  [合成] 244/613 完成 (3.2s) "肯定过去和现在的优势及潜力 并且善于发现那些赋予"
  [合成] 245/613 完成 (3.9s) "也就是说appreciate的 第一个意思是心怀"
  [合成] 246/613 完成 (4.4s) "Appreciate的第二个意思是增值 经济让金"
  [合成] 247/613 完成 (3.6s) "当我们珍视生命中的美好 当我们珍视他人的美好 当"
  [合成] 248/613 完成 (1.9s) "而不幸的是 反例比比皆是"
  [合成] 249/613 完成 (2.3s) "当我们不珍视某样东西时 不论是我们自己还是我们的"
  [合成] 250/613 完成 (4.3s) "还是情感关系美好的事物都会贬值 还记得我曾说过的"
  [合成] 251/613 完成 (2.0s) "如果只关心哪里出错了 如何修补感情"
  [合成] 252/613 完成 (4.6s) "如果我们只关心这些问题 关注的焦点就落在了 感情"
  [合成] 253/613 完成 (4.7s) "当我们忽视这些的时候 它们就会贬值 就我们而言它"
  [合成] 254/613 完成 (2.3s) "珍视将在本质上带来螺旋式上升"
  [合成] 255/613 完成 (1.5s) "我来解释一下随便举个例子"
  [合成] 256/613 完成 (3.8s) "比如说 在周一或周二早上 你正来上课 突然你见到"
  [合成] 257/613 完成 (2.9s) "你知道他很真诚 并且值得信赖 你的朋友看着你说 "
  [合成] 258/613 完成 (1.4s) "你听了会有什么反应"
  [合成] 259/613 完成 (1.4s) "你感到自已很棒"
  [合成] 260/613 完成 (3.2s) "你走起路来更加昂首挺胸充满自信 这时你走进教室京"
  [合成] 261/613 完成 (3.5s) "这时你走进教室就在这里 另一个朋友看到你他说 你"
  [合成] 262/613 完成 (2.2s) "感觉更棒了 你走过来坐下 另一个朋友抓住你"
  [合成] 263/613 完成 (2.5s) "你们都一个月没见了 “你看起来真棒 这次你会有什"
  [合成] 264/613 完成 (3.4s) "如此反复 你这一天的心情将呈螺旋式上升 现在试想"
  [合成] 265/613 完成 (1.5s) "周四早上你来上课"
  [合成] 266/613 完成 (2.5s) "突然 一位朋友看到你 你信任他也重视他 他对你说"
  [合成] 267/613 完成 (1.6s) "天哪 出什么问题了”"
  [合成] 268/613 完成 (1.7s) "或许在这之前什么问题也没有"
  [合成] 269/613 完成 (1.7s) "但现在问题一股脑都来了"
  [合成] 270/613 完成 (1.4s) "你进了门又一个人说"
  [合成] 271/613 完成 (1.8s) "“天哪 门 你会怎么想 你感觉更糟糕了"
  [合成] 272/613 完成 (1.5s) "当你坐下来 你发现有人"
  [合成] 273/613 完成 (3.3s) "非常震惊地看着你 你就会觉得更糟糕 糟透了 如此"
  [合成] 274/613 完成 (7.2s) "珍视造就上升螺旋 我们都知道 有时候只需一句话 "
  [合成] 275/613 完成 (2.3s) "有研究分析了简简单单一句话 是如何影响人的一生"
  [合成] 276/613 完成 (4.2s) "这项研究由班杜拉完成 简单的一句感激 能够给我们"
  [合成] 277/613 完成 (3.5s) "提到自尊 我们就要讨论一个问题 那就是虚伪的珍视"
  [合成] 278/613 完成 (4.8s) "我想说的不是 你男友或女友问你的问题 我看起来如"
  [合成] 279/613 完成 (2.2s) "你不可能告诉他们 “这太丑了 我们不谈这些灰色地"
  [合成] 280/613 完成 (7.6s) "珍视必须是真诚的 必须与现实相符 讲到自尊时我会"
  [合成] 281/613 完成 (2.5s) "现实中总有事情值得珍视 想想那些关于癌症患者"
  [合成] 282/613 完成 (2.9s) "或者艾滋患者的研究 即使是他们也能在如此艰难的条"
  [合成] 283/613 完成 (2.9s) "当他们珍视这些美好事物时 当他们从艰难困苦中挖掘"
  [合成] 284/613 完成 (5.6s) "这些美好的事物就升值了 也增值了 奥普拉是位真正"
  [合成] 285/613 完成 (7.1s) "当你专注于生命中的美好时 你将收获更多美好 还有"
  [合成] 286/613 完成 (3.7s) "便收获了美好 因为我们所专注的事物会增值 还记得"
  [合成] 287/613 完成 (4.1s) "如果不浇水种子会怎样 如果没有光照 种子会怎样 "
  [合成] 288/613 完成 (3.2s) "多数感情的潜力 还有多数国家的潜力 如果期待种子"
  [合成] 289/613 完成 (4.1s) "那就要给它光照为它浇水 玛瓦·柯林斯也正是这样 "
  [合成] 290/613 完成 (2.7s) "这就是皮格马利翁效应的成果 即 当有人要求教师去"
  [合成] 291/613 完成 (1.6s) "即 那些所谓的潜力学生时"
  [合成] 292/613 完成 (5.3s) "当有人要求他们开始关注这些学生 给予他们关怀 当"
  [合成] 293/613 完成 (2.8s) "我们该如何纠正错误的观点呢 我们该做些什么 我将"
  [合成] 294/613 完成 (4.4s) "个人层面分别举些例子 就社会层面传播更多积极的新"
  [合成] 295/613 完成 (4.1s) "人们会说那件事又普通又无聊 好吧 很多都是普通小"
  [合成] 296/613 完成 (2.1s) "但为何不报道那些让生活更美好的科技发展"
  [合成] 297/613 完成 (3.0s) "为何不花更多篇幅报道医疗卫生的进步 为何不花更多"
  [合成] 298/613 完成 (2.5s) "没错 一旦和平事情就变得无趣 只有战争才能吸引眼"
  [合成] 299/613 完成 (2.5s) "为何不更多地关注这些领域呢 目前有一家网络新闻媒"
  [合成] 300/613 完成 (2.8s) "好消息网 我向你们强烈推荐 它创始于几年前"
  [合成] 301/613 完成 (2.7s) "由那些关注积极方面的人发起 关注比如阿尔伯特·爱"
  [合成] 302/613 完成 (4.1s) "比如柬埔寨在53年取得民族独立 比如柏林墙倒塌 "
  [合成] 303/613 完成 (2.5s) "以及当今积极美好的瞬间 而他们确实有很好的消息值"
  [合成] 304/613 完成 (2.3s) "吉满多 我不知道这名字什么意思 这是另一家在线新"
  [合成] 305/613 完成 (2.4s) "它也关注积极事物 除了华尔街日报和纽约时报之外"
  [合成] 306/613 完成 (3.0s) "为什么不在清晨读读这些新闻呢 读读这些吧这可以抵"
  [合成] 307/613 完成 (1.8s) "艺术对改善世界的作用至关重要"
  [合成] 308/613 完成 (3.3s) "对改善我们内在感受也是如此 看看维米尔画作中的光"
  [合成] 309/613 完成 (3.8s) "文艺复兴时期艺术家的画作中 在暗无天日的社会时期"
  [合成] 310/613 完成 (5.1s) "艺术家们专注于发生的一切 光亮的事物和人的潜力 "
  [合成] 311/613 完成 (1.8s) "或者在十八十九世纪浪漫主义时期"
  [合成] 312/613 完成 (4.1s) "贝多芬和维克多·雨果. 他们身处于严酷的现实之中"
  [合成] 313/613 完成 (5.0s) "亚里士多德曾说过小说比历史更重要 因为历史描绘真"
  [合成] 314/613 完成 (3.0s) "人的潜力为使人类自由和平等 实现更高水平的进步而"
  [合成] 315/613 完成 (6.5s) "1930年代是美国好莱坞的黄金时代 库克卡普拉斯"
  [合成] 316/613 完成 (3.7s) "人们常常去影院 从电影说获得启发 帮助他们读过难"
  [合成] 317/613 完成 (3.0s) "对全世界来说都是煎熬的时刻 世界正在恢复却又紧接"
  [合成] 318/613 完成 (3.6s) "但是艺术家们还是在持续启发着人们 并没有忽略不成"
  [合成] 319/613 完成 (3.2s) "比方说我喜欢的电影《沙利文的旅行》 现代艺术也是"
  [合成] 320/613 完成 (2.7s) "并且受到了启发 岂不是件很好的事 不管是摄影艺术"
  [合成] 321/613 完成 (1.8s) "不管是电影艺术或是书籍"
  [合成] 322/613 完成 (3.4s) "还有其它形形色色的艺术形式 艺术家的职责之一 是"
  [合成] 323/613 完成 (3.4s) "但如果一个艺术家 一个个体 想要推进世界往好的方"
  [合成] 324/613 完成 (2.5s) "因为如果我们不去关注 也不赞颂美好的事物便会贬值"
  [合成] 325/613 完成 (6.0s) "这就是积极心理学的核心 有两件事情是积极心理学家"
  [合成] 326/613 完成 (2.1s) "第二件事 是关注最突出的一部分人塔尖的人"
  [合成] 327/613 完成 (2.0s) "米丽娅姆认为这么做是 让优秀平民化?"
  [合成] 328/613 完成 (4.0s) "因为他们专注于好的事物 且不忽略让人成功的因素 "
  [合成] 329/613 完成 (3.1s) "比如世界上有许多类似玛瓦·柯林斯的人 高危群体中"
  [合成] 330/613 完成 (8.3s) "除了媒体影响外 我们常常 除了媒体影响外 手 我"
  [合成] 331/613 完成 (2.8s) "让我们感到好奇的事物 是那些不寻常的特例 而不是"
  [合成] 332/613 完成 (6.0s) "因为世界上有许多正面的事物 许多惯常的事物 我们"
  [合成] 333/613 完成 (2.0s) "为什么呢 因为天性上 我们对变化很敏感"
  [合成] 334/613 完成 (4.3s) "每当有变化 我们立刻就会给予关注 每当有变化手 "
  [合成] 335/613 完成 (1.5s) "当异样的事情发生"
  [合成] 336/613 完成 (1.7s) "不管是我们见到或听到异样的事"
  [合成] 337/613 完成 (1.4s) "打瞌睡的都被吓醒了吧"
  [合成] 338/613 完成 (1.8s) "这是一个把你们吵醒的信号这是好事"
  [合成] 339/613 完成 (2.7s) "因为自然把我们创造成这样是有好处的 因为它帮我们"
  [合成] 340/613 完成 (1.8s) "比方说 我们看到一只狮子靠近我们"
  [合成] 341/613 完成 (3.1s) "或者是向我们潜伏而来 或者我们能闻到危险 能闻到"
  [合成] 342/613 完成 (1.6s) "我们还能够听到婴儿的哭声"
  [合成] 343/613 完成 (1.4s) "这简直不可思议"
  [合成] 344/613 完成 (5.0s) "你在熟睡中房子都可能要塌了 你都没醒来 但一有婴"
  [合成] 345/613 完成 (2.3s) "正因为自然把我们创造成这样 我们才能更好地存活下"
  [合成] 346/613 完成 (4.1s) "从某种水平上来说习惯本来是件好事 首先如果我们没"
  [合成] 347/613 完成 (2.2s) "因为现在在你想听到的东西之外 有太多噪音了"
  [合成] 348/613 完成 (3.9s) "比方别人打字的声音呼吸的声音 外面时不时还传来汽"
  [合成] 349/613 完成 (5.8s) "所以适应性是件好事 这就是为什么人们可以住在高度"
  [合成] 350/613 完成 (2.3s) "我们有个亲戚住在康科德 基本属于住在火车上方"
  [合成] 351/613 完成 (5.7s) "我们到他们家吃饭的时有辆火车经过 整个房子都震起"
  [合成] 352/613 完成 (4.7s) "一始我看看大家保持微笑 房子振来噪音也很大 房子"
  [合成] 353/613 完成 (1.2s) "他们“你物什么”"
  [合成] 354/613 完成 (3.5s) "但你们知道我谢的是计么京 就是火车的事 但你们知"
  [合成] 355/613 完成 (1.7s) "但他说“我们已经感觉不到了"
  [合成] 356/613 完成 (1.8s) "因为每半小时或二十分钟就有一辆"
  [合成] 357/613 完成 (2.1s) "他们已经注意不到了 所以我们有适应性是很好的"
  [合成] 358/613 完成 (1.2s) "困难也是一样"
  [合成] 359/613 完成 (4.0s) "我个人遭受的最难熬的一段经历是 在T997年的1"
  [合成] 360/613 完成 (1.5s) "那时我住在新加坡"
  [合成] 361/613 完成 (1.9s) "我最好的朋友从印度尼西亚来看我"
  [合成] 362/613 完成 (2.0s) "她当时是这个世界上对我来说最重要的人"
  [合成] 363/613 完成 (2.0s) "但她乘坐的MI185航班遇难了"
  [合成] 364/613 完成 (1.7s) "你们中可能有人记得这个空难"
  [合成] 365/613 完成 (1.2s) "我的世界垮塌了"
  [合成] 366/613 完成 (3.1s) "我人生中第一次觉得不想再继续活下去了 我没有任何"
  [合成] 367/613 完成 (2.8s) "然后我给纳撒尼尔·布兰登打了电话 他给我的一生留"
  [合成] 368/613 完成 (6.1s) "打给他出于很多原因 第一 他是位著名的作家和心理"
  [合成] 369/613 完成 (8.6s) "我打给他因为我觉得 他作为心理学家能给予我帮助 "
  [合成] 370/613 完成 (3.4s) "在25年前他就经历了这些 所以我去问他讨教应该怎"
  [合成] 371/613 完成 (3.3s) "哭个不停 他对我说 泰勒我有话要给你说 不过现在"
  [合成] 372/613 完成 (1.2s) "你会恢复的"
  [合成] 373/613 完成 (1.2s) "我知道你会的"
  [合成] 374/613 完成 (1.9s) "你会从失去她中恢复这会很难很痛苦"
  [合成] 375/613 完成 (1.6s) "想哭就哭吧让自己发泄一下"
  [合成] 376/613 完成 (1.2s) "但你会恢复过来的"
  [合成] 377/613 完成 (3.2s) "人都会总会苦难也都会度过 因为如果我们没法度过 "
  [合成] 378/613 完成 (1.6s) "说起来容易做起来难"
  [合成] 379/613 完成 (1.6s) "三个月后我才能正常工作"
  [合成] 380/613 完成 (2.3s) "一年后我才重拾了对生命的热情 这些都已久违了"
  [合成] 381/613 完成 (7.4s) "现在我福到判妮时会黯然神伤 现在我机到判妮时会黯"
  [合成] 382/613 完成 (1.6s) "我能遇见她是一件幸运的事"
  [合成] 383/613 完成 (6.8s) "我们能适应这是件好事也很重要 我们能适应这是件好"
  [合成] 384/613 完成 (1.3s) "当然等式还有另一部分"
  [合成] 385/613 完成 (1.2s) "另一部分在于"
  [合成] 386/613 完成 (1.9s) "当我们适应之后会觉得一切理所当然"
  [合成] 387/613 完成 (5.1s) "这就不是件好事了 我把很在乎的家庭当作理所应当的"
  [合成] 388/613 完成 (2.7s) "把食堂里的食物 当作理所应当的东西 那本应是生活"
  [合成] 389/613 完成 (1.8s) "我们也把坐在近旁的人当作理所应当"
  [合成] 390/613 完成 (2.2s) "把每天上的课当作理所应当的东西 因为我们适应了"
  [合成] 391/613 完成 (10.0s) "如果我们遇见的是逆境适应是件好事 如果我遇的是逆"
  [合成] 392/613 完成 (3.1s) "是不是能够适应逆境 但同时不要把积极的事物习以为"
  [合成] 393/613 完成 (3.1s) "犹太传统中有一个故事 太传中有一个故 谢的是一个"
  [合成] 394/613 完成 (2.0s) "他住在东欧的一个小村 他生活真的很糟糕"
  [合成] 395/613 完成 (5.4s) "他住在一个很小的房子里 有很多孩子 他在一个很小"
  [合成] 396/613 完成 (10.1s) "那个人很想让生活变得更好 所以他去找法师 告诉位"
  [合成] 397/613 完成 (2.1s) "没有隐等等他的要于息在崂"
  [合成] 398/613 完成 (1.2s) "帮帮我法师"
  [合成] 399/613 完成 (1.7s) "然后法师说 你院子里有鸡吗"
  [合成] 400/613 完成 (1.0s) "他说有的"
  [合成] 401/613 完成 (3.0s) "下周 把鸡放到屋子里去 “鸣放放到房望去 下周 "
  [合成] 402/613 完成 (1.5s) "“把鸡放到家里去?"
  [合成] 403/613 完成 (2.4s) "那个人很虔诚 相信了法师 把鸡放在家里一整个星期"
  [合成] 404/613 完成 (7.5s) "把鸡成在家里一整个星期 羽毛尘土臭味只要说得出的"
  [合成] 405/613 完成 (4.7s) "法师让我这么做的” 他们还是在争吵 他跑去找法师"
  [合成] 406/613 完成 (1.6s) "更糟 家黑没空间"
  [合成] 407/613 完成 (2.6s) "更糟 家皇没空间 我们一直在吵 家里一股恶臭很糟"
  [合成] 408/613 完成 (1.6s) "孩子你后院有牛吗 “法师我们有"
  [合成] 409/613 完成 (1.7s) "把牛和鸡一起放到屋里待一周"
  [合成] 410/613 完成 (1.6s) "于是他把牛也放进家里了"
  [合成] 411/613 完成 (2.9s) "家里更加糟糕臭到极限 他们一周都没睡好 一切都很"
  [合成] 412/613 完成 (5.3s) "他狼狐不堪一身臭味 又去找法师 他狼狐不堪一身臭"
  [合成] 413/613 完成 (2.1s) "说道 帮帮我法师 情况太糟糕了 ‘是的是更糟了""
  [合成] 414/613 完成 (1.3s) "你后院还有马吗"
  [合成] 415/613 完成 (3.3s) "“我们有 现在应该找到规律了 “把马带进家里去?"
  [合成] 416/613 完成 (3.3s) "糟透了 马乱踢乱叫乱跳把东西都打破 非常脏乱差 "
  [合成] 417/613 完成 (2.0s) "最后一周结束的时候 他跑去找法师"
  [合成] 418/613 完成 (1.2s) "法师说 "怎么样啦"
  [合成] 419/613 完成 (2.2s) "法师 一切糟透了" “好下周开始把动物都带出来 "
  [合成] 420/613 完成 (1.6s) "再下周的时候他回来见法师"
  [合成] 421/613 完成 (1.0s) "怎么样啦'"
  [合成] 422/613 完成 (1.2s) "一切都很好"
  [合成] 423/613 完成 (1.7s) "我们有这么大的空间也没有臭味"
  [合成] 424/613 完成 (1.3s) "我们比以前更融洽"
  [合成] 425/613 完成 (1.5s) "孩子们很高兴谢谢你法师"
  [合成] 426/613 完成 (1.1s) "现在有一个问题"
  [合成] 427/613 完成 (2.1s) "是不是只有失去才能让我们珍惜 那些周遭的事物"
  [合成] 428/613 完成 (1.7s) "我们何时会去关注自己的身体健康呢?"
  [合成] 429/613 完成 (2.3s) "在身体出现微的时候? 我们何时才会珍惜生命呢?"
  [合成] 430/613 完成 (3.5s) "“在经历危险或失去挚爱的时候 我们得问问自己 是"
  [合成] 431/613 完成 (4.1s) "我们才开始珍惜平凡? 无论在我们身边还是内心 都"
  [合成] 432/613 完成 (4.6s) "藏在坐你对面的人那里也藏在家里 不论在我们身边还"
  [合成] 433/613 完成 (4.5s) "但幸福难道是靠等来的吗 常 答案是否定的 如果我"
  [合成] 434/613 完成 (3.7s) "就像媒体习惯找茬一样 我们可以让自己养成寻找幸福"
  [合成] 435/613 完成 (1.4s) "就不再觉得理所应当"
  [合成] 436/613 完成 (4.6s) "切斯特顿说 你说餐前要感恩： 这没错 但我觉得音"
  [合成] 437/613 完成 (5.4s) "素描 画画 游泳和击剑前也要感恩 还有拳击走路玩"
  [合成] 438/613 完成 (2.1s) "感激创造着人类所知的 最纯粹快乐的时刻"
  [合成] 439/613 完成 (3.5s) "想一 想想你最近一次感激他人 你表达感激 你感觉"
  [合成] 440/613 完成 (4.8s) "或者他人感激你感谢你时感觉如何 你创造了一个向上"
  [合成] 441/613 完成 (3.5s) "我们表达的感激还不够 不管是对我们吃的事物 还是"
  [合成] 442/613 完成 (3.7s) "有一本写感激的力量的书 不是一本研究著作但是里面"
  [合成] 443/613 完成 (3.1s) "大卫·史丹惹斯写的关于感激的书 你谷歌下他的名字"
  [合成] 444/613 完成 (1.5s) "我们怎么培养感激之情呢"
  [合成] 445/613 完成 (1.7s) "他的建议简单而善意"
  [合成] 446/613 完成 (1.8s) "为什么不试着从感受每一天开始"
  [合成] 447/613 完成 (3.2s) "比方说低通赏会因为什么事 比方说低通常会因为什么"
  [合成] 448/613 完成 (2.5s) "这样在可以在不花什么心力的情况下 就能全身心的投"
  [合成] 449/613 完成 (3.6s) "比方说是早晨第一杯咖啡 感受它带来的温暖 给你提"
  [合成] 450/613 完成 (4.1s) "这需要不断练习 周而复始 不断重复 只到它变成第"
  [合成] 451/613 完成 (3.1s) "从一私状态变成一 种气屋 从一种状态变成一种气质"
  [合成] 452/613 完成 (2.1s) "每天仔细地 用心地 去找一两件事做做"
  [合成] 453/613 完成 (1.8s) "也许是好好品尝一杯食堂的咖啡"
  [合成] 454/613 完成 (2.6s) "也许是好好走走上课的路 许许是子走走走上课的"
  [合成] 455/613 完成 (5.9s) "他许许导好享受与面 忆许许导好享受与面 Whme"
  [合成] 456/613 完成 (1.3s) "你最习惯的片段时"
  [合成] 457/613 完成 (2.4s) "我们花时间不仅仅是为了品味红酒 也为了品味生活"
  [合成] 458/613 完成 (2.1s) "这门课同感激生命有着千丝万缕的联系"
  [合成] 459/613 完成 (1.2s) "他接着说道"
  [合成] 460/613 完成 (1.7s) "感激是我们存在的一种方式"
  [合成] 461/613 完成 (6.0s) "我们是否对理所当然的事感到麻木不仁 我们毫否对里"
  [合成] 462/613 完成 (1.2s) "想想看"
  [合成] 463/613 完成 (2.7s) "欧文·亚龙斯坦福的精神病医师 对绝症病人进行了许"
  [合成] 464/613 完成 (5.5s) "他找到那些只有 最多一年可活的人 那些还有几个月"
  [合成] 465/613 完成 (5.1s) "他反复发现 这些人会重复说起类似 逃人会重复说起"
  [合成] 466/613 完成 (1.9s) "“活了这么多年 我第一次感觉到自己活着"
  [合成] 467/613 完成 (1.7s) "因为我第一次感激生命的律动"
  [合成] 468/613 完成 (3.7s) "活了那么多年 我第一次感激我的丈夫！ 我的妻子 "
  [合成] 469/613 完成 (1.8s) "我活了那么多馆 第一次对此感到感激"
  [合成] 470/613 完成 (3.4s) "在此之前手 我都没有关注到这些 在此之前 我都没"
  [合成] 471/613 完成 (2.6s) "我的心思都在别的事情上 我关注的是艰难困苦 关注"
  [合成] 472/613 完成 (2.4s) "但记住对你们来说 那些大巴上的孩子是不存在的”"
  [合成] 473/613 完成 (5.2s) "对大多数人们来说 那些人生和人际交往中的美好事物"
  [合成] 474/613 完成 (5.6s) "因为当我们对这些美好事物不心存感激 当我们认为这"
  [合成] 475/613 完成 (6.8s) "真的要等到警钟敲响 比如患上绝症 我们才能醒悟吗"
  [合成] 476/613 完成 (2.1s) "为什么 为什么要等到警钟响起 为什么要等呢"
  [合成] 477/613 完成 (1.7s) "许多研究都涉及感激的价值"
  [合成] 478/613 完成 (4.8s) "大家会读到一篇 来自加州大学戴维斯分校的 罗伯特"
  [合成] 479/613 完成 (2.9s) "他们主要是随机找来一些人 并将他们随机分为四组"
  [合成] 480/613 完成 (2.3s) "他们让第一组在每晚睡前 写下至少五件让你感激的事"
  [合成] 481/613 完成 (1.4s) "事无巨细都要写下"
  [合成] 482/613 完成 (2.8s) "第二组写下至少五件生活中悲愤的事物 五件发生在你"
  [合成] 483/613 完成 (5.8s) "第三组写下至少五处 你比别人好的地方你优于别人的"
  [合成] 484/613 完成 (4.3s) "他们测量这些人的乐观程度幸福程度 和身体健康程度"
  [合成] 485/613 完成 (5.9s) "测量他们对待他大的慷慨仁慈程度 测量他们对待他人"
  [合成] 486/613 完成 (3.7s) "后测量履他们实现 他们为自设定酷目辉的画能性 他"
  [合成] 487/613 完成 (2.5s) "换言之测 测测他们有多成功 换言之测测他们有多成"
  [合成] 488/613 完成 (1.8s) "表现最差的是写下悲愤事件的那一组"
  [合成] 489/613 完成 (3.6s) "即 写下发生在自己身上的坏事的那组 表现最好也就"
  [合成] 490/613 完成 (8.7s) "最有可能实现他们的目标 对他人最慷慨仁慈也是最健"
  [合成] 491/613 完成 (4.9s) "这个研究从很大程度上说是一个开端 也是他们进行的"
  [合成] 492/613 完成 (4.1s) "这本书非常好细述了许多相关研究 还介绍了让你学会"
  [合成] 493/613 完成 (2.3s) "这对身体也有好处如心率变异性会降低"
  [合成] 494/613 完成 (3.0s) "这是建康长寿征兆 这是健康长寿的征兆 这种好处越"
  [合成] 495/613 完成 (4.0s) "当我们心怀感激时 我们的副交感神经系统会得到增强"
  [合成] 496/613 完成 (4.5s) "心怀感激还有许多其它好处 所以这不仅是一种存在状"
  [合成] 497/613 完成 (1.4s) "我们怎么培养呢"
  [合成] 498/613 完成 (3.3s) "我每晚都这么做 从1999年9月19日我就开始这"
  [合成] 499/613 完成 (6.0s) "从1999年9月19日我就一直这么做 早在02年"
  [合成] 500/613 完成 (1.8s) "真的从那时起我就一直坚持"
  [合成] 501/613 完成 (1.8s) "我想和大家分享一下 我昨晚写下的东西"
  [合成] 502/613 完成 (15.0s) "上帝家庭 上帝 家庭 唐慕斯我亲爱的妻子 见杀爱"
  [合成] 503/613 完成 (1.3s) "你们可能还不习惯，"
  [合成] 504/613 完成 (1.5s) "这个也不行不是啦开玩笑的"
  [合成] 505/613 完成 (2.4s) "这是唐唐做的汤 我昨晚喝她做的豌豆汤 实在太好喝"
  [合成] 506/613 完成 (1.2s) "这些事 事无巨细"
  [合成] 507/613 完成 (1.0s) "牛"
  [合成] 508/613 完成 (2.6s) "当下也有我感激的事 当下也有让我心存感激的事 山"
  [合成] 509/613 完成 (3.5s) "我很感激当恩·阿克尔 我很感激肖恩·阿克尔 我很"
  [合成] 510/613 完成 (2.6s) "我很感激 他的工作他的灵感 我很感激丹姆 另一个"
  [合成] 511/613 完成 (2.9s) "我很感激这些助教们 他们为了让大家在这门课上 能"
  [合成] 512/613 完成 (3.0s) "教一直在幕后的巴里 我很感激一直在幕后的巴里 大"
  [合成] 513/613 完成 (3.8s) "但课堂上所有设备的运作都由他负责 都有赖于他的支"
  [合成] 514/613 完成 (2.3s) "公 我很感激我的学生们 没有你们就没有这个课堂"
  [合成] 515/613 完成 (5.9s) "如果没有你们 我不可能站在这里 取有信们我步我窄"
  [合成] 516/613 完成 (2.3s) "关键在于要将感激付诸行动 这矫情吗必然矫情"
  [合成] 517/613 完成 (1.6s) "这能改变现状吗必然能改变"
  [合成] 518/613 完成 (7.9s) "每天晚上我还和儿子大卫一起这样做 是怎么做的呢 "
  [合成] 519/613 完成 (3.5s) "这我是向一位手艺人朋友学来的 滤上过几节课 他之"
  [合成] 520/613 完成 (3.5s) "他之前来,止过几方课 他听他说了装步感恩的事 他"
  [合成] 521/613 完成 (2.8s) "我想给你看点东西 他有两个孩子 他们就站在旁边聊"
  [合成] 522/613 完成 (2.4s) "孩子还很小 丹尼尔和玛雅 我看着他们竟热泪盈眶"
  [合成] 523/613 完成 (2.8s) "这种情景太令人感动了 从此我一直和我孩子一起进行"
  [合成] 524/613 完成 (2.6s) "我妻子定期也会每天和我一起这么做 她容忍了我的矫"
  [合成] 525/613 完成 (3.3s) "这真的有帮助真 真的有效 因为我们不再认为生命中"
  [合成] 526/613 完成 (1.8s) "这么做的关键是要保持新鲜感"
  [合成] 527/613 完成 (1.6s) "我们怎么才能保持新鲜感"
  [合成] 528/613 完成 (3.7s) "这个练习很容易出现的问题是 当这逐渐成为习惯 我"
  [合成] 529/613 完成 (7.5s) "我们逐渐将此视为例行公事 避免这个问题的一种方法"
  [合成] 530/613 完成 (2.8s) "但是 这也是有代价的 如果每周只进行一次 感激就"
  [合成] 531/613 完成 (4.7s) "那如果每天都进行练习 我们怎么才能保持新鲜感呢 "
  [合成] 532/613 完成 (3.2s) "第一点是引入多种多样的新鲜事物 一点是引入多种多"
  [合成] 533/613 完成 (5.5s) "比方说我写谢里尔 我每天都会写一些人和事 比如我"
  [合成] 534/613 完成 (2.4s) "我每天都写之事情 我也会写些其它事情"
  [合成] 535/613 完成 (3.9s) "同样的事情我可以从不同方面来写 某一天我可以写谢"
  [合成] 536/613 完成 (2.2s) "另一5 系以写 她学会流路后远出的第一步"
  [合成] 537/613 完成 (3.2s) "或者某一天我可以关注. 某一周我可以写写我的公事"
  [合成] 538/613 完成 (2.2s) "变化是生活的调味剂这方法行之有效"
  [合成] 539/613 完成 (4.0s) "第二点艾伦·朗格谈到的用心法则 她把用心定义为创"
  [合成] 540/613 完成 (2.7s) "去观察那些未曾见过的事物 去留心那些以往视而不见"
  [合成] 541/613 完成 (6.2s) "这方法也可以用来维持爱 人们总是说 时间久了 +"
  [合成] 542/613 完成 (1.7s) "无论是父母爱人 还是朋友"
  [合成] 543/613 完成 (3.0s) "创造出新的区别来 用心观察专注于此 从专注中保持"
  [合成] 544/613 完成 (1.1s) "形象化"
  [合成] 545/613 完成 (3.5s) "杰姆斯楼的斯蒂芬·科斯林 他是我们的系主任 他研"
  [合成] 546/613 完成 (3.1s) "他们说"妈妈"时就立刻想到妈妈的形象 而我们在说"
  [合成] 547/613 完成 (2.9s) "我们不再把他们形象化 所以孩子们想得会慢些 他们"
  [合成] 548/613 完成 (4.8s) "这对他们来说不是无意识的 这也就说明了为什么孩子"
  [合成] 549/613 完成 (5.9s) "说起在托儿所做的事时也会如此 他们活得很有童真 "
  [合成] 550/613 完成 (2.1s) "要除掉这种麻木 方法之一就是形象化"
  [合成] 551/613 完成 (1.7s) "这样我们就是用孩子的眼光看世界"
  [合成] 552/613 完成 (2.6s) "这一点我们下节课再继续谈 我想用一个故事结束今天"
  [合成] 553/613 完成 (1.9s) "故事的主人公 是我见过的最具积极心态的人"
  [合成] 554/613 完成 (2.3s) "她是我的人生模范 让我学会去关注事情好的方面"
  [合成] 555/613 完成 (2.2s) "我外婆1915年生于罗马尼亚的锡盖特"
  [合成] 556/613 完成 (1.3s) "她的童年很平凡"
  [合成] 557/613 完成 (2.2s) "在家里她是七兄妹中最小的 有一个姐姐五个哥哥"
  [合成] 558/613 完成 (2.5s) "他们都很出色 许多哥哥成为了杰出的犹太教大师"
  [合成] 559/613 完成 (3.4s) "小提琴家音乐家 她一直过着快乐平凡的生活 直到1"
  [合成] 560/613 完成 (2.4s) "希特勒的入侵给她的生活带来了巨变"
  [合成] 561/613 完成 (2.6s) "她全家都辗转沦落于一座又一座集中营 最后到了奥斯"
  [合成] 562/613 完成 (3.0s) "她有十几个外甥侄女遭受屠杀 在那里她有十几个外甥"
  [合成] 563/613 完成 (2.0s) "她亲眼目睹了五个哥哥和父母惨遭杀害"
  [合成] 564/613 完成 (1.8s) "战争结束后她和她姐姐活了下来"
  [合成] 565/613 完成 (1.9s) "英国人来到奥斯威解救被关押的人们"
  [合成] 566/613 完成 (1.4s) "随行的还有一位医生"
  [合成] 567/613 完成 (1.6s) "他负责检查集中营里的人"
  [合成] 568/613 完成 (3.2s) "剩下那些活着的他会说 “把这人带走那人留这儿" "
  [合成] 569/613 完成 (1.9s) "那些他们认为活不下来的人就被留在那儿"
  [合成] 570/613 完成 (5.7s) "轮到我外婆时 她当时只有26公斤重也就是54磅 "
  [合成] 571/613 完成 (2.7s) "我外婆个子高大却只有54磅重 医生说“留这见 医"
  [合成] 572/613 完成 (5.6s) "然后医生看到了她边上的姐姐 她有36公斤重 也就"
  [合成] 573/613 完成 (3.8s) "她太虚弱了 根本不可能自己起来 所以英国士兵们抬"
  [合成] 574/613 完成 (1.6s) "而莎蒂却紧紧地抓着妹妹"
  [合成] 575/613 完成 (3.4s) "她不肯放手 他们想松开她的手 但尽管她很虚弱还带"
  [合成] 576/613 完成 (4.5s) "于是医生说"把她们都带上吧 所以两人都被带到了卡"
  [合成] 577/613 完成 (2.3s) "一个月后她活了下来 尽管她没有增加一丁点体重"
  [合成] 578/613 完成 (2.0s) "他们觉得她随时都会死去 可是她没有"
  [合成] 579/613 完成 (1.6s) "三个月后她的体重开始上升"
  [合成] 580/613 完成 (1.1s) "她活了下来"
  [合成] 581/613 完成 (4.2s) "六个月后她回到了锡盖特 六个月后好 她回到了锡盖"
  [合成] 582/613 完成 (2.3s) "她到了那儿 下了马车 一个叫约瑟夫的男人看到了她"
  [合成] 583/613 完成 (2.7s) "他看到的是一个弯着腰 瘦得皮包骨头发还没长回来的"
  [合成] 584/613 完成 (4.0s) "但他认出了那双眼睛 眼神中充满骄傲充满生机 他认"
  [合成] 585/613 完成 (1.7s) "高蒂身体有了起色 她怀孕了"
  [合成] 586/613 完成 (1.2s) "但却流产了"
  [合成] 587/613 完成 (2.8s) "后来她又怀孕了 却又一次流产了 他们从罗马尼亚出"
  [合成] 588/613 完成 (6.8s) "英国人抓了他们 那时那里正处于英国人的管制下 英"
  [合成] 589/613 完成 (2.9s) "在那儿阶集中营里 我外婆又生了一个：女儿 这个孩"
  [合成] 590/613 完成 (3.1s) "这个孩子清了下来 后来他们又生了个几子又流产了"
  [合成] 591/613 完成 (3.1s) "后来他们又生了个子又流产了 我外婆就再也不能生孩"
  [合成] 592/613 完成 (5.6s) "我外婆活了下来而且活得很好 沙苦也活得很好但她没"
  [合成] 593/613 完成 (2.5s) "记得那是1988年的十月 二 莎蒂在几年前就已过"
  [合成] 594/613 完成 (3.3s) "在她忌日那天我们来到她墓前 说些祝福祈祷的话 我"
  [合成] 595/613 完成 (3.0s) "她站在墓前 墓上不只刻着莎蒂的名字 还刻着所有哥"
  [合成] 596/613 完成 (3.4s) "她望着墓碑对莎蒂说 我们真幸运不是吗 我们很幸运"
  [合成] 597/613 完成 (1.8s) "你看陶力克也来了 她叫我陶力克"
  [合成] 598/613 完成 (4.8s) "她向她介绍我的近况 我的兄弟姐妹们的近况 我们都"
  [合成] 599/613 完成 (4.3s) "一边怀念着莎蒂偶尔落泪 她是如此让人动容 就站在"
  [合成] 600/613 完成 (3.6s) "一会儿对救了她性命的姐姐说 一会几对救了她性命的"
  [合成] 601/613 完成 (4.2s) "身边有无数坟墓 我们沿路走向车子 那是一个美好的"
  [合成] 602/613 完成 (2.0s) "阳光明媚德 她突然停住了 抬起了头"
  [合成] 603/613 完成 (2.0s) "她骄傲地定定地站着 紧紧地抓住我的手"
  [合成] 604/613 完成 (3.1s) "向上看了看又看向了我 她说陶 这世界真美好啊"
  [合成] 605/613 完成 (1.8s) "只可惜我们终究是要离开的"
  [合成] 606/613 完成 (2.2s) "她笑了自 我们继续走着 她笑了 我们继续走着"
  [合成] 607/613 完成 (4.6s) "我外婆见过成千上万的尸体 我外婆见过成千上万的户"
  [合成] 608/613 完成 (2.4s) "她并没有无视生命中这些可怕的事情 她怎么可能无视"
  [合成] 609/613 完成 (1.9s) "而同时 她也没有无视生活中好的一面"
  [合成] 610/613 完成 (2.5s) "那些生命中美好的事物 她仍旧心怀感激活了下来"
  [合成] 611/613 完成 (3.7s) "我外婆告诉我这是一个美好的世界 我外婆告诉我这是"
  [合成] 612/613 完成 (1.1s) "我相信她"
  [合成] 613/613 完成 (1.0s) "谢谢"
