[A] 采用 600 条 Whisper 锚点作为字幕时间戳...

[A] 完成：600 条字幕事件
[B] 用 rapidocr 识别 600 条字幕...

[B] 50/600
[B] 100/600
[B] 150/600
[B] 200/600
[B] 250/600
[B] 300/600
[B] 350/600
[B] 400/600
[B] 450/600
[B] 500/600
[B] 550/600
[B] 600/600
[B] 完成
[C] 输出 599 条字幕：episode-07.source.zh-CN-ocr.srt
[gpt-sovits] 服务已在运行：http://127.0.0.1:9880
  [合成] 1/587 完成 (1.8s) "今天的我们要 结束自证预言“这一讲"
  [合成] 2/587 完成 (2.3s) "开始"关注“这一讲 并讲解"关注"是如何创造现实"
  [合成] 3/587 完成 (3.9s) "丹属尔·吉伯的 菲利普·布里克曼的模型 人在经历"
  [合成] 4/587 完成 (2.6s) "但都会回到原点 我们一生的幸福感 基本上都在一个"
  [合成] 5/587 完成 (2.7s) "尽管会有起伏变化 三 这样有好的一面七 也有不好"
  [合成] 6/587 完成 (3.4s) "好的一面是我们不必忧心 做更多的尝试 大多数的失"
  [合成] 7/587 完成 (3.1s) "只会暂时降低我们的幸福感和自尊心水平 但很快又会"
  [合成] 8/587 完成 (2.3s) "不好的一面是 如果幸福感只在一个基准面上徘徊"
  [合成] 9/587 完成 (1.5s) "我们努不努力还有什么区别呢"
  [合成] 10/587 完成 (2.7s) "我的回答是这个课程其实就是在讲 如何把基准值本身"
  [合成] 11/587 完成 (3.8s) "一种方式就是去解决问题 让自己进入正轨 一种方式"
  [合成] 12/587 完成 (13.2s) "这样做的原因是努力与尝试 这样做的原因是多 努力"
  [合成] 13/587 完成 (2.1s) "“我是个勇敢的人? “我是个有很强自尊心的人""
  [合成] 14/587 完成 (2.0s) "“我是个有很强胜利信念的人? 诸如此类"
  [合成] 15/587 完成 (2.7s) "我们就会用评价他人的标准 来评价我们自己 这就是"
  [合成] 16/587 完成 (3.7s) "第二个原因是 当我们陷入失败泥潭时 将意识到其实"
  [合成] 17/587 完成 (2.3s) "我们脑海中的挫败感 比失败本身带来的痛苦大的多"
  [合成] 18/587 完成 (3.3s) "也许在开始时确实痛苦 但一段时间后 当我们重回正"
  [合成] 19/587 完成 (5.7s) "但一段时间后当 当我们重回正轨 但一段时间后兰 "
  [合成] 20/587 完成 (6.7s) "最终通过解决问题我们会获得了更大的成功 不从失败"
  [合成] 21/587 完成 (2.0s) "我们如何能更乐观呢 我们谈到了各种好处"
  [合成] 22/587 完成 (7.1s) "谈到了长寿 乐观的人更加长寿 我们谈到了乐观的人"
  [合成] 23/587 完成 (2.2s) "仅为平均值的八分之一 他们更容易感到快乐"
  [合成] 24/587 完成 (3.8s) "重申一遍 乐观是一种诠释生活的方式 而不是盲目乐"
  [合成] 25/587 完成 (4.7s) "第一 付诸行动 让自己步入正轨 把目标呈现在心中"
  [合成] 26/587 完成 (2.8s) "有人可能听说过特别是对运动员来说 这是一种技巧我"
  [合成] 27/587 完成 (3.2s) "最后认知疗法 研究表明这是当今最为成功 最有效的"
  [合成] 28/587 完成 (1.7s) "我们会讲到一些基本理念和概况"
  [合成] 29/587 完成 (1.7s) "让我们从付诸行动讲起"
  [合成] 30/587 完成 (3.8s) "这部分基于艾伯特·班杜拉的研究 你读过"自我效能"
  [合成] 31/587 完成 (2.4s) "他只是从科学学术的角度去解释 并做了多年研究"
  [合成] 32/587 完成 (2.7s) "我们谈论了“自我效能"的益处 班杜拉推翻了他早年"
  [合成] 33/587 完成 (2.9s) "后来发展成所谓"自尊运动"的成果 或者说他开始反"
  [合成] 34/587 完成 (3.4s) "就是告诉一个孩子 他有多棒多完美 每天早上站在镜"
  [合成] 35/587 完成 (1.6s) "自尊心会提高也会更棒"
  [合成] 36/587 完成 (1.1s) "没用的"
  [合成] 37/587 完成 (1.2s) "相信我没用的"
  [合成] 38/587 完成 (1.1s) "我什么都试过"
  [合成] 39/587 完成 (1.9s) "从长期来讲 这种做法其实是有害的"
  [合成] 40/587 完成 (3.2s) "会伤害自尊心 伤害学生的积极性 不顾事实地一味夸"
  [合成] 41/587 完成 (4.8s) "我们会谈到如何对赞美保持清醒的头脑 几周后讲卡罗"
  [合成] 42/587 完成 (3.5s) "同时 班杜拉卡罗·德威克 以及其他人的研究表明 "
  [合成] 43/587 完成 (2.8s) "一味灌输积极的语言和信息 无论是别人这样做还是自"
  [合成] 44/587 完成 (1.7s) "也许一部分有用但一定不是全部"
  [合成] 45/587 完成 (1.9s) "班杜拉认为与其空谈 不如付诸行动"
  [合成] 46/587 完成 (2.5s) "我们在想寻求自信的方面 要付出努力 我们要努力步"
  [合成] 47/587 完成 (3.7s) "就这么简单为什么 因为努力和解决问题是通向成功的"
  [合成] 48/587 完成 (2.1s) "哪怕只有小小的提升 也能增强我们的自信心"
  [合成] 49/587 完成 (1.9s) "而这样的自信心 会激励我们更加努力"
  [合成] 50/587 完成 (2.1s) "我们会更相信自己的能力 非常简单易懂的模型"
  [合成] 51/587 完成 (1.8s) "即便是五岁的小孩也能画出这个模型"
  [合成] 52/587 完成 (2.2s) "认真思考一下 心理暗示在生活上 和教育上的应用"
  [合成] 53/587 完成 (3.0s) "我们是不分青红皂白地 一味夸奖学生 还是像玛瓦·"
  [合成] 54/587 完成 (2.4s) "从而更加成功 让他们看到自己 根据"自我认知"理"
  [合成] 55/587 完成 (2.9s) "看到自己的努力 看到自己步入正轨 看到自己努力 "
  [合成] 56/587 完成 (1.8s) "我们身体的免疫系统也是这样工作的"
  [合成] 57/587 完成 (2.7s) "当我们生病时 身体会产生抗体 这样我们就不会再患"
  [合成] 58/587 完成 (2.3s) "同样地 我们的身体也会从失败中学会免疫"
  [合成] 59/587 完成 (1.3s) "在心理学上也是一样"
  [合成] 60/587 完成 (1.4s) "失败的意义被低估了"
  [合成] 61/587 完成 (1.2s) "我真心地希望你们"
  [合成] 62/587 完成 (1.5s) "我希望你们能经历更多的失败"
  [合成] 63/587 完成 (1.7s) "我不是说说而已这是我的真实想法"
  [合成] 64/587 完成 (5.0s) "与此同时 我希望你们在失败时 与此同时手 我希望"
  [合成] 65/587 完成 (2.2s) "因为成功没有捷径 成长没有捷径"
  [合成] 66/587 完成 (2.6s) "这样的生活轨迹只是一种假象 我们在讲"完美主义""
  [合成] 67/587 完成 (3.2s) "现实生活中 健康幸福的生活是这样的 螺旋式地起伏"
  [合成] 68/587 完成 (5.6s) "当我们看到自己的努力 就能更加了解自己 自信心增"
  [合成] 69/587 完成 (3.5s) "信念增强诸如此类 都在螺旋式地上升 苏林·齐克果"
  [合成] 70/587 完成 (3.6s) "敢于尝试只会暂时失去立足处 不敢尝试将失去自我?"
  [合成] 71/587 完成 (1.7s) "在努力尝试的过程中 是不可避免的"
  [合成] 72/587 完成 (3.1s) "不敢尝试会失去自我 换句话说就是我们逃避而不去努"
  [合成] 73/587 完成 (2.2s) "因为这个模型反过来同样适用 如果我们总是"
  [合成] 74/587 完成 (1.9s) "逃避挑战 躲避困难 不给自己失败的机会"
  [合成] 75/587 完成 (2.5s) "这样就产生了一个下滑式的螺旋 包括我们的自尊心 "
  [合成] 76/587 完成 (2.7s) "和幸福感 口 第二个方法 想象成功"
  [合成] 77/587 完成 (4.4s) "我要和你们分享一个经历 其实我有些顾虑 但还是会"
  [合成] 78/587 完成 (2.8s) "我告诉你们件事 但不要告诉别人 尤其不要告诉我现"
  [合成] 79/587 完成 (2.5s) "每节课之前手 我都很紧张 每节课之前我都很紧张"
  [合成] 80/587 完成 (2.4s) "事实上对我来说每次面对大量听众时 我就觉得百爪挠"
  [合成] 81/587 完成 (2.2s) "对我来说真的很困难 我说的”大量听众“是指超过五"
  [合成] 82/587 完成 (2.6s) "这对我来说是个很大的挑战 即使面对的只是几名客户"
  [合成] 83/587 完成 (3.8s) "这种挑战 从我决定执教那天就开始了 我是在听说玛"
  [合成] 84/587 完成 (1.1s) "接下来"
  [合成] 85/587 完成 (2.8s) "我说"如果我在大批听众面前会紧张 那我怎么做一名"
  [合成] 86/587 完成 (2.4s) "还记得成功三要素吗 成功的秘诀 乐观相信自己"
  [合成] 87/587 完成 (2.7s) "激情热 热爱自己的事业 激情 热爱自己的事业 和"
  [合成] 88/587 完成 (4.7s) "三大要素中我占了两项 我非常努力 其实我的座右铭"
  [合成] 89/587 完成 (1.5s) "他是我读本科时的论文导师"
  [合成] 90/587 完成 (3.6s) "他是位出色的老师 他说走进课堂时要做到以下几点 "
  [合成] 91/587 完成 (3.7s) "于是我听从了他的建议 我反复阅读我的笔记 我将所"
  [合成] 92/587 完成 (1.4s) "然后就可以顺其自然了"
  [合成] 93/587 完成 (1.8s) "我准备充分我 我很努力 毫无问题"
  [合成] 94/587 完成 (2.8s) "我充满热忱 我热爱学习 这是对我最重要的事 也是"
  [合成] 95/587 完成 (1.5s) "但我还是缺了第三个要素"
  [合成] 96/587 完成 (1.6s) "我不够乐观 而且缺乏自信"
  [合成] 97/587 完成 (4.0s) "于是我扪心自问 如何才能培养这个第三要素 因为它"
  [合成] 98/587 完成 (3.8s) "想想之前讲的对运动员的调查研究 56%的比赛成绩"
  [合成] 99/587 完成 (3.0s) "还有约翰·科特做的研究 花了整整二十年 再去看看"
  [合成] 100/587 完成 (3.4s) "区分最成功者和其他人的 两个要素之一 其中之一就"
  [合成] 101/587 完成 (5.2s) "这恰好是我所缺乏的一个要素 那么我做了什么我开始"
  [合成] 102/587 完成 (2.4s) "我开始着眼于文学著作并 有许多有关想象的研究"
  [合成] 103/587 完成 (9.1s) "事实上 它始于几个世纪前的宗教活动 事实止 它始"
  [合成] 104/587 完成 (7.5s) "而且越来越多的心理学家们 开始应用它 销售员使用"
  [合成] 105/587 完成 (1.9s) "问题是为什么 这背后的原理是什么"
  [合成] 106/587 完成 (3.7s) "为什么它会如此重要 为什么如此巧妙 如此有效 为"
  [合成] 107/587 完成 (1.6s) "答案就是我们大脑的构造"
  [合成] 108/587 完成 (2.4s) "这个实验由心理学系主任 斯蒂芬·科斯林教授组织"
  [合成] 109/587 完成 (4.0s) "他展示的就是当 当我们看到某样事物 他展示的就是"
  [合成] 110/587 完成 (3.8s) "我的大脑里马上就有相应的神经元被激活 但事实上使"
  [合成] 111/587 完成 (6.4s) "现在如果我闭上眼睛想象自己 正在看着这只手即使现"
  [合成] 112/587 完成 (2.9s) "换句话说 我的大脑 并不知道真实事物 和想象事物"
  [合成] 113/587 完成 (3.8s) "这也就解释了为什么梦境能如此栩栩如生 在漆黑的午"
  [合成] 114/587 完成 (2.6s) "我们的想象至少对于大脑而言 与真实事物毫无差别"
  [合成] 115/587 完成 (3.0s) "现在当我想象成功的时候 就从某种意义上 为大脑创"
  [合成] 116/587 完成 (4.4s) "而我也从某种意义上欺骗自己 相信这就是真实事物 "
  [合成] 117/587 完成 (3.9s) "潜意识的大脑并不清楚真实事物 和想象事物之间的区"
  [合成] 118/587 完成 (1.6s) "记住大脑最容不得不一致性"
  [合成] 119/587 完成 (4.2s) "换句话说如果我在想象中构建了成功 并且不间断 不"
  [合成] 120/587 完成 (2.7s) "于是它就会将外在的现实事物 与脑内的主观意识相匹"
  [合成] 121/587 完成 (2.6s) "为何 因为大脑并不知道 真实事物与想象事物的区别"
  [合成] 122/587 完成 (6.0s) "就像托马斯 就像罗杰·班尼斯特四分钟跑一英里 而"
  [合成] 123/587 完成 (4.0s) "哈 四分钟跑一英里是可能的 之后又有三十七位运动"
  [合成] 124/587 完成 (2.7s) "一旦有了不同的主观意识 模拟装置就指引我们作出完"
  [合成] 125/587 完成 (2.3s) "因为大脑并不知道真实事物和 想象事物之间的差别"
  [合成] 126/587 完成 (3.5s) "虽然不是一直有用 虽然不是百分之百有用 但是作用"
  [合成] 127/587 完成 (2.4s) "我想象自己站在听众面前 沉着冷静 热情洋溢"
  [合成] 128/587 完成 (7.4s) "然后我进入到真实世界里 我不确定现在是真实世界还"
  [合成] 129/587 完成 (1.4s) "但那都是积极的刺激"
  [合成] 130/587 完成 (5.8s) "通过不断练习来提升我的信念和信心 就像一位飞行员"
  [合成] 131/587 完成 (2.6s) "大脑有一个模拟器 这就是它的工作原理"
  [合成] 132/587 完成 (3.9s) "关键是 这是大部分人会犯的错 不论是运动员 还是"
  [合成] 133/587 完成 (3.6s) "谢莉·泰勒 加州大学洛杉矶分校教授 做了一个实验"
  [合成] 134/587 完成 (2.4s) "第一组学生想象自己考试得了“优” 并且想象了一遍"
  [合成] 135/587 完成 (6.8s) "第二组学生不仅想象自己得了“优” 第二组学生不仅"
  [合成] 136/587 完成 (3.1s) "第二组学生不仅想着拿优还付诸实际行动 他们更加成"
  [合成] 137/587 完成 (4.1s) "所以既要想到过程又要梦到结果 这是你们这周的论文"
  [合成] 138/587 完成 (4.0s) "按理说最有影响力的 或是有史以来最具影响力的演讲"
  [合成] 139/587 完成 (3.9s) "我读过这篇演讲无数次了 为什么 因为除了它的语言"
  [合成] 140/587 完成 (3.3s) "它更加抓住了一个精髓 那就是 它展现了一幅成功的"
  [合成] 141/587 完成 (2.5s) "因为这就是他为这个国家所做的 也为后人指明了方向"
  [合成] 142/587 完成 (3.2s) "那么首先我来读几段节选 那么首先手 我来读几段节"
  [合成] 143/587 完成 (3.5s) "它就是对一个更美好未来的想象 他开门见山地指出 "
  [合成] 144/587 完成 (7.0s) "朋友们 今天我要对你们说 在此时此刻我们虽然遭受"
  [合成] 145/587 完成 (1.3s) "这些都是想象"
  [合成] 146/587 完成 (2.3s) "并且他通过这些想象 创造了一个更好的现实"
  [合成] 147/587 完成 (3.0s) "再听听他怎么描述过程的 他不仅仅谈论了结果 就是"
  [合成] 148/587 完成 (2.2s) "他谈的是我们怎样得到这个结果 让我再读几段"
  [合成] 149/587 完成 (2.7s) "现在不是从容不迫悠然行事 或服用渐进主义镇静剂的"
  [合成] 150/587 完成 (6.3s) "多美啊他所说的是 让我们不要只是坐在这等着 想象"
  [合成] 151/587 完成 (2.6s) "在我们争取合法地位的过程中 千万不要错误行事导致"
  [合成] 152/587 完成 (3.7s) "在这他提出建议 在这个过程中我们该做什么不该做什"
  [合成] 153/587 完成 (3.1s) "我们不能容许我们 富有创造性的抗议沦为暴力行动 "
  [合成] 154/587 完成 (2.6s) "我们应该不断升华 到用灵魂力量对付肉体力量的 崇"
  [合成] 155/587 完成 (5.6s) "在我们想象成功时 还要做的就是 我们要引入各种感"
  [合成] 156/587 完成 (2.0s) "我们大脑就更愿意相信那是真实存在的"
  [合成] 157/587 完成 (2.8s) "这个方面马丁·路德·金 又一次做得十分完美 让我"
  [合成] 158/587 完成 (2.7s) "我们不会满意 直至公正似水奔流 正义如泉喷涌 三"
  [合成] 159/587 完成 (2.6s) "说真的你能感觉到这水流 你能真正看到它们 想象得"
  [合成] 160/587 完成 (4.3s) "或者如“我们切不要吞饮仇恨辛酸的苦酒 来解除对于"
  [合成] 161/587 完成 (2.3s) "人们能感同身受很真实具体地感受到"
  [合成] 162/587 完成 (3.2s) "终有一天在阿拉巴马 黑人小孩 能够和白人小孩 兄"
  [合成] 163/587 完成 (1.7s) "你能看到孩子们手拉手围成圈"
  [合成] 164/587 完成 (3.5s) "你会觉得这就是真的 就在眼前 顺便说一句 这些就"
  [合成] 165/587 完成 (1.9s) "比如 伟大的沟通者 罗纳德·里根"
  [合成] 166/587 完成 (1.9s) "比如肯尼迪他们都是伟大的演讲家"
  [合成] 167/587 完成 (2.9s) "因为他们描绘了一幅画面 他们运用了各种感官 他们"
  [合成] 168/587 完成 (3.2s) "我梦想有一天甚至连密西西比州 一个被偏见和压迫的"
  [合成] 169/587 完成 (2.0s) "也会改造成为自由和公正的青青绿洲"
  [合成] 170/587 完成 (2.5s) "你能真实感受到那股热浪 你能真正感觉到他描述的汗"
  [合成] 171/587 完成 (2.4s) "这造就了成功的画面 这造就了伟大的演说词"
  [合成] 172/587 完成 (1.5s) "最后就是要激发情感"
  [合成] 173/587 完成 (4.1s) "不能只把这当做一次认知训练 而是要真正为自己在做"
  [合成] 174/587 完成 (1.6s) "这也是"情感"与"行动"的联系"
  [合成] 175/587 完成 (2.7s) "没有情感就不会有行动 想要打动自己或别人你必须激"
  [合成] 176/587 完成 (5.5s) "让我们用一分钟欣赏一下 这个历史性的演说 让自由"
  [合成] 177/587 完成 (1.9s) "这个梦想必须实现 让自由之声"
  [合成] 178/587 完成 (3.5s) "从新罕布什尔州巍峨的险峻高山响起 让自由之声 从"
  [合成] 179/587 完成 (2.2s) "让自由之声从宾州的阿莱干尼高地响起"
  [合成] 180/587 完成 (5.0s) "从科罗拉多州冰雪覆盖的落基山响起 让自由之声从加"
  [合成] 181/587 完成 (3.8s) "不仅如此 还要让自由之声从佐治亚州的石岭响起 让"
  [合成] 182/587 完成 (2.3s) "让自由之声从密西西比的每一座丘陵响起"
  [合成] 183/587 完成 (2.8s) "让自由之声从每一片山坡响起 当我们让自由之声响起"
  [合成] 184/587 完成 (1.8s) "让自由之声从每一个大小村庄"
  [合成] 185/587 完成 (4.2s) "每一个州和每一个城市响起来时 我们将能够加速这一"
  [合成] 186/587 完成 (2.8s) "犹太教徒和非犹太教徒 耶稣教徒和天主教徒 都将携"
  [合成] 187/587 完成 (3.4s) "都将携手 合唱一首古老的黑人灵歌 终于自由啦 感"
  [合成] 188/587 完成 (3.2s) "山 如我所说我看过很多遍 每次都很激动 想象一下"
  [合成] 189/587 完成 (6.1s) "自由了 自由了 感谢全能的父手 我们终于自由了 "
  [合成] 190/587 完成 (3.0s) "那只会枯燥乏味 所以必须通过激发情感来创造行动 "
  [合成] 191/587 完成 (2.3s) "还是面对全国人民演讲 仁 我想再说说第三个技巧"
  [合成] 192/587 完成 (2.9s) "还记得第一个技巧是 行动 尝试 合作 投入 行动"
  [合成] 193/587 完成 (3.4s) "第二个运用想象力 运用你大脑里的模拟装置 我们所"
  [合成] 194/587 完成 (2.4s) "第三点是认知疗法 在过去四十年的应用非常成功"
  [合成] 195/587 完成 (2.2s) "马丁·塞利格曼是认知疗法的创始人之一"
  [合成] 196/587 完成 (3.4s) "他从师于贝克是官方认可的认知疗法创始人 下面来谈"
  [合成] 197/587 完成 (3.1s) "其基本主张是感 感情受思想驱动 其基本主张是 感"
  [合成] 198/587 完成 (1.6s) "举个例子 有一个外部事件"
  [合成] 199/587 完成 (2.6s) "我感知到这个事件 而在那之后 我会对这个事件做出"
  [合成] 200/587 完成 (1.8s) "也就是说对这个事件产生想法"
  [合成] 201/587 完成 (2.3s) "产生的这个想法激发出某种情感"
  [合成] 202/587 完成 (1.8s) "例如 事件是一头狮子朝我跑过来"
  [合成] 203/587 完成 (1.8s) "我的评价是 天啊它会吃了我的"
  [合成] 204/587 完成 (2.1s) "激发的情感是恐惧其后产生行动"
  [合成] 205/587 完成 (1.9s) "逃跑或是英勇地与狮子搏斗"
  [合成] 206/587 完成 (6.3s) "再举另一个例子 我看见一个外部事件 一位绝世佳人"
  [合成] 207/587 完成 (4.7s) "认知疗法的原理是 如果我们想改变情绪 无论是忧伤"
  [合成] 208/587 完成 (2.4s) "若能在此进行改变 也就能改变情绪"
  [合成] 209/587 完成 (1.8s) "明确地说 认知疗法的含义就是"
  [合成] 210/587 完成 (1.5s) "我们需要重建理性和真实"
  [合成] 211/587 完成 (2.2s) "但不是说 例如马上有个重要的选拔"
  [合成] 212/587 完成 (5.9s) "我开始紧张 认知疗法不会对我们说 兑“不要再紧张"
  [合成] 213/587 完成 (1.8s) "恐惧是自然的 重要的 健康的"
  [合成] 214/587 完成 (4.9s) "认知疗法是说有时我们的想法失去了理性 这个内容我"
  [合成] 215/587 完成 (1.9s) "或者我再也不能在考试中取得好成绩"
  [合成] 216/587 完成 (2.4s) "又比如我约某人出去而他拒绝了我 我顿时觉得自己没"
  [合成] 217/587 完成 (3.4s) "这种事件会导致非理性的想法 和对事态的非理性评估"
  [合成] 218/587 完成 (2.2s) "但会导致悲观的情绪 例如向现状屈服"
  [合成] 219/587 完成 (1.4s) "没有人会想和我约会了"
  [合成] 220/587 完成 (1.9s) "认知疗法所做的是重建理性"
  [合成] 221/587 完成 (2.4s) "对自已说“对我很受伤 但在哈佛还有三千多个男人呢"
  [合成] 222/587 完成 (2.5s) "认知疗法被证明是最有效的 比其它干预方式都更有效"
  [合成] 223/587 完成 (2.1s) "精神病理学最棘手的病例还悬而未决"
  [合成] 224/587 完成 (7.5s) "但对于大多数精神病理学病例 大多数焦虑症和抑郁症"
  [合成] 225/587 完成 (3.7s) "不仅有效 而且效果最好 比其它干预方式更能迅速见"
  [合成] 226/587 完成 (1.4s) "最后 还有一点最重要的"
  [合成] 227/587 完成 (2.5s) "我们应该提到过 持续五年的剑桥·萨默维尔研究失败"
  [合成] 228/587 完成 (3.4s) "卡伦·莱维厅 在一个长达两周的项目里教授认知技能"
  [合成] 229/587 完成 (2.8s) "处于危险中的孩子们 降低他们陷入消沉！ 吸毒的可"
  [合成] 230/587 完成 (3.1s) "提高他们的幸福感和成功率 就用两周的时间 教授他"
  [合成] 231/587 完成 (7.4s) "所以重点是 这是一门后天习得的技巧 不是说那很容"
  [合成] 232/587 完成 (2.1s) "你们会在接下来的几堂课进行练习 但那远远不够"
  [合成] 233/587 完成 (1.9s) "让我和大家分享一下关于认知疗法的概述"
  [合成] 234/587 完成 (2.0s) "我用缩写三个M来概述 而我所做的是将"
  [合成] 235/587 完成 (5.8s) "我提到过的卡伦·莱维厅的研究成果 马丁·塞利格曼"
  [合成] 236/587 完成 (1.7s) "有人可能知道他写的《好心情手册》"
  [合成] 237/587 完成 (2.7s) "他也是阿伦·贝克的学生 我把他们的研究成果归结成"
  [合成] 238/587 完成 (3.4s) "每个M再划分为两个建议 它们是有内在联系的 你会"
  [合成] 239/587 完成 (2.3s) "但你将会注意到 当你在学习这三个M时"
  [合成] 240/587 完成 (3.0s) "总能在自己身上找到对应点 超越表象 问问自己"我"
  [合成] 241/587 完成 (1.7s) "我在哪里扭曲了自己的评价 自己的思想"
  [合成] 242/587 完成 (2.5s) "从而导致了不必要的负面情绪呢 如果我能重建自己的"
  [合成] 243/587 完成 (4.5s) "也就能拥有正面的情绪 在你浏览三M时 问问自己 "
  [合成] 244/587 完成 (4.0s) "第一点 夸大夸张了已发生的事实 比如 归纳的思想"
  [合成] 245/587 完成 (3.9s) "我们管这个叫凳子 他们满了一岁后 在小酒吧又看到"
  [合成] 246/587 完成 (4.7s) "他们会归纳出这东西是把椅子 现在他们看见了一把以"
  [合成] 247/587 完成 (4.2s) "这人我从没见过但我知道他是 一个人 因为我从以前"
  [合成] 248/587 完成 (4.0s) "我们也借此来发展概念和语言 但有时 我们过分地进"
  [合成] 249/587 完成 (1.8s) "作为学生 我不聪明我没办法成功"
  [合成] 250/587 完成 (2.0s) "这是过度归纳 评价和想法是非理性的"
  [合成] 251/587 完成 (3.2s) "或者因为他拒绝了我 所以每个人都会拒绝我 你也可"
  [合成] 252/587 完成 (1.8s) "教室里有这么多温柔体贴的好男人?"
  [合成] 253/587 完成 (2.6s) "这就是我们今后会经常提到的 “不成功便成仁"这一"
  [合成] 254/587 完成 (4.9s) "我们在讲到完美主义时会谈到它 这指的是把失败灾难"
  [合成] 255/587 完成 (4.0s) "比如我大一时有门没得"优” 我以后将无家可归也找"
  [合成] 256/587 完成 (3.9s) "这就是"不成功便成仁" 要么成绩全优要么彻底失败"
  [合成] 257/587 完成 (3.0s) "阻止我们挑战自我的重要因素 另一方面 放大的另一"
  [合成] 258/587 完成 (4.0s) "我经常会这样手 我会犯这种错误 我经常会这样 我"
  [合成] 259/587 完成 (3.2s) "我最近发现自己能熟练运用了 缩小的第一个理论 是"
  [合成] 260/587 完成 (2.3s) "那是什么意思呢举个例子 我的班上有620个学生"
  [合成] 261/587 完成 (2.5s) "其中618个在专心听课 一个盯着天花板的灯发呆"
  [合成] 262/587 完成 (1.2s) "还有一个在睡觉"
  [合成] 263/587 完成 (2.0s) "狭隘视野是说我只专注于那个睡觉的人"
  [合成] 264/587 完成 (1.9s) "对自己说"我的课无聊得让人睡着了"
  [合成] 265/587 完成 (2.1s) "或者反过来 有六百一十八个学生在睡觉"
  [合成] 266/587 完成 (2.3s) "一个看着地板 另一个在兴奋地听课"
  [合成] 267/587 完成 (2.9s) "我只专注于那个听课的同学 然后说 “我太棒了是个"
  [合成] 268/587 完成 (3.4s) "显然两种想法都不实际 显然两 两种想法都不实际 "
  [合成] 269/587 完成 (3.4s) "我经常也会犯那样的错误 最近我就犯了这种错 大部"
  [合成] 270/587 完成 (6.7s) "乔恩·斯图尔脱口秀发生了什么呢 我觉得他的思维太"
  [合成] 271/587 完成 (1.6s) "而乔恩 他早就往前走好远了"
  [合成] 272/587 完成 (2.4s) "我觉得自己很慢追不上他 而且说了些之后让自己后悔"
  [合成] 273/587 完成 (1.7s) "就一句话没什么但我很在意"
  [合成] 274/587 完成 (2.3s) "哪怕在我坐飞机回以色列的途中 整个旅程我都在想这"
  [合成] 275/587 完成 (3.6s) "别的事情都被我抛在脑后 甚至是在乔恩·斯图尔脱口"
  [合成] 276/587 完成 (4.5s) "完全忽略了这件事 跟我没关系似的 就因为那句话 "
  [合成] 277/587 完成 (1.5s) "然后我放大视野"
  [合成] 278/587 完成 (1.8s) "纵观全局 然后对自己说"
  [合成] 279/587 完成 (3.5s) "纵观全局然 然后对自己说 好吧 我是说了让自己后"
  [合成] 280/587 完成 (1.6s) "没什么 那只是个娱乐节目"
  [合成] 281/587 完成 (1.7s) "大家看这档节目都只是图个开心"
  [合成] 282/587 完成 (2.4s) "纵观全局 这是个很好的机会 我允许自己全然为人"
  [合成] 283/587 完成 (2.3s) "允许自己感到后悔 但总体上能够更理性地看待它"
  [合成] 284/587 完成 (4.0s) "正如我所说我依然在使用这些方法 以前手 我可能 "
  [合成] 285/587 完成 (1.8s) "但现在我可以忽略这些非理性的想法"
  [合成] 286/587 完成 (1.3s) "并能更迅速地恢复"
  [合成] 287/587 完成 (1.7s) "忽略所有积极的或消极的方面"
  [合成] 288/587 完成 (3.1s) "狭隘视野的人并没有注意到 其他618个在认真听课"
  [合成] 289/587 完成 (2.8s) "一味忽略正面信息的人即使 看到好的方面 也觉得那"
  [合成] 290/587 完成 (2.7s) "看到好的方面七 也觉得那些相比于 他们的失败和失"
  [合成] 291/587 完成 (1.8s) "比方说 这又是一个我常犯的错误"
  [合成] 292/587 完成 (3.0s) "当我大四在申请学术奖学金的时候 我获得了前往剑桥"
  [合成] 293/587 完成 (1.8s) "我得到了约翰·埃利奥特奖学金"
  [合成] 294/587 完成 (7.3s) "当时有四个提供学生去剑桥的奖学金 约翰·埃利奥特"
  [合成] 295/587 完成 (5.8s) "我得到了四个之中的约翰·埃利奥特 我一拿到了这个"
  [合成] 296/587 完成 (5.1s) "其实这几个奖学金除了名字之外没有区别 但这确实是"
  [合成] 297/587 完成 (2.9s) "我这才意识到 主观评价的重要性和影响力 它怎么决"
  [合成] 298/587 完成 (1.5s) "一件本该值得庆祝的事"
  [合成] 299/587 完成 (2.4s) "我们一旦理解和意识到这一点 就可以质疑和考验自己"
  [合成] 300/587 完成 (2.1s) "我们可以重整思维架构并看到正面信息"
  [合成] 301/587 完成 (1.8s) "认知疗法的关键就是遵从现实"
  [合成] 302/587 完成 (1.7s) "伪装 捏造 是第三个M"
  [合成] 303/587 完成 (1.6s) "就是说我们有时会无中生有"
  [合成] 304/587 完成 (3.2s) "比方说 我们自我责备或指责他人 受虐待者或受家庭"
  [合成] 305/587 完成 (2.6s) "是我的错手 我做得很不对 “是我的错，我做得很不"
  [合成] 306/587 完成 (2.0s) "却不是理性地说 他是施暴者我要离开他"
  [合成] 307/587 完成 (3.6s) "这是非理性的自我责备 当然也可以刚好相反 我没考"
  [合成] 308/587 完成 (1.5s) "这是不现实的我需要负起责任"
  [合成] 309/587 完成 (2.0s) "正如纳撒尼尔·布兰登的理论没有人会来"
  [合成] 310/587 完成 (3.0s) "负起责任而不是指责他人 这是玛瓦·柯林斯一直向她"
  [合成] 311/587 完成 (2.0s) "不应过度自我责备也不应一味责怪他人"
  [合成] 312/587 完成 (2.0s) "应该遵从现实 最后是情绪化的推断"
  [合成] 313/587 完成 (1.8s) "我妒忌他人所以我一定是个坏人"
  [合成] 314/587 完成 (2.5s) "或者我在选拔赛之前遇到了危险 所以这肯定是一件危"
  [合成] 315/587 完成 (4.3s) "把个人情绪理解成现实情况 而不是把情绪理解为情绪"
  [合成] 316/587 完成 (3.6s) "我很害怕失败 所以失败是一件危险的事情 但事实上"
  [合成] 317/587 完成 (2.1s) "最主要的是作出正确的评估 并纠正错误的判断"
  [合成] 318/587 完成 (2.5s) "福 有人觉得自己是二等学生 因为心理学或数学不好"
  [合成] 319/587 完成 (2.9s) "因为我感觉如此所以对自己的评价是 “好吧我确实是"
  [合成] 320/587 完成 (3.3s) "而不是理性地看待 寺“让我尝试一下 而不是理性地"
  [合成] 321/587 完成 (1.3s) "纠正偏见"
  [合成] 322/587 完成 (2.0s) "关键在于要遵从现实怎么遵从现实呢"
  [合成] 323/587 完成 (2.6s) "通过质疑 我举几个例子 你们可以自己练习 这里只"
  [合成] 324/587 完成 (1.6s) "第一 我的结论是否贴合现实"
  [合成] 325/587 完成 (1.9s) "第二 它是否理性这两点是相关的"
  [合成] 326/587 完成 (1.5s) "我是不是忽略了重要的因素"
  [合成] 327/587 完成 (3.4s) "比方说我的书最后卖得很好 比方说这个课堂还有很棒"
  [合成] 328/587 完成 (4.2s) "我还需要考虑什么重要的因素 这是自我质疑的过程 "
  [合成] 329/587 完成 (1.5s) "车上还有孩子"
  [合成] 330/587 完成 (2.5s) "质疑的作用就是让我们打开视野 并创造崭新的现实"
  [合成] 331/587 完成 (1.3s) "我有没有放大什么信息"
  [合成] 332/587 完成 (3.0s) "或者有没有忽略什么信息 我是不是陷入了某个思维误"
  [合成] 333/587 完成 (3.7s) "我是不是忽略了不好的信息 不是要千方百计地让自己"
  [合成] 334/587 完成 (2.0s) "最后让我们放大视野 全局是怎样的"
  [合成] 335/587 完成 (3.0s) "总结一下 艾德·狄纳和马丁·塞利格曼对 最幸福的"
  [合成] 336/587 完成 (2.4s) "这是对一小部分特殊人群的研究 每十位幸福人士中抽"
  [合成] 337/587 完成 (2.0s) "观察他们是否有我们值得学习的地方"
  [合成] 338/587 完成 (2.7s) "研究的发现很有趣 第一 这些人感受到的痛苦情绪 "
  [合成] 339/587 完成 (2.2s) "比方和最不幸福或中间的百分之十相比"
  [合成] 340/587 完成 (1.9s) "他们也有痛苦的感受 但是他们和其他人的区别是"
  [合成] 341/587 完成 (3.4s) "他们对痛苦有不同的解读因而恢复得更快 当他们沮丧"
  [合成] 342/587 完成 (2.1s) "不会说“接下来一个月我都会很失落"
  [合成] 343/587 完成 (1.8s) "而是说 我确实很沮丧但没什么"
  [合成] 344/587 完成 (5.4s) "我可以从中学到些什么 我该如何走出低谷 他们确实"
  [合成] 345/587 完成 (1.6s) "世事难料生活中的事情"
  [合成] 346/587 完成 (1.7s) "世事难料生 生活中的事情"
  [合成] 347/587 完成 (1.4s) "很多都不受我们控制"
  [合成] 348/587 完成 (2.4s) "我们遇见的事情并非都遂我们的意 有一些事情是不好"
  [合成] 349/587 完成 (1.9s) "但更重要的是发生之后我们怎么看待它们"
  [合成] 350/587 完成 (2.7s) "我们的解读往往 成为自证的预言 悲观主义者会说“"
  [合成] 351/587 完成 (1.9s) "这会延续很长时间 痛苦不会消失”"
  [合成] 352/587 完成 (1.3s) "但是乐观主义者会说"
  [合成] 353/587 完成 (5.0s) "这只是暂时的痛苦会过去? 而信念是自证的预言 如"
  [合成] 354/587 完成 (1.6s) "但它更有可能会持续六个月"
  [合成] 355/587 完成 (1.6s) "我们是创造一个下滑式螺旋"
  [合成] 356/587 完成 (3.8s) "这其中充满了沮丧 不幸 悲伤 还是创造一个上升式"
  [合成] 357/587 完成 (2.4s) "鲍伯·弗雷德里克森讲过 积极情感扩建现象"
  [合成] 358/587 完成 (1.6s) "很多能力是取决于我们的"
  [合成] 359/587 完成 (1.8s) "获得幸福成功和坚定的信念"
  [合成] 360/587 完成 (2.3s) "没有捷径 没有简单的办法 它需要我们付出努力"
  [合成] 361/587 完成 (2.9s) "无论是想象练习 付诸努力和行动 还是学会质疑不理"
  [合成] 362/587 完成 (3.0s) "仅仅理解一次是不够的 不是说我们学习一次就终身免"
  [合成] 363/587 完成 (2.1s) "如果你想持续拥有这些能力就要持续练习"
  [合成] 364/587 完成 (1.6s) "接下来 我们要讲的是关注"的问题"
  [合成] 365/587 完成 (2.4s) "就像我们是否关注事件中的某个细节 会影响到其结果"
  [合成] 366/587 完成 (2.6s) "“关注"也同样影响着我们的人生 我现在要更详尽地"
  [合成] 367/587 完成 (2.2s) "进一步理解和学习 我们以前多次讲到的内容"
  [合成] 368/587 完成 (2.0s) "艾德·狄纳 我刚刚提到他所做的研究"
  [合成] 369/587 完成 (2.8s) "他也是 国际积极心理学协会的首任主席 他是伊利诺"
  [合成] 370/587 完成 (2.8s) "多年研究显示 人们看待世界的方式 比客观的因素更"
  [合成] 371/587 完成 (2.7s) "如果你仔细想想这是讲得通的 很多人看似拥有一切"
  [合成] 372/587 完成 (1.7s) "财富 好朋友和圆满的家庭"
  [合成] 373/587 完成 (4.2s) "所有的梦想都实现了但还是觉得糟糕 所有的梦想都实"
  [合成] 374/587 完成 (3.6s) "却一直赞美着生活 也有拥有一切的人 喜爱生活 感"
  [合成] 375/587 完成 (1.8s) "也有人拥有的很少并不断抱怨"
  [合成] 376/587 完成 (2.7s) "换句话说 内部..不好意思说错了 并不只有外部条"
  [合成] 377/587 完成 (2.4s) "内部因素更重要 幸福同我们的地位 账户情况并不相"
  [合成] 378/587 完成 (3.8s) "更多地取决于我们的思想 取决于我们的关注点 因为"
  [合成] 379/587 完成 (5.1s) "如何解读就很重要比方说 在外人看来 爱迪生失败了"
  [合成] 380/587 完成 (1.9s) "理解成为排除了五千种错误的做法"
  [合成] 381/587 完成 (3.0s) "我们的关注点取决于我们自己 我们是赞美成功还是把"
  [合成] 382/587 完成 (2.2s) "我们把失败和苦难视作灾难 还是成长的机会"
  [合成] 383/587 完成 (2.6s) "埃默森说"同一个世界对于不同的人来说 可能是天堂"
  [合成] 384/587 完成 (5.3s) "莎士比亚说"万物本无优劣 只是人的定夺而已 我并"
  [合成] 385/587 完成 (2.0s) "道尔夫的人民真正生活在水深火热之中"
  [合成] 386/587 完成 (2.6s) "在战乱中 改变思维方式 关注正面的信息 是很难的"
  [合成] 387/587 完成 (1.7s) "被关在集中营里的人也是一样"
  [合成] 388/587 完成 (3.9s) "所以外在环境也是起作用的 无家可归的人 如果你给"
  [合成] 389/587 完成 (1.9s) "他们一定会 因为外在的改变 而 而更开心"
  [合成] 390/587 完成 (3.5s) "但是在基础需求和自由之外 更多的是我们怎么认识现"
  [合成] 391/587 完成 (2.2s) "我们做个练习来理解 “关注点创造现实"这一概念"
  [合成] 392/587 完成 (1.2s) "我有一个问题"
  [合成] 393/587 完成 (1.5s) "这里有几种几何图形"
  [合成] 394/587 完成 (2.2s) "很不幸这个很棒的测试只能做一次"
  [合成] 395/587 完成 (4.3s) "你是通过自己所提的问题来创造现实的 我们在看图片"
  [合成] 396/587 完成 (2.1s) "但是之前 你们之中的绝大多数 并没有关注那些"
  [合成] 397/587 完成 (3.5s) "这就是关注点的问题 那些常常抱怨生活很糟糕的人 "
  [合成] 398/587 完成 (3.6s) "不管是通过想像 然后这种想法变成的自证预言 又或"
  [合成] 399/587 完成 (3.5s) "记住一点这并不意味着 不存在绝对的糟糕环境 但很"
  [合成] 400/587 完成 (6.9s) "两年前这门课的一位学生向我 推荐了这本书 《深夜"
  [合成] 401/587 完成 (1.3s) "我偶然翻到了这个寓言"
  [合成] 402/587 完成 (2.6s) "我想念给你们听下 是作者丹·米尔曼讲述的一个故事"
  [合成] 403/587 完成 (1.8s) "我在中西部的一个建筑工地上遇见了他"
  [合成] 404/587 完成 (3.2s) "午饭哨吹响时 所有工人会坐下用餐 每天山姆都会打"
  [合成] 405/587 完成 (2.9s) "“妈的"他道 不是又吃花生黄油果冻三明治吧 我讨"
  [合成] 406/587 完成 (2.2s) "他日复一日地抱怨着 花生黄油果冻三明治"
  [合成] 407/587 完成 (1.6s) "直到有一天 一个工人说到"
  [合成] 408/587 完成 (2.0s) ""山姆 如果你这么讨厌 花生黄油和果冻"
  [合成] 409/587 完成 (3.3s) "为什么不让你家女人准备些别的呢 “什么女人 山姆"
  [合成] 410/587 完成 (2.3s) "甩 多数情况下我们给自己做三明治 但却毫不知情"
  [合成] 411/587 完成 (6.7s) "因为我们所提出的问题 我们所提的问题决定了现实 "
  [合成] 412/587 完成 (1.9s) "无论是什么 我们往往创造了自己的现实"
  [合成] 413/587 完成 (2.1s) "如果明白这一点 就可以改变我们的认知方式"
  [合成] 414/587 完成 (3.0s) "改变我们的关注点 改变我们的问题 改变我们的关注"
  [合成] 415/587 完成 (2.4s) "无论这些问题是质疑不合理的评估 还是关注于积极方"
  [合成] 416/587 完成 (1.7s) "这些问题创造崭新的现实"
  [合成] 417/587 完成 (4.0s) "我主要想讨论以下两种原型 这两种原型从多方面概括"
  [合成] 418/587 完成 (2.1s) "两种原型分别是知足常乐者和自怨自艾者"
  [合成] 419/587 完成 (2.5s) "首先来看下自怨自艾者的人 永远关注于不顺利的那些"
  [合成] 420/587 完成 (4.4s) "关注于花生黄油 果冻 关注于进展不顺利的事情 关"
  [合成] 421/587 完成 (3.7s) "工作中的问题 一个完美的报怨者 我们都处于极端自"
  [合成] 422/587 完成 (3.5s) "没有人 处于这两个极端之上 所有人都处于中间态 "
  [合成] 423/587 完成 (2.7s) "向知足常乐的一端稍稍靠拢 因为这样做益处颇多 我"
  [合成] 424/587 完成 (4.2s) "我是从亨利·戴维·梭罗 的著作中找到自怨自艾者这"
  [合成] 425/587 完成 (2.4s) "极端自怨自艾者习惯于向现状屈服 感到孤立无助"
  [合成] 426/587 完成 (2.8s) "为什么 因为他或她相信糟糕的现状 与他或她自身全"
  [合成] 427/587 完成 (1.8s) "而没有意识到 他们是现实的创造者"
  [合成] 428/587 完成 (3.0s) "他们开始相信无论他们做什么 无论他们找到什么工作"
  [合成] 429/587 完成 (2.4s) "无论他们的伙伴怎样 他们总是考虑不周会搞砸一切"
  [合成] 430/587 完成 (3.5s) "无论他们去什么餐馆的服务总是很糟糕 他们总是吃着"
  [合成] 431/587 完成 (2.5s) "他们向现实屈服 他们的存在也自然成了一种自证预言"
  [合成] 432/587 完成 (2.7s) "自怨自艾者能从骨头里挑鸡蛋 抱歉是从鸡蛋里挑骨头"
  [合成] 433/587 完成 (4.6s) "知足常乐者 研究员朱利安·鲍尔提出的术语 现在在"
  [合成] 434/587 完成 (2.2s) "知足常乐者则截然相反 关注于好的方面"
  [合成] 435/587 完成 (1.9s) "知足常乐者关注于生活中光明的一面"
  [合成] 436/587 完成 (1.3s) "在绝境找到希望"
  [合成] 437/587 完成 (1.8s) "会柳暗花明又一村"
  [合成] 438/587 完成 (1.8s) "不会抱怨老师使用太多陈词滥调"
  [合成] 439/587 完成 (2.1s) "知足常乐者从平凡中发现不平凡"
  [合成] 440/587 完成 (3.1s) "拉尔夫·瓦尔多·爱默生 是位完美的知足常乐者 关"
  [合成] 441/587 完成 (4.1s) "现在存在的问题可能是 知足常乐者可能是离群索居的"
  [合成] 442/587 完成 (2.2s) "如果是这样的话那这就是问题所在"
  [合成] 443/587 完成 (3.0s) "再申明一下这个课程并不是倡导 仅关注于积极面 而"
  [合成] 444/587 完成 (3.2s) "现实包含了好与坏 现实既包含了几何图形 又包含了"
  [合成] 445/587 完成 (4.9s) "关键是要同时关注两方面 所以这种离群索居的知足常"
  [合成] 446/587 完成 (2.1s) "纳撒尼尔·布兰登曾提出 我们需要尊重现实"
  [合成] 447/587 完成 (2.5s) "不管我们是怎样的协同创造者 我们不能仅通过关注点"
  [合成] 448/587 完成 (1.9s) "我来个你们念一段威廉姆·詹姆斯的话"
  [合成] 449/587 完成 (2.4s) "尽管我们无法改变现实 但我们有权利决定如何去应对"
  [合成] 450/587 完成 (5.0s) "运用我们的感知 现实无疑是不由我们掌控的 但是我"
  [合成] 451/587 完成 (2.5s) "我们将重点关注于何处 将产生截然不同的结果"
  [合成] 452/587 完成 (1.8s) "我们以不同的视角解读同一事实"
  [合成] 453/587 完成 (3.2s) "滑铁卢这一事件 对于一个英国人来说意味着'胜利 "
  [合成] 454/587 完成 (3.3s) "因此 对于乐观主义者而言 全世界充满着胜利 对于"
  [合成] 455/587 完成 (2.3s) "我们对现实的看法 取决于我们以怎样的视角看待现实"
  [合成] 456/587 完成 (3.6s) "1890年时威廉姆·詹姆斯如是说 现在我们了解了"
  [合成] 457/587 完成 (2.4s) "这是我我最喜欢的一首诗 R.L.夏普的作品"
  [合成] 458/587 完成 (3.6s) "王子和国王 在木屑圈里跳來跳去的小丑 一如你我的"
  [合成] 459/587 完成 (4.4s) "人人都拿到了一张规则表 一大块不成形的东西 一袋"
  [合成] 460/587 完成 (2.9s) "通常情况下 我们最开始 得到的都是一块很大的石头"
  [合成] 461/587 完成 (4.5s) "我们该如何处理这石头呢 我们应该将其精雕细琢成大"
  [合成] 462/587 完成 (2.7s) "通常这取决于我们自己 因为我们协同创造了现实 石"
  [合成] 463/587 完成 (2.2s) "我们无需负责 但是如何对待它却是我们的事"
  [合成] 464/587 完成 (2.4s) "认知重建 是学会乐观地看待事物 以一种乐观的态度"
  [合成] 465/587 完成 (2.7s) "安·哈比森是我的一位同事 也曾与菲利普·斯通一同"
  [合成] 466/587 完成 (1.8s) "说过 "不要浪费任何一个好的危机"
  [合成] 467/587 完成 (1.6s) "危机是一种潜在的成长动力"
  [合成] 468/587 完成 (1.8s) "我们讨论人际关系时将会讨论的一本书"
  [合成] 469/587 完成 (2.7s) "大卫·施耐克的著作《激昂的婚姻》 探讨婚姻中的考"
  [合成] 470/587 完成 (3.9s) "他认为 经久不衰的婚姻关系 通常不是那些 多年来"
  [合成] 471/587 完成 (4.8s) "而那些经过考验 存在危机 而那些经过考验不 存在"
  [合成] 472/587 完成 (2.2s) "然后逐渐成熟所有的磨难终有善终"
  [合成] 473/587 完成 (4.0s) "他说道经营人际关系别无他法 你必须屡败屡战 要长"
  [合成] 474/587 完成 (1.7s) "人际关系不是 也不可能像这样"
  [合成] 475/587 完成 (1.4s) "必然会有起起落落"
  [合成] 476/587 完成 (1.7s) "不要浪费人际关系中的危机"
  [合成] 477/587 完成 (9.6s) "并不是说我们需要解决所有的危机 有些危机注定会 "
  [合成] 478/587 完成 (2.0s) "对于个人也是一样的沃伦·贝尼斯"
  [合成] 479/587 完成 (8.8s) "来自南加州大学 在这里的商学院授过几年课 在定义"
  [合成] 480/587 完成 (5.2s) "他有本书书名即为《极客与怪杰》 在谈论这两种领导"
  [合成] 481/587 完成 (2.8s) "举个例子来看 极客 年轻的领导人 注重的是工作与"
  [合成] 482/587 完成 (1.6s) "怪杰则全然不懂他们指什么"
  [合成] 483/587 完成 (1.8s) "通常对于怪杰而言 男主外女主内"
  [合成] 484/587 完成 (8.0s) "年老的一代领导人就是这么想的 年轻一代则注重工作"
  [合成] 485/587 完成 (1.6s) "这两代人之间有诸多不同点"
  [合成] 486/587 完成 (1.4s) "但他们具有一个共同点"
  [合成] 487/587 完成 (3.2s) "所有伟大的领导人 无论是三十多岁还是八十五岁 所"
  [合成] 488/587 完成 (1.4s) "才造就了自身的辉煌"
  [合成] 489/587 完成 (2.9s) "许多人都经历了考验 但有一些特定的人 能从这些考"
  [合成] 490/587 完成 (3.4s) "不要浪费任何一个好的危机 无论是职业中 还是人际"
  [合成] 491/587 完成 (1.5s) "这些危机都诠释了你的经历"
  [合成] 492/587 完成 (3.1s) "四五年前当时我还是哈佛大学 莱弗里特宿舍的住校教"
  [合成] 493/587 完成 (2.6s) "我们讨论了来年的招聘情况等一些事宜 那一年经济形"
  [合成] 494/587 完成 (2.1s) "高盛集团在裁员 且不在校园招聘"
  [合成] 495/587 完成 (2.7s) "瑞士信贷还有第一波士顿都在裁员 德意志银行也不得"
  [合成] 496/587 完成 (2.3s) "是其有史以来的第一次裁员 经济形势很差"
  [合成] 497/587 完成 (8.0s) "我们讨论了这一形势 我们每个人都提出了对市场形势"
  [合成] 498/587 完成 (5.0s) "正在上这门课 他举起手来说"泰勒 你描绘了一幅很"
  [合成] 499/587 完成 (1.9s) "有观众发出了轻笑然后安静了下来"
  [合成] 500/587 完成 (2.8s) "大家都在看着我 我不知道该说什么 我的第一反应是"
  [合成] 501/587 完成 (1.0s) "就像这样"
  [合成] 502/587 完成 (3.0s) "然而就在我将要脱口而出时 我突然想 事实上我才不"
  [合成] 503/587 完成 (1.7s) "但虽然我不相信心想事成"
  [合成] 504/587 完成 (2.7s) "我相信有些人 可以心想事成 而这两者之间有着很大"
  [合成] 505/587 完成 (2.0s) "因为当我们说“我不喜欢这里发生的事"
  [合成] 506/587 完成 (2.2s) "我宁愿现在市场比较景气 市场里到处都是 金饭碗"
  [合成] 507/587 完成 (1.6s) "我当然希望事情能够这样发展"
  [合成] 508/587 完成 (1.7s) "所以心想事未必成"
  [合成] 509/587 完成 (2.2s) "不过有些人接受现实 并让充分利用好现实"
  [合成] 510/587 完成 (3.6s) "面对危机时也是一样的 难道那些饱经风霜的领导者们"
  [合成] 511/587 完成 (4.0s) "难道情侣们在建立一段关系时会说 让我们来制造矛盾"
  [合成] 512/587 完成 (2.2s) "但是当苦难来临 他们却可以在其中挖掘价值"
  [合成] 513/587 完成 (1.5s) "不顺心的事情总会发生"
  [合成] 514/587 完成 (6.7s) "而我们可以任其肆虐也可以化干戈为玉帛 而我们可以"
  [合成] 515/587 完成 (2.5s) "我要给你们看一位领袖的例子 他是一位完美的知足常"
  [合成] 516/587 完成 (3.7s) "我们非常荣幸能请到纳尔逊·曼德拉 前南非总统 他"
  [合成] 517/587 完成 (7.1s) "激励了无数人去寻找他们生命中的可能性 我曾经有幸"
  [合成] 518/587 完成 (1.7s) "在你身边无时无刻不能感受到"
  [合成] 519/587 完成 (2.6s) "忠贞和气度 我很好奇为什么您受迫 入狱二十七年"
  [合成] 520/587 完成 (1.7s) "出来以后为什么没有变得铁石心肠"
  [合成] 521/587 完成 (3.1s) "而是一颗充满了宽恕和接纳的心灵 我记得在一次晚餐"
  [合成] 522/587 完成 (2.9s) "说我们对压迫者的仇恨太过于强烈 以至于我们看不到"
  [合成] 523/587 完成 (1.9s) "你在什么时候意识到放下仇恨的价值"
  [合成] 524/587 完成 (3.6s) "并且开始对话的过程呢 首先我想说 在监狱里 度过"
  [合成] 525/587 完成 (1.5s) "虽然这看起来有些讽刺"
  [合成] 526/587 完成 (3.3s) "但那段经历确实给了我很多好处 如果我没进过监狱 "
  [合成] 527/587 完成 (1.5s) "改变自己 这边是人生的课题"
  [合成] 528/587 完成 (2.7s) "如果没进监狱我不会有这样的机会 我有了这样的机会"
  [合成] 529/587 完成 (1.6s) "可以获得在外面得不到的东西"
  [合成] 530/587 完成 (3.3s) "那就是坐下来安安静静思考的机会 这样的机会非常重"
  [合成] 531/587 完成 (3.0s) "你可以仅仅用数天数周 或一个假期的时间来思考 你"
  [合成] 532/587 完成 (4.1s) "他在监狱里过了二十七年是心想事成吗 显然当他经历"
  [合成] 533/587 完成 (7.0s) "从而就算是在那样的状况下 依然见到积极的东西 而"
  [合成] 534/587 完成 (1.7s) "就算在监狱里 当他改变他的心态时"
  [合成] 535/587 完成 (4.0s) "换句话说改 改变的不是外界环境 换句话说 改变的"
  [合成] 536/587 完成 (4.0s) "另一个知足常乐者说道 “一个悲观主义者在机会中只"
  [合成] 537/587 完成 (1.4s) "这个观点无可辩驳"
  [合成] 538/587 完成 (3.0s) "我想用一个故事来结束这堂课 一个我自己这些年来的"
  [合成] 539/587 完成 (1.6s) "你们中的大部分人都不知道的细节"
  [合成] 540/587 完成 (2.1s) "一个自怨自艾者的角度来讲述这个故事"
  [合成] 541/587 完成 (1.6s) "我有轻度的注意力缺损症"
  [合成] 542/587 完成 (2.5s) "这给我带来许多苦恼 我难以集中注意力很容易就走神"
  [合成] 543/587 完成 (1.4s) "我一直与它抗争"
  [合成] 544/587 完成 (2.1s) "高中时 我非常想参加一个盈利性的数学项目"
  [合成] 545/587 完成 (1.7s) "但我没有通过考试 我非常失望"
  [合成] 546/587 完成 (2.4s) "我从十一岁开始就有个梦想 那就是成为一名职业壁球"
  [合成] 547/587 完成 (3.9s) "那是让我梦魂萦绕的东西 那是让我梦魂索绕的东西 "
  [合成] 548/587 完成 (1.6s) "在我二十岁将要结束我的兵役时"
  [合成] 549/587 完成 (2.0s) "我在壁球场上受伤了 拉伤了背部的肌肉"
  [合成] 550/587 完成 (2.4s) "医生给了我两个选择 一是冒着巨大的风险动手术"
  [合成] 551/587 完成 (1.6s) "二是放弃成为一个职业球手"
  [合成] 552/587 完成 (2.1s) "我选择了放弃成为职业球手 一个我从小的梦想"
  [合成] 553/587 完成 (1.3s) "那是一个巨大的打击"
  [合成] 554/587 完成 (2.4s) "在从哈佛毕业后我去了剑桥 然后参加了一个博士项目"
  [合成] 555/587 完成 (1.8s) "我是那个项目中唯一一个失败的人"
  [合成] 556/587 完成 (1.5s) "于是我被踢出了项目"
  [合成] 557/587 完成 (1.1s) "那很丢脸"
  [合成] 558/587 完成 (2.5s) "这一年就好像白白浪费了 因为我连硕士学位都没拿到"
  [合成] 559/587 完成 (1.3s) "那是一段痛苦的经历"
  [合成] 560/587 完成 (2.6s) "在哈佛的研究生院学习时 我跟其他学生一起参加了统"
  [合成] 561/587 完成 (2.1s) "在所有参加考试的学生中 我是唯一一个不及格的"
  [合成] 562/587 完成 (3.2s) "又一个奇耻大辱 在杰姆斯楼周围走着 每个人都知道"
  [合成] 563/587 完成 (2.2s) "不仅如此 学校决定 让我选择要不要暂时留下"
  [合成] 564/587 完成 (3.3s) "他们跟我说 “你不仅要通过下一年 课程的考试 而"
  [合成] 565/587 完成 (3.1s) "所以当所有其它学生 在做着论文 准备毕业时 我必"
  [合成] 566/587 完成 (1.4s) "天哪我太倒霉了"
  [合成] 567/587 完成 (6.3s) "我想和你们分享一些我的个人经历 有轻微的注意力力"
  [合成] 568/587 完成 (6.9s) "因为它迫傢我 只去学习我最爱最关注的东西 E的二"
  [合成] 569/587 完成 (3.9s) "个内置体系 一 强迫自引专注于最重要的事 真夏专"
  [合成] 570/587 完成 (3.7s) "当我还在高中的时候 我非常希望参加一个项目 一个"
  [合成] 571/587 完成 (2.6s) "结果塞翁失马焉知非福 因为这给了我大量练习壁球的"
  [合成] 572/587 完成 (2.8s) "而我最终获得了第二年的国家冠军 要是我在项目里我"
  [合成] 573/587 完成 (4.4s) "当我在剑桥大学时 我参加了一个博士项目 而我是班"
  [合成] 574/587 完成 (4.7s) "那是一段非常重要的经历 我那时刚从哈佛毕业 非常"
  [合成] 575/587 完成 (1.5s) "第二年我去到亚洲工作"
  [合成] 576/587 完成 (5.4s) "而在那里马 骄傲是最糟糕的事 而在那里骐 骄傲是"
  [合成] 577/587 完成 (1.6s) "而它同样帮助我学会规划未来"
  [合成] 578/587 完成 (2.8s) "当我在哈佛时我是项目中的唯一一个 当我在喻佛时我"
  [合成] 579/587 完成 (2.3s) "资格考试不及格的人 纷 资格考试不及格的大 纷"
  [合成] 580/587 完成 (1.9s) "那是一个很大的河击 那是 个很大的河击"
  [合成] 581/587 完成 (2.6s) "但最终否极泰来知道为什么吗 书籍不文章 书籍和文"
  [合成] 582/587 完成 (6.0s) "我对它们不再是一知半解 而是了然于胸 因为那是 "
  [合成] 583/587 完成 (2.2s) "我对社会心理学的掌握 可能比我知道的任何人都好"
  [合成] 584/587 完成 (2.3s) "这对我开授这门课 将这门课整合起来帮助很大"
  [合成] 585/587 完成 (2.0s) "而这个课堂也是我最喜欢的地方 天哪我太幸运了"
  [合成] 586/587 完成 (1.6s) "同样的现实不同的诠释"
  [合成] 587/587 完成 (1.8s) "记住境由心生 下周再见"
