[A] 复用已有边界检测结果：682 条事件
[B] 用 rapidocr 识别 274 条字幕...

[B] 50/274
[B] 100/274
[B] 150/274
[B] 200/274
[B] 250/274
[B] 274/274
[B] 完成
[C] 输出 681 条字幕：episode-03.source.zh-CN-ocr.srt
[gpt-sovits] 服务已在运行：http://127.0.0.1:9880
  [合成] 1/667 完成 (7.3s) "大家早上好 今天我们正式开始上课 很高兴看到你们"
  [合成] 2/667 完成 (2.3s) "顺道也给哈佛拓展学院的同学们打个招呼"
  [合成] 3/667 完成 (3.3s) "上次我们向新西兰的同学问好 今天我们向爱尔兰的同"
  [合成] 4/667 完成 (4.0s) "我们将对本科生和研究生进行分组 明天你们就会收到"
  [合成] 5/667 完成 (6.8s) "一封肖恩 明天你们就会收到一 安佳的邮件 明天你"
  [合成] 6/667 完成 (3.0s) "所以你们递交自已的分组意向很重要 我们下周便开始"
  [合成] 7/667 完成 (2.9s) "上次课 我们提出一个设问 “为什么要开设积极心理"
  [合成] 8/667 完成 (2.3s) "我阐述了三个理由 为什么我们要重起炉灶"
  [合成] 9/667 完成 (4.0s) "而不仅仅是老生常谈地 研究研究幸福 研究研究爱情"
  [合成] 10/667 完成 (2.2s) "21比1这一比例 因为每有1项关于压力焦虑的研究"
  [合成] 11/667 完成 (4.7s) "就会有21项 抱歉 应该是每有1项关于幸福快乐的"
  [合成] 12/667 完成 (3.6s) "我们想要改变这个局面 其理由有三点 尽管当今日趋"
  [合成] 13/667 完成 (2.2s) "而焦虑俨然成为一种全球性流行病"
  [合成] 14/667 完成 (4.9s) "在美国 中国 澳大利亚英国的大学里亦是如此 即便"
  [合成] 15/667 完成 (4.0s) "更多地研究积极的一面 或者说研究正面的东西 其原"
  [合成] 16/667 完成 (6.0s) "在于提出的问题本身很重要 不管是我们研究时提出的"
  [合成] 17/667 完成 (5.2s) "或者说主要的问题只是 “怎么做行不通 问题出在哪"
  [合成] 18/667 完成 (3.4s) "如果我们只能问出此类问题 我们会错过现实中很重要"
  [合成] 19/667 完成 (5.0s) "就像你在习题中没有考虑到巴士上的孩子们 很多人都"
  [合成] 20/667 完成 (6.0s) "思考另一些新的可能性 迎接我们的将是另一番天地 "
  [合成] 21/667 完成 (4.5s) "与此相反 他们会问 那些成功者做了什么 为什么这"
  [合成] 22/667 完成 (2.0s) "然后我们讲到玛瓦·柯林斯的故事"
  [合成] 23/667 完成 (2.5s) "她的例子在很多课题中都很典型 在以后的课程中都会"
  [合成] 24/667 完成 (3.3s) "玛瓦·柯林斯曾经 帮助学生从消极的受害者"
  [合成] 25/667 完成 (4.4s) "他们受周遭环境所累 受成长环境社区 国家 等各方"
  [合成] 26/667 完成 (1.8s) "不可否认上天对你不公"
  [合成] 27/667 完成 (2.0s) "但这是你的责任 没有人能帮你"
  [合成] 28/667 完成 (1.5s) "你的人生由你主宰"
  [合成] 29/667 完成 (5.0s) "她改变了很多人的一生 至今还在继续 如果我们回顾"
  [合成] 30/667 完成 (4.2s) "其间有个老生常谈的问题 不知你们是否记得 我们如"
  [合成] 31/667 完成 (3.2s) "当他们超过10到12岁后 我们如何将他们留在校内"
  [合成] 32/667 完成 (2.2s) "不会沾染毒品 不作奸犯科"
  [合成] 33/667 完成 (3.2s) "我们又该如何确保他们的校内安全 这是个重要的问题"
  [合成] 34/667 完成 (3.2s) "瓦·柯林斯重新设计了这个问题 为此 玛瓦·柯林斯"
  [合成] 35/667 完成 (1.2s) "而她的问题是"
  [合成] 36/667 完成 (2.0s) "我们如何培养学生身上的闪光点"
  [合成] 37/667 完成 (4.2s) "又一次问题的改变改变了一切 因为她发现了每个学生"
  [合成] 38/667 完成 (2.3s) "闪光点长处优势 竞争力"
  [合成] 39/667 完成 (5.2s) "这些皆为其他老师所忽视 因为他们没有问出这个问题"
  [合成] 40/667 完成 (6.6s) "他们完全无视巴士上孩子的存在 他们全然无视看到学"
  [合成] 41/667 完成 (1.6s) "不幸的是 多数人的潜力就这么埋没了"
  [合成] 42/667 完成 (3.1s) "各种不同的环境中 人类潜力的命运皆是如此 无论是"
  [合成] 43/667 完成 (2.0s) "抑或是大学这一悲剧时常上演"
  [合成] 44/667 完成 (5.2s) "提出的问题改变了结果 因此提出积极心理学的问题 "
  [合成] 45/667 完成 (1.7s) "成功之源是什么 幸福之源是什么"
  [合成] 46/667 完成 (2.7s) "以上便是理由一 现在我们接着讲理由二 在展开理由"
  [合成] 47/667 完成 (4.5s) "让我们设想 假如玛瓦·柯林斯 今天来到课堂 她会"
  [合成] 48/667 完成 (6.4s) "从国家或是在世界的角度 培育我们身上固有的闪光点"
  [合成] 49/667 完成 (2.2s) "我们似乎突然步入未曾企及的领域"
  [合成] 50/667 完成 (9.1s) "第二个理由即是当我们研究积极心理学 着眼于其效用"
  [合成] 51/667 完成 (6.3s) "幸福与不幸幸福与神经症 幸福与不幸幸 幸福与神经"
  [合成] 52/667 完成 (2.4s) "如果我们遭受严重的抑郁或是焦虑的折磨 我们很难高"
  [合成] 53/667 完成 (3.5s) "所以 它们相互关联 但是 单单摆脱焦虑和抑郁的困"
  [合成] 54/667 完成 (5.8s) "如今这一点已经是公认的了 众多心理学家在 心理学"
  [合成] 55/667 完成 (3.8s) "让我来做一个享受美食的类比 以便你们理解 举个美"
  [合成] 56/667 完成 (3.6s) "如果消化不良 我们就很难享受食物 所以我们必须先"
  [合成] 57/667 完成 (7.8s) "但是 消化问题解决了 并不保证我们能享受美食 我"
  [合成] 58/667 完成 (1.6s) "我们还需再往前进一步"
  [合成] 59/667 完成 (4.4s) "有很多角度你可以考察我们的人生经历 可以把对心理"
  [合成] 60/667 完成 (2.5s) "那些积极愉快的经历 则处于零与正值之间"
  [合成] 61/667 完成 (2.6s) "神经症 愤怒 焦虑 抑郁 精神病"
  [合成] 62/667 完成 (5.5s) "这些都是消极痛苦的一面 面 愉悦 满足 欢乐 兴"
  [合成] 63/667 完成 (3.1s) "再次强调 摆脱消极的情绪 并意味着我们会自动有积"
  [合成] 64/667 完成 (8.6s) "正因如此 亨利·戴 戴维·梭罗 正因如此 享利·"
  [合成] 65/667 完成 (2.6s) "“大多数人悄无声息地过着绝望的生活 这种说法无可"
  [合成] 66/667 完成 (1.8s) "但正如平克 弗洛伊德所说"
  [合成] 67/667 完成 (3.2s) "人们惯于惬意的麻木” 惬意的麻木 我们如何超越“"
  [合成] 68/667 完成 (4.6s) "如何超然于“悄无声息的绝望的生活” 从而产生兴奋"
  [合成] 69/667 完成 (2.7s) "再次重申 幸福并不是伴着痛苦的远去 即刻生成"
  [合成] 70/667 完成 (2.1s) "正因为此 我们才需要积极心理学"
  [合成] 71/667 完成 (3.4s) "主要关注的是健康模式 “促成进步” 生理 心理情"
  [合成] 72/667 完成 (4.7s) "如何才能使人们从智力上情感上 心理上在自身与身外"
  [合成] 73/667 完成 (2.6s) "怎样帮助他们摆脱生活中的羁绊 进而重获新生"
  [合成] 74/667 完成 (3.9s) "在健康模式下 我们会看到 不同层面的解决方式 站"
  [合成] 75/667 完成 (5.6s) "然后让我们摆脱弱点吧 还是让我们更注重自己的优势"
  [合成] 76/667 完成 (2.7s) "他们进行了一个全球调查 涵盖日本 中国 美国 欧"
  [合成] 77/667 完成 (2.9s) "大多数人认为如果想要成功 就必须先克服自身的不足"
  [合成] 78/667 完成 (1.1s) "大错特错"
  [合成] 79/667 完成 (2.4s) "那些不拘泥于自身缺点 转而更加强调自己优势的人群"
  [合成] 80/667 完成 (2.3s) "不单幸福 而且从长远来看 更为成功"
  [合成] 81/667 完成 (2.1s) "这同样适用于领导力的培养"
  [合成] 82/667 完成 (3.3s) "积极心理学的观点是我们至少 应当对我们的优势给予"
  [合成] 83/667 完成 (8.4s) "不管是在企业还是于个人 我们不总是将火力集中于克"
  [合成] 84/667 完成 (4.8s) "我们的自然倾向是什么 无论是就个人而言还是在一个"
  [合成] 85/667 完成 (3.5s) "请将成功与愉悦联系在一块 如果我们更着眼于积极的"
  [合成] 86/667 完成 (4.5s) "我们会怎样度过一生 是对过往的痛苦经历躲躲闪闪 "
  [合成] 87/667 完成 (2.6s) "是极力回避不幸 还是遵循《独立宣言》 追求幸福生"
  [合成] 88/667 完成 (6.5s) "也许这两种人表面上并无多大区别 比如 某人一周工"
  [合成] 89/667 完成 (3.2s) "也许他看上去跟某个 同样每周工作80小时 但激情"
  [合成] 90/667 完成 (1.6s) "外观相仿 但内心迥异"
  [合成] 91/667 完成 (3.6s) "一种是病态模式 消极逃避 毫无作用 另一种是健康"
  [合成] 92/667 完成 (3.2s) "对于那种病态模式 最好的情形也就是零 让我们在可"
  [合成] 93/667 完成 (5.6s) "当然摆脱痛苦至关重要 远离抑郁很重要 但是从健康"
  [合成] 94/667 完成 (1.7s) "我们需要兴奋欢乐"
  [合成] 95/667 完成 (7.7s) "因为理想状态不仅仅是没有消极感觉 而是需要充满积"
  [合成] 96/667 完成 (1.3s) "全身心投入"
  [合成] 97/667 完成 (2.3s) "那种状态要比“惬意地麻木“美妙得多"
  [合成] 98/667 完成 (4.1s) "事实上 这里仍存有一些不适 因为我们已经超出我们"
  [合成] 99/667 完成 (2.9s) "不是在“恐慌区” 我们不会受到伤害 而是在“学习"
  [合成] 100/667 完成 (2.0s) "除却兴奋 紧张 还有成长"
  [合成] 101/667 完成 (1.5s) "你的选择是什么"
  [合成] 102/667 完成 (5.5s) "你愿意如何做出选择 你想追求什么 你想要远离愉悦"
  [合成] 103/667 完成 (2.4s) "你想重点关注你的缺点 和你的弱点 还是你的优点长"
  [合成] 104/667 完成 (2.4s) "什么是最优选择什么是理想状态"
  [合成] 105/667 完成 (4.1s) "有没有无形的障碍有没有零点 还是可以一直获得 更"
  [合成] 106/667 完成 (2.5s) "健康模式看上去有点吓人 因为它没有极限"
  [合成] 107/667 完成 (2.1s) "而且目前与疾病模式相比 它很少开出处方"
  [合成] 108/667 完成 (3.2s) "积极心理学 这一关于健康的心理学仍处在初级发展阶"
  [合成] 109/667 完成 (4.4s) "目前绝大多数研究和建议 仍是关于如何摆脱抑郁 而"
  [合成] 110/667 完成 (2.5s) "所以积极心理学才如此重要 因为它网罗了众多学者"
  [合成] 111/667 完成 (5.5s) "勤勉致力于研究这一领域内的观点和理想 本学期你们"
  [合成] 112/667 完成 (3.0s) "我们讲过有三个原因 一是我们的关注点关注创造现实"
  [合成] 113/667 完成 (5.4s) "二是幸福 幸福不仅仅是否定不幸 积极心理学之所以"
  [合成] 114/667 完成 (2.1s) "这点尤为重要 我们所应用的工具"
  [合成] 115/667 完成 (2.8s) "不但使我们超越零点到达积极的一面 更有助于我们面"
  [合成] 116/667 完成 (2.4s) "有助于我们面对焦虑和抑郁 处理痛苦的经历和情感"
  [合成] 117/667 完成 (2.9s) "培养积极的一面 面 其实就是在预防消极的一面"
  [合成] 118/667 完成 (1.2s) "我来解释一下"
  [合成] 119/667 完成 (5.0s) "过去十多年间的发现表明 治疗我们文化中日益严重的"
  [合成] 120/667 完成 (1.6s) "其实不是直接关注抑郁和焦虑"
  [合成] 121/667 完成 (1.2s) "虽然这也很重要"
  [合成] 122/667 完成 (3.1s) "据研究 最有效的方法是 培养积极面培养个人优势"
  [合成] 123/667 完成 (1.6s) "培养并认清个人的热情所在"
  [合成] 124/667 完成 (3.5s) "问问自己 生活的意义是什么 我的人生目标是什么 "
  [合成] 125/667 完成 (2.8s) "我毕业后究竟想做什么 我毕业后究竞想做什么"
  [合成] 126/667 完成 (1.8s) "提出这些问题 并花时间思考这些问题的人"
  [合成] 127/667 完成 (3.8s) "更有可能展开积极的探索 虽然在这种探索中难免要经"
  [合成] 128/667 完成 (1.3s) "任何探索都是这样"
  [合成] 129/667 完成 (3.6s) "但这样的探索更有乐趣 更让人愉悦 更具有意义也更"
  [合成] 130/667 完成 (2.6s) "但更重要更成功的 是幸福安康 我称之为"终极目的"
  [合成] 131/667 完成 (1.8s) "因为对待疾病 有两种不同的方式"
  [合成] 132/667 完成 (4.0s) "第一种利 积极心理学的方式 第一种 积极心理学的"
  [合成] 133/667 完成 (1.8s) "反之健康就是不生病 想想疾病模式"
  [合成] 134/667 完成 (6.8s) "疾病模式认为生病是因为我们病了 i训l. 疾病模"
  [合成] 135/667 完成 (3.2s) "听见了吗 生病是因为我们病了 太抽象了 这需要你"
  [合成] 136/667 完成 (1.4s) "为便于你们消化这个信息"
  [合成] 137/667 完成 (1.4s) "我们重新再来解释一遍"
  [合成] 138/667 完成 (3.0s) "要是把疾病治好我们就健康了 这是传统模式 治好疾"
  [合成] 139/667 完成 (1.8s) "而积极心理学模式略有不同"
  [合成] 140/667 完成 (4.5s) "积极心理学模式认为 人生病是因为 生活中健康的因"
  [合成] 141/667 完成 (1.5s) "什么使你健康呢"
  [合成] 142/667 完成 (1.9s) "我前面说过追求意义和目的"
  [合成] 143/667 完成 (3.1s) "培养健康的人际关系 缺少这些疾病就会趁虚而入"
  [合成] 144/667 完成 (3.2s) "健康模式和疾病模式 两者间的差别 不仅仅局限于语"
  [合成] 145/667 完成 (2.0s) "亚伯拉罕 马斯洛谈到神经症时说"
  [合成] 146/667 完成 (4.1s) "神经症就是没有实现自身潜能 甚至可以说是没能成为"
  [合成] 147/667 完成 (2.7s) "从生物学角度来看 如果一个人未受任何阻碍地长大成"
  [合成] 148/667 完成 (2.9s) "那他就未能实现人类和个体所具有的潜能"
  [合成] 149/667 完成 (1.9s) "现实和心灵因此变得狭窄"
  [合成] 150/667 完成 (1.4s) "从而能力也受到钳制"
  [合成] 151/667 完成 (3.6s) "我来解释 择一下 意思是说我们会生病是因为 我们"
  [合成] 152/667 完成 (2.2s) "没能完成我们本应做的事情 我们自我削弱所以才会生"
  [合成] 153/667 完成 (1.6s) "所以才会不健康"
  [合成] 154/667 完成 (2.9s) "疾病模式的观点则截然不同 他们认为你不健康 那就"
  [合成] 155/667 完成 (3.5s) "而健康模式认为你不健康 那就关注你的健康强化你的"
  [合成] 156/667 完成 (4.4s) "你生病 是因为不够关注自己的健康 引用他的话 这"
  [合成] 157/667 完成 (7.1s) "这时人就会患神经症 如果我们对自身的培养不够 对"
  [合成] 158/667 完成 (5.1s) "培养个人成长致力于积极面 当我们关注积极面 关注"
  [合成] 159/667 完成 (2.4s) "培养这些东西 还有助于我们更好地面对 所出现的消"
  [合成] 160/667 完成 (2.1s) "我要引用马丁 塞利格曼 对于这个问题的观点"
  [合成] 161/667 完成 (1.9s) "过去十年间 心理学开始关注预防"
  [合成] 162/667 完成 (6.7s) "怎样预防年轻人的抑郁 滥用药物 或者精神分裂呢 "
  [合成] 163/667 完成 (4.2s) "怎样预防儿童犯下谋杀和校园暴力呢 那些孩子能接触"
  [合成] 164/667 完成 (3.3s) "对他提出的这些问题疾病模式的回答是 我们要直面 "
  [合成] 165/667 完成 (1.6s) "这样我们就能预防各种社会弊病"
  [合成] 166/667 完成 (1.4s) "包括暴力和不幸福"
  [合成] 167/667 完成 (1.7s) "马丁· 塞利格曼的回答是"
  [合成] 168/667 完成 (2.5s) "过去五十年我们了解到 疾病模式无助于 预防这些严"
  [合成] 169/667 完成 (8.5s) "确实预防方面的重大进展 主要来自这样一种观点 即"
  [合成] 170/667 完成 (1.5s) "换言之健康模式"
  [合成] 171/667 完成 (3.2s) "要致力于培养能力 培养优势培养人际关系 帮助他们"
  [合成] 172/667 完成 (1.8s) "这样假以时日 就能改善消极面"
  [合成] 173/667 完成 (3.2s) "这就是健康模式与疾病模式的不同 后者直接治疗疾病"
  [合成] 174/667 完成 (6.9s) "强调 上一 塞利格曼并没说不需要治病 强调 一下"
  [合成] 175/667 完成 (8.0s) "我们发现有的人类优势 可以作为对抗精神疾病的缓冲"
  [合成] 176/667 完成 (4.9s) "我们证实了培养乐观精神能预防 儿童和成人的抑郁和"
  [合成] 177/667 完成 (4.8s) "同样 我认为 预防成长于高风险地区的青少年的 药"
  [合成] 178/667 完成 (2.0s) "而是发现和强化 这些青少年已有的优势”"
  [合成] 179/667 完成 (1.7s) "玛瓦·柯林斯正是这样做的"
  [合成] 180/667 完成 (1.5s) "关注健康培养健康"
  [合成] 181/667 完成 (2.5s) "给它充足的水分和光照 最终实现健康"
  [合成] 182/667 完成 (1.7s) "本课程中我们都会谈到这些观点"
  [合成] 183/667 完成 (4.2s) "健康模式的作用 就是培养能力 这点将会贯穿整个课"
  [合成] 184/667 完成 (2.5s) "无论是人际关系中 还是我们自身的 消极面和痛苦经"
  [合成] 185/667 完成 (1.7s) "这是什么意思呢 我打两个比方"
  [合成] 186/667 完成 (3.5s) "培养能力就是创造强大的 心理免疫系统 纳撒尼尔 "
  [合成] 187/667 完成 (4.1s) "心理免疫系统 当你有一个强大的生理免疫系统会怎样"
  [合成] 188/667 完成 (2.5s) "但我们得病的几率将会降低 恢复得也比较快"
  [合成] 189/667 完成 (2.7s) "正因为如此我们才要培养自身优势 比如乐观 目的性"
  [合成] 190/667 完成 (3.0s) "这些特性的作用正在于此 他们拓展并转变 我们看待"
  [合成] 191/667 完成 (3.6s) "拓展我们的能力范围 也使我们能更好地面对不可避免"
  [合成] 192/667 完成 (1.8s) "任何人的生活都不例外"
  [合成] 193/667 完成 (2.5s) "所以我们要强化免疫系统 一个比方就是引擎 另一"
  [合成] 194/667 完成 (3.2s) "如果我们用 一个小引擎 开车爬 一座陡峭艰险的山"
  [合成] 195/667 完成 (2.1s) "但如果我们用大引擎 就很可能爬上那座山"
  [合成] 196/667 完成 (1.5s) "而且爬得更自如 相对轻松"
  [合成] 197/667 完成 (1.9s) "所以在培养积极面的时候"
  [合成] 198/667 完成 (3.3s) "从比喻义来说 我们实际是在强化 心理引擎 这样我"
  [合成] 199/667 完成 (1.3s) "当然也会变得更快乐"
  [合成] 200/667 完成 (2.8s) "认为消除了不幸福就会自动发生是错误的 说说哈佛的"
  [合成] 201/667 完成 (3.4s) "还记得上次 我选用了哈佛克里姆森杂志的一篇文章"
  [合成] 202/667 完成 (4.1s) "很遗憾没能找到 较近期的文章这篇是2004年的 "
  [合成] 203/667 完成 (2.8s) "这篇文章中提到一点 哈佛应当在心理健康方面投入更"
  [合成] 204/667 完成 (2.0s) "我也觉得这很重要 但这只是一个方面"
  [合成] 205/667 完成 (2.7s) "我们真正要做的是 在几个不同领域投入更多资源 不"
  [合成] 206/667 完成 (2.5s) "因为仅在直接应对抑郁 焦虑和不幸福的领域投入资源"
  [合成] 207/667 完成 (2.1s) "在有助于培养能力的领域投入资源 也很重要"
  [合成] 208/667 完成 (2.7s) "培养应对困难的能力 生活中总会遇到困难"
  [合成] 209/667 完成 (3.1s) "换言之在帮助哈佛学生 发现自身热情所在等领域 我"
  [合成] 210/667 完成 (2.0s) "帮助学生发现生活的意义"
  [合成] 211/667 完成 (3.9s) "帮助学生找到 自己真正想做的事 帮助学生克服 那"
  [合成] 212/667 完成 (1.5s) "使他们偏离自己道路的力量"
  [合成] 213/667 完成 (2.4s) "帮他们去除种种限制和纷乱的声音 帮助他们认清自身"
  [合成] 214/667 完成 (1.9s) "帮助他们发现自身优势"
  [合成] 215/667 完成 (1.5s) "并在哈佛达到自我实现"
  [合成] 216/667 完成 (2.6s) "所有这些能力和技巧 不仅哈佛 而是世界各地的学校"
  [合成] 217/667 完成 (1.8s) "我们有必要向学生传授这些"
  [合成] 218/667 完成 (4.0s) "我并不是说哈佛 我们所有的不计其数的资源并不重要"
  [合成] 219/667 完成 (5.4s) "我不知道你们有多少人用过这个资源 我做本科生的时"
  [合成] 220/667 完成 (3.0s) "同时我们需要创造积极效果 多往这个平衡等式中 好"
  [合成] 221/667 完成 (2.4s) "这就是积极心理学所做的事 我希望这门课也能有一定"
  [合成] 222/667 完成 (3.1s) "积极心理学运动提醒我们 这个领域已经不同于以往了"
  [合成] 223/667 完成 (3.4s) "心理学不再只研究疾病弱点和伤害 它还研究优势和美"
  [合成] 224/667 完成 (2.1s) "心理治疗不仅要纠正错误 更要建立积极的价值观"
  [合成] 225/667 完成 (3.6s) "心理学不仅是关于疾病和健康的学问 还包括工作教育"
  [合成] 226/667 完成 (4.5s) "而在追求不断完善自身的同时 积极心理学靠的并不是"
  [合成] 227/667 完成 (4.8s) "而是试图采用最好的科学方式 来解决人类由于错综复"
  [合成] 228/667 完成 (4.7s) "这个领域是一门将象牙塔和社会 联系起来的学问 我"
  [合成] 229/667 完成 (6.2s) "下面我要继续讲下去了 我要讲下一章的内容 用两节"
  [合成] 230/667 完成 (2.4s) "正如之前我说的 这门课并不是积极心理学的调研课程"
  [合成] 231/667 完成 (1.8s) "针对性很强 是关于如何提问的问题"
  [合成] 232/667 完成 (1.8s) "能帮助我们个人的是什么"
  [合成] 233/667 完成 (3.3s) "能让我们变得更加幸福的是什么 我说的不是幸福 而"
  [合成] 234/667 完成 (5.1s) "所以这学期的三个月结束的时候 你会比以往更加快乐"
  [合成] 235/667 完成 (3.9s) "那么这些基础前提是什么呢 这门课程应该从何说起呢"
  [合成] 236/667 完成 (2.3s) "介绍这些前提的时候 将不可避免地提到它的对立面"
  [合成] 237/667 完成 (6.0s) "这样我们从一开始就很明白 我们的前提是什么手 我"
  [合成] 238/667 完成 (4.6s) "记得我跟第一次课就来了的同学说过 这门课就像一个"
  [合成] 239/667 完成 (1.5s) "跟第19课也有关"
  [合成] 240/667 完成 (7.1s) "所以从很多层面上说 那些前提 和我们头两节课所讨"
  [合成] 241/667 完成 (1.9s) "下面我要讲这五个基本前提了"
  [合成] 242/667 完成 (3.8s) "我会先简单提一下以 以后的课上 我会先简单提一下"
  [合成] 243/667 完成 (1.9s) "以及应用的领域使用这些前提"
  [合成] 244/667 完成 (4.4s) "第一个 我之前提过这门课是在搭桥 在不同学科和思"
  [合成] 245/667 完成 (2.2s) "而不是将两者分离 保持专业性在学术界的主导地位"
  [合成] 246/667 完成 (2.0s) "不是这样这门课的方法 与之恰好相反"
  [合成] 247/667 完成 (6.4s) "再说一次如果我觉得不可能改变 我就不会教这门课了"
  [合成] 248/667 完成 (4.7s) "不管是个人的变化 还是组织的变化 我们还要去研究"
  [合成] 249/667 完成 (1.6s) "来仔细解释这种改变"
  [合成] 250/667 完成 (1.7s) "技术方法 和工具"
  [合成] 251/667 完成 (7.0s) "这个前提与第一个 第三 决定幸福的内在因素相关一"
  [合成] 252/667 完成 (4.0s) "不是说外部环境不重要 不是说我们用不着致力于改善"
  [合成] 253/667 完成 (4.2s) "但幸福更主要的是 不只是依赖于我们如何借助 形式"
  [合成] 254/667 完成 (2.9s) "应该尊重人的天性还是要完善人的天性 这个问题从很"
  [合成] 255/667 完成 (1.9s) "反映了人类历史上经历过的冲突"
  [合成] 256/667 完成 (3.1s) "无论是政治角度宗教角度 哲学角度： 还是今天的心"
  [合成] 257/667 完成 (1.4s) "我们该如何看待人性"
  [合成] 258/667 完成 (5.9s) "人性是不是有缺陷 因此需要完善 还是人性即使有着"
  [合成] 259/667 完成 (3.7s) "我赞成后者我刚才也说过 人性应该得到尊重 即使它"
  [合成] 260/667 完成 (2.0s) "我们也不应尝试 从心理学的层面去完善它"
  [合成] 261/667 完成 (1.3s) "我们下次会讲到的"
  [合成] 262/667 完成 (2.6s) "但它是精神健康和幸福的重要基础"
  [合成] 263/667 完成 (3.7s) "最后 我还要论述的是幸福是并且应当是 我们追求的"
  [合成] 264/667 完成 (3.7s) "我不同意幸福只是个次要的追求 我不同意还有什么比"
  [合成] 265/667 完成 (3.8s) "再说一遍 这可能听起来有点争议 我会试图化解你可"
  [合成] 266/667 完成 (2.2s) "万一你在考虑这个问题时可能产生不快"
  [合成] 267/667 完成 (2.5s) "这个也留到下节课再说 那我们现在就来讲桥梁吧"
  [合成] 268/667 完成 (5.2s) "我要回顾 页一下我在第一 堂课 我要回顾 页一下"
  [合成] 269/667 完成 (2.4s) "学术界内外都有很多人 从根本上把世界分成两部分"
  [合成] 270/667 完成 (5.5s) "他们说真实世界是外部的 航脏而不洁 亵渎而庸俗 "
  [合成] 271/667 完成 (3.1s) "航脏而不洁 亵渎而庸俗 而学术界 则是崇高的有理"
  [合成] 272/667 完成 (1.4s) "一个神圣 一个世俗"
  [合成] 273/667 完成 (4.7s) "这种分法伤害的 不仅是学术界的也是学术界之外的人"
  [合成] 274/667 完成 (8.4s) "哲学家阿尔弗雷德·诺斯 斤·怀特海说 哲学家阿尔"
  [合成] 275/667 完成 (2.3s) "大学不应该闭关修行 必须与外界实际交流才行""
  [合成] 276/667 完成 (1.6s) "对大学来说这是非常重要的"
  [合成] 277/667 完成 (7.9s) "谢尔顿 页·怀特我的本科论文导师 谢尔顿 怀特 "
  [合成] 278/667 完成 (3.8s) "具有重要意义的研究成果 但不仅仅关注于此 它必须"
  [合成] 279/667 完成 (2.9s) "相互作用 与"肮脏"的东西打交道 相互作用 与""
  [合成] 280/667 完成 (8.7s) "在外面工作将经验用于工作中 从所谓的"航脏经验""
  [合成] 281/667 完成 (1.8s) "他认为这就是第二种心理学的重要性"
  [合成] 282/667 完成 (3.7s) "这正是阿尔弗雷德 斤·怀特海的看法 诺斯 这正是"
  [合成] 283/667 完成 (2.3s) "现在你们坐在这里 而你们大多数人可能并不会去搞学"
  [合成] 284/667 完成 (2.1s) "你可能会想 大学学术界要跟实践结合 好吧"
  [合成] 285/667 完成 (1.3s) "但那跟我有什么关系呢"
  [合成] 286/667 完成 (1.7s) "这一切都和你们紧密相关"
  [合成] 287/667 完成 (1.6s) "我来告诉你们这是为什么"
  [合成] 288/667 完成 (2.1s) "这个世界最最需要的 是有实践精神的理想主义者"
  [合成] 289/667 完成 (4.1s) "我当莱弗里特宿舍的住校导师有六年了 做研究生时我"
  [合成] 290/667 完成 (3.0s) "对于我在莱弗里特以及其它宿舍 跟学生进行的交谈 "
  [合成] 291/667 完成 (3.2s) "是学生的使命感你们的使命感 是学生的使命感价 你"
  [合成] 292/667 完成 (2.2s) "是你们想做伟大的事 想让世界变得更好的愿望"
  [合成] 293/667 完成 (5.1s) "我跟许多毕业了的学生仍旧保持联系 有些学生现在在"
  [合成] 294/667 完成 (3.1s) "当我了解了他们走过的路 这不是什么空话 这些学生"
  [合成] 295/667 完成 (2.4s) "不管是校内还是校外 不管他们是否已经在社会上立足"
  [合成] 296/667 完成 (6.6s) "但无论是不经意时 还是经过冥思苦想者 都会有这个"
  [合成] 297/667 完成 (1.8s) "充满热情理想主义 特别的善良"
  [合成] 298/667 完成 (2.1s) "想要改变世界的愿望 几乎每个学生都有"
  [合成] 299/667 完成 (2.7s) "很多人把这 一代人 很多人把这 区一代人 称作”"
  [合成] 300/667 完成 (2.7s) "这 一代人所关心的一切 便是 “我要多赚点钱” "
  [合成] 301/667 完成 (2.1s) "我要变得更成功取得更多赞誉 变得更有威望"
  [合成] 302/667 完成 (1.4s) "这已是个老掉牙的错误了"
  [合成] 303/667 完成 (2.7s) "的确 成就赞誉 金钱都很重要 对于世界上大多数人"
  [合成] 304/667 完成 (1.7s) "都很重要"
  [合成] 305/667 完成 (4.1s) "但是这些有这种想法的人 他们的错误就在于只看到了"
  [合成] 306/667 完成 (4.9s) "你们知道哈佛每年 有1800以上的学生 是PBH"
  [合成] 307/667 完成 (2.4s) "还不止这些人 还有PBHA以外的学生也来当志愿者"
  [合成] 308/667 完成 (2.4s) "数据统计显示 差不多你们每个人 很快你们每一个人"
  [合成] 309/667 完成 (10.0s) "很快你们每 每一个人 在离开哈佛之后都会加入一个"
  [合成] 310/667 完成 (3.0s) "你可能会成为这样一个组织的董事 为这类组织捐款"
  [合成] 311/667 完成 (3.8s) "哈佛的毕业生 对于时间 金钱 精力都不吝啬 对于"
  [合成] 312/667 完成 (2.5s) "无论是商学院 法学院 职业学校 医学院 教育学院"
  [合成] 313/667 完成 (1.6s) "大家都是出于关心才奉献的"
  [合成] 314/667 完成 (5.4s) "不管是金钱还是时间通常两者都有 不管是金钱还是时"
  [合成] 315/667 完成 (1.4s) "这又是错误的刻板印象"
  [合成] 316/667 完成 (1.9s) "对于美国人也一直都有错误的看法"
  [合成] 317/667 完成 (3.4s) "客观来说美国人 就像凭经验上说哈佛的学生 从趋势"
  [合成] 318/667 完成 (1.8s) "美国人是世界上最慷慨的人"
  [合成] 319/667 完成 (1.7s) "不只是因为他们有的是钱可捐"
  [合成] 320/667 完成 (2.0s) "的确美国人有钱可捐 他们捐得也很多"
  [合成] 321/667 完成 (1.6s) "无论是扶贫还是医药救助"
  [合成] 322/667 完成 (2.3s) "美国人花的时间也最多 这是达特茅斯的研究得出的结"
  [合成] 323/667 完成 (2.8s) "美国人比世界上其他人花更多的时间 做志愿者 人均"
  [合成] 324/667 完成 (1.9s) "做志愿者人 人均每周四小时"
  [合成] 325/667 完成 (3.9s) "在工作之余做志愿者 可能有什么 社会目的 他们比"
  [合成] 326/667 完成 (2.0s) "这又是对于这个美好国度错误的刻板印象"
  [合成] 327/667 完成 (1.3s) "这是很美好的"
  [合成] 328/667 完成 (1.7s) "能看见 能做到这些就很好"
  [合成] 329/667 完成 (1.9s) "无论是哈佛还是美国 都极为难得"
  [合成] 330/667 完成 (5.9s) "你们中的许多人 你看你们中的许多人 过不了多久就"
  [合成] 331/667 完成 (1.6s) "给母校的董事会"
  [合成] 332/667 完成 (1.6s) "贡献出钱贡献出时间"
  [合成] 333/667 完成 (1.3s) "但是什么呢"
  [合成] 334/667 完成 (2.1s) "我也见过许多研究生 或是我辅导过的学生"
  [合成] 335/667 完成 (1.5s) "说他们依然有失败感"
  [合成] 336/667 完成 (5.4s) "他们对我说 你知道吗 我的初衷美好得不能再美好 "
  [合成] 337/667 完成 (3.0s) "但怎么总觉得还缺少什么 觉得自己远没有达到自己的"
  [合成] 338/667 完成 (2.9s) "为什么 因为良好的意愿和理想主义 虽然是必要的但"
  [合成] 339/667 完成 (1.3s) "光有这些是不够的"
  [合成] 340/667 完成 (2.5s) "很多时候光有良好的意愿 我们还是无法发挥全部潜能"
  [合成] 341/667 完成 (2.2s) "甚至在有些情况下造成的伤害多于帮助"
  [合成] 342/667 完成 (2.9s) "我们在此会学习一些案例研究 我们在此会学习一 一"
  [合成] 343/667 完成 (1.4s) "有好心却往往办成坏事"
  [合成] 344/667 完成 (2.5s) "几十年来心理学家们以良好的意愿 试着帮助高风险人"
  [合成] 345/667 完成 (2.4s) "许多钱成百万地投入到这个项目中 却收效甚微"
  [合成] 346/667 完成 (3.9s) "为什么 因为他们忽略了一个问题 一个在这种情况下"
  [合成] 347/667 完成 (1.6s) "身处逆境却能够成功"
  [合成] 348/667 完成 (3.1s) "在问这个问题之前 仅凭良好的意愿 以及很多理想主"
  [合成] 349/667 完成 (9.7s) "很多情况下 出于这种角度的干预 往往使对方陷入被"
  [合成] 350/667 完成 (1.7s) "这时就体现出心理学研究的重要性"
  [合成] 351/667 完成 (1.9s) "因为我们可以把研究的结果用于实践"
  [合成] 352/667 完成 (4.4s) "研究结果的实用 其实回到一个重要的比喻 就是要连"
  [合成] 353/667 完成 (3.1s) "比如举个例子 那些每日忙于课堂内外的教师们 有多"
  [合成] 354/667 完成 (2.2s) "我们下面要讲的皮格马利翁效应 下周或两周后"
  [合成] 355/667 完成 (4.2s) "说明教师对学生的期望 有着怎样自我激励的奇迹作用"
  [合成] 356/667 完成 (3.3s) "他们的潜力才会生根发芽 然而如果得不到欣赏的话 "
  [合成] 357/667 完成 (5.0s) "只有很少的教师了解这些研究内容 及他们如何能通过"
  [合成] 358/667 完成 (2.0s) "多少教师知道马福 科林斯的案例呢"
  [合成] 359/667 完成 (3.7s) "世界上每位教师在上岗培训的第一天 就应学习马福 "
  [合成] 360/667 完成 (1.3s) "实际上却没有"
  [合成] 361/667 完成 (1.4s) "再举个关于自信的例子"
  [合成] 362/667 完成 (2.9s) "如何培养自信呢 如果在这里投票我敢保证很多人会说"
  [合成] 363/667 完成 (1.8s) "赞扬别人赞扬小孩 会提高你的自信"
  [合成] 364/667 完成 (4.1s) "说的对 但只是片面的正确 如果我们面对整个事实 "
  [合成] 365/667 完成 (2.5s) "因为有很多研究都表明 如果我们没分辨地夸奖别人"
  [合成] 366/667 完成 (2.2s) "从长远角度讲我们实际上 害人比帮助人更多"
  [合成] 367/667 完成 (2.1s) "无论是身心健康还是成功等方面"
  [合成] 368/667 完成 (3.2s) "但是宣扬自信的人还是会告诉你 不断的赞扬别人赞扬"
  [合成] 369/667 完成 (3.5s) "但懂得正确赞扬别人的方法也很重要 有多少人熟悉斯"
  [合成] 370/667 完成 (1.4s) "卡罗 德威克的研究呢"
  [合成] 371/667 完成 (1.9s) "在座的各位会在几个星期后接触到"
  [合成] 372/667 完成 (4.2s) "很多想做好事的理想主义者却没听说过 然后他们依然"
  [合成] 373/667 完成 (1.7s) "最终带来的害处多于益处"
  [合成] 374/667 完成 (9.4s) "多少心理学家其实不如说干涉主义者 尽管动机良好但"
  [合成] 375/667 完成 (1.1s) "知者甚少"
  [合成] 376/667 完成 (1.9s) "因此带来的害处再一次多于好处"
  [合成] 377/667 完成 (2.4s) "有多少心理学家 熟知新兴的关于身体与精神的领域呢"
  [合成] 378/667 完成 (7.4s) "再比如有多少人知道有研究表明 瑜伽练习能明显减低"
  [合成] 379/667 完成 (3.0s) "之后重返监狱的人数大大降低了 如果在狱中有机会学"
  [合成] 380/667 完成 (1.3s) "奇怪但确有其事"
  [合成] 381/667 完成 (2.2s) "多少人又知道 下面这点又与我第一个观点有关"
  [合成] 382/667 完成 (1.9s) "冥想可以极大程度上改变我们的大脑"
  [合成] 383/667 完成 (2.3s) "可以帮助产生积极的情绪 而在痛苦面前变得更坚定"
  [合成] 384/667 完成 (5.1s) "多少人知道每周进行三次 身体锻炼每次三十分钟 效"
  [合成] 385/667 完成 (1.6s) "每周进行三十分钟的身体锻炼"
  [合成] 386/667 完成 (3.2s) "有多少心理医生和精神病医生会在处方里 要求病人每"
  [合成] 387/667 完成 (1.5s) "行者甚少"
  [合成] 388/667 完成 (3.5s) "那才是将实践与理想主义相结合 再比如解决矛盾纠纷"
  [合成] 389/667 完成 (6.7s) "很多好心人想帮助解决问题 他们的主要想法就是 “"
  [合成] 390/667 完成 (3.0s) "可是一九五四年就有研究表明 学过社会心理学的知道"
  [合成] 391/667 完成 (3.4s) "研究表明这种让矛盾双方相接触 也就使他们促膝长谈"
  [合成] 392/667 完成 (3.8s) "而且实际上还会将情况恶化 矛盾激化的事经常发生 "
  [合成] 393/667 完成 (1.8s) "光创造双方的接触是不够的"
  [合成] 394/667 完成 (4.1s) "下一步还需要 引用穆沙夫 失·舍里夫的原话 引用"
  [合成] 395/667 完成 (7.9s) "还需要确立一个极为普通的目标 使矛盾双方共同努力"
  [合成] 396/667 完成 (1.5s) "光让他们聚在一起是不够的"
  [合成] 397/667 完成 (2.7s) "大家能理解这点就与我的家乡十分有关"
  [合成] 398/667 完成 (1.4s) "因为双方有很多人"
  [合成] 399/667 完成 (2.5s) "无论阿拉伯和以色列都希望矛盾结束"
  [合成] 400/667 完成 (1.9s) "在美国也有很多人希望能结束这场矛盾"
  [合成] 401/667 完成 (3.3s) "他们是怎么做的呢 总是来让他们坐下来谈谈 无论是"
  [合成] 402/667 完成 (2.1s) "总是让他们一起好好谈如何停止争端"
  [合成] 403/667 完成 (1.9s) "然后我们就都能过上幸福的生活了"
  [合成] 404/667 完成 (1.6s) "实际上发生了什么"
  [合成] 405/667 完成 (1.2s) "情况恶化了"
  [合成] 406/667 完成 (1.6s) "我们原本有数据说这样不行"
  [合成] 407/667 完成 (4.6s) "穆沙夫· 舍里夫一九五四年就表明了这点 就证明这"
  [合成] 408/667 完成 (3.2s) "很多人都帮着解决这场矛盾 在中东还有世界上别的地"
  [合成] 409/667 完成 (3.2s) "但很多时候不经意间事情就恶化了 所以理想主义和美"
  [合成] 410/667 完成 (1.6s) "我们需要将研究结果融于实践"
  [合成] 411/667 完成 (1.7s) "这时就需要发挥各位的才能"
  [合成] 412/667 完成 (4.0s) "这时就需要大家严肃对待 我说的严肃对待 是因为有"
  [合成] 413/667 完成 (4.2s) "最简单的做法不过于 我们仅仅试着让以色列 和阿拉"
  [合成] 414/667 完成 (5.9s) "还有最简单不过 如果培训孩子的自信 通过单纯的夸"
  [合成] 415/667 完成 (2.4s) "但从长远上是没有帮助的 如果真能那样做当然简单了"
  [合成] 416/667 完成 (4.9s) "但学术研究结论通常会不尽如人意 无论当接触不足于"
  [合成] 417/667 完成 (2.9s) "但人们还是会下意识的选择 无意中忽略研究结论而凭"
  [合成] 418/667 完成 (2.5s) "凭心行事也很重要 但凭心和智一起行事更重要"
  [合成] 419/667 完成 (2.1s) "假设一个航空工程师 有一天早上醒来说"
  [合成] 420/667 完成 (2.4s) "“这个万有引力定律啊 要考虑它太麻烦了"
  [合成] 421/667 完成 (1.2s) "难受"
  [合成] 422/667 完成 (1.9s) "要没有万有引力定律该多简单"
  [合成] 423/667 完成 (2.6s) "这个设计做起来就容易的多 然后他设计一架不考虑重"
  [合成] 424/667 完成 (1.8s) "这样他能设计出什么样的飞机呢"
  [合成] 425/667 完成 (2.0s) "肯定失败 航空工程师必须要考虑实际"
  [合成] 426/667 完成 (2.4s) "而实际就包括重力的存在 要想办法解决"
  [合成] 427/667 完成 (2.8s) "同样当研究结果告诉我们现实 情况怎样什么可行 什"
  [合成] 428/667 完成 (2.9s) "我们就要尊重这些结论 将其考虑进去 这是在座各位"
  [合成] 429/667 完成 (3.3s) "消除象牙塔和现实之间的隔阁 你们在哈佛的三十二门"
  [合成] 430/667 完成 (3.5s) "每门课的学习都需要细致的思考 你们必须要把这些用"
  [合成] 431/667 完成 (2.0s) "或者更明显地工程学或计算机科学"
  [合成] 432/667 完成 (3.2s) "这些领域里更容易做到主动实践 相比之下社会和人文"
  [合成] 433/667 完成 (2.0s) "所以承担这份责任很重要 因为没有人会替代你"
  [合成] 434/667 完成 (2.1s) "第二个前提 要做有实践精神的理想主义者"
  [合成] 435/667 完成 (4.9s) "其基础必定是 要相信改变是可能的 因为如果不可能"
  [合成] 436/667 完成 (3.1s) "为什么还要花时间付出呢 那样还不如满足于及时行乐"
  [合成] 437/667 完成 (2.5s) "对于这个问题很多人会想 嗯 改变是可能的 这点我"
  [合成] 438/667 完成 (4.4s) "但为什么把这点做为本课的基本假设 相对于改变是困"
  [合成] 439/667 完成 (2.8s) "让我举一个研究的例子 让我举一 一个研究的例子 "
  [合成] 440/667 完成 (4.5s) "叫作明尼苏达双胞胎研究 是心理学领域最有名的研究"
  [合成] 441/667 完成 (2.2s) "这个研究是为了弄明白 基因到底有多重要"
  [合成] 442/667 完成 (2.9s) "先天和后天条件的影响熟轻熟重 先天和后天条件的影"
  [合成] 443/667 完成 (1.5s) "怎么做这个研究呢"
  [合成] 444/667 完成 (2.1s) "通过同卵双胞胎 他们的基因是完全一样的"
  [合成] 445/667 完成 (1.8s) "研究分开抚养长大的同卵双胞胎"
  [合成] 446/667 完成 (6.6s) "因为如果由相同父母一同抚养大 就会有人提出 他们"
  [合成] 447/667 完成 (4.3s) "但假设你找得到李生双胞胎 他们打小就被拆散 随后"
  [合成] 448/667 完成 (3.3s) "确实有这种情况 而且人们发现这种情况还真不少 有"
  [合成] 449/667 完成 (1.5s) "有人开始研究这一情况"
  [合成] 450/667 完成 (1.4s) "结果惊异地发现"
  [合成] 451/667 完成 (3.1s) "这些李生双胞胎仍有着惊人的相似之处 有些简直相近"
  [合成] 452/667 完成 (2.5s) "像有一对双胞胎 我记得他们连妻子的名字都是一样的"
  [合成] 453/667 完成 (2.7s) "要知道他们打小就天各一方 直到37岁才知道有个李"
  [合成] 454/667 完成 (1.4s) "妻子和孩子都同名"
  [合成] 455/667 完成 (2.3s) "还喜欢喝同一种啤酒 我是说这些相似之处让人难以置"
  [合成] 456/667 完成 (1.6s) "这是个特例 但这类特例并不罕见"
  [合成] 457/667 完成 (2.8s) "但对心理学家来说有一点更令人玩味 他们的性格也如"
  [合成] 458/667 完成 (1.8s) "还有一点也引起了积极心理学家的兴趣"
  [合成] 459/667 完成 (1.5s) "他们关注人们的幸福指数"
  [合成] 460/667 完成 (1.9s) "发现即便他们在截然不同的环境下生活"
  [合成] 461/667 完成 (1.8s) "他们的幸福指数也相差无几"
  [合成] 462/667 完成 (3.9s) "莱肯和泰莱肯在80年代 发表了一篇论文轰动一时 "
  [合成] 463/667 完成 (1.5s) "文章最后是这样收尾的"
  [合成] 464/667 完成 (3.1s) "也许渴望幸福 就如同渴望长高一样只是徒劳 而且往"
  [合成] 465/667 完成 (1.6s) "这句话有两点让我很恼火"
  [合成] 466/667 完成 (3.1s) "这段话在当时影响很大 曾经印在 《纽约时报》上 "
  [合成] 467/667 完成 (3.8s) "接受过别人采访 这段话很有问题 而且是正式的研究"
  [合成] 468/667 完成 (2.9s) "那我们还在这儿上什么积极心理学呢 我们能做些什么"
  [合成] 469/667 完成 (2.8s) "很简单转变是有可能 注意 不要想当然地字面理解我"
  [合成] 470/667 完成 (2.4s) "请让我好好阐述一下 有反例证实 人们确实会发生转"
  [合成] 471/667 完成 (2.4s) "有研究表明人们如果总去接受治疗通常会使你发生改变"
  [合成] 472/667 完成 (4.1s) "斯坦福心理学教授艾伯特·现 班杜拉着手研究 发现"
  [合成] 473/667 完成 (2.3s) "不论是从哪儿读到还是听到 那句话可能改变你的一生"
  [合成] 474/667 完成 (2.6s) "读到某本书经历某件事 开心也好痛苦也罢"
  [合成] 475/667 完成 (3.4s) "有创伤后应激障碍（PTSD）这个概念 同时也有创"
  [合成] 476/667 完成 (2.8s) "所以说人们的幸福指数是由于自己的经历 变得起伏不"
  [合成] 477/667 完成 (2.4s) "因此有反例说明 并不是所有人的幸福水平都是天生注"
  [合成] 478/667 完成 (5.8s) "实际上有研究 表明基因确有举足轻重的影响 但我们"
  [合成] 479/667 完成 (4.2s) "当莱肯和泰莱肯以及很多人总结出 人是不可能改变的"
  [合成] 480/667 完成 (4.2s) "是的平均来看 当你观察四五十对天各一方的李生双胞"
  [合成] 481/667 完成 (3.3s) "不过这和观察个体又是两回事 因为尽管许多人都差不"
  [合成] 482/667 完成 (3.1s) "这让我想起了一个讽刺统计学家的笑话 一位统计学家"
  [合成] 483/667 完成 (1.8s) "水池的平均深度为10英寸"
  [合成] 484/667 完成 (2.7s) "你看 你没法根据水池的平均深度 来辨别水池到底有"
  [合成] 485/667 完成 (5.1s) "因为水池平均深度可能是10英寸 但如果这个水池很"
  [合成] 486/667 完成 (2.0s) "观察个体和双胞胎也是同样的道理"
  [合成] 487/667 完成 (4.1s) "他们整体看来没什么差别 不过也有个别例外 而且往"
  [合成] 488/667 完成 (3.8s) "因为这些差异不仅能拓宽我们的想象力 同时也使我们"
  [合成] 489/667 完成 (5.5s) "问题是 当我们看到特例 三 不管是从莱肯和泰莱肯"
  [合成] 490/667 完成 (1.7s) "大多数人是这样但不是所有人"
  [合成] 491/667 完成 (3.9s) "问题不再是转变有没有可能发生 而是怎样才能发生转"
  [合成] 492/667 完成 (2.4s) "而且那些认为改变不可能发生的论点 只有百害而无一"
  [合成] 493/667 完成 (5.0s) "假设有一个8岁的小女孩 她很不开心 在某本杂志上"
  [合成] 494/667 完成 (3.3s) "她很不开心 才8岁 她感到焦虑和痛苦 于是她对自"
  [合成] 495/667 完成 (1.4s) "我生下来就是不幸的”"
  [合成] 496/667 完成 (2.0s) "接着这句话就成了一种心理暗示"
  [合成] 497/667 完成 (3.2s) "她一直都不开心 有时这使她变得比以前更郁闷 因为"
  [合成] 498/667 完成 (2.6s) "转变是有可能的 要知道 我常说 自己是教授积极心"
  [合成] 499/667 完成 (2.1s) "为什么这么说呢 因为我生来就没有所谓的“幸福基因"
  [合成] 500/667 完成 (2.7s) "从基因学上来说 我生来就有着焦虑基因 经常沉默寡"
  [合成] 501/667 完成 (1.6s) "这点我们以后会在课上谈到"
  [合成] 502/667 完成 (3.5s) "我之所以投身于积极心理学 投身于这个领域 在第一"
  [合成] 503/667 完成 (4.3s) "但通过许多这方面的研究 通过检查自己 也通过提出"
  [合成] 504/667 完成 (2.1s) "所以从个人角度来说 我知道你可以变得幸福"
  [合成] 505/667 完成 (3.4s) "如今我比15年前刚开始时更幸福 我也期许自己变得"
  [合成] 506/667 完成 (2.7s) "这一过程死前都不会停止 而且许多人都证明了这一点"
  [合成] 507/667 完成 (3.7s) "那些持相反观念的人 会通过科学手段为此争论 结果"
  [合成] 508/667 完成 (8.1s) "顺便说一句来 莱肯和泰莱肯近期 顺便说一句 莱肯"
  [合成] 509/667 完成 (1.3s) "我想引用一下他们的话"
  [合成] 510/667 完成 (3.0s) "那是2005年的文章莱肯说道： 我当初的论断有欠"
  [合成] 511/667 完成 (2.4s) "我们可以改变幸福水平 很显然 而且好坏两个方向都"
  [合成] 512/667 完成 (2.4s) "所以他们收回了当时的论断 要知道这一论断曾轰动一"
  [合成] 513/667 完成 (1.5s) "转变当然是有可能的"
  [合成] 514/667 完成 (1.5s) "那么怎么研究才更靠谱呢"
  [合成] 515/667 完成 (1.8s) "怎样才能不导致这么不靠谱的结果呢"
  [合成] 516/667 完成 (1.8s) "而且同时还要保证正确无误"
  [合成] 517/667 完成 (5.6s) "要知道 我们可不想胡编乱造 造一份研究的目的是为"
  [合成] 518/667 完成 (3.0s) "所以首先我认为在健康研究方面 主要的问题是让我们"
  [合成] 519/667 完成 (1.4s) "这是我过去讨论过的问题"
  [合成] 520/667 完成 (2.8s) "我认为除了研究可行的方法外 其次 还要研究最优秀"
  [合成] 521/667 完成 (5.4s) "我这些话的用意何在呢 我们不仅仅是研究人们幸福的"
  [合成] 522/667 完成 (1.6s) "而是去研究最幸福的人群"
  [合成] 523/667 完成 (2.3s) "去研究最美满成功的关系 并从中借鉴学习"
  [合成] 524/667 完成 (8.1s) "这和调查一般情况的研究相比 完全是两种不同的研究"
  [合成] 525/667 完成 (2.9s) "这个说法是亚伯拉罕·马斯洛 在说到"生长锥统计""
  [合成] 526/667 完成 (1.8s) "我读给大家听听看这句话摘自他的书"
  [合成] 527/667 完成 (3.8s) "这项研究方法的目的 是为了转变大家对统计学的认知"
  [合成] 528/667 完成 (2.9s) "我绝对支持 我所说的"生长锥统计学 字面上理解 "
  [合成] 529/667 完成 (1.5s) "基因进化最剧烈的地方"
  [合成] 530/667 完成 (3.7s) "他想表达的意思是 让我们一起研究贤者圣人 非凡卓"
  [合成] 531/667 完成 (1.8s) "这样我们能认知了解 所有人的潜能"
  [合成] 532/667 完成 (2.4s) "我想把他这段话补全 因为这很重要 所以我才这么做"
  [合成] 533/667 完成 (3.5s) "我们要想知道人类跑步速度最快是多少 就没有必要去"
  [合成] 534/667 完成 (5.1s) "找奥林匹克长跑冠军取最好成绩 这要比取平均数好得"
  [合成] 535/667 完成 (2.4s) "那我坚持认为我们通过研究 最有道德 最圣洁的人就"
  [合成] 536/667 完成 (3.4s) "根据这些人的一生我认为人类史 就是人性逐渐丧失殆"
  [合成] 537/667 完成 (2.4s) "人性的潜能极限 实际上一直都没有完全挖掘出来"
  [合成] 538/667 完成 (4.4s) "当然 显而易见 心理学上所谓的"标准 其实是种平"
  [合成] 539/667 完成 (1.6s) "这使得我们通常都是不知不觉"
  [合成] 540/667 完成 (1.4s) "你看出他这段话的用意了吗"
  [合成] 541/667 完成 (1.4s) "实际上他想说的是"
  [合成] 542/667 完成 (4.1s) "“不要只研究为什么大多数人都失败了 也要研究为什"
  [合成] 543/667 完成 (2.9s) "别只研究一般情况下人们基本没法转变"
  [合成] 544/667 完成 (3.6s) "要研究那些已经转变过的人们 这些人真正地改变了自"
  [合成] 545/667 完成 (3.3s) "这是一利 种激进的研究方式 这是一种激进的研究方"
  [合成] 546/667 完成 (1.6s) "这也是一种激进的研究方式"
  [合成] 547/667 完成 (7.5s) "因为通常如果我们只研究一般情况 我们只能观察一般"
  [合成] 548/667 完成 (1.4s) "就在于那些特例里"
  [合成] 549/667 完成 (1.6s) "就存在于那些特殊群体里"
  [合成] 550/667 完成 (1.8s) "除我以外 因为我承认自己就是那类人"
  [合成] 551/667 完成 (2.2s) "有没有人在我说出这些话的时候 感到一丝不适呢"
  [合成] 552/667 完成 (1.9s) "没在开玩笑 在我谈到 只要研究那些"
  [合成] 553/667 完成 (5.7s) "最优秀的人那些贤者圣人 最优秀的人开 那些贤者圣"
  [合成] 554/667 完成 (1.6s) "因为那难道不是"精英论"吗"
  [合成] 555/667 完成 (2.3s) "我们就不该研究普通人吗 因为我们不仅关注精英人士"
  [合成] 556/667 完成 (2.2s) "我们也关注平常百姓 所以对此有两种回应"
  [合成] 557/667 完成 (3.6s) "为什么我一直坚持认为 而且我必须承认 每次我一讲"
  [合成] 558/667 完成 (2.6s) "接着我就想为什么研究精英 为什么成长锥统计学 如"
  [合成] 559/667 完成 (1.6s) "我要推荐大家使用这种研究方法"
  [合成] 560/667 完成 (1.8s) "首先 因为它没有摒除普罗大众"
  [合成] 561/667 完成 (2.9s) "正如积极心理学所说 不去关注什么不可行 不去关注"
  [合成] 562/667 完成 (7.3s) "同样成长锥统计学并不是说 我们不要去研究普罗大众"
  [合成] 563/667 完成 (3.1s) "这一说法首先解除了 人们对精英主义的疑虑 第二种"
  [合成] 564/667 完成 (3.4s) "因为在研究最优秀的人群时 每个人都能从中受益 而"
  [合成] 565/667 完成 (2.4s) "他们从中的收获要比那些 精英群体多得多 为什么这"
  [合成] 566/667 完成 (1.8s) "比方说在研究抗压力的时候"
  [合成] 567/667 完成 (3.3s) "如果我们坚持研究陷入危险境地的大众 年复一年 日"
  [合成] 568/667 完成 (2.1s) "我们取得的进展可能微乎其微 真的是微乎其微"
  [合成] 569/667 完成 (2.4s) "只有当我们开始研究 那些"最优秀”的样本那些幸运"
  [合成] 570/667 完成 (1.7s) "那些生来就叫做神童的孩子们"
  [合成] 571/667 完成 (2.7s) "只有当我们开始研究这些个体 我们才能明白如何最好"
  [合成] 572/667 完成 (2.8s) "当我们将抗压力研究的结果应用起来 所有人都将一直"
  [合成] 573/667 完成 (2.0s) "这是成长锥统计学研究的 勺一个例子"
  [合成] 574/667 完成 (2.4s) "那么冥想的研究又如何呢 如果我想研究冥想"
  [合成] 575/667 完成 (1.8s) "我是在哈佛大学随便找几个 大二的同学呢"
  [合成] 576/667 完成 (2.4s) "还是去西藏山顶 研究那些修行几十年的高人呢"
  [合成] 577/667 完成 (2.0s) "当然是去西藏啊 心理学家就是这么做的"
  [合成] 578/667 完成 (2.4s) "心理学家研究了他们的大脑 我们讲“冥想这一节时会"
  [合成] 579/667 完成 (3.9s) "他们通过研究展现了那些高人是怎样 通过冥想转变自"
  [合成] 580/667 完成 (3.0s) "心理学家比如乔恩 卡巴特 金 理查德 戴维森与赫"
  [合成] 581/667 完成 (2.6s) "他们把从卓越人士身上学到的东西 应用到了寻常百姓"
  [合成] 582/667 完成 (1.4s) "这也正是我为什么在我每天"
  [合成] 583/667 完成 (7.0s) "冥想15到20分钟时都能从中获益 上百万人换句话"
  [合成] 584/667 完成 (1.5s) "那么爱情呢"
  [合成] 585/667 完成 (2.3s) "你能想象 一个横跨整个人类史的研究 对象只是平凡"
  [合成] 586/667 完成 (2.0s) "人类史上一般两性关系是怎样的呢"
  [合成] 587/667 完成 (2.7s) "人类史上一般两性关系中 妇女都是被动压抑的一方"
  [合成] 588/667 完成 (2.0s) "这就是人类历史上寻常人的两性关系"
  [合成] 589/667 完成 (1.7s) "如果我们这样研究 会有用吗 不会"
  [合成] 590/667 完成 (1.9s) "只有当约翰·斯图尔特 密尔这样的人"
  [合成] 591/667 完成 (2.2s) "开始研究两性关系 这在当时是很不平凡的"
  [合成] 592/667 完成 (3.4s) "并意识到研究千奇百怪的两性关系的潜力 他才写出了"
  [合成] 593/667 完成 (2.7s) "这本书也是十九世纪女权运动 和平等运动的 导火索"
  [合成] 594/667 完成 (2.8s) "如果他只研究了一般的两性关系 又会有何意义"
  [合成] 595/667 完成 (1.2s) "毫无意义"
  [合成] 596/667 完成 (1.1s) "教育呢"
  [合成] 597/667 完成 (4.0s) "如果你想学习教学的方法 你会去研究一般水平的老师"
  [合成] 598/667 完成 (6.0s) "所有人都能从成长锥统计学中获益 这就是为什么马斯"
  [合成] 599/667 完成 (4.0s) "我们不仅要研究别人身上的闪光点 还有研究自己身上"
  [合成] 600/667 完成 (2.7s) "4只要我们在最快乐的时间 最成功的时候 爱情最美"
  [合成] 601/667 完成 (2.9s) "研究我们身上最闪亮的地方 我们就能从中获益并应用"
  [合成] 602/667 完成 (3.2s) "研究自身平凡之处 我们只在描述生活 研究自身非凡"
  [合成] 603/667 完成 (5.7s) "再次引用马斯洛 虽然非凡之人屈指可数 我们从这些"
  [合成] 604/667 完成 (3.2s) "研究平凡之人身上的非凡之处 那些瞬时的自我实现 "
  [合成] 605/667 完成 (3.8s) "研究我们自己身上的非凡之处 问题不再是如何成为 "
  [合成] 606/667 完成 (3.7s) "好的 我们谈了谈如何改变自己 成长锥统计学 在积"
  [合成] 607/667 完成 (2.1s) "第一个重要概念是“研究可行的方法”"
  [合成] 608/667 完成 (2.3s) "第二重要的概念是"研究最优秀的人群"
  [合成] 609/667 完成 (3.3s) "这些都是个体的改变 社会转型呢 在今天最后我想与"
  [合成] 610/667 完成 (3.2s) "它是当时该领域中最负声望的研究之 名为 剑桥-萨"
  [合成] 611/667 完成 (10.4s) "这项研究就在20世纪30年代 由哈佛和麻省理工两"
  [合成] 612/667 完成 (2.4s) "当时还没有劳斯莱斯 世界上最高级的干预实验吧"
  [合成] 613/667 完成 (1.2s) "没有资金限制"
  [合成] 614/667 完成 (2.9s) "他们想要多少就有多少 他们在临危人群中选择了25"
  [合成] 615/667 完成 (3.5s) "这并非权宜之计也并非隔夜即见效 而是 一个长达五"
  [合成] 616/667 完成 (3.1s) "研究人员一月两次登门拜访 帮助他们解决家庭矛盾 "
  [合成] 617/667 完成 (2.9s) "一半孩子接受了教学辅导 那些需要的孩子们 他们在"
  [合成] 618/667 完成 (4.3s) "还有精神病学家的帮助 对于需要的人来说 应有尽有"
  [合成] 619/667 完成 (2.7s) "孩子们加入童子军基督教青年会 以及其他青年社团"
  [合成] 620/667 完成 (2.5s) "在经历这些辅导之后 理应收获颇丰 一切应有尽有"
  [合成] 621/667 完成 (5.4s) "这简直是梦 李一般的体验 不仅是当时 拿到现在这"
  [合成] 622/667 完成 (1.5s) "这就是这个研究的背景"
  [合成] 623/667 完成 (1.8s) "结果实验结果和实验本身一样重要"
  [合成] 624/667 完成 (3.6s) "这250名儿童都是随机分配的 还有250个孩子得"
  [合成] 625/667 完成 (1.8s) "进行了长达40年的 追踪调查"
  [合成] 626/667 完成 (4.8s) "追踪调查 这不是一两天 两年中的变化 一 这不是"
  [合成] 627/667 完成 (2.0s) "这项实验非常严谨 介入方式也很严谨"
  [合成] 628/667 完成 (1.2s) "结果令人震惊"
  [合成] 629/667 完成 (2.7s) "虽然参与到实验中的人 无论是心理健康工作者 哲学"
  [合成] 630/667 完成 (5.2s) "教授或精神病学家 都认为实验极度成功 但当他们看"
  [合成] 631/667 完成 (2.1s) "青少年犯罪 对照组和实验组毫无差别"
  [合成] 632/667 完成 (3.4s) "三分之一有案底 另有两成人有非正式的不良记录 他"
  [合成] 633/667 完成 (1.8s) "成年犯罪 仍旧毫无差别"
  [合成] 634/667 完成 (3.9s) "两组中 无论是财产还是人身侵犯 两组都为20% "
  [合成] 635/667 完成 (1.7s) "还是毫无差别 其他方面"
  [合成] 636/667 完成 (3.2s) "生理健康与心理健康 都毫无差别 最后 终于在酗酒"
  [合成] 637/667 完成 (1.9s) "最后 长大成人以后 这两个人群里"
  [合成] 638/667 完成 (1.6s) "成为酒鬼和白领身份的人 不一样"
  [合成] 639/667 完成 (1.5s) "所以至少还是有一点成果"
  [合成] 640/667 完成 (2.0s) "至少从数据上来说 结果意味深长"
  [合成] 641/667 完成 (1.5s) "你觉得这个结果很好 对吧"
  [合成] 642/667 完成 (3.3s) "恰恰相反 这些结果于预期相反 与对照组相比 在实"
  [合成] 643/667 完成 (1.6s) "拿对照组 与实验组相比"
  [合成] 644/667 完成 (1.5s) "工作得心应手的人更多"
  [合成] 645/667 完成 (2.0s) "换言之这种干预大于利"
  [合成] 646/667 完成 (2.1s) "理想主义 善意和资金皆非良药"
  [合成] 647/667 完成 (4.9s) "很多现在的人再看这个实验 在心理学史上鲜有实验如"
  [合成] 648/667 完成 (1.5s) "再给我点时间 马上结束"
  [合成] 649/667 完成 (2.3s) "他们说 社会转型是不能实现的"
  [合成] 650/667 完成 (2.9s) "是这样的吗 首先 例外是存在的当例外发生时 就证"
  [合成] 651/667 完成 (3.5s) "有实验做到了 不论是宾夕法尼亚大学的 卡伦·瑞维"
  [合成] 652/667 完成 (7.0s) "还是本身就很非同寻常的玛瓦·柯林斯 她对干预方式"
  [合成] 653/667 完成 (1.8s) "她或者奖惩分明 不赞成不劳而获"
  [合成] 654/667 完成 (4.4s) "她并不认为孩子们需要帮助 但那个实验却认为孩子们"
  [合成] 655/667 完成 (4.4s) "现实和理想结合起来 共同研究可行的方法 并且是最"
  [合成] 656/667 完成 (1.9s) "让我们口回相传"
  [合成] 657/667 完成 (3.6s) "听从马斯洛在上世纪50年代提出的建议 他提出 我"
  [合成] 658/667 完成 (3.2s) "进行曼哈顿计划式的解决 不仅仅是心理学而是针对全"
  [合成] 659/667 完成 (3.7s) "无论你是否赞同曼哈顿计划 制造原子弹的计划 你是"
  [合成] 660/667 完成 (1.6s) "确切来讲稍等马上好"
  [合成] 661/667 完成 (1.7s) "他们凝聚了当时世界上最聪明的人"
  [合成] 662/667 完成 (2.8s) "奥本海默-基拉特 费米法因曼波尔 团结起来想要拯"
  [合成] 663/667 完成 (4.0s) "无论你是否赞同这个计划 与此无关确切说来 它确实"
  [合成] 664/667 完成 (2.0s) "这就是马斯洛对心理学家的建议"
  [合成] 665/667 完成 (4.1s) "这也是积极心理学的目标 确定无疑 你可以聚集全世"
  [合成] 666/667 完成 (2.6s) "会去研究可行的方法 研究最优秀的个体以此来改变现"
  [合成] 667/667 完成 (1.5s) "下周再见"
