[A] 采用 587 条 Whisper 锚点作为字幕时间戳...

[A] 完成：587 条字幕事件
[B] 用 rapidocr 识别 587 条字幕...

[B] 50/587
[B] 100/587
[B] 150/587
[B] 200/587
[B] 250/587
[B] 300/587
[B] 350/587
[B] 400/587
[B] 450/587
[B] 500/587
[B] 550/587
[B] 587/587
[B] 完成
[C] 输出 587 条字幕：episode-05.source.zh-CN-ocr.srt
[gpt-sovits] 服务已在运行：http://127.0.0.1:9880
  [合成] 1/582 完成 (4.1s) "先来给大家介绍 一位"为美国而教(TFA)"机构"
  [合成] 2/582 完成 (3.7s) "之前1504课程一直支持着他们的工作 今后我们也"
  [合成] 3/582 完成 (2.5s) "三 大家好能听见我说话吗 我只占用大家90秒钟"
  [合成] 4/582 完成 (4.9s) "我的名字叫杰西 西·毕福 我 谢谢此刻我感觉幸福"
  [合成] 5/582 完成 (5.7s) "大四快毕业那阵 我原本没怎么把它作为就业选择 报"
  [合成] 6/582 完成 (6.5s) "但犹豫了下还是花两小时填完了那些问卷 之后我发现"
  [合成] 7/582 完成 (5.6s) "在剩下的一分钟里 我想向大家介绍有关TFA的两件"
  [合成] 8/582 完成 (4.8s) "家境贫寒的孩子甚至在小学毕业前 就已经被同龄人远"
  [合成] 9/582 完成 (1.4s) "简直有着天壤之别"
  [合成] 10/582 完成 (5.9s) "第二件事你们可以改变这个不公 刚加入TFA时我和"
  [合成] 11/582 完成 (4.9s) "如果你负责一个五年级的班级 班上的孩子从入学第一"
  [合成] 12/582 完成 (5.0s) "他们成为品学兼优的学生 或是希望你周末跟他们一起"
  [合成] 13/582 完成 (4.3s) "为美国而教"是个绝佳的机遇 它使我将自己的所 斤"
  [合成] 14/582 完成 (4.3s) "并且从自身开始改变 这就是我们所期待的 我在这里"
  [合成] 15/582 完成 (4.0s) "就我个人而言 申请日期截止到明天 步骤很简单 不"
  [合成] 16/582 完成 (6.5s) "跟我一样投入到自己热爱的事业中来 最后我想说的是"
  [合成] 17/582 完成 (2.5s) "我们的孩子和学校需要你们这样的人才 请加入我们的"
  [合成] 18/582 完成 (3.4s) "非常感谢大家祝你们这堂课学得愉快 大家好长话短说"
  [合成] 19/582 完成 (2.2s) "无法参与这周的课程 今晚七点半会有一节公开课"
  [合成] 20/582 完成 (2.7s) "是专为公开课项目录制的 如果你有时间并且感兴趣的"
  [合成] 21/582 完成 (2.4s) "请课后联系我谢谢 下面我想为大家介绍两位贵友"
  [合成] 22/582 完成 (2.6s) "同时也是积极心理学的支持者 他们以一种严谨而轻松"
  [合成] 23/582 完成 (1.7s) "极力传播积极心理学的理念"
  [合成] 24/582 完成 (3.7s) "我请他们来为大家简单介绍 一下 我请他们来为大家"
  [合成] 25/582 完成 (3.9s) "也是唯一的硕士心理学学位 全球第一个积极心理学硕"
  [合成] 26/582 完成 (4.2s) "他们会用大约15分钟的时间 简短介绍 一下这门课"
  [合成] 27/582 完成 (1.4s) "有请詹姆士和黛比"
  [合成] 28/582 完成 (3.1s) "谢谢你 泰勒 很高兴来到这里 能在这个特别的课上"
  [合成] 29/582 完成 (3.9s) "在这堂课上你可以将积极心理学的理论 和实践结合起"
  [合成] 30/582 完成 (5.4s) "他能将复杂晦涩的概念 阐释得通俗易懂而又不过分单"
  [合成] 31/582 完成 (2.0s) "激励你们迅速将学到的理论运用于生活中"
  [合成] 32/582 完成 (4.7s) "我想知道有多少人 是因为想将积极心理学原理 运用"
  [合成] 33/582 完成 (1.1s) "很好"
  [合成] 34/582 完成 (3.7s) "又有多少人是因为 想把积极心理学原理 运用在将来"
  [合成] 35/582 完成 (3.4s) "希望你们能如愿似偿 希望你们能如愿以偿 对于那些"
  [合成] 36/582 完成 (4.0s) "想在研究生阶段进修积极心理学的同学们 和希望将其"
  [合成] 37/582 完成 (2.1s) "宾夕法尼亚大学 应用积极心理学课程"
  [合成] 38/582 完成 (8.4s) "所课堂延伟至进乐 从课堂延伸至世界 大家知道积极"
  [合成] 39/582 完成 (2.6s) "工 是他提出的重要理念 积极心理 积极心 他提出"
  [合成] 40/582 完成 (4.2s) "四年前 塞利格曼在宾州大学 马丁 创办了积极心理"
  [合成] 41/582 完成 (2.6s) "促进开究培训新育 传播积极心理学理念 2005年"
  [合成] 42/582 完成 (3.0s) "担任教育部主管及资深学者 同年2月份 黛比：自路"
  [合成] 43/582 完成 (7.1s) "担任教育部副主管 我们的任务是创立一门硕士课程 "
  [合成] 44/582 完成 (3.5s) "黛比2月份来 我们设计出招生宣传册 并在三月份印"
  [合成] 45/582 完成 (4.1s) "有点强人所难外加过分乐观又 对吧 有点强人所难外"
  [合成] 46/582 完成 (4.6s) "也不知道有没有人感兴趣 但事实证明我们的担心是多"
  [合成] 47/582 完成 (3.5s) "自此之后 课程开展得非常顺利 这是我们07年秋季"
  [合成] 48/582 完成 (1.6s) "今年我们招收了41名学生"
  [合成] 49/582 完成 (3.1s) "下面再来说说这些学生的故事 我们有3名该课程的学"
  [合成] 50/582 完成 (2.1s) "·科恩和伊丽莎白 约翰斯顿 黛比 你们在哪里"
  [合成] 51/582 完成 (1.4s) "请三位同学起立"
  [合成] 52/582 完成 (1.9s) "白·彼德森很好 还有伊丽莎白"
  [合成] 53/582 完成 (5.4s) "请看照片左上角的这位 加布里埃尔两年前 也曾坐在"
  [合成] 54/582 完成 (2.4s) "这个研究生项目与你们现在所学的课程 联系得非常紧"
  [合成] 55/582 完成 (2.1s) "我们学生的年龄跨度从22岁到62岁"
  [合成] 56/582 完成 (2.6s) "他们来自美国各地 有福蒙特州的-弗罗里达的加州的"
  [合成] 57/582 完成 (3.1s) "国挪威 州的 瑞上印度 马来西亚-日本香港 韩国"
  [合成] 58/582 完成 (7.5s) "其中约有25%到30%的学生是 刚从本科毕业的青"
  [合成] 59/582 完成 (1.9s) "其余则是来自不同领域的 职场人士"
  [合成] 60/582 完成 (2.7s) "三 我们的第一个班里 有前任苏格兰国家首席社工 "
  [合成] 61/582 完成 (2.8s) "很有意思 还有肾脏移植外科医生 摩根大通的前任副"
  [合成] 62/582 完成 (3.4s) "还有律师 非营利发展机构主管 卡布克学院校常务理"
  [合成] 63/582 完成 (4.3s) "还有人力资源主管 总教练 顾问 甚至还有一位专业"
  [合成] 64/582 完成 (3.6s) "我用几分钟的时间 一下这门课的教学设计 大致介绍"
  [合成] 65/582 完成 (6.1s) "MAPP硕士课程是 年制全日制教学 一年 MAP"
  [合成] 66/582 完成 (2.9s) "课程由混合版块构成 学生每月在课堂上 接受一次集"
  [合成] 67/582 完成 (1.9s) "其余时间 由学生独立完成远程教学内容"
  [合成] 68/582 完成 (3.5s) "这是一门研究生等级的专业课程 主要讲授积极心理学"
  [合成] 69/582 完成 (4.5s) "积极心理学 没有专门特设的证书或者文凭 学生们带"
  [合成] 70/582 完成 (3.5s) "这种每月进行一次 集中式学习的方式 使得学生可以"
  [合成] 71/582 完成 (3.1s) "这门课是全日制的 你们大概会好奇 学生如何边全日"
  [合成] 72/582 完成 (4.0s) "这是一门专业等级的教育课程 这种教学模式是针对 "
  [合成] 73/582 完成 (4.0s) "所以我们大部分学生 仍在继续工作 学习课程的同时"
  [合成] 74/582 完成 (2.7s) "这种教学设计的另一优势是 学生无须居住在宾州或者"
  [合成] 75/582 完成 (3.6s) "美国各自的学生都可以来学校 让我们为之雀跃的是 "
  [合成] 76/582 完成 (4.4s) "我不知道你们之中有多少外地学生 但我们的学生中 "
  [合成] 77/582 完成 (3.0s) "我们的课堂活力四射 但也给教授施加了一定的压力 "
  [合成] 78/582 完成 (3.3s) "学生国籍的多样性 同时也带来了独到的教学体验 因"
  [合成] 79/582 完成 (2.4s) "我们也在积极网罗授课人才 不单单局限于宾州大学内"
  [合成] 80/582 完成 (3.7s) "还着眼于其他学校的师资 引进最顶尖的积极心理学学"
  [合成] 81/582 完成 (3.4s) "这是2008学年的现场教学课程一览表 你可以看到"
  [合成] 82/582 完成 (1.7s) "其中还包括远程学习的时间安排"
  [合成] 83/582 完成 (2.5s) "简而言之 每个学生在第 学期要求进修4门课程"
  [合成] 84/582 完成 (7.0s) "每个学生在第一学期要求进修4门课程 第二学期再学"
  [合成] 85/582 完成 (2.1s) "马丁 塞利格曼教授积极心理学入门课程"
  [合成] 86/582 完成 (5.8s) "安吉拉·达科沃斯教授价值评估研究法 立·达科沃斯"
  [合成] 87/582 完成 (5.3s) "并理解结论背后的研究方法 我教授的课程是积极心理"
  [合成] 88/582 完成 (2.2s) "我们会请多位高端学者 向大家介绍自己的研究成果"
  [合成] 89/582 完成 (5.9s) "到了第二学期 课程重心将从理论知识 转至积极心理"
  [合成] 90/582 完成 (2.0s) "不知道你们学没学过性格力量与美德"
  [合成] 91/582 完成 (4.9s) "由克里斯 彼得森率先提出的 ·名 价值及行为分级"
  [合成] 92/582 完成 (2.6s) "我教授的是积极心理干预应用 课程附带“服务学习“"
  [合成] 93/582 完成 (4.7s) "凯伦· 萨尔茨伯格 瑞维琪和朱迪 利维克 负责教"
  [合成] 94/582 完成 (3.9s) "朋友或家人等联系起来 与诸如同事 最后 不知道你"
  [合成] 95/582 完成 (8.0s) "泰勒这学期也会讲到这个理论 这种探寻形式经由大卫"
  [合成] 96/582 完成 (5.0s) "以寻求层次上的提升 该理论不单专注个体 更是纵观"
  [合成] 97/582 完成 (4.7s) "将在夏天开设 这是独立于课程的一个单元 这部分 "
  [合成] 98/582 完成 (6.3s) "进而获得自身在职场上的提升 于是有的学生进行多样"
  [合成] 99/582 完成 (2.9s) "有同学针对自已感兴趣的领域 撰写文学评论 有人制"
  [合成] 100/582 完成 (4.6s) "或者讲习班计划等等 以上就是我对整套课程的概述 "
  [合成] 101/582 完成 (4.5s) "黛比将以图像为大家作进一步的课程介绍 有请黛比 "
  [合成] 102/582 完成 (4.6s) "我就来给大家介绍一下它们的开展方式 以及具体的课"
  [合成] 103/582 完成 (7.8s) "课程从早上8点开始下午5点结束 大家或许觉得这样"
  [合成] 104/582 完成 (4.5s) "老师们来自天南地北 师生之间借此机会得以互相沟通"
  [合成] 105/582 完成 (6.0s) "不如说是研讨小组 学生们都会抓紧课间 或者午餐时"
  [合成] 106/582 完成 (1.7s) "课程不但能给予你独特的交流经历"
  [合成] 107/582 完成 (5.0s) "每个人都会被分进一个团队 大约3到5人一组 你将"
  [合成] 108/582 完成 (3.5s) "在同这些来自天南地北的同学共同学习时 你会发觉自"
  [合成] 109/582 完成 (2.5s) "总结性课程的设置宗旨 就是帮助你们的职业应用奠定"
  [合成] 110/582 完成 (4.4s) "许多同学上完这门课后 就在自己的职业领域内开设了"
  [合成] 111/582 完成 (2.4s) "并将译本出版发售 她做这件事也费了一番功夫"
  [合成] 112/582 完成 (7.8s) "还有一些学生将他们总结性课程中的成果 发表在学术"
  [合成] 113/582 完成 (5.5s) "所以课程结束后 学生能够从事很多事情 我们提供给"
  [合成] 114/582 完成 (3.6s) "然而 申请者来电咨询时 最多的一个问题就是 读了"
  [合成] 115/582 完成 (3.2s) "我用张照片给大家展示 示一下 我用张照片给大家展"
  [合成] 116/582 完成 (4.2s) "我用张照片给大家展示 示一下 最左边的这位叫萨莎"
  [合成] 117/582 完成 (4.5s) "她读博前研修了我们的硕士课程 所以她具备良好的专"
  [合成] 118/582 完成 (3.3s) "最上面第二个人是塞尼尔·米安 她从事于对冲基金工"
  [合成] 119/582 完成 (1.8s) "创立了"积极心理学每日新闻"网站"
  [合成] 120/582 完成 (3.7s) "上面登载着MAPP校友 关于积极心理学研究与应用"
  [合成] 121/582 完成 (2.2s) "与此同时 她同诸多MAPP校友一起"
  [合成] 122/582 完成 (2.5s) "参与到相关培训以及 由积极心理学中心开设的项目中"
  [合成] 123/582 完成 (2.9s) "比如 我们在英国举办培训 在校内开展积极心理学的"
  [合成] 124/582 完成 (5.5s) "我们邀请到MAPP的校友 因为他们受过相关的教育"
  [合成] 125/582 完成 (1.9s) "并且我们希望 能够继续为校友们提供各种"
  [合成] 126/582 完成 (2.7s) "照片上第三个人是卡罗琳·米勒 她是个作家 她的第"
  [合成] 127/582 完成 (3.6s) "她同时还兼具演说家和教练的双重身份 在修读完MA"
  [合成] 128/582 完成 (2.7s) "她热衷于"目标设定"这样的课程 同时对于"运动心"
  [合成] 129/582 完成 (2.2s) "因此这个课程促使她的能力真正实现突破"
  [合成] 130/582 完成 (4.0s) "我们的学生并非全都毕业于哈佛 但这三位恰巧都是哈"
  [合成] 131/582 完成 (2.1s) "并且我们希望有更多的哈佛毕业生"
  [合成] 132/582 完成 (2.0s) "参与到我们的项目中来 吉姆你还需要补充什么的吗"
  [合成] 133/582 完成 (5.4s) "谢谢你 黛比 课程介绍的标题是从课堂走向世界 而"
  [合成] 134/582 完成 (5.3s) "顺便提一下 现在时机正巧 顺便提 是一下环 现在"
  [合成] 135/582 完成 (3.6s) "这将成为 一个重要的国际组织 一 其致力于促进积"
  [合成] 136/582 完成 (3.2s) "是在董事会十月第一次召开会议时拍摄的 泰勒不在照"
  [合成] 137/582 完成 (2.4s) "一 董事成员都是全美乃至全球 积极心理学的领军人"
  [合成] 138/582 完成 (3.3s) "协会还有一个学生会员制度 所以我鼓励你们参与到 "
  [合成] 139/582 完成 (2.0s) "网址如下 以便及时了解最新的"
  [合成] 140/582 完成 (9.1s) "积极心理学研究进程 我很希望有时间来回答你们的问"
  [合成] 141/582 完成 (2.0s) "从3点到4点半在哈佛礼堂103室"
  [合成] 142/582 完成 (2.0s) "感兴趣的同学们 可以到那跟我们聊聊"
  [合成] 143/582 完成 (5.1s) "到时我们可以为大家 作出更为详尽的解答 当然我们"
  [合成] 144/582 完成 (1.8s) "下课后 如果你感兴趣 可以过来拿一份"
  [合成] 145/582 完成 (3.2s) "登录如下网址 你可以了解到更多的信息 或者你也可"
  [合成] 146/582 完成 (2.7s) "给我们发邮件 我希望不久的将来 可以在MAPP项"
  [合成] 147/582 完成 (2.8s) "同时 预祝你们度过一个颇有成效的学期 努力钻研积"
  [合成] 148/582 完成 (3.8s) "把这些理论应用到生活中去 并且思考如何让积极心理"
  [合成] 149/582 完成 (1.2s) "月"
  [合成] 150/582 完成 (3.5s) "加入MAPP项目是 一个巨大的殊荣 因为在那里学"
  [合成] 151/582 完成 (2.2s) "我们会谈到其中的许多人 比如鲍伯 德里克森"
  [合成] 152/582 完成 (4.8s) "比如大卫 科博我们也会提到 抑或是马丁 塞利格曼"
  [合成] 153/582 完成 (4.0s) "绝对的殊荣 所以今天我想要介绍完. 我想先介绍完"
  [合成] 154/582 完成 (4.2s) "一个 最后 即第五个前提 这个前提很重要因为它牵"
  [合成] 155/582 完成 (3.6s) "以便你理解“我从哪来 以及这门课程如何产生 因为"
  [合成] 156/582 完成 (4.1s) "我们有各种各样的宣言 国家宣言 个人宣言来表达幸"
  [合成] 157/582 完成 (2.5s) "它很重要这一事实本身 并不代表我们就一定要去追求"
  [合成] 158/582 完成 (2.3s) "我的观点是幸福不仅重要 而且也应该重要"
  [合成] 159/582 完成 (1.6s) "我们的首要问题是 应该“幸福"
  [合成] 160/582 完成 (3.4s) "不管我们喜不喜欢 不管是有有意识还是下意识 不管"
  [合成] 161/582 完成 (2.2s) "日 宪法赋予我们每个人享有追求幸福的权利"
  [合成] 162/582 完成 (2.7s) "我们花费了许多的精力 和时间来为自己为他人思考幸"
  [合成] 163/582 完成 (3.9s) "亚里士多德在两千年前说过 幸福是生命的意义和目标"
  [合成] 164/582 完成 (2.6s) "威廉姆 母·詹姆斯 《宗教经验的种类 中写道 1"
  [合成] 165/582 完成 (3.0s) "如果我们去探求 人一生中最关心什么 其中的一个答"
  [合成] 166/582 完成 (4.3s) "如何收获幸福如何保持幸福 如何重新拾回幸福 其实"
  [合成] 167/582 完成 (2.7s) "? 你们有可能听说过威廉姆 母·詹姆斯 这里有幢"
  [合成] 168/582 完成 (2.8s) "他在200年前谈到幸福 亚里士多德2000多年前"
  [合成] 169/582 完成 (6.4s) "所以它很重要 不管是不是有意而为之 无意而为之 "
  [合成] 170/582 完成 (1.3s) "道德层面上的幸福呢"
  [合成] 171/582 完成 (2.7s) "世上有那么多其他的事情 那么多其他的重要事情等着"
  [合成] 172/582 完成 (3.1s) "为什么我们应该把幸福作为最终目标 作为我们的头等"
  [合成] 173/582 完成 (3.6s) "换言之 幸福有什么好处 积极情绪又有什么好处 许"
  [合成] 174/582 完成 (2.9s) "但是在我们介绍这些研究之前 家 先来想想 幸福的"
  [合成] 175/582 完成 (1.5s) "想想 暗自琢磨一下"
  [合成] 176/582 完成 (1.4s) "想想 暗自琢磨 上一量"
  [合成] 177/582 完成 (2.9s) "这就是亚里士多德的同一律 “甲就是甲” 即 幸福"
  [合成] 178/582 完成 (2.7s) "而那正是对于这个问题的解答 为什么在幸福的时候不"
  [合成] 179/582 完成 (6.3s) "所以很难证明 为什么幸福不重要呢这可能需要那些 "
  [合成] 180/582 完成 (1.2s) "这无需证明"
  [合成] 181/582 完成 (1.7s) "除了让我们感觉幸福以外 但是"
  [合成] 182/582 完成 (6.4s) "幸福对我们的生活 我们的人际关系也产生了积极影响"
  [合成] 183/582 完成 (2.2s) "她在宾夕法尼亚大学任职 屏幕上有她的照片"
  [合成] 184/582 完成 (3.6s) "弗雷德里克森曾说 鲍伯·吏 白·弗雷德里克森曾说"
  [合成] 185/582 完成 (3.9s) "除了让我们感觉到快乐之外 它可以帮助我们更深入地"
  [合成] 186/582 完成 (3.9s) "提升自身潜力 这个课程中的一个重要概念 就是积极"
  [合成] 187/582 完成 (4.9s) "我们用到两个类比 提高我们的免疫系统 以及加强""
  [合成] 188/582 完成 (3.7s) "这就是鲍伯·弗雷德里克森的理论 我来引述几句她的"
  [合成] 189/582 完成 (3.0s) "我们应努力从自身和周围 收获积极情绪 不仅将它们"
  [合成] 190/582 完成 (2.7s) "更视其为获得心理成长的手段 并逐渐增强心理和生理"
  [合成] 191/582 完成 (5.0s) "我把这个称作为 积极情绪的扩展建设理论 因为积极"
  [合成] 192/582 完成 (4.6s) "通过体验积极情绪 人们改变自己 变成更加富有创造"
  [合成] 193/582 完成 (3.5s) "体验积极情绪使人受益良多 这是个双赢的过程 让人"
  [合成] 194/582 完成 (1.5s) "这点我待会再展开"
  [合成] 195/582 完成 (2.8s) "举个例子 她在这里所说的 即积极情绪帮助我们克服"
  [合成] 196/582 完成 (2.9s) "当我们为负面情绪所困时 我们的意识 我们的思考变"
  [合成] 197/582 完成 (8.1s) "我们的注意力仅停滞在事情本身 比方说 虽然有时候"
  [合成] 198/582 完成 (1.6s) "我只是把注意力全部放在狮子上"
  [合成] 199/582 完成 (2.7s) "所以我的意识变得专注和集中 满脑子尽想着“逃跑还"
  [合成] 200/582 完成 (1.9s) "所以在狮子追我那一刻那种反应是件好事"
  [合成] 201/582 完成 (4.3s) "但若是相反的情形就不是一件好事了 如果我的意识在"
  [合成] 202/582 完成 (2.7s) "我们知道我们经常在这种狭隘 和压抑的模式下进入恶"
  [合成] 203/582 完成 (3.5s) "举一个例子我随便举个例子 我的女朋友和我分手了 "
  [合成] 204/582 完成 (1.4s) "我满脑子都是这破事儿"
  [合成] 205/582 完成 (3.3s) "其结果则是 我饱受苦闷的折磨 因为我满脑子都是苦"
  [合成] 206/582 完成 (4.3s) "从而导致了进一步的狭隘和压抑 而这有可能会 虽然"
  [合成] 207/582 完成 (2.0s) "此时我就很难从这种 恶性循环中走出来"
  [合成] 208/582 完成 (2.3s) "积极情绪则相反 它可以将情绪加以拓展重塑"
  [合成] 209/582 完成 (1.8s) "而拓展重塑又带来了新的积极情绪"
  [合成] 210/582 完成 (5.8s) "积极情绪又进一步引发了新的拓展重塑 如此往复形成"
  [合成] 211/582 完成 (2.3s) "如此一来 积极情绪将我们带出恶性循环"
  [合成] 212/582 完成 (3.3s) "并形成一 一个良性循环 并形成一个良性循环 积极"
  [合成] 213/582 完成 (3.0s) "也可能来自一次深呼吸 谈到身体时我们会谈到深呼吸"
  [合成] 214/582 完成 (3.6s) "积极情绪可以源于朋友间的一次互动 积极的互动 积"
  [合成] 215/582 完成 (1.5s) "从而步入良性循环"
  [合成] 216/582 完成 (1.5s) "而且它也花不了多少时间"
  [合成] 217/582 完成 (6.2s) "真正的挑战在于把积极情绪和 “许自己为人“结合起"
  [合成] 218/582 完成 (3.0s) "不再步入恶性循环之中 尽管在小小的意外发生六个月"
  [合成] 219/582 完成 (7.0s) "我们之后会谈到什么是合适的时机 以及怎么找到合适"
  [合成] 220/582 完成 (4.2s) "所以说积极情绪可以帮助克服负面情绪 创造力即通过"
  [合成] 221/582 完成 (1.5s) "发掘我们未知的联系"
  [合成] 222/582 完成 (1.7s) "有许多关于抑郁创造力的谣言"
  [合成] 223/582 完成 (3.4s) "如果你想要获得很强的创造力 像是 你必须感到绝望"
  [合成] 224/582 完成 (3.5s) "很多时候绝望的疯狂的确非常具有创造力 但是那通常"
  [合成] 225/582 完成 (4.8s) "在绝望的阶段我们想法非常狭隘 我们通常会陷入思维"
  [合成] 226/582 完成 (2.4s) "进行了一项研究 他们在研究 名肝脏病患者的疑难杂"
  [合成] 227/582 完成 (2.7s) "研究人员把他们随即分为三组 第一组是对照组 他们"
  [合成] 228/582 完成 (2.8s) "第二组收到 一份医学人文观的声明 为什么成为一名"
  [合成] 229/582 完成 (2.3s) "第三组得到了糖果 并且身处一个快乐轻松的氛围中"
  [合成] 230/582 完成 (5.0s) "第三组 也就是拿到糖果的那一组 始终保持一 一个"
  [合成] 231/582 完成 (1.4s) "比其他两组表现得都要好"
  [合成] 232/582 完成 (1.7s) "他们考虑到更多的备选情形"
  [合成] 233/582 完成 (2.7s) "从而得出更为理想的解决方案 这是这领域里众多研究"
  [合成] 234/582 完成 (1.8s) "另外一项研究是关于孩子的实验"
  [合成] 235/582 完成 (2.6s) "第一组孩子是对照组 第二组要求回想 那些引他们发"
  [合成] 236/582 完成 (4.5s) "第二组最终比第一组 更为出色地完成了学习任务 因"
  [合成] 237/582 完成 (4.3s) "这个理论从多方面阐释了 “不劳无获“这个说法 不"
  [合成] 238/582 完成 (3.4s) "你无需主动寻找动力和能量 因为你知道自己快乐时 "
  [合成] 239/582 完成 (2.3s) "当然许多研究最终都成功验证了 这个观点"
  [合成] 240/582 完成 (3.0s) "他们跟踪研究了 那些情绪管理能力较强的专业人士 "
  [合成] 241/582 完成 (5.4s) "借此从狭隘压抑的思维中跳脱出来 转向积极富有建设"
  [合成] 242/582 完成 (3.6s) "只是他们在经历了负面情绪以后 可以更加迅速地改变"
  [合成] 243/582 完成 (4.5s) "感到更加幸福变 变得更加成功 因为他们精力更加进"
  [合成] 244/582 完成 (1.8s) "这被称为“解决而非逃避问题"
  [合成] 245/582 完成 (4.6s) "我们会在讨论目标的时候讲到这个问题 而且因为他们"
  [合成] 246/582 完成 (2.1s) "这些特质最终引领他们取得了更大的成功"
  [合成] 247/582 完成 (3.3s) "积极情绪不仅仅能让我们走向成功 不仅仅能让我们感"
  [合成] 248/582 完成 (3.6s) "这里所指的并非盲目乐观的人 而是理性的乐观者 他"
  [合成] 249/582 完成 (1.3s) "希望你们也能这样"
  [合成] 250/582 完成 (2.2s) "他们的免疫系统更加强大 所以他们的身体也更为健康"
  [合成] 251/582 完成 (1.8s) "但是有一个道德上的问题 其他人怎么办"
  [合成] 252/582 完成 (2.7s) "我怎么可以追求幸福 这难道不是自私的表现吗"
  [合成] 253/582 完成 (2.7s) "答案是 “是的这确实很自私” 当我内心思着 “我"
  [合成] 254/582 完成 (2.1s) "我对自己说 “我想要更加快乐 这是一件自私的事情"
  [合成] 255/582 完成 (3.4s) "但那很糟糕吗那样做就不道德吗 在我们的文化里 自"
  [合成] 256/582 完成 (2.3s) "这里存在一个问题 因为这个关键因素 我们在潜意识"
  [合成] 257/582 完成 (1.4s) "将自私等同于不道德"
  [合成] 258/582 完成 (2.6s) "这是造成不快乐的头号原因 因为人们在追求幸福时有"
  [合成] 259/582 完成 (1.6s) "人们在感到快乐时候有罪恶感"
  [合成] 260/582 完成 (6.5s) "我怎么可以让自已心情愉快呢 我怎么可以让自己心情"
  [合成] 261/582 完成 (2.3s) "我们该如何回应呢 对于这点我们该如何回应呢"
  [合成] 262/582 完成 (2.4s) "首先幸福是一个正和博弈 而非零和博弈"
  [合成] 263/582 完成 (4.6s) "它也不是负和博弈 如果我的幸福是从别人的幸福里拿"
  [合成] 264/582 完成 (1.3s) "也不会刚好等值"
  [合成] 265/582 完成 (9.4s) "更不是一个负和博弈 如果我的减少 你的也减少 零"
  [合成] 266/582 完成 (2.6s) "如果我更幸福就更有可能 促使别人幸福和健康"
  [合成] 267/582 完成 (2.3s) "换句话说幸福也是一种 为他人谋幸福的道德心态"
  [合成] 268/582 完成 (1.9s) "佛教几千年前就讲过"
  [合成] 269/582 完成 (2.7s) "一支蜡烛可点亮千百支其他蜡烛 却不会因此缩短寿命"
  [合成] 270/582 完成 (2.3s) "幸福并不会因分享而减少 就像蜡烛传播光亮一样"
  [合成] 271/582 完成 (4.4s) "如果你感到幸福并努力经营自己的幸福 那么你也在间"
  [合成] 272/582 完成 (1.7s) "就像那个大笑宝宝视频把你们逗乐一样"
  [合成] 273/582 完成 (1.8s) "幸福是会传染的"
  [合成] 274/582 完成 (5.9s) "一般来说努力经营幸福的人 当然并不是指那些一直很"
  [合成] 275/582 完成 (2.9s) "我是指一般人那些活生生的人 努力经营自己的幸福的"
  [合成] 276/582 完成 (3.3s) "依然努力经营幸福 变得越来越幸福 拥有更好的人际"
  [合成] 277/582 完成 (1.9s) "更能恕已怒人 更能恕已恕人"
  [合成] 278/582 完成 (1.4s) "有很多研究显示 自助"
  [合成] 279/582 完成 (1.5s) "换句话说追求幸福"
  [合成] 280/582 完成 (1.3s) "为自身谋幸福"
  [合成] 281/582 完成 (4.9s) "将使我们对他人更加豁达和宽厚 有一位顶尖学者做了"
  [合成] 282/582 完成 (2.5s) "她再一次揭示了 幸福感如何对自己和他人产生积极的"
  [合成] 283/582 完成 (3.2s) "反过来也一样 这就是幸福感的奇妙之处 反过来也一"
  [合成] 284/582 完成 (1.9s) "回忆一下你们这周的作业 如果你已经读过了"
  [合成] 285/582 完成 (1.1s) "请在一天内"
  [合成] 286/582 完成 (1.5s) "比平时多做五件善事"
  [合成] 287/582 完成 (3.1s) "这是桑雅 吕波密斯基所做的研究 我第一节课就提到"
  [合成] 288/582 完成 (4.2s) "她的研究非常棒 研究结果显示那些帮助他人 不管是"
  [合成] 289/582 完成 (1.5s) "或者每天多做五件善事"
  [合成] 290/582 完成 (1.6s) "其实有助于改善他们自己的幸福"
  [合成] 291/582 完成 (2.8s) "所以说助人亦是助己 我曾半开玩笑地说"
  [合成] 292/582 完成 (1.6s) "我对私心的了解不比善行少"
  [合成] 293/582 完成 (2.2s) "这只是半开玩笑 因为这两者其实是相互关联的"
  [合成] 294/582 完成 (3.2s) "这两者之间还有一个相互加强的循环 即助人亦是助己"
  [合成] 295/582 完成 (3.3s) "与其将它看作是自私自利 有些人很容易这么觉得 认"
  [合成] 296/582 完成 (3.2s) "我们仍该把它看作 人性中美好的一面 视为我们人性"
  [合成] 297/582 完成 (5.3s) "我们的幸福与别人的幸福紧密相关 我们和他人因共鸣"
  [合成] 298/582 完成 (4.2s) "因为如果我们不赞颂它 如果我们不欣赏我们的天性 "
  [合成] 299/582 完成 (2.4s) "Appreciate这个词有两个意思 一个是感激"
  [合成] 300/582 完成 (2.1s) "如果我们感激天性中美好的部分 美好的意愿"
  [合成] 301/582 完成 (3.5s) "如果我们感激人性中的这 面 如果我们感激人性中的"
  [合成] 302/582 完成 (4.1s) "如果我们视它 并认为“通过帮助他人从而获益 是件"
  [合成] 303/582 完成 (5.8s) "你们正在读的阅读材料 我书中冥想的那部分 我花了"
  [合成] 304/582 完成 (1.5s) "主流道德思想 相违背"
  [合成] 305/582 完成 (1.8s) "感到幸福很好 因为这也能让别人幸福"
  [合成] 306/582 完成 (2.0s) "我想用 一个人的故事 作为这个前提介绍的结语"
  [合成] 307/582 完成 (1.7s) "此人毕生的目标就是传播幸福"
  [合成] 308/582 完成 (1.5s) "一个有关圣雄甘地的故事"
  [合成] 309/582 完成 (5.9s) "同众人一样 有位女士 同众人一样 前来向甘地请教"
  [合成] 310/582 完成 (3.1s) "她在前排坐下 拜见圣人 她在前排坐下手 拜见圣人"
  [合成] 311/582 完成 (2.4s) "我从很远的地方来 因为我儿子遇到个问题 因为我几"
  [合成] 312/582 完成 (1.3s) "他嗜糖如命"
  [合成] 313/582 完成 (2.7s) "我希望你可以劝告他别再吃糖了 因为那对他的身体和"
  [合成] 314/582 完成 (1.6s) "他会听你话的 因为他仰慕你”"
  [合成] 315/582 完成 (6.2s) "甘地看着她说 夫人请您 您一个月之后再来 “夫人"
  [合成] 316/582 完成 (2.5s) "毕竞他是甘地 回到遥远的家 她走了 一个月后又原"
  [合成] 317/582 完成 (2.1s) "然后再一次拜见了甘地 她坐在他面前"
  [合成] 318/582 完成 (4.5s) "然后她说 “我 一个月前来过 他说 “对我记得”"
  [合成] 319/582 完成 (1.4s) "“孩子别再吃这么多糖了"
  [合成] 320/582 完成 (2.2s) "甘地没有再说什么 女士显然很困惑她鼓起勇气"
  [合成] 321/582 完成 (4.4s) "圣人非常感谢你 说道 我相信他不会再吃那么多糖 "
  [合成] 322/582 完成 (1.1s) "您不告诉他呢”"
  [合成] 323/582 完成 (3.4s) "他回答道 女士 因为一个月前 他回答道 “女士因"
  [合成] 324/582 完成 (3.6s) "我知道这是 一个嗨涩的笑话 要点时间理解 但我很"
  [合成] 325/582 完成 (2.8s) "甘地曾说过这样的话 引用自他精彩的自传 <<我体"
  [合成] 326/582 完成 (1.7s) "在改变世界之前先改变自己"
  [合成] 327/582 完成 (2.3s) "这就是改变世界的方法 我想请你们和我一起做些简单"
  [合成] 328/582 完成 (3.8s) "这动作对男生来说可能有点难度 但请忍耐一下 如果"
  [合成] 329/582 完成 (2.0s) "用自己的大拇指和中指 组成一个直角"
  [合成] 330/582 完成 (1.8s) "可能会有点痛 但大家还是尽力做"
  [合成] 331/582 完成 (1.4s) "照着我做的做好吗"
  [合成] 332/582 完成 (1.3s) "组成直角"
  [合成] 333/582 完成 (3.8s) "现在把这两根手指 中指和大拇指 最大限度地从直角"
  [合成] 334/582 完成 (3.6s) "这对男生来说比女生更困难一点 形成一个圆 看上去"
  [合成] 335/582 完成 (2.7s) "中指x 对 中指和拇指 中指对 中指和拇指"
  [合成] 336/582 完成 (2.9s) "对然后看我 像这样尽可能地 可能不是很完美的圆 "
  [合成] 337/582 完成 (1.3s) "把你做出来的圆"
  [合成] 338/582 完成 (1.4s) "看到了吗这个圆"
  [合成] 339/582 完成 (2.2s) "把这个圆放在自己脸颊上 放到另一侧脸颊上"
  [合成] 340/582 完成 (2.4s) "好这个可能需要 一点时间 不过我现在看到大多数人"
  [合成] 341/582 完成 (2.9s) "我说的很清楚 脸颊 但是就如你们所见 寸 人们往"
  [合成] 342/582 完成 (2.4s) "记住这一点 因为我认为在这间教室里 没有人会告诉"
  [合成] 343/582 完成 (2.1s) "我的人生目标就是让别人过得不好"
  [合成] 344/582 完成 (1.2s) "我真的很想这么做"
  [合成] 345/582 完成 (1.7s) "我想让世界上的每 每一个人都变得不幸?"
  [合成] 346/582 完成 (1.8s) "这里没人会这么说至少我希望是这样"
  [合成] 347/582 完成 (3.8s) "不管我们做什么无论现在或未来 这里的多数人都是理"
  [合成] 348/582 完成 (2.5s) "但请记住人们跟从的是你的做法 所以如果你想传播幸"
  [合成] 349/582 完成 (3.5s) "最好的办法就是 传播幸福的最优方法是 经营好自己"
  [合成] 350/582 完成 (7.0s) "这点同样适用于领导力 决定领导力的最重要因素不是"
  [合成] 351/582 完成 (3.7s) "如果你想传播幸福 就先以身作则 改变自己 就先以"
  [合成] 352/582 完成 (2.0s) "以上是我们讲到的五个前提"
  [合成] 353/582 完成 (2.9s) "他们组成了这门课的基础 接下来几个月我们要做的事"
  [合成] 354/582 完成 (3.3s) "最重要的是 让我们把这些研究 这种严谨的态度应用"
  [合成] 355/582 完成 (2.9s) "我们现在开始下一 一讲 我们现在开始下一讲 信念"
  [合成] 356/582 完成 (2.9s) "必须说一句 正是这个话题激发了我的想象力 在我小"
  [合成] 357/582 完成 (2.9s) "在那时 我理解了信念的力量 令我对心理学的兴趣达"
  [合成] 358/582 完成 (2.3s) "我想讲一个特别的故事 从各方面来看这都是我听到的"
  [合成] 359/582 完成 (2.6s) "第一个心理学故事 这个故事让我明白"
  [合成] 360/582 完成 (3.8s) "心理学对我们的幸福和成功有多么重要 对一个十四岁"
  [合成] 361/582 完成 (1.7s) "这是罗杰· 班尼斯特的故事"
  [合成] 362/582 完成 (2.2s) "举手给我看一下 多少人听说过罗杰·班尼斯特"
  [合成] 363/582 完成 (1.2s) "不多"
  [合成] 364/582 完成 (1.5s) "听过的同学可以再听一遍"
  [合成] 365/582 完成 (1.8s) "罗杰·班尼斯特是个赛跑运动员"
  [合成] 366/582 完成 (2.9s) "他跑一英里赛程 1954年前 人们认为4分钟内跑"
  [合成] 367/582 完成 (2.3s) "医学证明4分钟跑完一英里 是人类体力的极限"
  [合成] 368/582 完成 (5.1s) "生理学家用测试 从科学上证明 4分钟跑完一英里是"
  [合成] 369/582 完成 (4.1s) "赛跑运动员们也证实了 医生和科学家的结论是对的 "
  [合成] 370/582 完成 (4.8s) "但没人能在4分钟以内跑完 自打一英里比赛开始计时"
  [合成] 371/582 完成 (2.2s) "即使是最顶尖的选手 也验证了医生结论的正确性"
  [合成] 372/582 完成 (1.8s) "然而罗杰· 班尼斯特出现了"
  [合成] 373/582 完成 (3.2s) "罗杰 班尼斯特说 "4分钟内跑完一英里是可能的 "
  [合成] 374/582 完成 (2.0s) "他说这话那阵还是牛津大学的医学博士"
  [合成] 375/582 完成 (5.0s) "他是名不错的赛跑选手 算得上顶尖 但距离4分钟的"
  [合成] 376/582 完成 (5.6s) "班尼斯特持续努力地训练 罗杰·玩 虽谈不上比其他"
  [合成] 377/582 完成 (2.2s) "先是将纪录缩短到4分10秒 然后是4分5秒"
  [合成] 378/582 完成 (4.0s) "接着是4分2秒 然后就跟其他运动员一样 遇到瓶颈"
  [合成] 379/582 完成 (3.3s) "无法突破4分2秒的纪录 所以他还不是世界上跑得最"
  [合成] 380/582 完成 (3.4s) "但他仍坚定地认为 那是可能的 人的潜能是无限的 "
  [合成] 381/582 完成 (3.0s) "他坚持这么说 坚持训练 却多年毫无进展 直到19"
  [合成] 382/582 完成 (3.6s) "直到1945年5 5月6日 直到1945年5月6"
  [合成] 383/582 完成 (4.0s) "罗杰 班尼斯特以3分59秒跑完一英 英里 班尼斯"
  [合成] 384/582 完成 (1.7s) "全世界的头版头条都是 全场哗然"
  [合成] 385/582 完成 (1.5s) "全世界的头版头条都是"
  [合成] 386/582 完成 (1.8s) "科学受到质疑 医学受到挑战"
  [合成] 387/582 完成 (2.2s) "不可能成为可能 人们把这称为“梦想英里?"
  [合成] 388/582 完成 (1.1s) "请听好"
  [合成] 389/582 完成 (3.2s) "几十年来 自从一英里开始计时 没有人打破这个障碍"
  [合成] 390/582 完成 (2.3s) "结果就在5月6日 罗杰·现 班尼斯特做到了"
  [合成] 391/582 完成 (3.0s) "6周之后澳大利亚选手约翰 兰迪 以3分57.9秒"
  [合成] 392/582 完成 (2.7s) "接下来1955年 37名运动员在4分内跑完一英里"
  [合成] 393/582 完成 (2.2s) "1956年300多名运动员 打破4分钟关卡"
  [合成] 394/582 完成 (3.8s) "这要怎么解释 难道是因为他们突然更努力地训练了吗"
  [合成] 395/582 完成 (4.3s) "看看信念是多么强大 并不是说 以前他们在跑的时候"
  [合成] 396/582 完成 (1.4s) "达到自己的最高水平"
  [合成] 397/582 完成 (2.0s) "但潜意识限制了他们 阻碍他们摆脱"束缚"
  [合成] 398/582 完成 (3.6s) "这不是一个生理上的束缚 并非如医生生理学家 和科"
  [合成] 399/582 完成 (2.7s) "这是心理障碍 罗杰· 班尼斯特所做的 就是打破心"
  [合成] 400/582 完成 (1.4s) "信念是自我实现的预言"
  [合成] 401/582 完成 (3.4s) "它常常决定了我们的表现 决定了我们表现的优劣 它"
  [合成] 402/582 完成 (2.8s) "它们是我们成功和幸福最精准的预测 这点我们以后将"
  [合成] 403/582 完成 (2.4s) "所以我们今天和下节课将会讲述 信念怎样影响现实"
  [合成] 404/582 完成 (2.7s) "它是如何实现影响 以及它的机理信念力量的科学解释"
  [合成] 405/582 完成 (1.7s) "因为人们往往把它视为神秘主义"
  [合成] 406/582 完成 (4.2s) "其中确实存在神秘的成分 但我要讲的是我们了解的那"
  [合成] 407/582 完成 (1.9s) "不幸的是很多人对乐观抱有误解"
  [合成] 408/582 完成 (3.0s) "因为从很多角度来看 自我激励与识别相关 它告诉我"
  [合成] 409/582 完成 (3.3s) "我们会讲到《思考致富》 这本书 我们会讲到 这本"
  [合成] 410/582 完成 (4.4s) "有些确实说得很对但并非全部 我们要把象牙塔和花花"
  [合成] 411/582 完成 (7.0s) "最重要的是我 我们该如何运用它 我们该如何坚定自"
  [合成] 412/582 完成 (2.6s) "而且有预知能力 如果它们能这么大程度决定我们在运"
  [合成] 413/582 完成 (3.5s) "人际关系上的表现 职场 场人际关系上的表现 如果"
  [合成] 414/582 完成 (4.4s) "我们会讲到班杜拉有关自我效能的研究 以及纳撒尼尔"
  [合成] 415/582 完成 (4.2s) "我们怎样把梦想变成现实 不管是政治上的梦想 我们"
  [合成] 416/582 完成 (2.7s) "还是个人梦想 到时我们会介绍 赫伯特?班森和班杜"
  [合成] 417/582 完成 (2.5s) "佛教曾说过 想法铸造自身源于信念成就世界"
  [合成] 418/582 完成 (3.7s) "这个说法在几千年前就已经存在 着力讨论这个说法的"
  [合成] 419/582 完成 (1.9s) "我想从皮格马利翁的故事开始讲起"
  [合成] 420/582 完成 (4.3s) "皮格马利翁原来是指 指一名古希腊人 皮格写利翁原"
  [合成] 421/582 完成 (1.2s) "他是位雕塑家"
  [合成] 422/582 完成 (6.5s) "他成年后 便致力寻找他的完美女人 他成年后便 便"
  [合成] 423/582 完成 (1.6s) "他寻遍整个希腊"
  [合成] 424/582 完成 (4.0s) "他找尽希腊周边 甚至到希腊帝国之外寻找理想中的女"
  [合成] 425/582 完成 (3.9s) "但他找不到 无论到哪里他都找不到 该故事发生在1"
  [合成] 426/582 完成 (2.9s) "距离哈佛男女合校更是久远 他没能找到理想的伴侣 "
  [合成] 427/582 完成 (1.9s) "他对自己说 就算没找到理想的女子"
  [合成] 428/582 完成 (4.3s) "但我可以为她塑尊雕像 他可是个雕刻好手 “以她在"
  [合成] 429/582 完成 (2.5s) "沉浸在众里寻她千百度而不得的伤感中 他放声大哭"
  [合成] 430/582 完成 (4.0s) "宙斯 雅典娜特别是阿芙罗蒂娜 宙斯 雅典娜牧 特"
  [合成] 431/582 完成 (4.0s) "看到他哭泣顿生怜悯 看到他哭泣 顿生怜 赋予了那"
  [合成] 432/582 完成 (1.7s) "他们从此幸福地生活在一起 于是"
  [合成] 433/582 完成 (1.7s) "这就是皮格马利翁一词的来历"
  [合成] 434/582 完成 (8.1s) "萧伯纳也借鉴过皮革马利翁的典故 他在这个神话的基"
  [合成] 435/582 完成 (3.3s) "故事讲的是个名叫希金斯的语言学家 如何把 一个卖"
  [合成] 436/582 完成 (4.4s) "当然在故事里 她也转而让希金斯改变了许多 这个故"
  [合成] 437/582 完成 (2.3s) "即人生来就有等级之分 人们不能也不该逾越它"
  [合成] 438/582 完成 (4.1s) "所以这部戏剧在当时影响很大 至今仍影响深远 揭示"
  [合成] 439/582 完成 (4.4s) "在上世纪60年代 罗伯特·罗森塔尔 他曾担任本系"
  [合成] 440/582 完成 (2.1s) "他研究过皮格马利翁效应 并把它应用到了课堂里"
  [合成] 441/582 完成 (2.2s) "他是这么做的 他随机地选择几所学校中的一所"
  [合成] 442/582 完成 (6.9s) "然后找到一些学生 让他们做个测试 再去找他们的老"
  [合成] 443/582 完成 (7.1s) "它旨在帮助我们鉴定学生的潜力 从而找到 在未来一"
  [合成] 444/582 完成 (1.8s) "简单来说 就是找出最有潜质的学生"
  [合成] 445/582 完成 (3.8s) "他发现 当他告诉学生 他告诉这些老师 “这可不是"
  [合成] 446/582 完成 (4.3s) "我们不希望在你们学校造成任何歧视 你们只需知道 "
  [合成] 447/582 完成 (4.0s) "老师们并不知道 学生们所接受的测试 其实就是一般"
  [合成] 448/582 完成 (1.5s) "他们更不知道 这些所谓的"
  [合成] 449/582 完成 (1.3s) "“最具潜质的学生”"
  [合成] 450/582 完成 (1.6s) "其实是通过随机选取出来的"
  [合成] 451/582 完成 (2.9s) "事实上他们只是普通学生 事实上代 他们只是普通学"
  [合成] 452/582 完成 (1.8s) "不过老师们认定他们就是“最有潜质的"
  [合成] 453/582 完成 (4.4s) "罗伯特 罗森塔尔离开了这所学校 寺·牙 罗伯特·"
  [合成] 454/582 完成 (3.7s) "并有了不少发现 他查看了所有学生的英语成绩 那些"
  [合成] 455/582 完成 (9.0s) "他也查看了他们的数学成绩 因为英语的评分不是很客"
  [合成] 456/582 完成 (1.8s) "这些学生的进步 同样比其他学生都大"
  [合成] 457/582 完成 (1.2s) "最关键的是"
  [合成] 458/582 完成 (4.0s) "罗伯特 罗森塔尔对所有学生 罗伯特·罗 罗森塔尔"
  [合成] 459/582 完成 (1.4s) "他发现那些随机贴上"
  [合成] 460/582 完成 (1.5s) "最有潜质"标签的学生"
  [合成] 461/582 完成 (3.7s) "他们的智商在这一年里有很大的提高 他们的智商在这"
  [合成] 462/582 完成 (2.4s) "这就是我的困惑所在 人们向来认为智商是 与生俱来"
  [合成] 463/582 完成 (2.6s) "从人出生到死亡 都不会更改 又或许这只是人们一厢"
  [合成] 464/582 完成 (2.3s) "仅仅因为老师对其学生的改观 它就会产生巨大的变化"
  [合成] 465/582 完成 (2.5s) "这样的信念就像自我实现的预言般神奇"
  [合成] 466/582 完成 (1.8s) "研究过程中究竟发生了什么"
  [合成] 467/582 完成 (1.3s) "这些老师都被蒙蔽了吗"
  [合成] 468/582 完成 (2.2s) "他们只是突然看到了一个假象吗 他们看到假象而已吗"
  [合成] 469/582 完成 (1.4s) "他们之前确实被误导了"
  [合成] 470/582 完成 (3.4s) "不过真正的假象是他们看不到 近在眼前的东西 那些"
  [合成] 471/582 完成 (5.2s) "从某个角度来说 罗伯特·罗 罗森塔尔确实愚弄了他"
  [合成] 472/582 完成 (2.0s) "在罗森塔尔来之前 他们不会注意到那些学生"
  [合成] 473/582 完成 (2.2s) "可以这么说 在这之后 他们突然在一些孩子身上"
  [合成] 474/582 完成 (5.0s) "看到了过去没有察觉的潜质 他们珍视那样的潜力 同"
  [合成] 475/582 完成 (7.8s) "它就像种子般茁壮成长 这就是玛瓦 柯林斯每天在学"
  [合成] 476/582 完成 (1.3s) "她并没有脱离实际"
  [合成] 477/582 完成 (2.7s) "她和那些看不到别人潜质的人不同 当然他们也看不到"
  [合成] 478/582 完成 (3.1s) "他们没有看到事实的全部 只是警见其中的一部分 他"
  [合成] 479/582 完成 (2.6s) "我们也知道忽略部分事实多么容易 尽管它们就在我们"
  [合成] 480/582 完成 (1.6s) "人们也常常对此进行探讨"
  [合成] 481/582 完成 (5.4s) "但我们仍忽视了我们过去的所见 无论是有关弱势群体"
  [合成] 482/582 完成 (1.4s) "和人际关系的负面问题"
  [合成] 483/582 完成 (2.0s) "抑或是忽视了 所有孩子与生俱来的潜质"
  [合成] 484/582 完成 (7.1s) "旦我们发现了它 假设我们发现它 一旦我们发现了它"
  [合成] 485/582 完成 (2.7s) "罗森塔尔所做的 只不过是 提醒人们注意到某个一直"
  [合成] 486/582 完成 (2.4s) "期待效应 在工作中也是百试百灵"
  [合成] 487/582 完成 (3.8s) "比如 某公司的领导或经理接到通知 “这些是你手下"
  [合成] 488/582 完成 (3.7s) "而这些员工同样是随机抽取的 他们最后确实成为了最"
  [合成] 489/582 完成 (4.7s) "他们的记忆力和表现都越来越好 他们更可能升迁 也"
  [合成] 490/582 完成 (5.3s) "期待效应也会反过来起作用 回湖到1997年 吉米"
  [合成] 491/582 完成 (2.7s) "所以她去了同一个老师授课的两个班级 所以她去了同"
  [合成] 492/582 完成 (4.4s) "在上课前 她告诉其中一个班级的学生 他们老师在上"
  [合成] 493/582 完成 (2.3s) "而且专业心理学家 对那个老师也给予了非常高的评价"
  [合成] 494/582 完成 (4.0s) "然后研究小组就离开了 到了学年末有什么结果呢 首"
  [合成] 495/582 完成 (3.5s) "但同时实验组的学生 确实在该课程上投入了更多的时"
  [合成] 496/582 完成 (3.5s) "因为别人让他们相信 这个老师比一般教师 更为优秀"
  [合成] 497/582 完成 (1.8s) "他们表现得 老师确实教得更好了"
  [合成] 498/582 完成 (7.2s) "旦学生对教师寄予更高的期许 并充分信任自己的老师"
  [合成] 499/582 完成 (2.4s) "信念 是自我实现的预言 我们亲手创造了属于我们的"
  [合成] 500/582 完成 (4.7s) "“一个人是怎样的人便怎样待他 一个人能够怎样或是"
  [合成] 501/582 完成 (3.3s) "我现在想讨论一个相关的话题 它不但对心理学家很重"
  [合成] 502/582 完成 (5.9s) "即我们自己创造的 或我们身处的环境的重要性 在很"
  [合成] 503/582 完成 (4.3s) "而这些研究则是在特定的情境下完成 但主要研究的还"
  [合成] 504/582 完成 (2.6s) "无论你们是否学过初级心理学 你们可能都听说过“阿"
  [合成] 505/582 完成 (1.7s) "这个实验说明个体会有从众心理"
  [合成] 506/582 完成 (5.0s) "也许你们中很多人听说过 米尔格拉姆的“权力服从""
  [合成] 507/582 完成 (4.2s) "其中一项在心理学领域内 举足轻重但出乎意料的研究"
  [合成] 508/582 完成 (4.1s) "直到那人痛苦得尖叫起来方能罢手 实验人员总在一旁"
  [合成] 509/582 完成 (1.9s) "就是医生和实验室工作人员穿的那种"
  [合成] 510/582 完成 (3.4s) "为了遵循“实验必须进行下去“的提示 绝大多数人包"
  [合成] 511/582 完成 (3.5s) "鸣咽着哀求离开 只是因为那句“实验必须进行下去”"
  [合成] 512/582 完成 (4.5s) "这样便能解释 为什么大屠杀这样的事 只可能在德国"
  [合成] 513/582 完成 (2.5s) "无论在美国还是德国 人类天生就对权威惟命是从"
  [合成] 514/582 完成 (1.8s) "情境的影响力在世界各地都极为普遍"
  [合成] 515/582 完成 (2.8s) "菲利普·津巴多的监狱实验就是个例证 这个实验在斯"
  [合成] 516/582 完成 (3.3s) "他们把 再次提醒 不知道的内容搜索 索一下即可 "
  [合成] 517/582 完成 (2.4s) "他们在街上找了些志愿者 并让他们 扮演狱卒和囚犯"
  [合成] 518/582 完成 (3.9s) "这个实验原拟定为期两周 目的是揭示沉浸角色的后果"
  [合成] 519/582 完成 (3.6s) "因为"狱卒"们 变得异常暴虐 他们只是研究者从街"
  [合成] 520/582 完成 (2.2s) "而“囚犯"也觉得理所应当 而 就像真正的囚犯一样"
  [合成] 521/582 完成 (2.7s) "这个实验解释了阿布格莱布虐囚丑闻 就是最近发生在"
  [合成] 522/582 完成 (9.4s) "一旦进入角色 无论谁 都会如此 一旦进入角色都会"
  [合成] 523/582 完成 (1.6s) "即使知道这很重要 也还不够"
  [合成] 524/582 完成 (3.9s) "即使知道这很重要七 也还不够 因为情境是如此有影"
  [合成] 525/582 完成 (2.3s) "为什么不想想创造积极的情境 让人更快乐正直地生活"
  [合成] 526/582 完成 (5.5s) "而这同所有积极心理疗法一样 遗忘比率是21：1 "
  [合成] 527/582 完成 (2.7s) "它们都由我们的艾伦·蓝 蓝格完成 它们都由我们的"
  [合成] 528/582 完成 (5.9s) "我要介绍的这个研究 部以蓝格教授为主线的纪录片 "
  [合成] 529/582 完成 (2.8s) "扮演艾伦 蓝格的是 片中女主角是心理系的首位女性"
  [合成] 530/582 完成 (1.8s) "扮演蓝格的是詹妮弗 安妮斯顿"
  [合成] 531/582 完成 (2.6s) "这部纪录片有望于年内上映 同我即将向你们介绍的研"
  [合成] 532/582 完成 (2.2s) "这个研究在1979年进行 实验是这样的"
  [合成] 533/582 完成 (3.5s) "她找来一些75岁左右的老人 把他们送去一幢别墅 "
  [合成] 534/582 完成 (2.6s) "尽管当时是1979年 那里的音乐仍旧保持着195"
  [合成] 535/582 完成 (2.6s) "他们阅读的杂志也是1959年代的 日报是1959"
  [合成] 536/582 完成 (1.4s) "一切都是1959的"
  [合成] 537/582 完成 (4.1s) "同津巴多实验一样他们必须进入角色 他们不得不扮演"
  [合成] 538/582 完成 (2.6s) "现在这是个心理实验 研究者会在实验前后测定很多数"
  [合成] 539/582 完成 (1.3s) "他们有了惊人的发现"
  [合成] 540/582 完成 (2.0s) "在别墅的短短一周里 在这周的 最后一天"
  [合成] 541/582 完成 (3.9s) "他们生理和心理年龄都变小了 结果发现他们身姿更为"
  [合成] 542/582 完成 (2.4s) "腿脚和身体都变得更加强壮 他们的记忆力也有显著提"
  [合成] 543/582 完成 (3.0s) "通过对比实验前 和实验后的数据 他们的智力水平 "
  [合成] 544/582 完成 (3.1s) "她测量了老人们指骨之间的距离 因为人越老 间距会"
  [合成] 545/582 完成 (2.6s) "他们指骨的间距变大 一周后低 一周后他们指骨的间"
  [合成] 546/582 完成 (1.4s) "他们变得更具幸福感"
  [合成] 547/582 完成 (2.6s) "也更自立 他们觉得自己不用老是依赖他人 他们的家"
  [合成] 548/582 完成 (1.3s) "他们变得更健康"
  [合成] 549/582 完成 (2.2s) "他们的视力和听觉在短短一周内 都有了显著改善"
  [合成] 550/582 完成 (4.1s) "只是因为他们进入了一个积极强大的情境 只是因为他"
  [合成] 551/582 完成 (1.8s) "饱受非议成见的情形 截然不同的情境"
  [合成] 552/582 完成 (4.2s) "通过“扮演”一个特定的角色 他们融入角色本身 正"
  [合成] 553/582 完成 (2.7s) "她的另一个实验 收编在她的著作《静观》里 我也很"
  [合成] 554/582 完成 (3.5s) "她找来一些人并测试他们的视力 她用一张普通的视力"
  [合成] 555/582 完成 (1.7s) "然后她让同一批测试者"
  [合成] 556/582 完成 (1.3s) "穿上飞行服"
  [合成] 557/582 完成 (3.9s) "同时 让他们进入飞行模拟器 用同一张视力检测表对"
  [合成] 558/582 完成 (3.5s) "样的距离 一样的检测表 一木 唯一不同的是 他们"
  [合成] 559/582 完成 (2.1s) "他们在那里盯着视力表 再一次接受视力检测"
  [合成] 560/582 完成 (2.3s) "仅仅因为情境的改变 40%的人视力显著改善"
  [合成] 561/582 完成 (1.7s) "同样的距离 同样的检测表"
  [合成] 562/582 完成 (1.6s) "只是情境变了"
  [合成] 563/582 完成 (3.1s) "问题是 我们怎样才能创造一个积极的情境 我们怎样"
  [合成] 564/582 完成 (2.9s) "我们怎样才能创造这样的一个情境 使我们通过角色来"
  [合成] 565/582 完成 (3.5s) "再来给大家介绍两项研究 我先讲前一个 之后再讲另"
  [合成] 566/582 完成 (5.6s) "暗示被划分为有意识暗示和潜意识暗示 例如 你盯着"
  [合成] 567/582 完成 (6.7s) "那个词就对你产生暗示 有很多研究就是围绕 些典型"
  [合成] 568/582 完成 (2.5s) "这就是巴吉所作的研究 他用和“老“有关的词暗示实"
  [合成] 569/582 完成 (2.4s) "例如 老 “拐杖” 就是老年人拄的拐杖 例如“弗"
  [合成] 570/582 完成 (1.9s) "他居然用“弗罗里达“来暗示年迈"
  [合成] 571/582 完成 (3.6s) "他用和"老“有关的词来暗示实验者 接着 他让他们"
  [合成] 572/582 完成 (1.8s) "因为被暗示和”老“有关的词"
  [合成] 573/582 完成 (1.6s) "他们的表现比对照组逊色"
  [合成] 574/582 完成 (3.4s) "他暗中观察实验组 第二 他暗中观察实验组 并测定"
  [合成] 575/582 完成 (2.9s) "他也让盲性评估者 即不了解自己身处什么环境的人 "
  [合成] 576/582 完成 (2.4s) "那些被暗示过“老“的人 确实比对照组走得更加迟缓"
  [合成] 577/582 完成 (2.8s) "他们在走向电梯时走得特别慢 没有意识到之前因为受"
  [合成] 578/582 完成 (2.5s) "在走向电梯时他们走得 比那些没被暗示"老"的人迟"
  [合成] 579/582 完成 (6.3s) "这完全是潜意识作票 接着 他做了件类似的事 用和"
  [合成] 580/582 完成 (4.7s) "在测试中表现得比对照组好 他们的记忆力得到了改善"
  [合成] 581/582 完成 (3.3s) "问题是 下次课我将要探讨 我们怎样才能 有意识地"
  [合成] 582/582 完成 (3.2s) "从而释放最正直 最成功的自我并欣赏自我 激发自己"
